******************************************************************************
            TI ARM Clang Linker PC v2.1.3                      
******************************************************************************
>> Linked Mon Apr  8 16:51:14 2024

OUTPUT FILE NAME:   <ECE319K_Lab8H.out>
ENTRY POINT SYMBOL: "_c_int00_noargs"  address: 00000705


MEMORY CONFIGURATION

         name            origin    length      used     unused   attr    fill
----------------------  --------  ---------  --------  --------  ----  --------
  FLASH                 00000000   00020000  000008c0  0001f740  R  X
  SRAM                  20200000   00008000  00000474  00007b8c  RW X
  BCR_CONFIG            41c00000   00000080  00000000  00000080  R   
  BSL_CONFIG            41c00100   00000080  00000000  00000080  R   


SEGMENT ALLOCATION MAP

run origin  load origin   length   init length attrs members
----------  ----------- ---------- ----------- ----- -------
00000000    00000000    000008c0   000008c0    r-x
  00000000    00000000    000000c0   000000c0    r-- .intvecs
  000000c0    000000c0    000007c0   000007c0    r-x .text
  00000880    00000880    00000008   00000008    r-- .init_array
  00000888    00000888    00000038   00000038    r-- .cinit
20200000    20200000    00000274   00000000    rw-
  20200000    20200000    00000200   00000000    rw- .sysmem
  20200200    20200200    0000006c   00000000    rw- .data
  2020026c    2020026c    00000008   00000000    rw- .bss
20207e00    20207e00    00000200   00000000    rw-
  20207e00    20207e00    00000200   00000000    rw- .stack


SECTION ALLOCATION MAP

 output                                  attributes/
section   page    origin      length       input sections
--------  ----  ----------  ----------   ----------------
.intvecs   0    00000000    000000c0     
                  00000000    000000c0     startup_mspm0g3507_ticlang.o (.intvecs)

.binit     0    00000000    00000000     

.text      0    000000c0    000007c0     
                  000000c0    000001b4     Clock.o (.text._Z15Clock_Init80MHzi)
                  00000274    000000c4     Lab8HMain.o (.text.TIMG12_IRQHandler)
                  00000338    0000007c     IRxmt.o (.text._Z13IRxmt_OutCharc)
                  000003b4    0000007c     LaunchPad.o (.text._Z14LaunchPad_Initv)
                  00000430    00000068     libc.a : copy_decompress_lzss.c.obj (.text:decompress:lzss)
                  00000498    00000058     IRxmt.o (.text._Z13IRxmt_SendBiti)
                  000004f0    00000054     UART2.o (.text.UART2_IRQHandler)
                  00000544    00000054     FIFO2.o (.text._ZN5Queue3PutEc)
                  00000598    00000054     libc.a : autoinit.c.obj (.text:__TI_auto_init_nobinit)
                  000005ec    00000048     SlidePot.o (.text._ZN8SlidePot2InEv)
                  00000634    00000040     libclang_rt.builtins.a : aeabi_uidivmod.S.obj (.text)
                  00000674    00000038     LaunchPad.o (.text._Z15ActivatePortA_Bv)
                  000006ac    00000030     FIFO2.o (.text._ZN5Queue6IsFullEv)
                  000006dc    00000028     IRxmt.o (.text._Z10IRxmt_Initv)
                  00000704    00000028     libc.a : boot_cortex_m.c.obj (.text:_c_int00_noargs)
                  0000072c    00000026     Lab8HMain.o (.text.main)
                  00000752    00000020     FIFO2.o (.text._Z3absi)
                  00000772    0000001c     SlidePot.o (.text._ZN8SlidePot7ConvertEj)
                  0000078e    00000002     libclang_rt.builtins.a : aeabi_div0.c.obj (.text.__aeabi_idiv0)
                  00000790    00000018     Lab8HMain.o (.text.__cxx_global_var_init)
                  000007a8    00000016     SlidePot.o (.text._ZN8SlidePotC2Ejj)
                  000007be    00000014     libc.a : copy_zero_init.c.obj (.text:decompress:ZI:__TI_zero_init_nomemset)
                  000007d2    00000012            : memcpy16.S.obj (.text:TI_memcpy_small)
                  000007e4    00000012            : copy_decompress_none.c.obj (.text:decompress:none)
                  000007f6    00000010     Clock.o (.text._Z11Clock_Delayj)
                  00000806    00000010     FIFO2.o (.text._ZN5QueueC2Ev)
                  00000816    00000002     --HOLE-- [fill = 0]
                  00000818    00000010     Lab8HMain.o (.text.__cxx_global_var_init.1)
                  00000828    00000010     UART2.o (.text.__cxx_global_var_init)
                  00000838    0000000c     Lab8HMain.o (.text._GLOBAL__sub_I_Lab8HMain.cpp)
                  00000844    0000000c     IRxmt.o (.text._Z5Delayj)
                  00000850    0000000a     Lab8HMain.o (.text._Z8PLL_Initv)
                  0000085a    00000008     UART2.o (.text._GLOBAL__sub_I_UART2.cpp)
                  00000862    00000002     --HOLE-- [fill = 0]
                  00000864    00000008     libclang_rt.builtins.a : aeabi_memcpy.S.obj (.text)
                  0000086c    00000004     startup_mspm0g3507_ticlang.o (.text.Default_Handler)
                  00000870    00000004     startup_mspm0g3507_ticlang.o (.text.HardFault_Handler)
                  00000874    00000004     startup_mspm0g3507_ticlang.o (.text.Reset_Handler)
                  00000878    00000004     libc.a : pre_init.c.obj (.text._system_pre_init)
                  0000087c    00000004            : exit.c.obj (.text:abort)

.cinit     0    00000888    00000038     
                  00000888    0000000d     (.cinit..data.load) [load image, compression = lzss]
                  00000895    00000003     --HOLE-- [fill = 0]
                  00000898    0000000c     (__TI_handler_table)
                  000008a4    00000008     (.cinit..bss.load) [load image, compression = zero_init]
                  000008ac    00000010     (__TI_cinit_table)
                  000008bc    00000004     --HOLE-- [fill = 0]

.init_array 
*          0    00000880    00000008     
                  00000880    00000004     UART2.o (.init_array)
                  00000884    00000004     Lab8HMain.o (.init_array)

.sysmem    0    20200000    00000200     UNINITIALIZED
                  20200000    00000010     libc.a : memory.c.obj (.sysmem)
                  20200010    000001f0     --HOLE--

.data      0    20200200    0000006c     UNINITIALIZED
                  20200200    00000028     UART2.o (.data.FIFO2)
                  20200228    00000028     Lab8HMain.o (.data.FIFO)
                  20200250    00000014     Lab8HMain.o (.data.Sensor)
                  20200264    00000004     Clock.o (.data.BusFreq)
                  20200268    00000004     UART2.o (.data._ZL9RxCounter)

.bss       0    2020026c    00000008     UNINITIALIZED
                  2020026c    00000004     Lab8HMain.o (.bss.Data)
                  20200270    00000004     Lab8HMain.o (.bss.TransmitCount)

.stack     0    20207e00    00000200     UNINITIALIZED
                  20207e00    00000004     libc.a : boot_cortex_m.c.obj (.stack)
                  20207e04    000001fc     --HOLE--

__llvm_prf_cnts 
*          0    20200000    00000000     UNINITIALIZED

__llvm_prf_bits 
*          0    20200000    00000000     UNINITIALIZED

MODULE SUMMARY

       Module                         code   ro data   rw data
       ------                         ----   -------   -------
    .\
       Clock.o                        452    0         4      
       Lab8HMain.o                    296    4         68     
       IRxmt.o                        264    0         0      
       FIFO2.o                        180    0         0      
       LaunchPad.o                    180    0         0      
       UART2.o                        108    4         44     
       SlidePot.o                     122    0         0      
    +--+------------------------------+------+---------+---------+
       Total:                         1602   8         116    
                                                              
    .\ticlang\
       startup_mspm0g3507_ticlang.o   12     192       0      
    +--+------------------------------+------+---------+---------+
       Total:                         12     192       0      
                                                              
    C:\ti\ccs1240\ccs\tools\compiler\ti-cgt-armllvm_2.1.3.LTS\lib\armv6m-ti-none-eabi/c/libc.a
       copy_decompress_lzss.c.obj     104    0         0      
       autoinit.c.obj                 84     0         0      
       boot_cortex_m.c.obj            40     0         0      
       copy_zero_init.c.obj           20     0         0      
       copy_decompress_none.c.obj     18     0         0      
       memcpy16.S.obj                 18     0         0      
       exit.c.obj                     4      0         0      
       pre_init.c.obj                 4      0         0      
    +--+------------------------------+------+---------+---------+
       Total:                         292    0         0      
                                                              
    C:\ti\ccs1240\ccs\tools\compiler\ti-cgt-armllvm_2.1.3.LTS\lib\clang/14.0.6/lib/armv6m-ti-none-eabi/libclang_rt.builtins.a
       aeabi_uidivmod.S.obj           64     0         0      
       aeabi_memcpy.S.obj             8      0         0      
       aeabi_div0.c.obj               2      0         0      
    +--+------------------------------+------+---------+---------+
       Total:                         74     0         0      
                                                              
       Heap:                          0      0         512    
       Stack:                         0      0         512    
       Linker Generated:              0      49        0      
    +--+------------------------------+------+---------+---------+
       Grand Total:                   1980   249       1140   


LINKER GENERATED COPY TABLES

__TI_cinit_table @ 000008ac records: 2, size/record: 8, table size: 16
	.data: load addr=00000888, load size=0000000d bytes, run addr=20200200, run size=0000006c bytes, compression=lzss
	.bss: load addr=000008a4, load size=00000008 bytes, run addr=2020026c, run size=00000008 bytes, compression=zero_init


LINKER GENERATED HANDLER TABLE

__TI_handler_table @ 00000898 records: 3, size/record: 4, table size: 12
	index: 0, handler: __TI_decompress_lzss
	index: 1, handler: __TI_decompress_none
	index: 2, handler: __TI_zero_init


GLOBAL SYMBOLS: SORTED ALPHABETICALLY BY Name 

address   name                    
-------   ----                    
0000086d  ADC0_IRQHandler         
0000086d  ADC1_IRQHandler         
0000086d  AES_IRQHandler          
20200264  BusFreq                 
0000087c  C$$EXIT                 
0000086d  CANFD0_IRQHandler       
0000086d  DAC0_IRQHandler         
0000086d  DMA_IRQHandler          
2020026c  Data                    
0000086d  Default_Handler         
20200228  FIFO                    
20200200  FIFO2                   
0000086d  GROUP0_IRQHandler       
0000086d  GROUP1_IRQHandler       
00000871  HardFault_Handler       
0000086d  I2C0_IRQHandler         
0000086d  I2C1_IRQHandler         
0000086d  NMI_Handler             
0000086d  PendSV_Handler          
0000086d  RTC_IRQHandler          
00000875  Reset_Handler           
00000880  SHT$$INIT_ARRAY$$Base   
00000888  SHT$$INIT_ARRAY$$Limit  
0000086d  SPI0_IRQHandler         
0000086d  SPI1_IRQHandler         
0000086d  SVC_Handler             
20200250  Sensor                  
0000086d  SysTick_Handler         
0000086d  TIMA0_IRQHandler        
0000086d  TIMA1_IRQHandler        
0000086d  TIMG0_IRQHandler        
00000275  TIMG12_IRQHandler       
0000086d  TIMG6_IRQHandler        
0000086d  TIMG7_IRQHandler        
0000086d  TIMG8_IRQHandler        
000007d3  TI_memcpy_small         
20200270  TransmitCount           
0000086d  UART0_IRQHandler        
0000086d  UART1_IRQHandler        
000004f1  UART2_IRQHandler        
0000086d  UART3_IRQHandler        
000006dd  _Z10IRxmt_Initv         
000007f7  _Z11Clock_Delayj        
00000339  _Z13IRxmt_OutCharc      
00000499  _Z13IRxmt_SendBiti      
000003b5  _Z14LaunchPad_Initv     
00000675  _Z15ActivatePortA_Bv    
000000c1  _Z15Clock_Init80MHzi    
00000753  _Z3absi                 
00000845  _Z5Delayj               
00000851  _Z8PLL_Initv            
00000545  _ZN5Queue3PutEc         
000006ad  _ZN5Queue6IsFullEv      
00000807  _ZN5QueueC1Ev           
00000807  _ZN5QueueC2Ev           
000005ed  _ZN8SlidePot2InEv       
00000773  _ZN8SlidePot7ConvertEj  
000007a9  _ZN8SlidePotC1Ejj       
000007a9  _ZN8SlidePotC2Ejj       
20208000  __STACK_END             
00000200  __STACK_SIZE            
00000200  __SYSMEM_SIZE           
000008ac  __TI_CINIT_Base         
000008bc  __TI_CINIT_Limit        
000008bc  __TI_CINIT_Warm         
00000898  __TI_Handler_Table_Base 
000008a4  __TI_Handler_Table_Limit
00000599  __TI_auto_init_nobinit  
00000431  __TI_decompress_lzss    
000007e5  __TI_decompress_none    
ffffffff  __TI_pprof_out_hndl     
ffffffff  __TI_prof_data_size     
ffffffff  __TI_prof_data_start    
00000000  __TI_static_base__      
000007bf  __TI_zero_init_nomemset 
0000078f  __aeabi_idiv0           
00000865  __aeabi_memcpy          
00000865  __aeabi_memcpy4         
00000865  __aeabi_memcpy8         
00000635  __aeabi_uidiv           
00000635  __aeabi_uidivmod        
ffffffff  __binit__               
UNDEFED   __mpu_init              
20207e00  __stack                 
20200000  __start___llvm_prf_bits 
20200000  __start___llvm_prf_cnts 
20200000  __stop___llvm_prf_bits  
20200000  __stop___llvm_prf_cnts  
00000705  _c_int00_noargs         
20200000  _sys_memory             
UNDEFED   _system_post_cinit      
00000879  _system_pre_init        
0000087d  abort                   
ffffffff  binit                   
00000000  interruptVectors        
0000072d  main                    


GLOBAL SYMBOLS: SORTED BY Symbol Address 

address   name                    
-------   ----                    
00000000  __TI_static_base__      
00000000  interruptVectors        
000000c1  _Z15Clock_Init80MHzi    
00000200  __STACK_SIZE            
00000200  __SYSMEM_SIZE           
00000275  TIMG12_IRQHandler       
00000339  _Z13IRxmt_OutCharc      
000003b5  _Z14LaunchPad_Initv     
00000431  __TI_decompress_lzss    
00000499  _Z13IRxmt_SendBiti      
000004f1  UART2_IRQHandler        
00000545  _ZN5Queue3PutEc         
00000599  __TI_auto_init_nobinit  
000005ed  _ZN8SlidePot2InEv       
00000635  __aeabi_uidiv           
00000635  __aeabi_uidivmod        
00000675  _Z15ActivatePortA_Bv    
000006ad  _ZN5Queue6IsFullEv      
000006dd  _Z10IRxmt_Initv         
00000705  _c_int00_noargs         
0000072d  main                    
00000753  _Z3absi                 
00000773  _ZN8SlidePot7ConvertEj  
0000078f  __aeabi_idiv0           
000007a9  _ZN8SlidePotC1Ejj       
000007a9  _ZN8SlidePotC2Ejj       
000007bf  __TI_zero_init_nomemset 
000007d3  TI_memcpy_small         
000007e5  __TI_decompress_none    
000007f7  _Z11Clock_Delayj        
00000807  _ZN5QueueC1Ev           
00000807  _ZN5QueueC2Ev           
00000845  _Z5Delayj               
00000851  _Z8PLL_Initv            
00000865  __aeabi_memcpy          
00000865  __aeabi_memcpy4         
00000865  __aeabi_memcpy8         
0000086d  ADC0_IRQHandler         
0000086d  ADC1_IRQHandler         
0000086d  AES_IRQHandler          
0000086d  CANFD0_IRQHandler       
0000086d  DAC0_IRQHandler         
0000086d  DMA_IRQHandler          
0000086d  Default_Handler         
0000086d  GROUP0_IRQHandler       
0000086d  GROUP1_IRQHandler       
0000086d  I2C0_IRQHandler         
0000086d  I2C1_IRQHandler         
0000086d  NMI_Handler             
0000086d  PendSV_Handler          
0000086d  RTC_IRQHandler          
0000086d  SPI0_IRQHandler         
0000086d  SPI1_IRQHandler         
0000086d  SVC_Handler             
0000086d  SysTick_Handler         
0000086d  TIMA0_IRQHandler        
0000086d  TIMA1_IRQHandler        
0000086d  TIMG0_IRQHandler        
0000086d  TIMG6_IRQHandler        
0000086d  TIMG7_IRQHandler        
0000086d  TIMG8_IRQHandler        
0000086d  UART0_IRQHandler        
0000086d  UART1_IRQHandler        
0000086d  UART3_IRQHandler        
00000871  HardFault_Handler       
00000875  Reset_Handler           
00000879  _system_pre_init        
0000087c  C$$EXIT                 
0000087d  abort                   
00000880  SHT$$INIT_ARRAY$$Base   
00000888  SHT$$INIT_ARRAY$$Limit  
00000898  __TI_Handler_Table_Base 
000008a4  __TI_Handler_Table_Limit
000008ac  __TI_CINIT_Base         
000008bc  __TI_CINIT_Limit        
000008bc  __TI_CINIT_Warm         
20200000  __start___llvm_prf_bits 
20200000  __start___llvm_prf_cnts 
20200000  __stop___llvm_prf_bits  
20200000  __stop___llvm_prf_cnts  
20200000  _sys_memory             
20200200  FIFO2                   
20200228  FIFO                    
20200250  Sensor                  
20200264  BusFreq                 
2020026c  Data                    
20200270  TransmitCount           
20207e00  __stack                 
20208000  __STACK_END             
ffffffff  __TI_pprof_out_hndl     
ffffffff  __TI_prof_data_size     
ffffffff  __TI_prof_data_start    
ffffffff  __binit__               
ffffffff  binit                   
UNDEFED   __mpu_init              
UNDEFED   _system_post_cinit      

[96 symbols]
