******************************************************************************
            TI ARM Clang Linker PC v2.1.3                      
******************************************************************************
>> Linked Mon Apr  8 18:07:35 2024

OUTPUT FILE NAME:   <ECE319K_Lab8H.out>
ENTRY POINT SYMBOL: "_c_int00_noargs"  address: 00000765


MEMORY CONFIGURATION

         name            origin    length      used     unused   attr    fill
----------------------  --------  ---------  --------  --------  ----  --------
  FLASH                 00000000   00020000  00000900  0001f700  R  X
  SRAM                  20200000   00008000  00000474  00007b8c  RW X
  BCR_CONFIG            41c00000   00000080  00000000  00000080  R   
  BSL_CONFIG            41c00100   00000080  00000000  00000080  R   


SEGMENT ALLOCATION MAP

run origin  load origin   length   init length attrs members
----------  ----------- ---------- ----------- ----- -------
00000000    00000000    00000900   00000900    r-x
  00000000    00000000    000000c0   000000c0    r-- .intvecs
  000000c0    000000c0    00000800   00000800    r-x .text
  000008c0    000008c0    00000008   00000008    r-- .init_array
  000008c8    000008c8    00000038   00000038    r-- .cinit
20200000    20200000    00000274   00000000    rw-
  20200000    20200000    00000200   00000000    rw- .sysmem
  20200200    20200200    0000006c   00000000    rw- .data
  2020026c    2020026c    00000008   00000000    rw- .bss
20207e00    20207e00    00000200   00000000    rw-
  20207e00    20207e00    00000200   00000000    rw- .stack


SECTION ALLOCATION MAP

 output                                  attributes/
section   page    origin      length       input sections
--------  ----  ----------  ----------   ----------------
.intvecs   0    00000000    000000c0     
                  00000000    000000c0     startup_mspm0g3507_ticlang.o (.intvecs)

.binit     0    00000000    00000000     

.text      0    000000c0    00000800     
                  000000c0    000001b4     Clock.o (.text._Z15Clock_Init80MHzi)
                  00000274    000000c4     Lab8HMain.o (.text.TIMG12_IRQHandler)
                  00000338    0000007c     IRxmt.o (.text._Z13IRxmt_OutCharc)
                  000003b4    0000007c     LaunchPad.o (.text._Z14LaunchPad_Initv)
                  00000430    00000068     libc.a : copy_decompress_lzss.c.obj (.text:decompress:lzss)
                  00000498    0000005c     IRxmt.o (.text._Z13IRxmt_SendBiti)
                  000004f4    00000054     UART2.o (.text.UART2_IRQHandler)
                  00000548    00000054     FIFO2.o (.text._ZN5Queue3PutEc)
                  0000059c    00000054     libc.a : autoinit.c.obj (.text:__TI_auto_init_nobinit)
                  000005f0    00000048     SlidePot.o (.text._ZN8SlidePot2InEv)
                  00000638    00000040     libclang_rt.builtins.a : aeabi_uidivmod.S.obj (.text)
                  00000678    00000038     LaunchPad.o (.text._Z15ActivatePortA_Bv)
                  000006b0    00000034     Clock.o (.text._Z14Clock_Delay1msj)
                  000006e4    00000030     FIFO2.o (.text._ZN5Queue6IsFullEv)
                  00000714    00000028     IRxmt.o (.text._Z10IRxmt_Initv)
                  0000073c    00000028     Lab8HMain.o (.text.main)
                  00000764    00000028     libc.a : boot_cortex_m.c.obj (.text:_c_int00_noargs)
                  0000078c    00000020     FIFO2.o (.text._Z3absi)
                  000007ac    0000001c     SlidePot.o (.text._ZN8SlidePot7ConvertEj)
                  000007c8    00000018     Lab8HMain.o (.text.__cxx_global_var_init)
                  000007e0    00000016     SlidePot.o (.text._ZN8SlidePotC2Ejj)
                  000007f6    00000014     libc.a : copy_zero_init.c.obj (.text:decompress:ZI:__TI_zero_init_nomemset)
                  0000080a    00000012            : memcpy16.S.obj (.text:TI_memcpy_small)
                  0000081c    00000012            : copy_decompress_none.c.obj (.text:decompress:none)
                  0000082e    00000010     Clock.o (.text._Z11Clock_Delayj)
                  0000083e    00000010     IRxmt.o (.text._Z5Delayj)
                  0000084e    00000010     FIFO2.o (.text._ZN5QueueC2Ev)
                  0000085e    00000002     libclang_rt.builtins.a : aeabi_div0.c.obj (.text.__aeabi_idiv0)
                  00000860    00000010     Lab8HMain.o (.text.__cxx_global_var_init.1)
                  00000870    00000010     UART2.o (.text.__cxx_global_var_init)
                  00000880    0000000c     Lab8HMain.o (.text._GLOBAL__sub_I_Lab8HMain.cpp)
                  0000088c    0000000a     Lab8HMain.o (.text._Z8PLL_Initv)
                  00000896    00000008     UART2.o (.text._GLOBAL__sub_I_UART2.cpp)
                  0000089e    00000002     --HOLE-- [fill = 0]
                  000008a0    00000008     libclang_rt.builtins.a : aeabi_memcpy.S.obj (.text)
                  000008a8    00000004     startup_mspm0g3507_ticlang.o (.text.Default_Handler)
                  000008ac    00000004     startup_mspm0g3507_ticlang.o (.text.HardFault_Handler)
                  000008b0    00000004     startup_mspm0g3507_ticlang.o (.text.Reset_Handler)
                  000008b4    00000004     libc.a : pre_init.c.obj (.text._system_pre_init)
                  000008b8    00000004            : exit.c.obj (.text:abort)
                  000008bc    00000004     --HOLE-- [fill = 0]

.cinit     0    000008c8    00000038     
                  000008c8    0000000d     (.cinit..data.load) [load image, compression = lzss]
                  000008d5    00000003     --HOLE-- [fill = 0]
                  000008d8    0000000c     (__TI_handler_table)
                  000008e4    00000008     (.cinit..bss.load) [load image, compression = zero_init]
                  000008ec    00000010     (__TI_cinit_table)
                  000008fc    00000004     --HOLE-- [fill = 0]

.init_array 
*          0    000008c0    00000008     
                  000008c0    00000004     UART2.o (.init_array)
                  000008c4    00000004     Lab8HMain.o (.init_array)

.sysmem    0    20200000    00000200     UNINITIALIZED
                  20200000    00000010     libc.a : memory.c.obj (.sysmem)
                  20200010    000001f0     --HOLE--

.data      0    20200200    0000006c     UNINITIALIZED
                  20200200    00000028     UART2.o (.data.FIFO2)
                  20200228    00000028     Lab8HMain.o (.data.FIFO)
                  20200250    00000014     Lab8HMain.o (.data.Sensor)
                  20200264    00000004     Clock.o (.data.BusFreq)
                  20200268    00000004     UART2.o (.data._ZL9RxCounter)

.bss       0    2020026c    00000008     UNINITIALIZED
                  2020026c    00000004     Lab8HMain.o (.bss.Data)
                  20200270    00000004     Lab8HMain.o (.bss.TransmitCount)

.stack     0    20207e00    00000200     UNINITIALIZED
                  20207e00    00000004     libc.a : boot_cortex_m.c.obj (.stack)
                  20207e04    000001fc     --HOLE--

__llvm_prf_cnts 
*          0    20200000    00000000     UNINITIALIZED

__llvm_prf_bits 
*          0    20200000    00000000     UNINITIALIZED

MODULE SUMMARY

       Module                         code   ro data   rw data
       ------                         ----   -------   -------
    .\
       Clock.o                        504    0         4      
       Lab8HMain.o                    298    4         68     
       IRxmt.o                        272    0         0      
       FIFO2.o                        180    0         0      
       LaunchPad.o                    180    0         0      
       UART2.o                        108    4         44     
       SlidePot.o                     122    0         0      
    +--+------------------------------+------+---------+---------+
       Total:                         1664   8         116    
                                                              
    .\ticlang\
       startup_mspm0g3507_ticlang.o   12     192       0      
    +--+------------------------------+------+---------+---------+
       Total:                         12     192       0      
                                                              
    C:\ti\ccs1240\ccs\tools\compiler\ti-cgt-armllvm_2.1.3.LTS\lib\armv6m-ti-none-eabi/c/libc.a
       copy_decompress_lzss.c.obj     104    0         0      
       autoinit.c.obj                 84     0         0      
       boot_cortex_m.c.obj            40     0         0      
       copy_zero_init.c.obj           20     0         0      
       copy_decompress_none.c.obj     18     0         0      
       memcpy16.S.obj                 18     0         0      
       exit.c.obj                     4      0         0      
       pre_init.c.obj                 4      0         0      
    +--+------------------------------+------+---------+---------+
       Total:                         292    0         0      
                                                              
    C:\ti\ccs1240\ccs\tools\compiler\ti-cgt-armllvm_2.1.3.LTS\lib\clang/14.0.6/lib/armv6m-ti-none-eabi/libclang_rt.builtins.a
       aeabi_uidivmod.S.obj           64     0         0      
       aeabi_memcpy.S.obj             8      0         0      
       aeabi_div0.c.obj               2      0         0      
    +--+------------------------------+------+---------+---------+
       Total:                         74     0         0      
                                                              
       Heap:                          0      0         512    
       Stack:                         0      0         512    
       Linker Generated:              0      49        0      
    +--+------------------------------+------+---------+---------+
       Grand Total:                   2042   249       1140   


LINKER GENERATED COPY TABLES

__TI_cinit_table @ 000008ec records: 2, size/record: 8, table size: 16
	.data: load addr=000008c8, load size=0000000d bytes, run addr=20200200, run size=0000006c bytes, compression=lzss
	.bss: load addr=000008e4, load size=00000008 bytes, run addr=2020026c, run size=00000008 bytes, compression=zero_init


LINKER GENERATED HANDLER TABLE

__TI_handler_table @ 000008d8 records: 3, size/record: 4, table size: 12
	index: 0, handler: __TI_decompress_lzss
	index: 1, handler: __TI_decompress_none
	index: 2, handler: __TI_zero_init


GLOBAL SYMBOLS: SORTED ALPHABETICALLY BY Name 

address   name                    
-------   ----                    
000008a9  ADC0_IRQHandler         
000008a9  ADC1_IRQHandler         
000008a9  AES_IRQHandler          
20200264  BusFreq                 
000008b8  C$$EXIT                 
000008a9  CANFD0_IRQHandler       
000008a9  DAC0_IRQHandler         
000008a9  DMA_IRQHandler          
2020026c  Data                    
000008a9  Default_Handler         
20200228  FIFO                    
20200200  FIFO2                   
000008a9  GROUP0_IRQHandler       
000008a9  GROUP1_IRQHandler       
000008ad  HardFault_Handler       
000008a9  I2C0_IRQHandler         
000008a9  I2C1_IRQHandler         
000008a9  NMI_Handler             
000008a9  PendSV_Handler          
000008a9  RTC_IRQHandler          
000008b1  Reset_Handler           
000008c0  SHT$$INIT_ARRAY$$Base   
000008c8  SHT$$INIT_ARRAY$$Limit  
000008a9  SPI0_IRQHandler         
000008a9  SPI1_IRQHandler         
000008a9  SVC_Handler             
20200250  Sensor                  
000008a9  SysTick_Handler         
000008a9  TIMA0_IRQHandler        
000008a9  TIMA1_IRQHandler        
000008a9  TIMG0_IRQHandler        
00000275  TIMG12_IRQHandler       
000008a9  TIMG6_IRQHandler        
000008a9  TIMG7_IRQHandler        
000008a9  TIMG8_IRQHandler        
0000080b  TI_memcpy_small         
20200270  TransmitCount           
000008a9  UART0_IRQHandler        
000008a9  UART1_IRQHandler        
000004f5  UART2_IRQHandler        
000008a9  UART3_IRQHandler        
00000715  _Z10IRxmt_Initv         
0000082f  _Z11Clock_Delayj        
00000339  _Z13IRxmt_OutCharc      
00000499  _Z13IRxmt_SendBiti      
000006b1  _Z14Clock_Delay1msj     
000003b5  _Z14LaunchPad_Initv     
00000679  _Z15ActivatePortA_Bv    
000000c1  _Z15Clock_Init80MHzi    
0000078d  _Z3absi                 
0000083f  _Z5Delayj               
0000088d  _Z8PLL_Initv            
00000549  _ZN5Queue3PutEc         
000006e5  _ZN5Queue6IsFullEv      
0000084f  _ZN5QueueC1Ev           
0000084f  _ZN5QueueC2Ev           
000005f1  _ZN8SlidePot2InEv       
000007ad  _ZN8SlidePot7ConvertEj  
000007e1  _ZN8SlidePotC1Ejj       
000007e1  _ZN8SlidePotC2Ejj       
20208000  __STACK_END             
00000200  __STACK_SIZE            
00000200  __SYSMEM_SIZE           
000008ec  __TI_CINIT_Base         
000008fc  __TI_CINIT_Limit        
000008fc  __TI_CINIT_Warm         
000008d8  __TI_Handler_Table_Base 
000008e4  __TI_Handler_Table_Limit
0000059d  __TI_auto_init_nobinit  
00000431  __TI_decompress_lzss    
0000081d  __TI_decompress_none    
ffffffff  __TI_pprof_out_hndl     
ffffffff  __TI_prof_data_size     
ffffffff  __TI_prof_data_start    
00000000  __TI_static_base__      
000007f7  __TI_zero_init_nomemset 
0000085f  __aeabi_idiv0           
000008a1  __aeabi_memcpy          
000008a1  __aeabi_memcpy4         
000008a1  __aeabi_memcpy8         
00000639  __aeabi_uidiv           
00000639  __aeabi_uidivmod        
ffffffff  __binit__               
UNDEFED   __mpu_init              
20207e00  __stack                 
20200000  __start___llvm_prf_bits 
20200000  __start___llvm_prf_cnts 
20200000  __stop___llvm_prf_bits  
20200000  __stop___llvm_prf_cnts  
00000765  _c_int00_noargs         
20200000  _sys_memory             
UNDEFED   _system_post_cinit      
000008b5  _system_pre_init        
000008b9  abort                   
ffffffff  binit                   
00000000  interruptVectors        
0000073d  main                    


GLOBAL SYMBOLS: SORTED BY Symbol Address 

address   name                    
-------   ----                    
00000000  __TI_static_base__      
00000000  interruptVectors        
000000c1  _Z15Clock_Init80MHzi    
00000200  __STACK_SIZE            
00000200  __SYSMEM_SIZE           
00000275  TIMG12_IRQHandler       
00000339  _Z13IRxmt_OutCharc      
000003b5  _Z14LaunchPad_Initv     
00000431  __TI_decompress_lzss    
00000499  _Z13IRxmt_SendBiti      
000004f5  UART2_IRQHandler        
00000549  _ZN5Queue3PutEc         
0000059d  __TI_auto_init_nobinit  
000005f1  _ZN8SlidePot2InEv       
00000639  __aeabi_uidiv           
00000639  __aeabi_uidivmod        
00000679  _Z15ActivatePortA_Bv    
000006b1  _Z14Clock_Delay1msj     
000006e5  _ZN5Queue6IsFullEv      
00000715  _Z10IRxmt_Initv         
0000073d  main                    
00000765  _c_int00_noargs         
0000078d  _Z3absi                 
000007ad  _ZN8SlidePot7ConvertEj  
000007e1  _ZN8SlidePotC1Ejj       
000007e1  _ZN8SlidePotC2Ejj       
000007f7  __TI_zero_init_nomemset 
0000080b  TI_memcpy_small         
0000081d  __TI_decompress_none    
0000082f  _Z11Clock_Delayj        
0000083f  _Z5Delayj               
0000084f  _ZN5QueueC1Ev           
0000084f  _ZN5QueueC2Ev           
0000085f  __aeabi_idiv0           
0000088d  _Z8PLL_Initv            
000008a1  __aeabi_memcpy          
000008a1  __aeabi_memcpy4         
000008a1  __aeabi_memcpy8         
000008a9  ADC0_IRQHandler         
000008a9  ADC1_IRQHandler         
000008a9  AES_IRQHandler          
000008a9  CANFD0_IRQHandler       
000008a9  DAC0_IRQHandler         
000008a9  DMA_IRQHandler          
000008a9  Default_Handler         
000008a9  GROUP0_IRQHandler       
000008a9  GROUP1_IRQHandler       
000008a9  I2C0_IRQHandler         
000008a9  I2C1_IRQHandler         
000008a9  NMI_Handler             
000008a9  PendSV_Handler          
000008a9  RTC_IRQHandler          
000008a9  SPI0_IRQHandler         
000008a9  SPI1_IRQHandler         
000008a9  SVC_Handler             
000008a9  SysTick_Handler         
000008a9  TIMA0_IRQHandler        
000008a9  TIMA1_IRQHandler        
000008a9  TIMG0_IRQHandler        
000008a9  TIMG6_IRQHandler        
000008a9  TIMG7_IRQHandler        
000008a9  TIMG8_IRQHandler        
000008a9  UART0_IRQHandler        
000008a9  UART1_IRQHandler        
000008a9  UART3_IRQHandler        
000008ad  HardFault_Handler       
000008b1  Reset_Handler           
000008b5  _system_pre_init        
000008b8  C$$EXIT                 
000008b9  abort                   
000008c0  SHT$$INIT_ARRAY$$Base   
000008c8  SHT$$INIT_ARRAY$$Limit  
000008d8  __TI_Handler_Table_Base 
000008e4  __TI_Handler_Table_Limit
000008ec  __TI_CINIT_Base         
000008fc  __TI_CINIT_Limit        
000008fc  __TI_CINIT_Warm         
20200000  __start___llvm_prf_bits 
20200000  __start___llvm_prf_cnts 
20200000  __stop___llvm_prf_bits  
20200000  __stop___llvm_prf_cnts  
20200000  _sys_memory             
20200200  FIFO2                   
20200228  FIFO                    
20200250  Sensor                  
20200264  BusFreq                 
2020026c  Data                    
20200270  TransmitCount           
20207e00  __stack                 
20208000  __STACK_END             
ffffffff  __TI_pprof_out_hndl     
ffffffff  __TI_prof_data_size     
ffffffff  __TI_prof_data_start    
ffffffff  __binit__               
ffffffff  binit                   
UNDEFED   __mpu_init              
UNDEFED   _system_post_cinit      

[97 symbols]
