******************************************************************************
            TI ARM Clang Linker PC v2.1.3                      
******************************************************************************
>> Linked Sun Apr  7 14:56:40 2024

OUTPUT FILE NAME:   <ECE319K_Lab8H.out>
ENTRY POINT SYMBOL: "_c_int00_noargs"  address: 00002299


MEMORY CONFIGURATION

         name            origin    length      used     unused   attr    fill
----------------------  --------  ---------  --------  --------  ----  --------
  FLASH                 00000000   00020000  00002b68  0001d498  R  X
  SRAM                  20200000   00008000  00000834  000077cc  RW X
  BCR_CONFIG            41c00000   00000080  00000000  00000080  R   
  BSL_CONFIG            41c00100   00000080  00000000  00000080  R   


SEGMENT ALLOCATION MAP

run origin  load origin   length   init length attrs members
----------  ----------- ---------- ----------- ----- -------
00000000    00000000    00002b68   00002b68    r-x
  00000000    00000000    000000c0   000000c0    r-- .intvecs
  000000c0    000000c0    00002440   00002440    r-x .text
  00002500    00002500    000005d0   000005d0    r-- .rodata
  00002ad0    00002ad0    00000008   00000008    r-- .init_array
  00002ad8    00002ad8    00000090   00000090    r-- .cinit
20200000    20200000    00000637   00000000    rw-
  20200000    20200000    00000255   00000000    rw- .data
  20200258    20200258    00000200   00000000    rw- .sysmem
  20200458    20200458    000001df   00000000    rw- .bss
20207e00    20207e00    00000200   00000000    rw-
  20207e00    20207e00    00000200   00000000    rw- .stack


SECTION ALLOCATION MAP

 output                                  attributes/
section   page    origin      length       input sections
--------  ----  ----------  ----------   ----------------
.intvecs   0    00000000    000000c0     
                  00000000    000000c0     startup_mspm0g3507_ticlang.o (.intvecs)

.binit     0    00000000    00000000     

.text      0    000000c0    00002440     
                  000000c0    00000280     libc.a : _printfi.c.obj (.text:__TI_printfi_minimal)
                  00000340    000001b4     Clock.o (.text._Z15Clock_Init80MHzi)
                  000004f4    000001a0     ST7735.o (.text._Z16ST7735_DrawCharSsscssh)
                  00000694    0000013c     libc.a : fopen.c.obj (.text._openfile)
                  000007d0    0000013c            : memory.c.obj (.text.aligned_alloc)
                  0000090c    00000118     ST7735.o (.text._Z15ST7735_FillRectsssst)
                  00000a24    00000100     libc.a : memory.c.obj (.text.free)
                  00000b24    000000f8     SPI.o (.text._Z8SPI_Initv)
                  00000c1c    000000f8     libc.a : fputs.c.obj (.text.fputs)
                  00000d14    000000f8     Lab8HMain.o (.text.main)
                  00000e0c    000000e8     libsysbm.a : add_device.c.obj (.text.add_device)
                  00000ef4    000000e0     libc.a : setvbuf.c.obj (.text.setvbuf)
                  00000fd4    000000d0     ST7735.o (.text._Z14ST7735_OutCharc)
                  000010a4    000000a8     libsysbm.a : open.c.obj (.text.open)
                  0000114c    000000a2     ST7735.o (.text._ZL11commandListPKh)
                  000011ee    00000002     libclang_rt.builtins.a : aeabi_div0.c.obj (.text.__aeabi_idiv0)
                  000011f0    0000009c     ST7735.o (.text._Z17ST7735_InitPrintfv)
                  0000128c    00000098     ST7735.o (.text._Z12ST7735_InitR10initRFlags)
                  00001324    00000090     libc.a : fputc.c.obj (.text.fputc)
                  000013b4    00000088     ST7735.o (.text._ZL13setAddrWindowhhhh)
                  0000143c    00000084     ST7735.o (.text._Z17ST7735_DrawStringttPcs)
                  000014c0    00000084     libc.a : fopen.c.obj (.text.fopen)
                  00001544    0000007c     LaunchPad.o (.text._Z14LaunchPad_Initv)
                  000015c0    0000007c     libc.a : fclose.c.obj (.text.__TI_closefile)
                  0000163c    00000070     ST7735.o (.text._Z16ST7735_DrawPixelsst)
                  000016ac    0000006c     libc.a : fseek.c.obj (.text.fseeko)
                  00001718    0000006c            : getdevice.c.obj (.text.getdevice)
                  00001784    00000068     libsysbm.a : hostlseek.c.obj (.text.HOSTlseek)
                  000017ec    00000068                : hostrename.c.obj (.text.HOSTrename)
                  00001854    00000068     libc.a : copy_decompress_lzss.c.obj (.text:decompress:lzss)
                  000018bc    00000064            : _io_perm.c.obj (.text.__TI_wrt_ok)
                  00001920    00000064            : memory.c.obj (.text.split)
                  00001984    0000005c     libsysbm.a : hostopen.c.obj (.text.HOSTopen)
                  000019e0    0000005c     libc.a : printf.c.obj (.text.printf)
                  00001a3c    00000058     libsysbm.a : hostread.c.obj (.text.HOSTread)
                  00001a94    00000058                : hostwrite.c.obj (.text.HOSTwrite)
                  00001aec    00000054     UART2.o (.text.UART2_IRQHandler)
                  00001b40    00000054     FIFO2.o (.text._ZN5Queue3PutEc)
                  00001b94    00000054     libc.a : autoinit.c.obj (.text:__TI_auto_init_nobinit)
                  00001be8    00000050     Lab8HMain.o (.text.TIMG12_IRQHandler)
                  00001c38    00000050     libc.a : fflush.c.obj (.text.__TI_doflush)
                  00001c88    00000050     libsysbm.a : close.c.obj (.text.close)
                  00001cd8    00000048                : hostclose.c.obj (.text.HOSTclose)
                  00001d20    00000048                : hostunlink.c.obj (.text.HOSTunlink)
                  00001d68    00000048     SPI.o (.text._Z14SPI_OutCommandc)
                  00001db0    00000048     SlidePot.o (.text._ZN8SlidePot2InEv)
                  00001df8    00000042     FIFO2.o (.text._ZN5Queue3GetEPc)
                  00001e3a    00000002     libc.a : _lock.c.obj (.text._nop)
                  00001e3c    00000040     SPI.o (.text._Z9SPI_Resetv)
                  00001e7c    00000040     libclang_rt.builtins.a : aeabi_uidivmod.S.obj (.text)
                  00001ebc    00000038     SPI.o (.text._Z11SPI_OutDatac)
                  00001ef4    00000038     LaunchPad.o (.text._Z15ActivatePortA_Bv)
                  00001f2c    00000038     FIFO2.o (.text._ZN5Queue5PrintEv)
                  00001f64    00000038     libc.a : getdevice.c.obj (.text.finddevice)
                  00001f9c    00000034     ST7735.o (.text._Z12ST7735_writeiPKcj)
                  00001fd0    00000034     Clock.o (.text._Z14Clock_Delay1msj)
                  00002004    00000034     ST7735.o (.text._Z16ST7735_SetCursorjj)
                  00002038    00000034     libc.a : fopen.c.obj (.text.__TI_cleanup)
                  0000206c    00000034     libsysbm.a : trgmsg.c.obj (.text.__TI_readmsg)
                  000020a0    00000034                : trgmsg.c.obj (.text.__TI_writemsg)
                  000020d4    00000034     libc.a : exit.c.obj (.text.exit)
                  00002108    00000034            : fopen.c.obj (.text.freopen)
                  0000213c    00000030     ST7735.o (.text._ZL10commonInitPKh)
                  0000216c    00000030     FIFO2.o (.text._ZN5Queue6IsFullEv)
                  0000219c    0000002c     ST7735.o (.text._Z17ST7735_FillScreent)
                  000021c8    0000002c     libsysbm.a : unlink.c.obj (.text.unlink)
                  000021f4    0000002a     FIFO2.o (.text._ZN5Queue7IsEmptyEv)
                  0000221e    00000002     --HOLE-- [fill = 0]
                  00002220    00000028     libc.a : memory.c.obj (.text.free_list_insert)
                  00002248    00000028     libsysbm.a : lseek.c.obj (.text.lseek)
                  00002270    00000028                : write.c.obj (.text.write)
                  00002298    00000028     libc.a : boot_cortex_m.c.obj (.text:_c_int00_noargs)
                  000022c0    00000024            : memccpy.c.obj (.text.memccpy)
                  000022e4    00000020     FIFO2.o (.text._Z3absi)
                  00002304    0000001e     ST7735.o (.text._ZL9pushColort)
                  00002322    00000002     --HOLE-- [fill = 0]
                  00002324    0000001c     libc.a : memory.c.obj (.text.free_list_remove)
                  00002340    0000001c     libclang_rt.builtins.a : aeabi_memset.S.obj (.text)
                  0000235c    00000018     Lab8HMain.o (.text.__cxx_global_var_init)
                  00002374    00000016     ST7735.o (.text._Z11ST7735_openPKcji)
                  0000238a    00000016     ST7735.o (.text._Z11ST7735_readiPcj)
                  000023a0    00000014     libc.a : copy_zero_init.c.obj (.text:decompress:ZI:__TI_zero_init_nomemset)
                  000023b4    00000012            : memcpy16.S.obj (.text:TI_memcpy_small)
                  000023c6    00000012            : copy_decompress_none.c.obj (.text:decompress:none)
                  000023d8    00000010     Clock.o (.text._Z11Clock_Delayj)
                  000023e8    00000010     FIFO2.o (.text._ZN5QueueC2Ev)
                  000023f8    00000010     Lab8HMain.o (.text.__cxx_global_var_init.1)
                  00002408    00000010     UART2.o (.text.__cxx_global_var_init)
                  00002418    0000000e     ST7735.o (.text._Z12ST7735_lseekili)
                  00002426    0000000e     SlidePot.o (.text._ZN8SlidePotC2Ejj)
                  00002434    0000000e     libsysbm.a : hostrename.c.obj (.text.strcpy)
                  00002442    0000000e     libc.a : _printfi.c.obj (.text.strlen)
                  00002450    0000000e     libsysbm.a : hostrename.c.obj (.text.strlen)
                  0000245e    0000000e     libc.a : memset16.S.obj (.text:TI_memset_small)
                  0000246c    0000000c     Lab8HMain.o (.text._GLOBAL__sub_I_Lab8HMain.cpp)
                  00002478    0000000c     Clock.o (.text._Z10Clock_Freqv)
                  00002484    0000000c     ST7735.o (.text._Z13ST7735_renamePKcS0_)
                  00002490    0000000c     libc.a : memory.c.obj (.text.malloc)
                  0000249c    0000000a     ST7735.o (.text._Z12ST7735_closei)
                  000024a6    0000000a     ST7735.o (.text._Z13ST7735_unlinkPKc)
                  000024b0    0000000a     Lab8HMain.o (.text._Z8PLL_Initv)
                  000024ba    00000008     UART2.o (.text._GLOBAL__sub_I_UART2.cpp)
                  000024c2    00000008     libc.a : printf.c.obj (.text._outc)
                  000024ca    00000008            : printf.c.obj (.text._outs)
                  000024d2    00000008            : fseek.c.obj (.text.fseek)
                  000024da    00000008     libsysbm.a : remove.c.obj (.text.remove)
                  000024e2    00000002     --HOLE-- [fill = 0]
                  000024e4    00000008     libclang_rt.builtins.a : aeabi_memcpy.S.obj (.text)
                  000024ec    00000004     startup_mspm0g3507_ticlang.o (.text.Default_Handler)
                  000024f0    00000004     startup_mspm0g3507_ticlang.o (.text.HardFault_Handler)
                  000024f4    00000004     startup_mspm0g3507_ticlang.o (.text.Reset_Handler)
                  000024f8    00000004     libc.a : pre_init.c.obj (.text._system_pre_init)
                  000024fc    00000004            : exit.c.obj (.text:abort)

.cinit     0    00002ad8    00000090     
                  00002ad8    00000067     (.cinit..data.load) [load image, compression = lzss]
                  00002b3f    00000001     --HOLE-- [fill = 0]
                  00002b40    0000000c     (__TI_handler_table)
                  00002b4c    00000008     (.cinit..bss.load) [load image, compression = zero_init]
                  00002b54    00000010     (__TI_cinit_table)
                  00002b64    00000004     --HOLE-- [fill = 0]

.rodata    0    00002500    000005d0     
                  00002500    000004fb     ST7735.o (.rodata._ZL4Font)
                  000029fb    0000003b     ST7735.o (.rodata._ZL5Rcmd1)
                  00002a36    0000002e     ST7735.o (.rodata.str1.1)
                  00002a64    0000002b     ST7735.o (.rodata._ZL5Rcmd3)
                  00002a8f    00000022     libc.a : _printfi.c.obj (.rodata.str1.1)
                  00002ab1    0000000d     ST7735.o (.rodata._ZL10Rcmd2green)
                  00002abe    0000000d     ST7735.o (.rodata._ZL8Rcmd2red)
                  00002acb    00000003     FIFO2.o (.rodata.str1.1)
                  00002ace    00000002     --HOLE-- [fill = 0]

.init_array 
*          0    00002ad0    00000008     
                  00002ad0    00000004     UART2.o (.init_array)
                  00002ad4    00000004     Lab8HMain.o (.init_array)

.data      0    20200000    00000255     UNINITIALIZED
                  20200000    000000f0     libc.a : defs.c.obj (.data._ftable)
                  202000f0    00000078     libsysbm.a : host_device.c.obj (.data._device)
                  20200168    00000050                : host_device.c.obj (.data._stream)
                  202001b8    00000028     UART2.o (.data.FIFO2)
                  202001e0    00000028     Lab8HMain.o (.data.FIFO)
                  20200208    00000014     Lab8HMain.o (.data.Sensor)
                  2020021c    00000008     libc.a : exit.c.obj (.data..L_MergedGlobals)
                  20200224    00000004     Clock.o (.data.BusFreq)
                  20200228    00000004     ST7735.o (.data.StX)
                  2020022c    00000004     ST7735.o (.data.StY)
                  20200230    00000004     UART2.o (.data._ZL9RxCounter)
                  20200234    00000004     libc.a : defs.c.obj (.data.__TI_ft_end)
                  20200238    00000004            : _lock.c.obj (.data._lock)
                  2020023c    00000004            : _lock.c.obj (.data._unlock)
                  20200240    00000002     ST7735.o (.data.StTextColor)
                  20200242    00000002     ST7735.o (.data._ZL6_width)
                  20200244    00000002     ST7735.o (.data._ZL7_height)
                  20200246    00000002     --HOLE--
                  20200248    00000001     libc.a : fopen.c.obj (.data._search_fp.init)
                  20200249    00000003     --HOLE--
                  2020024c    00000001     libsysbm.a : add_device.c.obj (.data.add_device.device_init)
                  2020024d    00000003     --HOLE--
                  20200250    00000001     libc.a : memory.c.obj (.data.memory_is_initialized)
                  20200251    00000003     --HOLE--
                  20200254    00000001     libsysbm.a : open.c.obj (.data.open.stream_init)

.sysmem    0    20200258    00000200     UNINITIALIZED
                  20200258    00000010     libc.a : memory.c.obj (.sysmem)
                  20200268    000001f0     --HOLE--

.bss       0    20200458    000001df     UNINITIALIZED
                  20200458    00000120     libsysbm.a : trgmsg.c.obj (.bss:_CIOBUF_)
                  20200578    000000a0     (.common:__TI_tmpnams)
                  20200618    00000008     (.common:parmbuf)
                  20200620    00000004     Lab8HMain.o (.bss.Data)
                  20200624    00000004     Lab8HMain.o (.bss.TransmitCount)
                  20200628    00000004     Lab8HMain.o (.bss.count)
                  2020062c    00000004     Lab8HMain.o (.bss.err)
                  20200630    00000004     libc.a : memory.c.obj (.bss.sys_free)
                  20200634    00000001     ST7735.o (.bss._ZL8ColStart)
                  20200635    00000001     ST7735.o (.bss._ZL8RowStart)
                  20200636    00000001     ST7735.o (.bss._ZL8TabColor)

.stack     0    20207e00    00000200     UNINITIALIZED
                  20207e00    00000004     libc.a : boot_cortex_m.c.obj (.stack)
                  20207e04    000001fc     --HOLE--

__llvm_prf_cnts 
*          0    20200000    00000000     UNINITIALIZED

__llvm_prf_bits 
*          0    20200000    00000000     UNINITIALIZED

MODULE SUMMARY

       Module                         code   ro data   rw data
       ------                         ----   -------   -------
    .\
       ST7735.o                       2070   1449      17     
       Clock.o                        516    0         4      
       Lab8HMain.o                    390    4         76     
       SPI.o                          440    0         0      
       FIFO2.o                        344    3         0      
       LaunchPad.o                    180    0         0      
       UART2.o                        108    4         44     
       SlidePot.o                     86     0         0      
    +--+------------------------------+------+---------+---------+
       Total:                         4134   1460      141    
                                                              
    .\ticlang\
       startup_mspm0g3507_ticlang.o   12     192       0      
    +--+------------------------------+------+---------+---------+
       Total:                         12     192       0      
                                                              
    C:\ti\ccs1240\ccs\tools\compiler\ti-cgt-armllvm_2.1.3.LTS\lib\armv6m-ti-none-eabi/c/libc.a
       memory.c.obj                   752    0         5      
       _printfi.c.obj                 654    34        0      
       fopen.c.obj                    552    0         1      
       defs.c.obj                     0      0         404    
       fputs.c.obj                    248    0         0      
       setvbuf.c.obj                  224    0         0      
       getdevice.c.obj                164    0         0      
       fputc.c.obj                    144    0         0      
       fclose.c.obj                   124    0         0      
       fseek.c.obj                    116    0         0      
       printf.c.obj                   108    0         0      
       copy_decompress_lzss.c.obj     104    0         0      
       _io_perm.c.obj                 100    0         0      
       autoinit.c.obj                 84     0         0      
       fflush.c.obj                   80     0         0      
       exit.c.obj                     56     0         8      
       boot_cortex_m.c.obj            40     0         0      
       memccpy.c.obj                  36     0         0      
       copy_zero_init.c.obj           20     0         0      
       copy_decompress_none.c.obj     18     0         0      
       memcpy16.S.obj                 18     0         0      
       memset16.S.obj                 14     0         0      
       _lock.c.obj                    2      0         8      
       pre_init.c.obj                 4      0         0      
    +--+------------------------------+------+---------+---------+
       Total:                         3662   34        426    
                                                              
    C:\ti\ccs1240\ccs\tools\compiler\ti-cgt-armllvm_2.1.3.LTS\lib\armv6m-ti-none-eabi/c/libsysbm.a
       trgmsg.c.obj                   104    0         288    
       add_device.c.obj               232    0         1      
       host_device.c.obj              0      0         200    
       open.c.obj                     168    0         1      
       hostrename.c.obj               132    0         0      
       hostlseek.c.obj                104    0         0      
       hostopen.c.obj                 92     0         8      
       hostread.c.obj                 88     0         0      
       hostwrite.c.obj                88     0         0      
       close.c.obj                    80     0         0      
       hostclose.c.obj                72     0         0      
       hostunlink.c.obj               72     0         0      
       unlink.c.obj                   44     0         0      
       lseek.c.obj                    40     0         0      
       write.c.obj                    40     0         0      
       remove.c.obj                   8      0         0      
    +--+------------------------------+------+---------+---------+
       Total:                         1364   0         498    
                                                              
    C:\ti\ccs1240\ccs\tools\compiler\ti-cgt-armllvm_2.1.3.LTS\lib\clang/14.0.6/lib/armv6m-ti-none-eabi/libclang_rt.builtins.a
       aeabi_uidivmod.S.obj           64     0         0      
       aeabi_memset.S.obj             28     0         0      
       aeabi_memcpy.S.obj             8      0         0      
       aeabi_div0.c.obj               2      0         0      
    +--+------------------------------+------+---------+---------+
       Total:                         102    0         0      
                                                              
       Heap:                          0      0         512    
       Stack:                         0      0         512    
       Linker Generated:              0      139       0      
    +--+------------------------------+------+---------+---------+
       Grand Total:                   9274   1825      2089   


LINKER GENERATED COPY TABLES

__TI_cinit_table @ 00002b54 records: 2, size/record: 8, table size: 16
	.data: load addr=00002ad8, load size=00000067 bytes, run addr=20200000, run size=00000255 bytes, compression=lzss
	.bss: load addr=00002b4c, load size=00000008 bytes, run addr=20200458, run size=000001df bytes, compression=zero_init


LINKER GENERATED HANDLER TABLE

__TI_handler_table @ 00002b40 records: 3, size/record: 4, table size: 12
	index: 0, handler: __TI_decompress_lzss
	index: 1, handler: __TI_decompress_none
	index: 2, handler: __TI_zero_init


GLOBAL SYMBOLS: SORTED ALPHABETICALLY BY Name 

address   name                        
-------   ----                        
000024ed  ADC0_IRQHandler             
000024ed  ADC1_IRQHandler             
000024ed  AES_IRQHandler              
20200224  BusFreq                     
000024fc  C$$EXIT                     
000020cb  C$$IO$$                     
000024ed  CANFD0_IRQHandler           
000024ed  DAC0_IRQHandler             
000024ed  DMA_IRQHandler              
20200620  Data                        
000024ed  Default_Handler             
202001e0  FIFO                        
202001b8  FIFO2                       
000024ed  GROUP0_IRQHandler           
000024ed  GROUP1_IRQHandler           
00001cd9  HOSTclose                   
00001785  HOSTlseek                   
00001985  HOSTopen                    
00001a3d  HOSTread                    
000017ed  HOSTrename                  
00001d21  HOSTunlink                  
00001a95  HOSTwrite                   
000024f1  HardFault_Handler           
000024ed  I2C0_IRQHandler             
000024ed  I2C1_IRQHandler             
000024ed  NMI_Handler                 
000024ed  PendSV_Handler              
000024ed  RTC_IRQHandler              
000024f5  Reset_Handler               
00002ad0  SHT$$INIT_ARRAY$$Base       
00002ad8  SHT$$INIT_ARRAY$$Limit      
000024ed  SPI0_IRQHandler             
000024ed  SPI1_IRQHandler             
000024ed  SVC_Handler                 
20200208  Sensor                      
20200240  StTextColor                 
20200228  StX                         
2020022c  StY                         
000024ed  SysTick_Handler             
000024ed  TIMA0_IRQHandler            
000024ed  TIMA1_IRQHandler            
000024ed  TIMG0_IRQHandler            
00001be9  TIMG12_IRQHandler           
000024ed  TIMG6_IRQHandler            
000024ed  TIMG7_IRQHandler            
000024ed  TIMG8_IRQHandler            
000023b5  TI_memcpy_small             
0000245f  TI_memset_small             
20200624  TransmitCount               
000024ed  UART0_IRQHandler            
000024ed  UART1_IRQHandler            
00001aed  UART2_IRQHandler            
000024ed  UART3_IRQHandler            
20200458  _CIOBUF_                    
00002479  _Z10Clock_Freqv             
000023d9  _Z11Clock_Delayj            
00001ebd  _Z11SPI_OutDatac            
00002375  _Z11ST7735_openPKcji        
0000238b  _Z11ST7735_readiPcj         
0000128d  _Z12ST7735_InitR10initRFlags
0000249d  _Z12ST7735_closei           
00002419  _Z12ST7735_lseekili         
00001f9d  _Z12ST7735_writeiPKcj       
00002485  _Z13ST7735_renamePKcS0_     
000024a7  _Z13ST7735_unlinkPKc        
00001fd1  _Z14Clock_Delay1msj         
00001545  _Z14LaunchPad_Initv         
00001d69  _Z14SPI_OutCommandc         
00000fd5  _Z14ST7735_OutCharc         
00001ef5  _Z15ActivatePortA_Bv        
00000341  _Z15Clock_Init80MHzi        
0000090d  _Z15ST7735_FillRectsssst    
000004f5  _Z16ST7735_DrawCharSsscssh  
0000163d  _Z16ST7735_DrawPixelsst     
00002005  _Z16ST7735_SetCursorjj      
0000143d  _Z17ST7735_DrawStringttPcs  
0000219d  _Z17ST7735_FillScreent      
000011f1  _Z17ST7735_InitPrintfv      
000022e5  _Z3absi                     
000024b1  _Z8PLL_Initv                
00000b25  _Z8SPI_Initv                
00001e3d  _Z9SPI_Resetv               
00001df9  _ZN5Queue3GetEPc            
00001b41  _ZN5Queue3PutEc             
00001f2d  _ZN5Queue5PrintEv           
0000216d  _ZN5Queue6IsFullEv          
000021f5  _ZN5Queue7IsEmptyEv         
000023e9  _ZN5QueueC1Ev               
000023e9  _ZN5QueueC2Ev               
00001db1  _ZN8SlidePot2InEv           
00002427  _ZN8SlidePotC1Ejj           
00002427  _ZN8SlidePotC2Ejj           
20200458  __CIOBUF_                   
20208000  __STACK_END                 
00000200  __STACK_SIZE                
00000200  __SYSMEM_SIZE               
00002b54  __TI_CINIT_Base             
00002b64  __TI_CINIT_Limit            
00002b64  __TI_CINIT_Warm             
00002b40  __TI_Handler_Table_Base     
00002b4c  __TI_Handler_Table_Limit    
00001b95  __TI_auto_init_nobinit      
00002039  __TI_cleanup                
2020021c  __TI_cleanup_ptr            
000015c1  __TI_closefile              
00001855  __TI_decompress_lzss        
000023c7  __TI_decompress_none        
00001c39  __TI_doflush                
20200220  __TI_dtors_ptr              
20200234  __TI_ft_end                 
ffffffff  __TI_pprof_out_hndl         
000000c1  __TI_printfi_minimal        
ffffffff  __TI_prof_data_size         
ffffffff  __TI_prof_data_start        
0000206d  __TI_readmsg                
00000000  __TI_static_base__          
20200578  __TI_tmpnams                
000020a1  __TI_writemsg               
000018bd  __TI_wrt_ok                 
000023a1  __TI_zero_init_nomemset     
000011ef  __aeabi_idiv0               
00002351  __aeabi_memclr              
00002351  __aeabi_memclr4             
00002351  __aeabi_memclr8             
000024e5  __aeabi_memcpy              
000024e5  __aeabi_memcpy4             
000024e5  __aeabi_memcpy8             
00002341  __aeabi_memset              
00002341  __aeabi_memset4             
00002341  __aeabi_memset8             
00001e7d  __aeabi_uidiv               
00001e7d  __aeabi_uidivmod            
ffffffff  __binit__                   
UNDEFED   __mpu_init                  
20207e00  __stack                     
20200000  __start___llvm_prf_bits     
20200000  __start___llvm_prf_cnts     
20200000  __stop___llvm_prf_bits      
20200000  __stop___llvm_prf_cnts      
00002299  _c_int00_noargs             
202000f0  _device                     
20200000  _ftable                     
20200238  _lock                       
00001e3b  _nop                        
20200168  _stream                     
20200258  _sys_memory                 
UNDEFED   _system_post_cinit          
000024f9  _system_pre_init            
2020023c  _unlock                     
000024fd  abort                       
00000e0d  add_device                  
000007d1  aligned_alloc               
ffffffff  binit                       
00001c89  close                       
20200628  count                       
2020062c  err                         
000020d5  exit                        
00001f65  finddevice                  
000014c1  fopen                       
00001325  fputc                       
00000c1d  fputs                       
00000a25  free                        
00002109  freopen                     
000024d3  fseek                       
000016ad  fseeko                      
00001719  getdevice                   
00000000  interruptVectors            
00002249  lseek                       
00000d15  main                        
00002491  malloc                      
000007d1  memalign                    
000022c1  memccpy                     
000010a5  open                        
20200618  parmbuf                     
000019e1  printf                      
000024db  remove                      
00000ef5  setvbuf                     
000021c9  unlink                      
00002271  write                       


GLOBAL SYMBOLS: SORTED BY Symbol Address 

address   name                        
-------   ----                        
00000000  __TI_static_base__          
00000000  interruptVectors            
000000c1  __TI_printfi_minimal        
00000200  __STACK_SIZE                
00000200  __SYSMEM_SIZE               
00000341  _Z15Clock_Init80MHzi        
000004f5  _Z16ST7735_DrawCharSsscssh  
000007d1  aligned_alloc               
000007d1  memalign                    
0000090d  _Z15ST7735_FillRectsssst    
00000a25  free                        
00000b25  _Z8SPI_Initv                
00000c1d  fputs                       
00000d15  main                        
00000e0d  add_device                  
00000ef5  setvbuf                     
00000fd5  _Z14ST7735_OutCharc         
000010a5  open                        
000011ef  __aeabi_idiv0               
000011f1  _Z17ST7735_InitPrintfv      
0000128d  _Z12ST7735_InitR10initRFlags
00001325  fputc                       
0000143d  _Z17ST7735_DrawStringttPcs  
000014c1  fopen                       
00001545  _Z14LaunchPad_Initv         
000015c1  __TI_closefile              
0000163d  _Z16ST7735_DrawPixelsst     
000016ad  fseeko                      
00001719  getdevice                   
00001785  HOSTlseek                   
000017ed  HOSTrename                  
00001855  __TI_decompress_lzss        
000018bd  __TI_wrt_ok                 
00001985  HOSTopen                    
000019e1  printf                      
00001a3d  HOSTread                    
00001a95  HOSTwrite                   
00001aed  UART2_IRQHandler            
00001b41  _ZN5Queue3PutEc             
00001b95  __TI_auto_init_nobinit      
00001be9  TIMG12_IRQHandler           
00001c39  __TI_doflush                
00001c89  close                       
00001cd9  HOSTclose                   
00001d21  HOSTunlink                  
00001d69  _Z14SPI_OutCommandc         
00001db1  _ZN8SlidePot2InEv           
00001df9  _ZN5Queue3GetEPc            
00001e3b  _nop                        
00001e3d  _Z9SPI_Resetv               
00001e7d  __aeabi_uidiv               
00001e7d  __aeabi_uidivmod            
00001ebd  _Z11SPI_OutDatac            
00001ef5  _Z15ActivatePortA_Bv        
00001f2d  _ZN5Queue5PrintEv           
00001f65  finddevice                  
00001f9d  _Z12ST7735_writeiPKcj       
00001fd1  _Z14Clock_Delay1msj         
00002005  _Z16ST7735_SetCursorjj      
00002039  __TI_cleanup                
0000206d  __TI_readmsg                
000020a1  __TI_writemsg               
000020cb  C$$IO$$                     
000020d5  exit                        
00002109  freopen                     
0000216d  _ZN5Queue6IsFullEv          
0000219d  _Z17ST7735_FillScreent      
000021c9  unlink                      
000021f5  _ZN5Queue7IsEmptyEv         
00002249  lseek                       
00002271  write                       
00002299  _c_int00_noargs             
000022c1  memccpy                     
000022e5  _Z3absi                     
00002341  __aeabi_memset              
00002341  __aeabi_memset4             
00002341  __aeabi_memset8             
00002351  __aeabi_memclr              
00002351  __aeabi_memclr4             
00002351  __aeabi_memclr8             
00002375  _Z11ST7735_openPKcji        
0000238b  _Z11ST7735_readiPcj         
000023a1  __TI_zero_init_nomemset     
000023b5  TI_memcpy_small             
000023c7  __TI_decompress_none        
000023d9  _Z11Clock_Delayj            
000023e9  _ZN5QueueC1Ev               
000023e9  _ZN5QueueC2Ev               
00002419  _Z12ST7735_lseekili         
00002427  _ZN8SlidePotC1Ejj           
00002427  _ZN8SlidePotC2Ejj           
0000245f  TI_memset_small             
00002479  _Z10Clock_Freqv             
00002485  _Z13ST7735_renamePKcS0_     
00002491  malloc                      
0000249d  _Z12ST7735_closei           
000024a7  _Z13ST7735_unlinkPKc        
000024b1  _Z8PLL_Initv                
000024d3  fseek                       
000024db  remove                      
000024e5  __aeabi_memcpy              
000024e5  __aeabi_memcpy4             
000024e5  __aeabi_memcpy8             
000024ed  ADC0_IRQHandler             
000024ed  ADC1_IRQHandler             
000024ed  AES_IRQHandler              
000024ed  CANFD0_IRQHandler           
000024ed  DAC0_IRQHandler             
000024ed  DMA_IRQHandler              
000024ed  Default_Handler             
000024ed  GROUP0_IRQHandler           
000024ed  GROUP1_IRQHandler           
000024ed  I2C0_IRQHandler             
000024ed  I2C1_IRQHandler             
000024ed  NMI_Handler                 
000024ed  PendSV_Handler              
000024ed  RTC_IRQHandler              
000024ed  SPI0_IRQHandler             
000024ed  SPI1_IRQHandler             
000024ed  SVC_Handler                 
000024ed  SysTick_Handler             
000024ed  TIMA0_IRQHandler            
000024ed  TIMA1_IRQHandler            
000024ed  TIMG0_IRQHandler            
000024ed  TIMG6_IRQHandler            
000024ed  TIMG7_IRQHandler            
000024ed  TIMG8_IRQHandler            
000024ed  UART0_IRQHandler            
000024ed  UART1_IRQHandler            
000024ed  UART3_IRQHandler            
000024f1  HardFault_Handler           
000024f5  Reset_Handler               
000024f9  _system_pre_init            
000024fc  C$$EXIT                     
000024fd  abort                       
00002ad0  SHT$$INIT_ARRAY$$Base       
00002ad8  SHT$$INIT_ARRAY$$Limit      
00002b40  __TI_Handler_Table_Base     
00002b4c  __TI_Handler_Table_Limit    
00002b54  __TI_CINIT_Base             
00002b64  __TI_CINIT_Limit            
00002b64  __TI_CINIT_Warm             
20200000  __start___llvm_prf_bits     
20200000  __start___llvm_prf_cnts     
20200000  __stop___llvm_prf_bits      
20200000  __stop___llvm_prf_cnts      
20200000  _ftable                     
202000f0  _device                     
20200168  _stream                     
202001b8  FIFO2                       
202001e0  FIFO                        
20200208  Sensor                      
2020021c  __TI_cleanup_ptr            
20200220  __TI_dtors_ptr              
20200224  BusFreq                     
20200228  StX                         
2020022c  StY                         
20200234  __TI_ft_end                 
20200238  _lock                       
2020023c  _unlock                     
20200240  StTextColor                 
20200258  _sys_memory                 
20200458  _CIOBUF_                    
20200458  __CIOBUF_                   
20200578  __TI_tmpnams                
20200618  parmbuf                     
20200620  Data                        
20200624  TransmitCount               
20200628  count                       
2020062c  err                         
20207e00  __stack                     
20208000  __STACK_END                 
ffffffff  __TI_pprof_out_hndl         
ffffffff  __TI_prof_data_size         
ffffffff  __TI_prof_data_start        
ffffffff  __binit__                   
ffffffff  binit                       
UNDEFED   __mpu_init                  
UNDEFED   _system_post_cinit          

[179 symbols]
