******************************************************************************
            TI ARM Clang Linker PC v2.1.3                      
******************************************************************************
>> Linked Tue Jan 16 13:29:27 2024

OUTPUT FILE NAME:   <ECE319K_Lab8H.out>
ENTRY POINT SYMBOL: "_c_int00_noargs"  address: 00001b45


MEMORY CONFIGURATION

         name            origin    length      used     unused   attr    fill
----------------------  --------  ---------  --------  --------  ----  --------
  FLASH                 00000000   00020000  000023b8  0001dc48  R  X
  SRAM                  20200000   00008000  00000828  000077d8  RW X
  BCR_CONFIG            41c00000   00000080  00000000  00000080  R   
  BSL_CONFIG            41c00100   00000080  00000000  00000080  R   


SEGMENT ALLOCATION MAP

run origin  load origin   length   init length attrs members
----------  ----------- ---------- ----------- ----- -------
00000000    00000000    000023b8   000023b8    r-x
  00000000    00000000    000000c0   000000c0    r-- .intvecs
  000000c0    000000c0    00001cb0   00001cb0    r-x .text
  00001d70    00001d70    000005b0   000005b0    r-- .rodata
  00002320    00002320    00000008   00000008    r-- .init_array
  00002328    00002328    00000090   00000090    r-- .cinit
20200000    20200000    0000062f   00000000    rw-
  20200000    20200000    00000251   00000000    rw- .data
  20200258    20200258    00000200   00000000    rw- .sysmem
  20200458    20200458    000001d7   00000000    rw- .bss
20207e00    20207e00    00000200   00000000    rw-
  20207e00    20207e00    00000200   00000000    rw- .stack


SECTION ALLOCATION MAP

 output                                  attributes/
section   page    origin      length       input sections
--------  ----  ----------  ----------   ----------------
.intvecs   0    00000000    000000c0     
                  00000000    000000c0     startup_mspm0g3507_ticlang.o (.intvecs)

.binit     0    00000000    00000000     

.text      0    000000c0    00001cb0     
                  000000c0    000001b4     Clock.o (.text._Z15Clock_Init80MHzi)
                  00000274    000001a0     ST7735.o (.text._Z16ST7735_DrawCharSsscssh)
                  00000414    0000013c     libc.a : fopen.c.obj (.text._openfile)
                  00000550    0000013c            : memory.c.obj (.text.aligned_alloc)
                  0000068c    00000118     ST7735.o (.text._Z15ST7735_FillRectsssst)
                  000007a4    00000100     libc.a : memory.c.obj (.text.free)
                  000008a4    000000f8     SPI.o (.text._Z8SPI_Initv)
                  0000099c    000000f0     Lab8HMain.o (.text.main)
                  00000a8c    000000e8     libsysbm.a : add_device.c.obj (.text.add_device)
                  00000b74    000000e0     libc.a : setvbuf.c.obj (.text.setvbuf)
                  00000c54    000000d0     ST7735.o (.text._Z14ST7735_OutCharc)
                  00000d24    000000a8     libsysbm.a : open.c.obj (.text.open)
                  00000dcc    000000a2     ST7735.o (.text._ZL11commandListPKh)
                  00000e6e    00000002     libclang_rt.builtins.a : aeabi_div0.c.obj (.text.__aeabi_idiv0)
                  00000e70    0000009c     ST7735.o (.text._Z17ST7735_InitPrintfv)
                  00000f0c    00000098     ST7735.o (.text._Z12ST7735_InitR10initRFlags)
                  00000fa4    00000088     ST7735.o (.text._ZL13setAddrWindowhhhh)
                  0000102c    00000084     ST7735.o (.text._Z17ST7735_DrawStringttPcs)
                  000010b0    00000084     libc.a : fopen.c.obj (.text.fopen)
                  00001134    0000007c     LaunchPad.o (.text._Z14LaunchPad_Initv)
                  000011b0    0000007c     libc.a : fclose.c.obj (.text.__TI_closefile)
                  0000122c    00000070     ST7735.o (.text._Z16ST7735_DrawPixelsst)
                  0000129c    0000006c     libc.a : getdevice.c.obj (.text.getdevice)
                  00001308    00000068     libsysbm.a : hostlseek.c.obj (.text.HOSTlseek)
                  00001370    00000068                : hostrename.c.obj (.text.HOSTrename)
                  000013d8    00000068     libc.a : copy_decompress_lzss.c.obj (.text:decompress:lzss)
                  00001440    00000064            : memory.c.obj (.text.split)
                  000014a4    0000005c     libsysbm.a : hostopen.c.obj (.text.HOSTopen)
                  00001500    00000058                : hostread.c.obj (.text.HOSTread)
                  00001558    00000058                : hostwrite.c.obj (.text.HOSTwrite)
                  000015b0    00000054     libc.a : autoinit.c.obj (.text:__TI_auto_init_nobinit)
                  00001604    00000050            : fflush.c.obj (.text.__TI_doflush)
                  00001654    00000050     libsysbm.a : close.c.obj (.text.close)
                  000016a4    00000048                : hostclose.c.obj (.text.HOSTclose)
                  000016ec    00000048                : hostunlink.c.obj (.text.HOSTunlink)
                  00001734    00000048     SPI.o (.text._Z14SPI_OutCommandc)
                  0000177c    00000040     SPI.o (.text._Z9SPI_Resetv)
                  000017bc    00000040     libclang_rt.builtins.a : aeabi_uidivmod.S.obj (.text)
                  000017fc    00000038     SPI.o (.text._Z11SPI_OutDatac)
                  00001834    00000038     LaunchPad.o (.text._Z15ActivatePortA_Bv)
                  0000186c    00000038     libc.a : getdevice.c.obj (.text.finddevice)
                  000018a4    00000034     ST7735.o (.text._Z12ST7735_writeiPKcj)
                  000018d8    00000034     Clock.o (.text._Z14Clock_Delay1msj)
                  0000190c    00000034     ST7735.o (.text._Z16ST7735_SetCursorjj)
                  00001940    00000034     libc.a : fopen.c.obj (.text.__TI_cleanup)
                  00001974    00000034     libsysbm.a : trgmsg.c.obj (.text.__TI_readmsg)
                  000019a8    00000034                : trgmsg.c.obj (.text.__TI_writemsg)
                  000019dc    00000034     libc.a : exit.c.obj (.text.exit)
                  00001a10    00000034            : fopen.c.obj (.text.freopen)
                  00001a44    00000030     ST7735.o (.text._ZL10commonInitPKh)
                  00001a74    0000002c     ST7735.o (.text._Z17ST7735_FillScreent)
                  00001aa0    0000002c     libsysbm.a : unlink.c.obj (.text.unlink)
                  00001acc    00000028     Lab8HMain.o (.text.TIMG12_IRQHandler)
                  00001af4    00000028     libc.a : memory.c.obj (.text.free_list_insert)
                  00001b1c    00000028     libsysbm.a : write.c.obj (.text.write)
                  00001b44    00000028     libc.a : boot_cortex_m.c.obj (.text:_c_int00_noargs)
                  00001b6c    0000001e     ST7735.o (.text._ZL9pushColort)
                  00001b8a    00000002     libc.a : _lock.c.obj (.text._nop)
                  00001b8c    0000001c            : memory.c.obj (.text.free_list_remove)
                  00001ba8    0000001c     libclang_rt.builtins.a : aeabi_memset.S.obj (.text)
                  00001bc4    00000018     Lab8HMain.o (.text.__cxx_global_var_init)
                  00001bdc    00000016     ST7735.o (.text._Z11ST7735_openPKcji)
                  00001bf2    00000016     ST7735.o (.text._Z11ST7735_readiPcj)
                  00001c08    00000014     UART2.o (.text.UART2_IRQHandler)
                  00001c1c    00000014     libc.a : copy_zero_init.c.obj (.text:decompress:ZI:__TI_zero_init_nomemset)
                  00001c30    00000012            : memcpy16.S.obj (.text:TI_memcpy_small)
                  00001c42    00000012            : copy_decompress_none.c.obj (.text:decompress:none)
                  00001c54    00000010     Clock.o (.text._Z11Clock_Delayj)
                  00001c64    00000010     Lab8HMain.o (.text.__cxx_global_var_init.1)
                  00001c74    00000010     UART2.o (.text.__cxx_global_var_init)
                  00001c84    0000000e     ST7735.o (.text._Z12ST7735_lseekili)
                  00001c92    0000000e     FIFO2.o (.text._ZN5Queue3PutEc)
                  00001ca0    0000000e     SlidePot.o (.text._ZN8SlidePotC2Ejj)
                  00001cae    0000000e     libsysbm.a : hostrename.c.obj (.text.strcpy)
                  00001cbc    0000000e                : hostrename.c.obj (.text.strlen)
                  00001cca    0000000e     libc.a : memset16.S.obj (.text:TI_memset_small)
                  00001cd8    0000000c     Lab8HMain.o (.text._GLOBAL__sub_I_Lab8HMain.cpp)
                  00001ce4    0000000c     Clock.o (.text._Z10Clock_Freqv)
                  00001cf0    0000000c     ST7735.o (.text._Z13ST7735_renamePKcS0_)
                  00001cfc    0000000c     FIFO2.o (.text._ZN5Queue3GetEPc)
                  00001d08    0000000c     libc.a : memory.c.obj (.text.malloc)
                  00001d14    0000000a     ST7735.o (.text._Z12ST7735_closei)
                  00001d1e    0000000a     ST7735.o (.text._Z13ST7735_unlinkPKc)
                  00001d28    0000000a     Lab8HMain.o (.text._Z8PLL_Initv)
                  00001d32    0000000a     FIFO2.o (.text._ZN5QueueC2Ev)
                  00001d3c    00000008     UART2.o (.text._GLOBAL__sub_I_UART2.cpp)
                  00001d44    00000008     FIFO2.o (.text._ZN5Queue5PrintEv)
                  00001d4c    00000008     libsysbm.a : remove.c.obj (.text.remove)
                  00001d54    00000008     libclang_rt.builtins.a : aeabi_memcpy.S.obj (.text)
                  00001d5c    00000004     startup_mspm0g3507_ticlang.o (.text.Default_Handler)
                  00001d60    00000004     startup_mspm0g3507_ticlang.o (.text.HardFault_Handler)
                  00001d64    00000004     startup_mspm0g3507_ticlang.o (.text.Reset_Handler)
                  00001d68    00000004     libc.a : pre_init.c.obj (.text._system_pre_init)
                  00001d6c    00000004            : exit.c.obj (.text:abort)

.cinit     0    00002328    00000090     
                  00002328    00000065     (.cinit..data.load) [load image, compression = lzss]
                  0000238d    00000003     --HOLE-- [fill = 0]
                  00002390    0000000c     (__TI_handler_table)
                  0000239c    00000008     (.cinit..bss.load) [load image, compression = zero_init]
                  000023a4    00000010     (__TI_cinit_table)
                  000023b4    00000004     --HOLE-- [fill = 0]

.rodata    0    00001d70    000005b0     
                  00001d70    000004fb     ST7735.o (.rodata._ZL4Font)
                  0000226b    0000003b     ST7735.o (.rodata._ZL5Rcmd1)
                  000022a6    0000002e     ST7735.o (.rodata.str1.1)
                  000022d4    0000002b     ST7735.o (.rodata._ZL5Rcmd3)
                  000022ff    0000000d     ST7735.o (.rodata._ZL10Rcmd2green)
                  0000230c    0000000d     ST7735.o (.rodata._ZL8Rcmd2red)
                  00002319    00000007     --HOLE-- [fill = 0]

.init_array 
*          0    00002320    00000008     
                  00002320    00000004     UART2.o (.init_array)
                  00002324    00000004     Lab8HMain.o (.init_array)

.data      0    20200000    00000251     UNINITIALIZED
                  20200000    000000f0     libc.a : defs.c.obj (.data._ftable)
                  202000f0    00000078     libsysbm.a : host_device.c.obj (.data._device)
                  20200168    00000050                : host_device.c.obj (.data._stream)
                  202001b8    00000028     UART2.o (.data.FIFO2)
                  202001e0    00000028     Lab8HMain.o (.data.FIFO)
                  20200208    00000014     Lab8HMain.o (.data.Sensor)
                  2020021c    00000008     libc.a : exit.c.obj (.data..L_MergedGlobals)
                  20200224    00000004     Clock.o (.data.BusFreq)
                  20200228    00000004     ST7735.o (.data.StX)
                  2020022c    00000004     ST7735.o (.data.StY)
                  20200230    00000004     libc.a : defs.c.obj (.data.__TI_ft_end)
                  20200234    00000004            : _lock.c.obj (.data._lock)
                  20200238    00000004            : _lock.c.obj (.data._unlock)
                  2020023c    00000002     ST7735.o (.data.StTextColor)
                  2020023e    00000002     ST7735.o (.data._ZL6_width)
                  20200240    00000002     ST7735.o (.data._ZL7_height)
                  20200242    00000002     --HOLE--
                  20200244    00000001     libc.a : fopen.c.obj (.data._search_fp.init)
                  20200245    00000003     --HOLE--
                  20200248    00000001     libsysbm.a : add_device.c.obj (.data.add_device.device_init)
                  20200249    00000003     --HOLE--
                  2020024c    00000001     libc.a : memory.c.obj (.data.memory_is_initialized)
                  2020024d    00000003     --HOLE--
                  20200250    00000001     libsysbm.a : open.c.obj (.data.open.stream_init)

.sysmem    0    20200258    00000200     UNINITIALIZED
                  20200258    00000010     libc.a : memory.c.obj (.sysmem)
                  20200268    000001f0     --HOLE--

.bss       0    20200458    000001d7     UNINITIALIZED
                  20200458    00000120     libsysbm.a : trgmsg.c.obj (.bss:_CIOBUF_)
                  20200578    000000a0     (.common:__TI_tmpnams)
                  20200618    00000008     (.common:parmbuf)
                  20200620    00000004     Lab8HMain.o (.bss.count)
                  20200624    00000004     Lab8HMain.o (.bss.err)
                  20200628    00000004     libc.a : memory.c.obj (.bss.sys_free)
                  2020062c    00000001     ST7735.o (.bss._ZL8ColStart)
                  2020062d    00000001     ST7735.o (.bss._ZL8RowStart)
                  2020062e    00000001     ST7735.o (.bss._ZL8TabColor)

.stack     0    20207e00    00000200     UNINITIALIZED
                  20207e00    00000004     libc.a : boot_cortex_m.c.obj (.stack)
                  20207e04    000001fc     --HOLE--

__llvm_prf_cnts 
*          0    20200000    00000000     UNINITIALIZED

__llvm_prf_bits 
*          0    20200000    00000000     UNINITIALIZED

MODULE SUMMARY

       Module                         code   ro data   rw data
       ------                         ----   -------   -------
    .\
       ST7735.o                       2070   1449      17     
       Clock.o                        516    0         4      
       SPI.o                          440    0         0      
       Lab8HMain.o                    342    4         68     
       LaunchPad.o                    180    0         0      
       UART2.o                        44     4         40     
       FIFO2.o                        44     0         0      
       SlidePot.o                     14     0         0      
    +--+------------------------------+------+---------+---------+
       Total:                         3650   1457      129    
                                                              
    .\ticlang\
       startup_mspm0g3507_ticlang.o   12     192       0      
    +--+------------------------------+------+---------+---------+
       Total:                         12     192       0      
                                                              
    C:\ti\ccs1240\ccs\tools\compiler\ti-cgt-armllvm_2.1.3.LTS\lib\armv6m-ti-none-eabi/c/libc.a
       memory.c.obj                   752    0         5      
       fopen.c.obj                    552    0         1      
       defs.c.obj                     0      0         404    
       setvbuf.c.obj                  224    0         0      
       getdevice.c.obj                164    0         0      
       fclose.c.obj                   124    0         0      
       copy_decompress_lzss.c.obj     104    0         0      
       autoinit.c.obj                 84     0         0      
       fflush.c.obj                   80     0         0      
       exit.c.obj                     56     0         8      
       boot_cortex_m.c.obj            40     0         0      
       copy_zero_init.c.obj           20     0         0      
       copy_decompress_none.c.obj     18     0         0      
       memcpy16.S.obj                 18     0         0      
       memset16.S.obj                 14     0         0      
       _lock.c.obj                    2      0         8      
       pre_init.c.obj                 4      0         0      
    +--+------------------------------+------+---------+---------+
       Total:                         2256   0         426    
                                                              
    C:\ti\ccs1240\ccs\tools\compiler\ti-cgt-armllvm_2.1.3.LTS\lib\armv6m-ti-none-eabi/c/libsysbm.a
       trgmsg.c.obj                   104    0         288    
       add_device.c.obj               232    0         1      
       host_device.c.obj              0      0         200    
       open.c.obj                     168    0         1      
       hostrename.c.obj               132    0         0      
       hostlseek.c.obj                104    0         0      
       hostopen.c.obj                 92     0         8      
       hostread.c.obj                 88     0         0      
       hostwrite.c.obj                88     0         0      
       close.c.obj                    80     0         0      
       hostclose.c.obj                72     0         0      
       hostunlink.c.obj               72     0         0      
       unlink.c.obj                   44     0         0      
       write.c.obj                    40     0         0      
       remove.c.obj                   8      0         0      
    +--+------------------------------+------+---------+---------+
       Total:                         1324   0         498    
                                                              
    C:\ti\ccs1240\ccs\tools\compiler\ti-cgt-armllvm_2.1.3.LTS\lib\clang/14.0.6/lib/armv6m-ti-none-eabi/libclang_rt.builtins.a
       aeabi_uidivmod.S.obj           64     0         0      
       aeabi_memset.S.obj             28     0         0      
       aeabi_memcpy.S.obj             8      0         0      
       aeabi_div0.c.obj               2      0         0      
    +--+------------------------------+------+---------+---------+
       Total:                         102    0         0      
                                                              
       Heap:                          0      0         512    
       Stack:                         0      0         512    
       Linker Generated:              0      137       0      
    +--+------------------------------+------+---------+---------+
       Grand Total:                   7344   1786      2077   


LINKER GENERATED COPY TABLES

__TI_cinit_table @ 000023a4 records: 2, size/record: 8, table size: 16
	.data: load addr=00002328, load size=00000065 bytes, run addr=20200000, run size=00000251 bytes, compression=lzss
	.bss: load addr=0000239c, load size=00000008 bytes, run addr=20200458, run size=000001d7 bytes, compression=zero_init


LINKER GENERATED HANDLER TABLE

__TI_handler_table @ 00002390 records: 3, size/record: 4, table size: 12
	index: 0, handler: __TI_decompress_lzss
	index: 1, handler: __TI_decompress_none
	index: 2, handler: __TI_zero_init


GLOBAL SYMBOLS: SORTED ALPHABETICALLY BY Name 

address   name                        
-------   ----                        
00001d5d  ADC0_IRQHandler             
00001d5d  ADC1_IRQHandler             
00001d5d  AES_IRQHandler              
20200224  BusFreq                     
00001d6c  C$$EXIT                     
000019d3  C$$IO$$                     
00001d5d  CANFD0_IRQHandler           
00001d5d  DAC0_IRQHandler             
00001d5d  DMA_IRQHandler              
00001d5d  Default_Handler             
202001e0  FIFO                        
202001b8  FIFO2                       
00001d5d  GROUP0_IRQHandler           
00001d5d  GROUP1_IRQHandler           
000016a5  HOSTclose                   
00001309  HOSTlseek                   
000014a5  HOSTopen                    
00001501  HOSTread                    
00001371  HOSTrename                  
000016ed  HOSTunlink                  
00001559  HOSTwrite                   
00001d61  HardFault_Handler           
00001d5d  I2C0_IRQHandler             
00001d5d  I2C1_IRQHandler             
00001d5d  NMI_Handler                 
00001d5d  PendSV_Handler              
00001d5d  RTC_IRQHandler              
00001d65  Reset_Handler               
00002320  SHT$$INIT_ARRAY$$Base       
00002328  SHT$$INIT_ARRAY$$Limit      
00001d5d  SPI0_IRQHandler             
00001d5d  SPI1_IRQHandler             
00001d5d  SVC_Handler                 
20200208  Sensor                      
2020023c  StTextColor                 
20200228  StX                         
2020022c  StY                         
00001d5d  SysTick_Handler             
00001d5d  TIMA0_IRQHandler            
00001d5d  TIMA1_IRQHandler            
00001d5d  TIMG0_IRQHandler            
00001acd  TIMG12_IRQHandler           
00001d5d  TIMG6_IRQHandler            
00001d5d  TIMG7_IRQHandler            
00001d5d  TIMG8_IRQHandler            
00001c31  TI_memcpy_small             
00001ccb  TI_memset_small             
00001d5d  UART0_IRQHandler            
00001d5d  UART1_IRQHandler            
00001c09  UART2_IRQHandler            
00001d5d  UART3_IRQHandler            
20200458  _CIOBUF_                    
00001ce5  _Z10Clock_Freqv             
00001c55  _Z11Clock_Delayj            
000017fd  _Z11SPI_OutDatac            
00001bdd  _Z11ST7735_openPKcji        
00001bf3  _Z11ST7735_readiPcj         
00000f0d  _Z12ST7735_InitR10initRFlags
00001d15  _Z12ST7735_closei           
00001c85  _Z12ST7735_lseekili         
000018a5  _Z12ST7735_writeiPKcj       
00001cf1  _Z13ST7735_renamePKcS0_     
00001d1f  _Z13ST7735_unlinkPKc        
000018d9  _Z14Clock_Delay1msj         
00001135  _Z14LaunchPad_Initv         
00001735  _Z14SPI_OutCommandc         
00000c55  _Z14ST7735_OutCharc         
00001835  _Z15ActivatePortA_Bv        
000000c1  _Z15Clock_Init80MHzi        
0000068d  _Z15ST7735_FillRectsssst    
00000275  _Z16ST7735_DrawCharSsscssh  
0000122d  _Z16ST7735_DrawPixelsst     
0000190d  _Z16ST7735_SetCursorjj      
0000102d  _Z17ST7735_DrawStringttPcs  
00001a75  _Z17ST7735_FillScreent      
00000e71  _Z17ST7735_InitPrintfv      
00001d29  _Z8PLL_Initv                
000008a5  _Z8SPI_Initv                
0000177d  _Z9SPI_Resetv               
00001cfd  _ZN5Queue3GetEPc            
00001c93  _ZN5Queue3PutEc             
00001d45  _ZN5Queue5PrintEv           
00001d33  _ZN5QueueC1Ev               
00001d33  _ZN5QueueC2Ev               
00001ca1  _ZN8SlidePotC1Ejj           
00001ca1  _ZN8SlidePotC2Ejj           
20200458  __CIOBUF_                   
20208000  __STACK_END                 
00000200  __STACK_SIZE                
00000200  __SYSMEM_SIZE               
000023a4  __TI_CINIT_Base             
000023b4  __TI_CINIT_Limit            
000023b4  __TI_CINIT_Warm             
00002390  __TI_Handler_Table_Base     
0000239c  __TI_Handler_Table_Limit    
000015b1  __TI_auto_init_nobinit      
00001941  __TI_cleanup                
2020021c  __TI_cleanup_ptr            
000011b1  __TI_closefile              
000013d9  __TI_decompress_lzss        
00001c43  __TI_decompress_none        
00001605  __TI_doflush                
20200220  __TI_dtors_ptr              
20200230  __TI_ft_end                 
ffffffff  __TI_pprof_out_hndl         
ffffffff  __TI_prof_data_size         
ffffffff  __TI_prof_data_start        
00001975  __TI_readmsg                
00000000  __TI_static_base__          
20200578  __TI_tmpnams                
000019a9  __TI_writemsg               
00001c1d  __TI_zero_init_nomemset     
00000e6f  __aeabi_idiv0               
00001bb9  __aeabi_memclr              
00001bb9  __aeabi_memclr4             
00001bb9  __aeabi_memclr8             
00001d55  __aeabi_memcpy              
00001d55  __aeabi_memcpy4             
00001d55  __aeabi_memcpy8             
00001ba9  __aeabi_memset              
00001ba9  __aeabi_memset4             
00001ba9  __aeabi_memset8             
000017bd  __aeabi_uidiv               
000017bd  __aeabi_uidivmod            
ffffffff  __binit__                   
UNDEFED   __mpu_init                  
20207e00  __stack                     
20200000  __start___llvm_prf_bits     
20200000  __start___llvm_prf_cnts     
20200000  __stop___llvm_prf_bits      
20200000  __stop___llvm_prf_cnts      
00001b45  _c_int00_noargs             
202000f0  _device                     
20200000  _ftable                     
20200234  _lock                       
00001b8b  _nop                        
20200168  _stream                     
20200258  _sys_memory                 
UNDEFED   _system_post_cinit          
00001d69  _system_pre_init            
20200238  _unlock                     
00001d6d  abort                       
00000a8d  add_device                  
00000551  aligned_alloc               
ffffffff  binit                       
00001655  close                       
20200620  count                       
20200624  err                         
000019dd  exit                        
0000186d  finddevice                  
000010b1  fopen                       
000007a5  free                        
00001a11  freopen                     
0000129d  getdevice                   
00000000  interruptVectors            
0000099d  main                        
00001d09  malloc                      
00000551  memalign                    
00000d25  open                        
20200618  parmbuf                     
00001d4d  remove                      
00000b75  setvbuf                     
00001aa1  unlink                      
00001b1d  write                       


GLOBAL SYMBOLS: SORTED BY Symbol Address 

address   name                        
-------   ----                        
00000000  __TI_static_base__          
00000000  interruptVectors            
000000c1  _Z15Clock_Init80MHzi        
00000200  __STACK_SIZE                
00000200  __SYSMEM_SIZE               
00000275  _Z16ST7735_DrawCharSsscssh  
00000551  aligned_alloc               
00000551  memalign                    
0000068d  _Z15ST7735_FillRectsssst    
000007a5  free                        
000008a5  _Z8SPI_Initv                
0000099d  main                        
00000a8d  add_device                  
00000b75  setvbuf                     
00000c55  _Z14ST7735_OutCharc         
00000d25  open                        
00000e6f  __aeabi_idiv0               
00000e71  _Z17ST7735_InitPrintfv      
00000f0d  _Z12ST7735_InitR10initRFlags
0000102d  _Z17ST7735_DrawStringttPcs  
000010b1  fopen                       
00001135  _Z14LaunchPad_Initv         
000011b1  __TI_closefile              
0000122d  _Z16ST7735_DrawPixelsst     
0000129d  getdevice                   
00001309  HOSTlseek                   
00001371  HOSTrename                  
000013d9  __TI_decompress_lzss        
000014a5  HOSTopen                    
00001501  HOSTread                    
00001559  HOSTwrite                   
000015b1  __TI_auto_init_nobinit      
00001605  __TI_doflush                
00001655  close                       
000016a5  HOSTclose                   
000016ed  HOSTunlink                  
00001735  _Z14SPI_OutCommandc         
0000177d  _Z9SPI_Resetv               
000017bd  __aeabi_uidiv               
000017bd  __aeabi_uidivmod            
000017fd  _Z11SPI_OutDatac            
00001835  _Z15ActivatePortA_Bv        
0000186d  finddevice                  
000018a5  _Z12ST7735_writeiPKcj       
000018d9  _Z14Clock_Delay1msj         
0000190d  _Z16ST7735_SetCursorjj      
00001941  __TI_cleanup                
00001975  __TI_readmsg                
000019a9  __TI_writemsg               
000019d3  C$$IO$$                     
000019dd  exit                        
00001a11  freopen                     
00001a75  _Z17ST7735_FillScreent      
00001aa1  unlink                      
00001acd  TIMG12_IRQHandler           
00001b1d  write                       
00001b45  _c_int00_noargs             
00001b8b  _nop                        
00001ba9  __aeabi_memset              
00001ba9  __aeabi_memset4             
00001ba9  __aeabi_memset8             
00001bb9  __aeabi_memclr              
00001bb9  __aeabi_memclr4             
00001bb9  __aeabi_memclr8             
00001bdd  _Z11ST7735_openPKcji        
00001bf3  _Z11ST7735_readiPcj         
00001c09  UART2_IRQHandler            
00001c1d  __TI_zero_init_nomemset     
00001c31  TI_memcpy_small             
00001c43  __TI_decompress_none        
00001c55  _Z11Clock_Delayj            
00001c85  _Z12ST7735_lseekili         
00001c93  _ZN5Queue3PutEc             
00001ca1  _ZN8SlidePotC1Ejj           
00001ca1  _ZN8SlidePotC2Ejj           
00001ccb  TI_memset_small             
00001ce5  _Z10Clock_Freqv             
00001cf1  _Z13ST7735_renamePKcS0_     
00001cfd  _ZN5Queue3GetEPc            
00001d09  malloc                      
00001d15  _Z12ST7735_closei           
00001d1f  _Z13ST7735_unlinkPKc        
00001d29  _Z8PLL_Initv                
00001d33  _ZN5QueueC1Ev               
00001d33  _ZN5QueueC2Ev               
00001d45  _ZN5Queue5PrintEv           
00001d4d  remove                      
00001d55  __aeabi_memcpy              
00001d55  __aeabi_memcpy4             
00001d55  __aeabi_memcpy8             
00001d5d  ADC0_IRQHandler             
00001d5d  ADC1_IRQHandler             
00001d5d  AES_IRQHandler              
00001d5d  CANFD0_IRQHandler           
00001d5d  DAC0_IRQHandler             
00001d5d  DMA_IRQHandler              
00001d5d  Default_Handler             
00001d5d  GROUP0_IRQHandler           
00001d5d  GROUP1_IRQHandler           
00001d5d  I2C0_IRQHandler             
00001d5d  I2C1_IRQHandler             
00001d5d  NMI_Handler                 
00001d5d  PendSV_Handler              
00001d5d  RTC_IRQHandler              
00001d5d  SPI0_IRQHandler             
00001d5d  SPI1_IRQHandler             
00001d5d  SVC_Handler                 
00001d5d  SysTick_Handler             
00001d5d  TIMA0_IRQHandler            
00001d5d  TIMA1_IRQHandler            
00001d5d  TIMG0_IRQHandler            
00001d5d  TIMG6_IRQHandler            
00001d5d  TIMG7_IRQHandler            
00001d5d  TIMG8_IRQHandler            
00001d5d  UART0_IRQHandler            
00001d5d  UART1_IRQHandler            
00001d5d  UART3_IRQHandler            
00001d61  HardFault_Handler           
00001d65  Reset_Handler               
00001d69  _system_pre_init            
00001d6c  C$$EXIT                     
00001d6d  abort                       
00002320  SHT$$INIT_ARRAY$$Base       
00002328  SHT$$INIT_ARRAY$$Limit      
00002390  __TI_Handler_Table_Base     
0000239c  __TI_Handler_Table_Limit    
000023a4  __TI_CINIT_Base             
000023b4  __TI_CINIT_Limit            
000023b4  __TI_CINIT_Warm             
20200000  __start___llvm_prf_bits     
20200000  __start___llvm_prf_cnts     
20200000  __stop___llvm_prf_bits      
20200000  __stop___llvm_prf_cnts      
20200000  _ftable                     
202000f0  _device                     
20200168  _stream                     
202001b8  FIFO2                       
202001e0  FIFO                        
20200208  Sensor                      
2020021c  __TI_cleanup_ptr            
20200220  __TI_dtors_ptr              
20200224  BusFreq                     
20200228  StX                         
2020022c  StY                         
20200230  __TI_ft_end                 
20200234  _lock                       
20200238  _unlock                     
2020023c  StTextColor                 
20200258  _sys_memory                 
20200458  _CIOBUF_                    
20200458  __CIOBUF_                   
20200578  __TI_tmpnams                
20200618  parmbuf                     
20200620  count                       
20200624  err                         
20207e00  __stack                     
20208000  __STACK_END                 
ffffffff  __TI_pprof_out_hndl         
ffffffff  __TI_prof_data_size         
ffffffff  __TI_prof_data_start        
ffffffff  __binit__                   
ffffffff  binit                       
UNDEFED   __mpu_init                  
UNDEFED   _system_post_cinit          

[164 symbols]
