******************************************************************************
            TI ARM Clang Linker PC v2.1.3                      
******************************************************************************
>> Linked Wed Apr 10 16:23:32 2024

OUTPUT FILE NAME:   <ECE319K_Lab5.out>
ENTRY POINT SYMBOL: "_c_int00_noargs"  address: 00000329


MEMORY CONFIGURATION

         name            origin    length      used     unused   attr    fill
----------------------  --------  ---------  --------  --------  ----  --------
  FLASH                 00000000   00020000  000004c0  0001fb40  R  X
  SRAM                  20200000   00008000  00000528  00007ad8  RW X
  BCR_CONFIG            41c00000   00000080  00000000  00000080  R   
  BSL_CONFIG            41c00100   00000080  00000000  00000080  R   


SEGMENT ALLOCATION MAP

run origin  load origin   length   init length attrs members
----------  ----------- ---------- ----------- ----- -------
00000000    00000000    000004c0   000004c0    r-x
  00000000    00000000    000000c0   000000c0    r-- .intvecs
  000000c0    000000c0    00000350   00000350    r-x .text
  00000410    00000410    00000080   00000080    r-- .rodata
  00000490    00000490    00000030   00000030    r-- .cinit
20200000    20200000    00000328   00000000    rw-
  20200000    20200000    00000200   00000000    rw- .sysmem
  20200200    20200200    00000124   00000000    rw- .bss
  20200324    20200324    00000004   00000000    rw- .data
20207e00    20207e00    00000200   00000000    rw-
  20207e00    20207e00    00000200   00000000    rw- .stack


SECTION ALLOCATION MAP

 output                                  attributes/
section   page    origin      length       input sections
--------  ----  ----------  ----------   ----------------
.intvecs   0    00000000    000000c0     
                  00000000    000000c0     startup_mspm0g3507_ticlang.o (.intvecs)

.text      0    000000c0    00000350     
                  000000c0    00000068     libc.a : copy_decompress_lzss.c.obj (.text:decompress:lzss)
                  00000128    0000005c     UARTints.o (.text.UART0_IRQHandler)
                  00000184    00000058     UARTints.o (.text.copyHardwareToSoftware)
                  000001dc    0000004c     FIFO.o (.text.RxFifo_Put)
                  00000228    0000004c     UARTints.o (.text.copySoftwareToHardware)
                  00000274    00000048     FIFO.o (.text.TxFifo_Get)
                  000002bc    0000003c     libc.a : autoinit.c.obj (.text:__TI_auto_init_nobinit_nopinit)
                  000002f8    00000030     ECE319K_Lab5main.o (.text.SysTick_Handler)
                  00000328    00000028     libc.a : boot_cortex_m.c.obj (.text:_c_int00_noargs)
                  00000350    00000024     ECE319K_Lab5Grader.o (.text.TIMG7_IRQHandler)
                  00000374    00000018     FIFO.o (.text.RxFifo_Size)
                  0000038c    00000018     FIFO.o (.text.TxFifo_Size)
                  000003a4    00000014     DAC5.o (.text.DAC5_Out)
                  000003b8    00000014     libc.a : copy_zero_init.c.obj (.text:decompress:ZI:__TI_zero_init_nomemset)
                  000003cc    00000012            : memcpy16.S.obj (.text:TI_memcpy_small)
                  000003de    00000012            : copy_decompress_none.c.obj (.text:decompress:none)
                  000003f0    00000008     libclang_rt.builtins.a : aeabi_memcpy.S.obj (.text)
                  000003f8    00000004     startup_mspm0g3507_ticlang.o (.text.Default_Handler)
                  000003fc    00000004     startup_mspm0g3507_ticlang.o (.text.HardFault_Handler)
                  00000400    00000004     startup_mspm0g3507_ticlang.o (.text.Reset_Handler)
                  00000404    00000004     libc.a : pre_init.c.obj (.text._system_pre_init)
                  00000408    00000004            : exit.c.obj (.text:abort)
                  0000040c    00000004     --HOLE-- [fill = 0]

.cinit     0    00000490    00000030     
                  00000490    0000000c     (__TI_handler_table)
                  0000049c    00000008     (.cinit..bss.load) [load image, compression = zero_init]
                  000004a4    00000007     (.cinit..data.load) [load image, compression = lzss]
                  000004ab    00000001     --HOLE-- [fill = 0]
                  000004ac    00000010     (__TI_cinit_table)
                  000004bc    00000004     --HOLE-- [fill = 0]

.rodata    0    00000410    00000080     
                  00000410    00000080     ECE319K_Lab5main.o (.rodata.Sound)

.init_array 
*          0    00000000    00000000     UNINITIALIZED

.binit     0    00000000    00000000     

.sysmem    0    20200000    00000200     UNINITIALIZED
                  20200000    00000010     libc.a : memory.c.obj (.sysmem)
                  20200010    000001f0     --HOLE--

.bss       0    20200200    00000124     UNINITIALIZED
                  20200200    00000100     FIFO.o (.bss.TxFifo)
                  20200300    00000010     FIFO.o (.bss.RxFifo)
                  20200310    00000004     (.common:PeriodicTask2)
                  20200314    00000004     (.common:RxGetI)
                  20200318    00000004     (.common:RxPutI)
                  2020031c    00000004     (.common:TxGetI)
                  20200320    00000004     (.common:TxPutI)

.data      0    20200324    00000004     UNINITIALIZED
                  20200324    00000004     ECE319K_Lab5main.o (.data.loc)

.stack     0    20207e00    00000200     UNINITIALIZED
                  20207e00    00000004     libc.a : boot_cortex_m.c.obj (.stack)
                  20207e04    000001fc     --HOLE--

__llvm_prf_cnts 
*          0    20200000    00000000     UNINITIALIZED

__llvm_prf_bits 
*          0    20200000    00000000     UNINITIALIZED

MODULE SUMMARY

       Module                         code   ro data   rw data
       ------                         ----   -------   -------
    .\
       FIFO.o                         196    0         288    
       UARTints.o                     256    0         0      
       ECE319K_Lab5main.o             48     128       4      
       ECE319K_Lab5Grader.o           36     0         4      
       DAC5.o                         20     0         0      
    +--+------------------------------+------+---------+---------+
       Total:                         556    128       296    
                                                              
    .\ticlang\
       startup_mspm0g3507_ticlang.o   12     192       0      
    +--+------------------------------+------+---------+---------+
       Total:                         12     192       0      
                                                              
    C:\ti\ccs1240\ccs\tools\compiler\ti-cgt-armllvm_2.1.3.LTS\lib\armv6m-ti-none-eabi/c/libc.a
       copy_decompress_lzss.c.obj     104    0         0      
       autoinit.c.obj                 60     0         0      
       boot_cortex_m.c.obj            40     0         0      
       copy_zero_init.c.obj           20     0         0      
       copy_decompress_none.c.obj     18     0         0      
       memcpy16.S.obj                 18     0         0      
       exit.c.obj                     4      0         0      
       pre_init.c.obj                 4      0         0      
    +--+------------------------------+------+---------+---------+
       Total:                         268    0         0      
                                                              
    C:\ti\ccs1240\ccs\tools\compiler\ti-cgt-armllvm_2.1.3.LTS\lib\clang/14.0.6/lib/armv6m-ti-none-eabi/libclang_rt.builtins.a
       aeabi_memcpy.S.obj             8      0         0      
    +--+------------------------------+------+---------+---------+
       Total:                         8      0         0      
                                                              
       Heap:                          0      0         512    
       Stack:                         0      0         512    
       Linker Generated:              0      43        0      
    +--+------------------------------+------+---------+---------+
       Grand Total:                   844    363       1320   


LINKER GENERATED COPY TABLES

__TI_cinit_table @ 000004ac records: 2, size/record: 8, table size: 16
	.bss: load addr=0000049c, load size=00000008 bytes, run addr=20200200, run size=00000124 bytes, compression=zero_init
	.data: load addr=000004a4, load size=00000007 bytes, run addr=20200324, run size=00000004 bytes, compression=lzss


LINKER GENERATED HANDLER TABLE

__TI_handler_table @ 00000490 records: 3, size/record: 4, table size: 12
	index: 0, handler: __TI_decompress_lzss
	index: 1, handler: __TI_decompress_none
	index: 2, handler: __TI_zero_init


GLOBAL SYMBOLS: SORTED ALPHABETICALLY BY Name 

address   name                          
-------   ----                          
000003f9  ADC0_IRQHandler               
000003f9  ADC1_IRQHandler               
000003f9  AES_IRQHandler                
00000408  C$$EXIT                       
000003f9  CANFD0_IRQHandler             
000003f9  DAC0_IRQHandler               
000003a5  DAC5_Out                      
000003f9  DMA_IRQHandler                
000003f9  Default_Handler               
000003f9  GROUP0_IRQHandler             
000003f9  GROUP1_IRQHandler             
000003fd  HardFault_Handler             
000003f9  I2C0_IRQHandler               
000003f9  I2C1_IRQHandler               
000003f9  NMI_Handler                   
000003f9  PendSV_Handler                
20200310  PeriodicTask2                 
000003f9  RTC_IRQHandler                
00000401  Reset_Handler                 
000001dd  RxFifo_Put                    
00000375  RxFifo_Size                   
20200314  RxGetI                        
20200318  RxPutI                        
000003f9  SPI0_IRQHandler               
000003f9  SPI1_IRQHandler               
000003f9  SVC_Handler                   
00000410  Sound                         
000002f9  SysTick_Handler               
000003f9  TIMA0_IRQHandler              
000003f9  TIMA1_IRQHandler              
000003f9  TIMG0_IRQHandler              
000003f9  TIMG12_IRQHandler             
000003f9  TIMG6_IRQHandler              
00000351  TIMG7_IRQHandler              
000003f9  TIMG8_IRQHandler              
000003cd  TI_memcpy_small               
00000275  TxFifo_Get                    
0000038d  TxFifo_Size                   
2020031c  TxGetI                        
20200320  TxPutI                        
00000129  UART0_IRQHandler              
000003f9  UART1_IRQHandler              
000003f9  UART2_IRQHandler              
000003f9  UART3_IRQHandler              
20208000  __STACK_END                   
00000200  __STACK_SIZE                  
00000200  __SYSMEM_SIZE                 
000004ac  __TI_CINIT_Base               
000004bc  __TI_CINIT_Limit              
000004bc  __TI_CINIT_Warm               
00000490  __TI_Handler_Table_Base       
0000049c  __TI_Handler_Table_Limit      
000002bd  __TI_auto_init_nobinit_nopinit
000000c1  __TI_decompress_lzss          
000003df  __TI_decompress_none          
ffffffff  __TI_pprof_out_hndl           
ffffffff  __TI_prof_data_size           
ffffffff  __TI_prof_data_start          
00000000  __TI_static_base__            
000003b9  __TI_zero_init_nomemset       
000003f1  __aeabi_memcpy                
000003f1  __aeabi_memcpy4               
000003f1  __aeabi_memcpy8               
ffffffff  __binit__                     
UNDEFED   __mpu_init                    
20207e00  __stack                       
20200000  __start___llvm_prf_bits       
20200000  __start___llvm_prf_cnts       
20200000  __stop___llvm_prf_bits        
20200000  __stop___llvm_prf_cnts        
00000329  _c_int00_noargs               
20200000  _sys_memory                   
UNDEFED   _system_post_cinit            
00000405  _system_pre_init              
00000409  abort                         
ffffffff  binit                         
00000000  interruptVectors              
20200324  loc                           
UNDEFED   main                          


GLOBAL SYMBOLS: SORTED BY Symbol Address 

address   name                          
-------   ----                          
00000000  __TI_static_base__            
00000000  interruptVectors              
000000c1  __TI_decompress_lzss          
00000129  UART0_IRQHandler              
000001dd  RxFifo_Put                    
00000200  __STACK_SIZE                  
00000200  __SYSMEM_SIZE                 
00000275  TxFifo_Get                    
000002bd  __TI_auto_init_nobinit_nopinit
000002f9  SysTick_Handler               
00000329  _c_int00_noargs               
00000351  TIMG7_IRQHandler              
00000375  RxFifo_Size                   
0000038d  TxFifo_Size                   
000003a5  DAC5_Out                      
000003b9  __TI_zero_init_nomemset       
000003cd  TI_memcpy_small               
000003df  __TI_decompress_none          
000003f1  __aeabi_memcpy                
000003f1  __aeabi_memcpy4               
000003f1  __aeabi_memcpy8               
000003f9  ADC0_IRQHandler               
000003f9  ADC1_IRQHandler               
000003f9  AES_IRQHandler                
000003f9  CANFD0_IRQHandler             
000003f9  DAC0_IRQHandler               
000003f9  DMA_IRQHandler                
000003f9  Default_Handler               
000003f9  GROUP0_IRQHandler             
000003f9  GROUP1_IRQHandler             
000003f9  I2C0_IRQHandler               
000003f9  I2C1_IRQHandler               
000003f9  NMI_Handler                   
000003f9  PendSV_Handler                
000003f9  RTC_IRQHandler                
000003f9  SPI0_IRQHandler               
000003f9  SPI1_IRQHandler               
000003f9  SVC_Handler                   
000003f9  TIMA0_IRQHandler              
000003f9  TIMA1_IRQHandler              
000003f9  TIMG0_IRQHandler              
000003f9  TIMG12_IRQHandler             
000003f9  TIMG6_IRQHandler              
000003f9  TIMG8_IRQHandler              
000003f9  UART1_IRQHandler              
000003f9  UART2_IRQHandler              
000003f9  UART3_IRQHandler              
000003fd  HardFault_Handler             
00000401  Reset_Handler                 
00000405  _system_pre_init              
00000408  C$$EXIT                       
00000409  abort                         
00000410  Sound                         
00000490  __TI_Handler_Table_Base       
0000049c  __TI_Handler_Table_Limit      
000004ac  __TI_CINIT_Base               
000004bc  __TI_CINIT_Limit              
000004bc  __TI_CINIT_Warm               
20200000  __start___llvm_prf_bits       
20200000  __start___llvm_prf_cnts       
20200000  __stop___llvm_prf_bits        
20200000  __stop___llvm_prf_cnts        
20200000  _sys_memory                   
20200310  PeriodicTask2                 
20200314  RxGetI                        
20200318  RxPutI                        
2020031c  TxGetI                        
20200320  TxPutI                        
20200324  loc                           
20207e00  __stack                       
20208000  __STACK_END                   
ffffffff  __TI_pprof_out_hndl           
ffffffff  __TI_prof_data_size           
ffffffff  __TI_prof_data_start          
ffffffff  __binit__                     
ffffffff  binit                         
UNDEFED   __mpu_init                    
UNDEFED   _system_post_cinit            
UNDEFED   main                          

[79 symbols]
