******************************************************************************
            TI ARM Clang Linker PC v2.1.3                      
******************************************************************************
>> Linked Tue Mar  5 13:07:43 2024

OUTPUT FILE NAME:   <ECE319K_Lab5.out>
ENTRY POINT SYMBOL: "_c_int00_noargs"  address: 00001729


MEMORY CONFIGURATION

         name            origin    length      used     unused   attr    fill
----------------------  --------  ---------  --------  --------  ----  --------
  FLASH                 00000000   00020000  00001f58  0001e0a8  R  X
  SRAM                  20200000   00008000  0000072c  000078d4  RW X
  BCR_CONFIG            41c00000   00000080  00000000  00000080  R   
  BSL_CONFIG            41c00100   00000080  00000000  00000080  R   


SEGMENT ALLOCATION MAP

run origin  load origin   length   init length attrs members
----------  ----------- ---------- ----------- ----- -------
00000000    00000000    00001f58   00001f58    r-x
  00000000    00000000    000000c0   000000c0    r-- .intvecs
  000000c0    000000c0    00001868   00001868    r-x .text
  00001928    00001928    00000600   00000600    r-- .rodata
  00001f28    00001f28    00000030   00000030    r-- .cinit
20200000    20200000    0000052c   00000000    rw-
  20200000    20200000    00000310   00000000    rw- .bss
  20200310    20200310    00000200   00000000    rw- .sysmem
  20200510    20200510    0000001c   00000000    rw- .data
20207e00    20207e00    00000200   00000000    rw-
  20207e00    20207e00    00000200   00000000    rw- .stack


SECTION ALLOCATION MAP

 output                                  attributes/
section   page    origin      length       input sections
--------  ----  ----------  ----------   ----------------
.intvecs   0    00000000    000000c0     
                  00000000    000000c0     startup_mspm0g3507_ticlang.o (.intvecs)

.text      0    000000c0    00001868     
                  000000c0    000002c4     ECE319K_Lab5Grader.o (.text.FFT)
                  00000384    00000280     ECE319K_Lab5Grader.o (.text.Lab5Grader)
                  00000604    0000024c     ECE319K_Lab5Grader.o (.text.lab5grader)
                  00000850    000001b4     Clock.o (.text.Clock_Init80MHz)
                  00000a04    0000014c     ECE319K_Lab5Grader.o (.text.CheckInitialization)
                  00000b50    00000134     ECE319K_Lab5Grader.o (.text.ADC_Init)
                  00000c84    00000130     UARTints.o (.text.UART_Init)
                  00000db4    000000f0     ECE319K_Lab5main.o (.text.main)
                  00000ea4    000000a8     Timer.o (.text.TimerG7_IntArm)
                  00000f4c    000000a2     libclang_rt.builtins.a : udivmoddi4.S.obj (.text)
                  00000fee    00000002                            : aeabi_div0.c.obj (.text.__aeabi_idiv0)
                  00000ff0    0000007c     LaunchPad.o (.text.LaunchPad_Init)
                  0000106c    00000068     ECE319K_Lab5main.o (.text.Sound_Init)
                  000010d4    00000068     libc.a : copy_decompress_lzss.c.obj (.text:decompress:lzss)
                  0000113c    00000060     Timer.o (.text.TimerG12_Init)
                  0000119c    0000005c     UARTints.o (.text.UART0_IRQHandler)
                  000011f8    00000058     UARTints.o (.text.copyHardwareToSoftware)
                  00001250    00000056     libclang_rt.builtins.a : aeabi_idivmod.S.obj (.text)
                  000012a6    00000002                            : aeabi_div0.c.obj (.text.__aeabi_ldiv0)
                  000012a8    00000054     Dump.o (.text.Debug_Dump)
                  000012fc    0000004c     FIFO.o (.text.RxFifo_Put)
                  00001348    0000004c     UARTints.o (.text.copySoftwareToHardware)
                  00001394    00000048     FIFO.o (.text.TxFifo_Get)
                  000013dc    00000048     FIFO.o (.text.TxFifo_Put)
                  00001424    00000040     UARTints.o (.text.UART_OutChar)
                  00001464    00000040     libclang_rt.builtins.a : aeabi_uidivmod.S.obj (.text)
                  000014a4    0000003c     DAC5.o (.text.DAC5_Init)
                  000014e0    0000003c     ECE319K_Lab5main.o (.text.Sound_Start)
                  0000151c    0000003c     libc.a : autoinit.c.obj (.text:__TI_auto_init_nobinit_nopinit)
                  00001558    00000038     LaunchPad.o (.text.ActivatePortA_B)
                  00001590    00000036     UART.o (.text.UART_OutUDec)
                  000015c6    00000034     ECE319K_Lab5Grader.o (.text.setUpper)
                  000015fa    00000002     --HOLE-- [fill = 0]
                  000015fc    00000030     ECE319K_Lab5Grader.o (.text.ReadInput)
                  0000162c    00000030     ECE319K_Lab5main.o (.text.SysTick_Handler)
                  0000165c    0000002c     DAC5.o (.text.DAC5_Out)
                  00001688    00000028     ECE319K_Lab5Grader.o (.text.ADC_Start)
                  000016b0    00000028     ECE319K_Lab5Grader.o (.text.Grader_Init)
                  000016d8    00000028     Key.o (.text.Key_Init)
                  00001700    00000028     ECE319K_Lab5Grader.o (.text.LogicAnalyzer)
                  00001728    00000028     libc.a : boot_cortex_m.c.obj (.text:_c_int00_noargs)
                  00001750    00000026     UART.o (.text.UART_OutString)
                  00001776    00000002     --HOLE-- [fill = 0]
                  00001778    00000024     ECE319K_Lab5Grader.o (.text.TIMG7_IRQHandler)
                  0000179c    00000020     ECE319K_Lab5Grader.o (.text.Random32)
                  000017bc    0000001e     libclang_rt.builtins.a : ashldi3.S.obj (.text)
                  000017da    00000002     --HOLE-- [fill = 0]
                  000017dc    00000018     FIFO.o (.text.RxFifo_Size)
                  000017f4    00000018     ECE319K_Lab5Grader.o (.text.Scope)
                  0000180c    00000018     FIFO.o (.text.TxFifo_Size)
                  00001824    00000016     libc.a : strcmp.c.obj (.text.strcmp)
                  0000183a    00000002     --HOLE-- [fill = 0]
                  0000183c    00000014     Dump.o (.text.Debug_Init)
                  00001850    00000014     FIFO.o (.text.RxFifo_Init)
                  00001864    00000014     FIFO.o (.text.TxFifo_Init)
                  00001878    00000014     libc.a : copy_zero_init.c.obj (.text:decompress:ZI:__TI_zero_init_nomemset)
                  0000188c    00000014     libclang_rt.builtins.a : aeabi_uldivmod.S.obj (.text)
                  000018a0    00000012     libc.a : memcpy16.S.obj (.text:TI_memcpy_small)
                  000018b2    00000012            : copy_decompress_none.c.obj (.text:decompress:none)
                  000018c4    00000010     Clock.o (.text.Clock_Delay)
                  000018d4    00000010     Key.o (.text.Key_In)
                  000018e4    00000010     ECE319K_Lab5Grader.o (.text.OutCRLF)
                  000018f4    0000000c     Clock.o (.text.Clock_Freq)
                  00001900    0000000c     ECE319K_Lab5main.o (.text.Sound_Stop)
                  0000190c    00000008     libclang_rt.builtins.a : aeabi_memcpy.S.obj (.text)
                  00001914    00000004     startup_mspm0g3507_ticlang.o (.text.Default_Handler)
                  00001918    00000004     startup_mspm0g3507_ticlang.o (.text.HardFault_Handler)
                  0000191c    00000004     startup_mspm0g3507_ticlang.o (.text.Reset_Handler)
                  00001920    00000004     libc.a : pre_init.c.obj (.text._system_pre_init)
                  00001924    00000004            : exit.c.obj (.text:abort)

.cinit     0    00001f28    00000030     
                  00001f28    0000000c     (.cinit..data.load) [load image, compression = lzss]
                  00001f34    0000000c     (__TI_handler_table)
                  00001f40    00000008     (.cinit..bss.load) [load image, compression = zero_init]
                  00001f48    00000010     (__TI_cinit_table)

.rodata    0    00001928    00000600     
                  00001928    00000280     ECE319K_Lab5Grader.o (.rodata.NotesProblem)
                  00001ba8    00000219     ECE319K_Lab5Grader.o (.rodata.str1.1)
                  00001dc1    00000003     --HOLE-- [fill = 0]
                  00001dc4    00000080     ECE319K_Lab5Grader.o (.rodata.NotesPeriod)
                  00001e44    00000080     ECE319K_Lab5main.o (.rodata.Sound)
                  00001ec4    00000020     ECE319K_Lab5Grader.o (.rodata.IMULTIPLIERS)
                  00001ee4    00000020     ECE319K_Lab5Grader.o (.rodata.RMULTIPLIERS)
                  00001f04    00000010     ECE319K_Lab5main.o (.rodata.frequency)
                  00001f14    00000007     ECE319K_Lab5main.o (.rodata.EID1)
                  00001f1b    00000007     ECE319K_Lab5main.o (.rodata.EID2)
                  00001f22    00000006     --HOLE-- [fill = 0]

.init_array 
*          0    00000000    00000000     UNINITIALIZED

.binit     0    00000000    00000000     

.bss       0    20200000    00000310     UNINITIALIZED
                  20200000    00000100     FIFO.o (.bss.TxFifo)
                  20200100    000000c8     (.common:DataBuffer)
                  202001c8    000000c8     (.common:TimeBuffer)
                  20200290    00000040     (.common:Last16ADCresults)
                  202002d0    00000010     FIFO.o (.bss.RxFifo)
                  202002e0    00000004     (.common:DebugCnt)
                  202002e4    00000004     (.common:LastIn)
                  202002e8    00000004     (.common:M)
                  202002ec    00000004     (.common:Mask)
                  202002f0    00000004     (.common:PeriodicTask2)
                  202002f4    00000004     (.common:RxGetI)
                  202002f8    00000004     (.common:RxPutI)
                  202002fc    00000004     (.common:SampleFlag)
                  20200300    00000004     (.common:State)
                  20200304    00000004     (.common:TExaSadc)
                  20200308    00000004     (.common:TxGetI)
                  2020030c    00000004     (.common:TxPutI)

.sysmem    0    20200310    00000200     UNINITIALIZED
                  20200310    00000010     libc.a : memory.c.obj (.sysmem)
                  20200320    000001f0     --HOLE--

.data      0    20200510    0000001c     UNINITIALIZED
                  20200510    00000004     Clock.o (.data.BusFreq)
                  20200514    00000004     ECE319K_Lab5Grader.o (.data.Fail)
                  20200518    00000004     ECE319K_Lab5Grader.o (.data.Last16ADCindex)
                  2020051c    00000004     ECE319K_Lab5Grader.o (.data.NotesMode)
                  20200520    00000004     ECE319K_Lab5Grader.o (.data.Score)
                  20200524    00000004     ECE319K_Lab5Grader.o (.data.Time)
                  20200528    00000004     ECE319K_Lab5main.o (.data.loc)

.stack     0    20207e00    00000200     UNINITIALIZED
                  20207e00    00000004     libc.a : boot_cortex_m.c.obj (.stack)
                  20207e04    000001fc     --HOLE--

__llvm_prf_cnts 
*          0    20200000    00000000     UNINITIALIZED

__llvm_prf_bits 
*          0    20200000    00000000     UNINITIALIZED

MODULE SUMMARY

       Module                         code   ro data   rw data
       ------                         ----   -------   -------
    .\
       ECE319K_Lab5Grader.o           2904   1369      112    
       ECE319K_Lab5main.o             464    158       4      
       UARTints.o                     624    0         0      
       FIFO.o                         308    0         288    
       Dump.o                         104    0         404    
       Clock.o                        464    0         4      
       Timer.o                        264    0         0      
       LaunchPad.o                    180    0         0      
       DAC5.o                         104    0         0      
       UART.o                         92     0         0      
       Key.o                          56     0         0      
    +--+------------------------------+------+---------+---------+
       Total:                         5564   1527      812    
                                                              
    .\ticlang\
       startup_mspm0g3507_ticlang.o   12     192       0      
    +--+------------------------------+------+---------+---------+
       Total:                         12     192       0      
                                                              
    C:\ti\ccs1240\ccs\tools\compiler\ti-cgt-armllvm_2.1.3.LTS\lib\armv6m-ti-none-eabi/c/libc.a
       copy_decompress_lzss.c.obj     104    0         0      
       autoinit.c.obj                 60     0         0      
       boot_cortex_m.c.obj            40     0         0      
       strcmp.c.obj                   22     0         0      
       copy_zero_init.c.obj           20     0         0      
       copy_decompress_none.c.obj     18     0         0      
       memcpy16.S.obj                 18     0         0      
       exit.c.obj                     4      0         0      
       pre_init.c.obj                 4      0         0      
    +--+------------------------------+------+---------+---------+
       Total:                         290    0         0      
                                                              
    C:\ti\ccs1240\ccs\tools\compiler\ti-cgt-armllvm_2.1.3.LTS\lib\clang/14.0.6/lib/armv6m-ti-none-eabi/libclang_rt.builtins.a
       udivmoddi4.S.obj               162    0         0      
       aeabi_idivmod.S.obj            86     0         0      
       aeabi_uidivmod.S.obj           64     0         0      
       ashldi3.S.obj                  30     0         0      
       aeabi_uldivmod.S.obj           20     0         0      
       aeabi_memcpy.S.obj             8      0         0      
       aeabi_div0.c.obj               4      0         0      
    +--+------------------------------+------+---------+---------+
       Total:                         374    0         0      
                                                              
       Heap:                          0      0         512    
       Stack:                         0      0         512    
       Linker Generated:              0      48        0      
    +--+------------------------------+------+---------+---------+
       Grand Total:                   6240   1767      1836   


LINKER GENERATED COPY TABLES

__TI_cinit_table @ 00001f48 records: 2, size/record: 8, table size: 16
	.data: load addr=00001f28, load size=0000000c bytes, run addr=20200510, run size=0000001c bytes, compression=lzss
	.bss: load addr=00001f40, load size=00000008 bytes, run addr=20200000, run size=00000310 bytes, compression=zero_init


LINKER GENERATED HANDLER TABLE

__TI_handler_table @ 00001f34 records: 3, size/record: 4, table size: 12
	index: 0, handler: __TI_decompress_lzss
	index: 1, handler: __TI_decompress_none
	index: 2, handler: __TI_zero_init


GLOBAL SYMBOLS: SORTED ALPHABETICALLY BY Name 

address   name                          
-------   ----                          
00001915  ADC0_IRQHandler               
00001915  ADC1_IRQHandler               
00000b51  ADC_Init                      
00001689  ADC_Start                     
00001915  AES_IRQHandler                
00001559  ActivatePortA_B               
20200510  BusFreq                       
00001924  C$$EXIT                       
00001915  CANFD0_IRQHandler             
00000a05  CheckInitialization           
000018c5  Clock_Delay                   
000018f5  Clock_Freq                    
00000851  Clock_Init80MHz               
00001915  DAC0_IRQHandler               
000014a5  DAC5_Init                     
0000165d  DAC5_Out                      
00001915  DMA_IRQHandler                
20200100  DataBuffer                    
202002e0  DebugCnt                      
000012a9  Debug_Dump                    
0000183d  Debug_Init                    
00001915  Default_Handler               
00001f14  EID1                          
00001f1b  EID2                          
000000c1  FFT                           
00001915  GROUP0_IRQHandler             
00001915  GROUP1_IRQHandler             
000016b1  Grader_Init                   
00001919  HardFault_Handler             
00001915  I2C0_IRQHandler               
00001915  I2C1_IRQHandler               
00001ec4  IMULTIPLIERS                  
000018d5  Key_In                        
000016d9  Key_Init                      
00000385  Lab5Grader                    
20200518  Last16ADCindex                
20200290  Last16ADCresults              
202002e4  LastIn                        
00000ff1  LaunchPad_Init                
00001701  LogicAnalyzer                 
202002e8  M                             
202002ec  Mask                          
00001915  NMI_Handler                   
2020051c  NotesMode                     
00001dc4  NotesPeriod                   
00001928  NotesProblem                  
000018e5  OutCRLF                       
00001915  PendSV_Handler                
202002f0  PeriodicTask2                 
00001ee4  RMULTIPLIERS                  
00001915  RTC_IRQHandler                
0000179d  Random32                      
000015fd  ReadInput                     
0000191d  Reset_Handler                 
00001851  RxFifo_Init                   
000012fd  RxFifo_Put                    
000017dd  RxFifo_Size                   
202002f4  RxGetI                        
202002f8  RxPutI                        
00001915  SPI0_IRQHandler               
00001915  SPI1_IRQHandler               
00001915  SVC_Handler                   
202002fc  SampleFlag                    
000017f5  Scope                         
00001e44  Sound                         
0000106d  Sound_Init                    
000014e1  Sound_Start                   
00001901  Sound_Stop                    
20200300  State                         
0000162d  SysTick_Handler               
20200304  TExaSadc                      
00001915  TIMA0_IRQHandler              
00001915  TIMA1_IRQHandler              
00001915  TIMG0_IRQHandler              
00001915  TIMG12_IRQHandler             
00001915  TIMG6_IRQHandler              
00001779  TIMG7_IRQHandler              
00001915  TIMG8_IRQHandler              
000018a1  TI_memcpy_small               
202001c8  TimeBuffer                    
0000113d  TimerG12_Init                 
00000ea5  TimerG7_IntArm                
00001395  TxFifo_Get                    
00001865  TxFifo_Init                   
000013dd  TxFifo_Put                    
0000180d  TxFifo_Size                   
20200308  TxGetI                        
2020030c  TxPutI                        
0000119d  UART0_IRQHandler              
00001915  UART1_IRQHandler              
00001915  UART2_IRQHandler              
00001915  UART3_IRQHandler              
00000c85  UART_Init                     
00001425  UART_OutChar                  
00001751  UART_OutString                
00001591  UART_OutUDec                  
20208000  __STACK_END                   
00000200  __STACK_SIZE                  
00000200  __SYSMEM_SIZE                 
00001f48  __TI_CINIT_Base               
00001f58  __TI_CINIT_Limit              
00001f58  __TI_CINIT_Warm               
00001f34  __TI_Handler_Table_Base       
00001f40  __TI_Handler_Table_Limit      
0000151d  __TI_auto_init_nobinit_nopinit
000010d5  __TI_decompress_lzss          
000018b3  __TI_decompress_none          
ffffffff  __TI_pprof_out_hndl           
ffffffff  __TI_prof_data_size           
ffffffff  __TI_prof_data_start          
00000000  __TI_static_base__            
00001879  __TI_zero_init_nomemset       
00001251  __aeabi_idiv                  
00000fef  __aeabi_idiv0                 
00001251  __aeabi_idivmod               
000012a7  __aeabi_ldiv0                 
000017bd  __aeabi_llsl                  
0000190d  __aeabi_memcpy                
0000190d  __aeabi_memcpy4               
0000190d  __aeabi_memcpy8               
00001465  __aeabi_uidiv                 
00001465  __aeabi_uidivmod              
0000188d  __aeabi_uldivmod              
000017bd  __ashldi3                     
ffffffff  __binit__                     
UNDEFED   __mpu_init                    
20207e00  __stack                       
20200000  __start___llvm_prf_bits       
20200000  __start___llvm_prf_cnts       
20200000  __stop___llvm_prf_bits        
20200000  __stop___llvm_prf_cnts        
00000f4d  __udivmoddi4                  
00001729  _c_int00_noargs               
20200310  _sys_memory                   
UNDEFED   _system_post_cinit            
00001921  _system_pre_init              
00001925  abort                         
ffffffff  binit                         
00001f04  frequency                     
00000000  interruptVectors              
00000605  lab5grader                    
20200528  loc                           
00000db5  main                          
000015c7  setUpper                      
00001825  strcmp                        


GLOBAL SYMBOLS: SORTED BY Symbol Address 

address   name                          
-------   ----                          
00000000  __TI_static_base__            
00000000  interruptVectors              
000000c1  FFT                           
00000200  __STACK_SIZE                  
00000200  __SYSMEM_SIZE                 
00000385  Lab5Grader                    
00000605  lab5grader                    
00000851  Clock_Init80MHz               
00000a05  CheckInitialization           
00000b51  ADC_Init                      
00000c85  UART_Init                     
00000db5  main                          
00000ea5  TimerG7_IntArm                
00000f4d  __udivmoddi4                  
00000fef  __aeabi_idiv0                 
00000ff1  LaunchPad_Init                
0000106d  Sound_Init                    
000010d5  __TI_decompress_lzss          
0000113d  TimerG12_Init                 
0000119d  UART0_IRQHandler              
00001251  __aeabi_idiv                  
00001251  __aeabi_idivmod               
000012a7  __aeabi_ldiv0                 
000012a9  Debug_Dump                    
000012fd  RxFifo_Put                    
00001395  TxFifo_Get                    
000013dd  TxFifo_Put                    
00001425  UART_OutChar                  
00001465  __aeabi_uidiv                 
00001465  __aeabi_uidivmod              
000014a5  DAC5_Init                     
000014e1  Sound_Start                   
0000151d  __TI_auto_init_nobinit_nopinit
00001559  ActivatePortA_B               
00001591  UART_OutUDec                  
000015c7  setUpper                      
000015fd  ReadInput                     
0000162d  SysTick_Handler               
0000165d  DAC5_Out                      
00001689  ADC_Start                     
000016b1  Grader_Init                   
000016d9  Key_Init                      
00001701  LogicAnalyzer                 
00001729  _c_int00_noargs               
00001751  UART_OutString                
00001779  TIMG7_IRQHandler              
0000179d  Random32                      
000017bd  __aeabi_llsl                  
000017bd  __ashldi3                     
000017dd  RxFifo_Size                   
000017f5  Scope                         
0000180d  TxFifo_Size                   
00001825  strcmp                        
0000183d  Debug_Init                    
00001851  RxFifo_Init                   
00001865  TxFifo_Init                   
00001879  __TI_zero_init_nomemset       
0000188d  __aeabi_uldivmod              
000018a1  TI_memcpy_small               
000018b3  __TI_decompress_none          
000018c5  Clock_Delay                   
000018d5  Key_In                        
000018e5  OutCRLF                       
000018f5  Clock_Freq                    
00001901  Sound_Stop                    
0000190d  __aeabi_memcpy                
0000190d  __aeabi_memcpy4               
0000190d  __aeabi_memcpy8               
00001915  ADC0_IRQHandler               
00001915  ADC1_IRQHandler               
00001915  AES_IRQHandler                
00001915  CANFD0_IRQHandler             
00001915  DAC0_IRQHandler               
00001915  DMA_IRQHandler                
00001915  Default_Handler               
00001915  GROUP0_IRQHandler             
00001915  GROUP1_IRQHandler             
00001915  I2C0_IRQHandler               
00001915  I2C1_IRQHandler               
00001915  NMI_Handler                   
00001915  PendSV_Handler                
00001915  RTC_IRQHandler                
00001915  SPI0_IRQHandler               
00001915  SPI1_IRQHandler               
00001915  SVC_Handler                   
00001915  TIMA0_IRQHandler              
00001915  TIMA1_IRQHandler              
00001915  TIMG0_IRQHandler              
00001915  TIMG12_IRQHandler             
00001915  TIMG6_IRQHandler              
00001915  TIMG8_IRQHandler              
00001915  UART1_IRQHandler              
00001915  UART2_IRQHandler              
00001915  UART3_IRQHandler              
00001919  HardFault_Handler             
0000191d  Reset_Handler                 
00001921  _system_pre_init              
00001924  C$$EXIT                       
00001925  abort                         
00001928  NotesProblem                  
00001dc4  NotesPeriod                   
00001e44  Sound                         
00001ec4  IMULTIPLIERS                  
00001ee4  RMULTIPLIERS                  
00001f04  frequency                     
00001f14  EID1                          
00001f1b  EID2                          
00001f34  __TI_Handler_Table_Base       
00001f40  __TI_Handler_Table_Limit      
00001f48  __TI_CINIT_Base               
00001f58  __TI_CINIT_Limit              
00001f58  __TI_CINIT_Warm               
20200000  __start___llvm_prf_bits       
20200000  __start___llvm_prf_cnts       
20200000  __stop___llvm_prf_bits        
20200000  __stop___llvm_prf_cnts        
20200100  DataBuffer                    
202001c8  TimeBuffer                    
20200290  Last16ADCresults              
202002e0  DebugCnt                      
202002e4  LastIn                        
202002e8  M                             
202002ec  Mask                          
202002f0  PeriodicTask2                 
202002f4  RxGetI                        
202002f8  RxPutI                        
202002fc  SampleFlag                    
20200300  State                         
20200304  TExaSadc                      
20200308  TxGetI                        
2020030c  TxPutI                        
20200310  _sys_memory                   
20200510  BusFreq                       
20200518  Last16ADCindex                
2020051c  NotesMode                     
20200528  loc                           
20207e00  __stack                       
20208000  __STACK_END                   
ffffffff  __TI_pprof_out_hndl           
ffffffff  __TI_prof_data_size           
ffffffff  __TI_prof_data_start          
ffffffff  __binit__                     
ffffffff  binit                         
UNDEFED   __mpu_init                    
UNDEFED   _system_post_cinit            

[145 symbols]
