******************************************************************************
            TI ARM Clang Linker PC v2.1.3                      
******************************************************************************
>> Linked Wed Apr 10 16:23:35 2024

OUTPUT FILE NAME:   <ECE319K_Lab9.out>
ENTRY POINT SYMBOL: "_c_int00_noargs"  address: 00000a25


MEMORY CONFIGURATION

         name            origin    length      used     unused   attr    fill
----------------------  --------  ---------  --------  --------  ----  --------
  FLASH                 00000000   00020000  00000b58  0001f4a8  R  X
  SRAM                  20200000   00008000  0000041a  00007be6  RW X
  BCR_CONFIG            41c00000   00000080  00000000  00000080  R   
  BSL_CONFIG            41c00100   00000080  00000000  00000080  R   


SEGMENT ALLOCATION MAP

run origin  load origin   length   init length attrs members
----------  ----------- ---------- ----------- ----- -------
00000000    00000000    00000b58   00000b58    r-x
  00000000    00000000    000000c0   000000c0    r-- .intvecs
  000000c0    000000c0    00000a28   00000a28    r-x .text
  00000ae8    00000ae8    00000040   00000040    r-- .rodata
  00000b28    00000b28    00000030   00000030    r-- .cinit
20200000    20200000    0000021d   00000000    rw-
  20200000    20200000    00000200   00000000    rw- .sysmem
  20200200    20200200    00000011   00000000    rw- .bss
  20200214    20200214    00000009   00000000    rw- .data
20207e00    20207e00    00000200   00000000    rw-
  20207e00    20207e00    00000200   00000000    rw- .stack


SECTION ALLOCATION MAP

 output                                  attributes/
section   page    origin      length       input sections
--------  ----  ----------  ----------   ----------------
.intvecs   0    00000000    000000c0     
                  00000000    000000c0     startup_mspm0g3507_ticlang.o (.intvecs)

.text      0    000000c0    00000a28     
                  000000c0    000001b4     Clock.o (.text.Clock_Init80MHz)
                  00000274    00000128     TExaS.o (.text.ADC_Init)
                  0000039c    000000e8     TExaS.o (.text.UART_Init)
                  00000484    000000a8     Timer.o (.text.TimerG7_IntArm)
                  0000052c    000000a0     DAC5.o (.text.DAC5_Init)
                  000005cc    00000092     Lab9Main.o (.text.main)
                  0000065e    00000002     LED.o (.text.LED_Init)
                  00000660    0000007c     LaunchPad.o (.text.LaunchPad_Init)
                  000006dc    00000068     libc.a : copy_decompress_lzss.c.obj (.text:decompress:lzss)
                  00000744    00000064     Sound.o (.text.Sound_Init)
                  000007a8    00000058     Sound.o (.text.SysTick_Handler)
                  00000800    00000058     TExaS.o (.text.TExaS_Init)
                  00000858    00000040     TExaS.o (.text.TIMG7_IRQHandler)
                  00000898    00000040     libclang_rt.builtins.a : aeabi_uidivmod.S.obj (.text)
                  000008d8    0000003c     libc.a : autoinit.c.obj (.text:__TI_auto_init_nobinit_nopinit)
                  00000914    00000038     LaunchPad.o (.text.ActivatePortA_B)
                  0000094c    00000030     Switch.o (.text.Switch_Init)
                  0000097c    0000002c     Sound.o (.text.Start_Driving)
                  000009a8    0000002c     Switch.o (.text.Switch_In)
                  000009d4    00000028     TExaS.o (.text.ADC_Start)
                  000009fc    00000028     Lab9Main.o (.text.TIMG12_IRQHandler)
                  00000a24    00000028     libc.a : boot_cortex_m.c.obj (.text:_c_int00_noargs)
                  00000a4c    00000014     DAC5.o (.text.DAC5_Out)
                  00000a60    00000014     libc.a : copy_zero_init.c.obj (.text:decompress:ZI:__TI_zero_init_nomemset)
                  00000a74    00000012            : memcpy16.S.obj (.text:TI_memcpy_small)
                  00000a86    00000012            : copy_decompress_none.c.obj (.text:decompress:none)
                  00000a98    00000010     Clock.o (.text.Clock_Delay)
                  00000aa8    0000000c     Clock.o (.text.Clock_Freq)
                  00000ab4    0000000c     Sound.o (.text.Stop_Driving)
                  00000ac0    0000000a     Lab9Main.o (.text.PLL_Init)
                  00000aca    00000002     libclang_rt.builtins.a : aeabi_div0.c.obj (.text.__aeabi_idiv0)
                  00000acc    00000008                            : aeabi_memcpy.S.obj (.text)
                  00000ad4    00000004     startup_mspm0g3507_ticlang.o (.text.Default_Handler)
                  00000ad8    00000004     startup_mspm0g3507_ticlang.o (.text.HardFault_Handler)
                  00000adc    00000004     startup_mspm0g3507_ticlang.o (.text.Reset_Handler)
                  00000ae0    00000004     libc.a : pre_init.c.obj (.text._system_pre_init)
                  00000ae4    00000004            : exit.c.obj (.text:abort)

.cinit     0    00000b28    00000030     
                  00000b28    0000000c     (__TI_handler_table)
                  00000b34    0000000b     (.cinit..data.load) [load image, compression = lzss]
                  00000b3f    00000001     --HOLE-- [fill = 0]
                  00000b40    00000008     (.cinit..bss.load) [load image, compression = zero_init]
                  00000b48    00000010     (__TI_cinit_table)

.rodata    0    00000ae8    00000040     
                  00000ae8    00000040     Sound.o (.rodata.Sin)

.init_array 
*          0    00000000    00000000     UNINITIALIZED

.binit     0    00000000    00000000     

.sysmem    0    20200000    00000200     UNINITIALIZED
                  20200000    00000010     libc.a : memory.c.obj (.sysmem)
                  20200010    000001f0     --HOLE--

.bss       0    20200200    00000011     UNINITIALIZED
                  20200200    00000004     Sound.o (.bss.wave)
                  20200204    00000004     Sound.o (.bss.waveSize)
                  20200208    00000004     (.common:TExaSLogic)
                  2020020c    00000004     (.common:TExaSadc)
                  20200210    00000001     Sound.o (.bss.soundEnable)

.data      0    20200214    00000009     UNINITIALIZED
                  20200214    00000004     Clock.o (.data.BusFreq)
                  20200218    00000004     Sound.o (.data.SysTick_Handler.i)
                  2020021c    00000001     Sound.o (.data.driving)

.stack     0    20207e00    00000200     UNINITIALIZED
                  20207e00    00000004     libc.a : boot_cortex_m.c.obj (.stack)
                  20207e04    000001fc     --HOLE--

__llvm_prf_cnts 
*          0    20200000    00000000     UNINITIALIZED

__llvm_prf_bits 
*          0    20200000    00000000     UNINITIALIZED

MODULE SUMMARY

       Module                         code   ro data   rw data
       ------                         ----   -------   -------
    .\
       TExaS.o                        720    0         8      
       Clock.o                        464    0         4      
       Sound.o                        244    64        14     
       Lab9Main.o                     196    0         0      
       DAC5.o                         180    0         0      
       LaunchPad.o                    180    0         0      
       Timer.o                        168    0         0      
       Switch.o                       92     0         0      
       LED.o                          2      0         0      
    +--+------------------------------+------+---------+---------+
       Total:                         2246   64        26     
                                                              
    .\ticlang\
       startup_mspm0g3507_ticlang.o   12     192       0      
    +--+------------------------------+------+---------+---------+
       Total:                         12     192       0      
                                                              
    C:\ti\ccs1240\ccs\tools\compiler\ti-cgt-armllvm_2.1.3.LTS\lib\armv6m-ti-none-eabi/c/libc.a
       copy_decompress_lzss.c.obj     104    0         0      
       autoinit.c.obj                 60     0         0      
       boot_cortex_m.c.obj            40     0         0      
       copy_zero_init.c.obj           20     0         0      
       copy_decompress_none.c.obj     18     0         0      
       memcpy16.S.obj                 18     0         0      
       exit.c.obj                     4      0         0      
       pre_init.c.obj                 4      0         0      
    +--+------------------------------+------+---------+---------+
       Total:                         268    0         0      
                                                              
    C:\ti\ccs1240\ccs\tools\compiler\ti-cgt-armllvm_2.1.3.LTS\lib\clang/14.0.6/lib/armv6m-ti-none-eabi/libclang_rt.builtins.a
       aeabi_uidivmod.S.obj           64     0         0      
       aeabi_memcpy.S.obj             8      0         0      
       aeabi_div0.c.obj               2      0         0      
    +--+------------------------------+------+---------+---------+
       Total:                         74     0         0      
                                                              
       Heap:                          0      0         512    
       Stack:                         0      0         512    
       Linker Generated:              0      47        0      
    +--+------------------------------+------+---------+---------+
       Grand Total:                   2600   303       1050   


LINKER GENERATED COPY TABLES

__TI_cinit_table @ 00000b48 records: 2, size/record: 8, table size: 16
	.data: load addr=00000b34, load size=0000000b bytes, run addr=20200214, run size=00000009 bytes, compression=lzss
	.bss: load addr=00000b40, load size=00000008 bytes, run addr=20200200, run size=00000011 bytes, compression=zero_init


LINKER GENERATED HANDLER TABLE

__TI_handler_table @ 00000b28 records: 3, size/record: 4, table size: 12
	index: 0, handler: __TI_decompress_lzss
	index: 1, handler: __TI_decompress_none
	index: 2, handler: __TI_zero_init


GLOBAL SYMBOLS: SORTED ALPHABETICALLY BY Name 

address   name                          
-------   ----                          
00000ad5  ADC0_IRQHandler               
00000ad5  ADC1_IRQHandler               
00000275  ADC_Init                      
000009d5  ADC_Start                     
00000ad5  AES_IRQHandler                
00000915  ActivatePortA_B               
20200214  BusFreq                       
00000ae4  C$$EXIT                       
00000ad5  CANFD0_IRQHandler             
00000a99  Clock_Delay                   
00000aa9  Clock_Freq                    
000000c1  Clock_Init80MHz               
00000ad5  DAC0_IRQHandler               
0000052d  DAC5_Init                     
00000a4d  DAC5_Out                      
00000ad5  DMA_IRQHandler                
00000ad5  Default_Handler               
00000ad5  GROUP0_IRQHandler             
00000ad5  GROUP1_IRQHandler             
00000ad9  HardFault_Handler             
00000ad5  I2C0_IRQHandler               
00000ad5  I2C1_IRQHandler               
0000065f  LED_Init                      
00000661  LaunchPad_Init                
00000ad5  NMI_Handler                   
00000ac1  PLL_Init                      
00000ad5  PendSV_Handler                
00000ad5  RTC_IRQHandler                
00000add  Reset_Handler                 
00000ad5  SPI0_IRQHandler               
00000ad5  SPI1_IRQHandler               
00000ad5  SVC_Handler                   
00000745  Sound_Init                    
0000097d  Start_Driving                 
00000ab5  Stop_Driving                  
000009a9  Switch_In                     
0000094d  Switch_Init                   
000007a9  SysTick_Handler               
20200208  TExaSLogic                    
00000801  TExaS_Init                    
2020020c  TExaSadc                      
00000ad5  TIMA0_IRQHandler              
00000ad5  TIMA1_IRQHandler              
00000ad5  TIMG0_IRQHandler              
000009fd  TIMG12_IRQHandler             
00000ad5  TIMG6_IRQHandler              
00000859  TIMG7_IRQHandler              
00000ad5  TIMG8_IRQHandler              
00000a75  TI_memcpy_small               
00000485  TimerG7_IntArm                
00000ad5  UART0_IRQHandler              
00000ad5  UART1_IRQHandler              
00000ad5  UART2_IRQHandler              
00000ad5  UART3_IRQHandler              
0000039d  UART_Init                     
20208000  __STACK_END                   
00000200  __STACK_SIZE                  
00000200  __SYSMEM_SIZE                 
00000b48  __TI_CINIT_Base               
00000b58  __TI_CINIT_Limit              
00000b58  __TI_CINIT_Warm               
00000b28  __TI_Handler_Table_Base       
00000b34  __TI_Handler_Table_Limit      
000008d9  __TI_auto_init_nobinit_nopinit
000006dd  __TI_decompress_lzss          
00000a87  __TI_decompress_none          
ffffffff  __TI_pprof_out_hndl           
ffffffff  __TI_prof_data_size           
ffffffff  __TI_prof_data_start          
00000000  __TI_static_base__            
00000a61  __TI_zero_init_nomemset       
00000acb  __aeabi_idiv0                 
00000acd  __aeabi_memcpy                
00000acd  __aeabi_memcpy4               
00000acd  __aeabi_memcpy8               
00000899  __aeabi_uidiv                 
00000899  __aeabi_uidivmod              
ffffffff  __binit__                     
UNDEFED   __mpu_init                    
20207e00  __stack                       
20200000  __start___llvm_prf_bits       
20200000  __start___llvm_prf_cnts       
20200000  __stop___llvm_prf_bits        
20200000  __stop___llvm_prf_cnts        
00000a25  _c_int00_noargs               
20200000  _sys_memory                   
UNDEFED   _system_post_cinit            
00000ae1  _system_pre_init              
00000ae5  abort                         
ffffffff  binit                         
00000000  interruptVectors              
000005cd  main                          


GLOBAL SYMBOLS: SORTED BY Symbol Address 

address   name                          
-------   ----                          
00000000  __TI_static_base__            
00000000  interruptVectors              
000000c1  Clock_Init80MHz               
00000200  __STACK_SIZE                  
00000200  __SYSMEM_SIZE                 
00000275  ADC_Init                      
0000039d  UART_Init                     
00000485  TimerG7_IntArm                
0000052d  DAC5_Init                     
000005cd  main                          
0000065f  LED_Init                      
00000661  LaunchPad_Init                
000006dd  __TI_decompress_lzss          
00000745  Sound_Init                    
000007a9  SysTick_Handler               
00000801  TExaS_Init                    
00000859  TIMG7_IRQHandler              
00000899  __aeabi_uidiv                 
00000899  __aeabi_uidivmod              
000008d9  __TI_auto_init_nobinit_nopinit
00000915  ActivatePortA_B               
0000094d  Switch_Init                   
0000097d  Start_Driving                 
000009a9  Switch_In                     
000009d5  ADC_Start                     
000009fd  TIMG12_IRQHandler             
00000a25  _c_int00_noargs               
00000a4d  DAC5_Out                      
00000a61  __TI_zero_init_nomemset       
00000a75  TI_memcpy_small               
00000a87  __TI_decompress_none          
00000a99  Clock_Delay                   
00000aa9  Clock_Freq                    
00000ab5  Stop_Driving                  
00000ac1  PLL_Init                      
00000acb  __aeabi_idiv0                 
00000acd  __aeabi_memcpy                
00000acd  __aeabi_memcpy4               
00000acd  __aeabi_memcpy8               
00000ad5  ADC0_IRQHandler               
00000ad5  ADC1_IRQHandler               
00000ad5  AES_IRQHandler                
00000ad5  CANFD0_IRQHandler             
00000ad5  DAC0_IRQHandler               
00000ad5  DMA_IRQHandler                
00000ad5  Default_Handler               
00000ad5  GROUP0_IRQHandler             
00000ad5  GROUP1_IRQHandler             
00000ad5  I2C0_IRQHandler               
00000ad5  I2C1_IRQHandler               
00000ad5  NMI_Handler                   
00000ad5  PendSV_Handler                
00000ad5  RTC_IRQHandler                
00000ad5  SPI0_IRQHandler               
00000ad5  SPI1_IRQHandler               
00000ad5  SVC_Handler                   
00000ad5  TIMA0_IRQHandler              
00000ad5  TIMA1_IRQHandler              
00000ad5  TIMG0_IRQHandler              
00000ad5  TIMG6_IRQHandler              
00000ad5  TIMG8_IRQHandler              
00000ad5  UART0_IRQHandler              
00000ad5  UART1_IRQHandler              
00000ad5  UART2_IRQHandler              
00000ad5  UART3_IRQHandler              
00000ad9  HardFault_Handler             
00000add  Reset_Handler                 
00000ae1  _system_pre_init              
00000ae4  C$$EXIT                       
00000ae5  abort                         
00000b28  __TI_Handler_Table_Base       
00000b34  __TI_Handler_Table_Limit      
00000b48  __TI_CINIT_Base               
00000b58  __TI_CINIT_Limit              
00000b58  __TI_CINIT_Warm               
20200000  __start___llvm_prf_bits       
20200000  __start___llvm_prf_cnts       
20200000  __stop___llvm_prf_bits        
20200000  __stop___llvm_prf_cnts        
20200000  _sys_memory                   
20200208  TExaSLogic                    
2020020c  TExaSadc                      
20200214  BusFreq                       
20207e00  __stack                       
20208000  __STACK_END                   
ffffffff  __TI_pprof_out_hndl           
ffffffff  __TI_prof_data_size           
ffffffff  __TI_prof_data_start          
ffffffff  __binit__                     
ffffffff  binit                         
UNDEFED   __mpu_init                    
UNDEFED   _system_post_cinit            

[92 symbols]
