<?xml version="1.0" encoding="ISO-8859-1" ?>
<link_info>
   <banner>TI ARM Clang Linker PC v2.1.3.LTS</banner>
   <copyright>Copyright (c) 1996-2018 Texas Instruments Incorporated</copyright>
   <link_time>0x65a6d8ec</link_time>
   <link_errors>0x0</link_errors>
   <output_file>CrystalfontzLCD.out</output_file>
   <entry_point>
      <name>_c_int00_noargs</name>
      <address>0x1161</address>
   </entry_point>
   <input_file_list>
      <input_file id="fl-1">
         <path>.\</path>
         <kind>object</kind>
         <file>ADC.o</file>
         <name>ADC.o</name>
      </input_file>
      <input_file id="fl-2">
         <path>.\</path>
         <kind>object</kind>
         <file>Clock.o</file>
         <name>Clock.o</name>
      </input_file>
      <input_file id="fl-3">
         <path>.\</path>
         <kind>object</kind>
         <file>LCD.o</file>
         <name>LCD.o</name>
      </input_file>
      <input_file id="fl-4">
         <path>.\</path>
         <kind>object</kind>
         <file>LCDtestmain.o</file>
         <name>LCDtestmain.o</name>
      </input_file>
      <input_file id="fl-5">
         <path>.\</path>
         <kind>object</kind>
         <file>LaunchPad.o</file>
         <name>LaunchPad.o</name>
      </input_file>
      <input_file id="fl-6">
         <path>.\</path>
         <kind>object</kind>
         <file>SPI.o</file>
         <name>SPI.o</name>
      </input_file>
      <input_file id="fl-7">
         <path>.\ticlang\</path>
         <kind>object</kind>
         <file>startup_mspm0g3507_ticlang.o</file>
         <name>startup_mspm0g3507_ticlang.o</name>
      </input_file>
      <input_file id="fl-13">
         <kind>object</kind>
         <file>&lt;internal&gt;</file>
         <name>&lt;internal&gt;</name>
      </input_file>
      <input_file id="fl-1f">
         <path>C:\ti\ccs1240\ccs\tools\compiler\ti-cgt-armllvm_2.1.3.LTS\lib\armv6m-ti-none-eabi\c\</path>
         <kind>archive</kind>
         <file>libc.a</file>
         <name>copy_zero_init.c.obj</name>
      </input_file>
      <input_file id="fl-20">
         <path>C:\ti\ccs1240\ccs\tools\compiler\ti-cgt-armllvm_2.1.3.LTS\lib\armv6m-ti-none-eabi\c\</path>
         <kind>archive</kind>
         <file>libc.a</file>
         <name>copy_decompress_none.c.obj</name>
      </input_file>
      <input_file id="fl-21">
         <path>C:\ti\ccs1240\ccs\tools\compiler\ti-cgt-armllvm_2.1.3.LTS\lib\armv6m-ti-none-eabi\c\</path>
         <kind>archive</kind>
         <file>libc.a</file>
         <name>copy_decompress_lzss.c.obj</name>
      </input_file>
      <input_file id="fl-22">
         <path>C:\ti\ccs1240\ccs\tools\compiler\ti-cgt-armllvm_2.1.3.LTS\lib\armv6m-ti-none-eabi\c\</path>
         <kind>archive</kind>
         <file>libc.a</file>
         <name>boot_cortex_m.c.obj</name>
      </input_file>
      <input_file id="fl-23">
         <path>C:\ti\ccs1240\ccs\tools\compiler\ti-cgt-armllvm_2.1.3.LTS\lib\armv6m-ti-none-eabi\c\</path>
         <kind>archive</kind>
         <file>libc.a</file>
         <name>mathacl_init.c.obj</name>
      </input_file>
      <input_file id="fl-24">
         <path>C:\ti\ccs1240\ccs\tools\compiler\ti-cgt-armllvm_2.1.3.LTS\lib\armv6m-ti-none-eabi\c\</path>
         <kind>archive</kind>
         <file>libc.a</file>
         <name>exit.c.obj</name>
      </input_file>
      <input_file id="fl-25">
         <path>C:\ti\ccs1240\ccs\tools\compiler\ti-cgt-armllvm_2.1.3.LTS\lib\armv6m-ti-none-eabi\c\</path>
         <kind>archive</kind>
         <file>libc.a</file>
         <name>_lock.c.obj</name>
      </input_file>
      <input_file id="fl-26">
         <path>C:\ti\ccs1240\ccs\tools\compiler\ti-cgt-armllvm_2.1.3.LTS\lib\armv6m-ti-none-eabi\c\</path>
         <kind>archive</kind>
         <file>libc.a</file>
         <name>args_main.c.obj</name>
      </input_file>
      <input_file id="fl-27">
         <path>C:\ti\ccs1240\ccs\tools\compiler\ti-cgt-armllvm_2.1.3.LTS\lib\armv6m-ti-none-eabi\c\</path>
         <kind>archive</kind>
         <file>libc.a</file>
         <name>autoinit.c.obj</name>
      </input_file>
      <input_file id="fl-28">
         <path>C:\ti\ccs1240\ccs\tools\compiler\ti-cgt-armllvm_2.1.3.LTS\lib\armv6m-ti-none-eabi\c\</path>
         <kind>archive</kind>
         <file>libc.a</file>
         <name>pre_init.c.obj</name>
      </input_file>
      <input_file id="fl-29">
         <path>C:\ti\ccs1240\ccs\tools\compiler\ti-cgt-armllvm_2.1.3.LTS\lib\armv6m-ti-none-eabi\c\</path>
         <kind>archive</kind>
         <file>libc.a</file>
         <name>cpy_tbl.c.obj</name>
      </input_file>
      <input_file id="fl-62">
         <path>C:\ti\ccs1240\ccs\tools\compiler\ti-cgt-armllvm_2.1.3.LTS\lib\clang\14.0.6\lib\armv6m-ti-none-eabi\</path>
         <kind>archive</kind>
         <file>libclang_rt.builtins.a</file>
         <name>aeabi_idivmod.S.obj</name>
      </input_file>
      <input_file id="fl-63">
         <path>C:\ti\ccs1240\ccs\tools\compiler\ti-cgt-armllvm_2.1.3.LTS\lib\clang\14.0.6\lib\armv6m-ti-none-eabi\</path>
         <kind>archive</kind>
         <file>libclang_rt.builtins.a</file>
         <name>aeabi_memcpy.S.obj</name>
      </input_file>
      <input_file id="fl-64">
         <path>C:\ti\ccs1240\ccs\tools\compiler\ti-cgt-armllvm_2.1.3.LTS\lib\clang\14.0.6\lib\armv6m-ti-none-eabi\</path>
         <kind>archive</kind>
         <file>libclang_rt.builtins.a</file>
         <name>aeabi_memset.S.obj</name>
      </input_file>
      <input_file id="fl-65">
         <path>C:\ti\ccs1240\ccs\tools\compiler\ti-cgt-armllvm_2.1.3.LTS\lib\clang\14.0.6\lib\armv6m-ti-none-eabi\</path>
         <kind>archive</kind>
         <file>libclang_rt.builtins.a</file>
         <name>aeabi_uidivmod.S.obj</name>
      </input_file>
      <input_file id="fl-66">
         <path>C:\ti\ccs1240\ccs\tools\compiler\ti-cgt-armllvm_2.1.3.LTS\lib\clang\14.0.6\lib\armv6m-ti-none-eabi\</path>
         <kind>archive</kind>
         <file>libclang_rt.builtins.a</file>
         <name>aeabi_div0.c.obj</name>
      </input_file>
      <input_file id="fl-67">
         <path>C:\ti\ccs1240\ccs\tools\compiler\ti-cgt-armllvm_2.1.3.LTS\lib\armv6m-ti-none-eabi\c\</path>
         <kind>archive</kind>
         <file>libc.a</file>
         <name>memcpy16.S.obj</name>
      </input_file>
      <input_file id="fl-68">
         <path>C:\ti\ccs1240\ccs\tools\compiler\ti-cgt-armllvm_2.1.3.LTS\lib\armv6m-ti-none-eabi\c\</path>
         <kind>archive</kind>
         <file>libc.a</file>
         <name>memset16.S.obj</name>
      </input_file>
   </input_file_list>
   <object_component_list>
      <object_component id="oc-18">
         <name>.intvecs</name>
         <load_address>0x0</load_address>
         <run_address>0x0</run_address>
         <size>0xc0</size>
         <input_file_ref idref="fl-7"/>
      </object_component>
      <object_component id="oc-87">
         <name>.text.LCD_Drawaxes</name>
         <load_address>0xc0</load_address>
         <run_address>0xc0</run_address>
         <size>0x218</size>
         <input_file_ref idref="fl-3"/>
      </object_component>
      <object_component id="oc-c1">
         <name>.text.LCD_DrawChar</name>
         <load_address>0x2d8</load_address>
         <run_address>0x2d8</run_address>
         <size>0x1a8</size>
         <input_file_ref idref="fl-3"/>
      </object_component>
      <object_component id="oc-72">
         <name>.text.Clock_Init40MHz</name>
         <load_address>0x480</load_address>
         <run_address>0x480</run_address>
         <size>0x134</size>
         <input_file_ref idref="fl-2"/>
      </object_component>
      <object_component id="oc-bb">
         <name>.text.LCD_FillRect</name>
         <load_address>0x5b4</load_address>
         <run_address>0x5b4</run_address>
         <size>0x118</size>
         <input_file_ref idref="fl-3"/>
      </object_component>
      <object_component id="oc-ff">
         <name>.text.SPI_Init</name>
         <load_address>0x6cc</load_address>
         <run_address>0x6cc</run_address>
         <size>0xf8</size>
         <input_file_ref idref="fl-6"/>
      </object_component>
      <object_component id="oc-7c">
         <name>.text.ADC0_Init</name>
         <load_address>0x7c4</load_address>
         <run_address>0x7c4</run_address>
         <size>0xf4</size>
         <input_file_ref idref="fl-1"/>
      </object_component>
      <object_component id="oc-be">
         <name>.text.LCD_DrawFastHLine</name>
         <load_address>0x8b8</load_address>
         <run_address>0x8b8</run_address>
         <size>0xb0</size>
         <input_file_ref idref="fl-3"/>
      </object_component>
      <object_component id="oc-bf">
         <name>.text.LCD_DrawFastVLine</name>
         <load_address>0x968</load_address>
         <run_address>0x968</run_address>
         <size>0xb0</size>
         <input_file_ref idref="fl-3"/>
      </object_component>
      <object_component id="oc-dd">
         <name>.text.commandList</name>
         <load_address>0xa18</load_address>
         <run_address>0xa18</run_address>
         <size>0xa2</size>
         <input_file_ref idref="fl-3"/>
      </object_component>
      <object_component id="oc-ef">
         <name>.text.__aeabi_idiv0</name>
         <load_address>0xaba</load_address>
         <run_address>0xaba</run_address>
         <size>0x2</size>
         <input_file_ref idref="fl-66"/>
      </object_component>
      <object_component id="oc-59">
         <name>.text.main</name>
         <load_address>0xabc</load_address>
         <run_address>0xabc</run_address>
         <size>0x9c</size>
         <input_file_ref idref="fl-4"/>
      </object_component>
      <object_component id="oc-89">
         <name>.text.LCD_PlotPoint</name>
         <load_address>0xb58</load_address>
         <run_address>0xb58</run_address>
         <size>0x90</size>
         <input_file_ref idref="fl-3"/>
      </object_component>
      <object_component id="oc-b8">
         <name>.text.ST7735_InitR</name>
         <load_address>0xbe8</load_address>
         <run_address>0xbe8</run_address>
         <size>0x90</size>
         <input_file_ref idref="fl-3"/>
      </object_component>
      <object_component id="oc-ec">
         <name>.text.setAddrWindow</name>
         <load_address>0xc78</load_address>
         <run_address>0xc78</run_address>
         <size>0x88</size>
         <input_file_ref idref="fl-3"/>
      </object_component>
      <object_component id="oc-77">
         <name>.text.LaunchPad_Init</name>
         <load_address>0xd00</load_address>
         <run_address>0xd00</run_address>
         <size>0x7c</size>
         <input_file_ref idref="fl-5"/>
      </object_component>
      <object_component id="oc-c0">
         <name>.text.LCD_DrawPixel</name>
         <load_address>0xd7c</load_address>
         <run_address>0xd7c</run_address>
         <size>0x70</size>
         <input_file_ref idref="fl-3"/>
      </object_component>
      <object_component id="oc-1c">
         <name>.text:decompress:lzss</name>
         <load_address>0xdec</load_address>
         <run_address>0xdec</run_address>
         <size>0x68</size>
         <input_file_ref idref="fl-21"/>
      </object_component>
      <object_component id="oc-c7">
         <name>.text</name>
         <load_address>0xe54</load_address>
         <run_address>0xe54</run_address>
         <size>0x56</size>
         <input_file_ref idref="fl-62"/>
      </object_component>
      <object_component id="oc-de">
         <name>.text.SPI_OutCommand</name>
         <load_address>0xeac</load_address>
         <run_address>0xeac</run_address>
         <size>0x48</size>
         <input_file_ref idref="fl-6"/>
      </object_component>
      <object_component id="oc-88">
         <name>.text.ADC0_In</name>
         <load_address>0xef4</load_address>
         <run_address>0xef4</run_address>
         <size>0x44</size>
         <input_file_ref idref="fl-1"/>
      </object_component>
      <object_component id="oc-108">
         <name>.text.SPI_Reset</name>
         <load_address>0xf38</load_address>
         <run_address>0xf38</run_address>
         <size>0x40</size>
         <input_file_ref idref="fl-6"/>
      </object_component>
      <object_component id="oc-cb">
         <name>.text</name>
         <load_address>0xf78</load_address>
         <run_address>0xf78</run_address>
         <size>0x40</size>
         <input_file_ref idref="fl-65"/>
      </object_component>
      <object_component id="oc-96">
         <name>.text:__TI_auto_init_nobinit_nopinit</name>
         <load_address>0xfb8</load_address>
         <run_address>0xfb8</run_address>
         <size>0x3c</size>
         <input_file_ref idref="fl-27"/>
      </object_component>
      <object_component id="oc-b2">
         <name>.text.ActivatePortA_B</name>
         <load_address>0xff4</load_address>
         <run_address>0xff4</run_address>
         <size>0x38</size>
         <input_file_ref idref="fl-5"/>
      </object_component>
      <object_component id="oc-8b">
         <name>.text.LCD_PlotIncrement</name>
         <load_address>0x102c</load_address>
         <run_address>0x102c</run_address>
         <size>0x38</size>
         <input_file_ref idref="fl-3"/>
      </object_component>
      <object_component id="oc-e3">
         <name>.text.SPI_OutData</name>
         <load_address>0x1064</load_address>
         <run_address>0x1064</run_address>
         <size>0x38</size>
         <input_file_ref idref="fl-6"/>
      </object_component>
      <object_component id="oc-8a">
         <name>.text.Clock_Delay1ms</name>
         <load_address>0x109c</load_address>
         <run_address>0x109c</run_address>
         <size>0x34</size>
         <input_file_ref idref="fl-2"/>
      </object_component>
      <object_component id="oc-e4">
         <name>.text.LCD_SetCursor</name>
         <load_address>0x10d0</load_address>
         <run_address>0x10d0</run_address>
         <size>0x34</size>
         <input_file_ref idref="fl-3"/>
      </object_component>
      <object_component id="oc-dc">
         <name>.text.commonInit</name>
         <load_address>0x1104</load_address>
         <run_address>0x1104</run_address>
         <size>0x30</size>
         <input_file_ref idref="fl-3"/>
      </object_component>
      <object_component id="oc-86">
         <name>.text.LCD_FillScreen</name>
         <load_address>0x1134</load_address>
         <run_address>0x1134</run_address>
         <size>0x2c</size>
         <input_file_ref idref="fl-3"/>
      </object_component>
      <object_component id="oc-46">
         <name>.text:_c_int00_noargs</name>
         <load_address>0x1160</load_address>
         <run_address>0x1160</run_address>
         <size>0x28</size>
         <input_file_ref idref="fl-22"/>
      </object_component>
      <object_component id="oc-ed">
         <name>.text.pushColor</name>
         <load_address>0x1188</load_address>
         <run_address>0x1188</run_address>
         <size>0x1e</size>
         <input_file_ref idref="fl-3"/>
      </object_component>
      <object_component id="oc-3d">
         <name>.text:decompress:ZI:__TI_zero_init_nomemset</name>
         <load_address>0x11a6</load_address>
         <run_address>0x11a6</run_address>
         <size>0x14</size>
         <input_file_ref idref="fl-1f"/>
      </object_component>
      <object_component id="oc-68">
         <name>.text:TI_memcpy_small</name>
         <load_address>0x11ba</load_address>
         <run_address>0x11ba</run_address>
         <size>0x12</size>
         <input_file_ref idref="fl-67"/>
      </object_component>
      <object_component id="oc-20">
         <name>.text:decompress:none</name>
         <load_address>0x11cc</load_address>
         <run_address>0x11cc</run_address>
         <size>0x12</size>
         <input_file_ref idref="fl-20"/>
      </object_component>
      <object_component id="oc-b5">
         <name>.text.Clock_Delay</name>
         <load_address>0x11de</load_address>
         <run_address>0x11de</run_address>
         <size>0x10</size>
         <input_file_ref idref="fl-2"/>
      </object_component>
      <object_component id="oc-107">
         <name>.text.Clock_Freq</name>
         <load_address>0x11f0</load_address>
         <run_address>0x11f0</run_address>
         <size>0xc</size>
         <input_file_ref idref="fl-2"/>
      </object_component>
      <object_component id="oc-81">
         <name>.text.LCD_Init</name>
         <load_address>0x11fc</load_address>
         <run_address>0x11fc</run_address>
         <size>0xa</size>
         <input_file_ref idref="fl-3"/>
      </object_component>
      <object_component id="oc-36">
         <name>.text</name>
         <load_address>0x1208</load_address>
         <run_address>0x1208</run_address>
         <size>0x8</size>
         <input_file_ref idref="fl-63"/>
      </object_component>
      <object_component id="oc-2a">
         <name>.text.Default_Handler</name>
         <load_address>0x1210</load_address>
         <run_address>0x1210</run_address>
         <size>0x4</size>
         <input_file_ref idref="fl-7"/>
      </object_component>
      <object_component id="oc-26">
         <name>.text.Reset_Handler</name>
         <load_address>0x1214</load_address>
         <run_address>0x1214</run_address>
         <size>0x4</size>
         <input_file_ref idref="fl-7"/>
      </object_component>
      <object_component id="oc-55">
         <name>.text._system_pre_init</name>
         <load_address>0x1218</load_address>
         <run_address>0x1218</run_address>
         <size>0x4</size>
         <input_file_ref idref="fl-28"/>
      </object_component>
      <object_component id="oc-8f">
         <name>.text:abort</name>
         <load_address>0x121c</load_address>
         <run_address>0x121c</run_address>
         <size>0x4</size>
         <input_file_ref idref="fl-24"/>
      </object_component>
      <object_component id="oc-144">
         <name>.cinit..data.load</name>
         <load_address>0x17d0</load_address>
         <run_address>0x17d0</run_address>
         <size>0x12</size>
      </object_component>
      <object_component id="oc-142">
         <name>__TI_handler_table</name>
         <load_address>0x17e4</load_address>
         <run_address>0x17e4</run_address>
         <size>0xc</size>
      </object_component>
      <object_component id="oc-145">
         <name>.cinit..bss.load</name>
         <load_address>0x17f0</load_address>
         <run_address>0x17f0</run_address>
         <size>0x8</size>
      </object_component>
      <object_component id="oc-143">
         <name>__TI_cinit_table</name>
         <load_address>0x17f8</load_address>
         <run_address>0x17f8</run_address>
         <size>0x10</size>
      </object_component>
      <object_component id="oc-ee">
         <name>.rodata.Font</name>
         <load_address>0x1220</load_address>
         <run_address>0x1220</run_address>
         <size>0x500</size>
         <input_file_ref idref="fl-3"/>
      </object_component>
      <object_component id="oc-e5">
         <name>.rodata.Rcmd1</name>
         <load_address>0x1720</load_address>
         <run_address>0x1720</run_address>
         <size>0x3b</size>
         <input_file_ref idref="fl-3"/>
      </object_component>
      <object_component id="oc-8c">
         <name>.rodata.str1.1</name>
         <load_address>0x175b</load_address>
         <run_address>0x175b</run_address>
         <size>0x2c</size>
         <input_file_ref idref="fl-4"/>
      </object_component>
      <object_component id="oc-ea">
         <name>.rodata.Rcmd3</name>
         <load_address>0x1787</load_address>
         <run_address>0x1787</run_address>
         <size>0x2b</size>
         <input_file_ref idref="fl-3"/>
      </object_component>
      <object_component id="oc-e7">
         <name>.rodata.Rcmd2green</name>
         <load_address>0x17b2</load_address>
         <run_address>0x17b2</run_address>
         <size>0xd</size>
         <input_file_ref idref="fl-3"/>
      </object_component>
      <object_component id="oc-e6">
         <name>.rodata.Rcmd2red</name>
         <load_address>0x17bf</load_address>
         <run_address>0x17bf</run_address>
         <size>0xd</size>
         <input_file_ref idref="fl-3"/>
      </object_component>
      <object_component id="oc-10f">
         <name>.binit</name>
         <load_address>0x0</load_address>
         <run_address>0x0</run_address>
         <size>0x0</size>
      </object_component>
      <object_component id="oc-af">
         <name>.data.BusFreq</name>
         <load_address>0x20200014</load_address>
         <run_address>0x20200014</run_address>
         <size>0x4</size>
         <input_file_ref idref="fl-2"/>
      </object_component>
      <object_component id="oc-102">
         <name>.data.StX</name>
         <load_address>0x20200018</load_address>
         <run_address>0x20200018</run_address>
         <size>0x4</size>
         <input_file_ref idref="fl-3"/>
      </object_component>
      <object_component id="oc-103">
         <name>.data.StY</name>
         <load_address>0x2020001c</load_address>
         <run_address>0x2020001c</run_address>
         <size>0x4</size>
         <input_file_ref idref="fl-3"/>
      </object_component>
      <object_component id="oc-eb">
         <name>.data.StTextColor</name>
         <load_address>0x20200020</load_address>
         <run_address>0x20200020</run_address>
         <size>0x2</size>
         <input_file_ref idref="fl-3"/>
      </object_component>
      <object_component id="oc-bc">
         <name>.data._width</name>
         <load_address>0x20200024</load_address>
         <run_address>0x20200024</run_address>
         <size>0x2</size>
         <input_file_ref idref="fl-3"/>
      </object_component>
      <object_component id="oc-bd">
         <name>.data._height</name>
         <load_address>0x20200022</load_address>
         <run_address>0x20200022</run_address>
         <size>0x2</size>
         <input_file_ref idref="fl-3"/>
      </object_component>
      <object_component id="oc-e8">
         <name>.bss.ColStart</name>
         <uninitialized>true</uninitialized>
         <run_address>0x20200012</run_address>
         <size>0x1</size>
         <input_file_ref idref="fl-3"/>
      </object_component>
      <object_component id="oc-e9">
         <name>.bss.RowStart</name>
         <uninitialized>true</uninitialized>
         <run_address>0x20200013</run_address>
         <size>0x1</size>
         <input_file_ref idref="fl-3"/>
      </object_component>
      <object_component id="oc-c2">
         <name>.common:Ymax</name>
         <uninitialized>true</uninitialized>
         <run_address>0x20200004</run_address>
         <size>0x4</size>
      </object_component>
      <object_component id="oc-c3">
         <name>.common:Ymin</name>
         <uninitialized>true</uninitialized>
         <run_address>0x20200008</run_address>
         <size>0x4</size>
      </object_component>
      <object_component id="oc-c4">
         <name>.common:Yrange</name>
         <uninitialized>true</uninitialized>
         <run_address>0x2020000c</run_address>
         <size>0x4</size>
      </object_component>
      <object_component id="oc-c5">
         <name>.common:TimeIndex</name>
         <uninitialized>true</uninitialized>
         <run_address>0x20200000</run_address>
         <size>0x4</size>
      </object_component>
      <object_component id="oc-c6">
         <name>.common:PlotBGColor</name>
         <uninitialized>true</uninitialized>
         <run_address>0x20200010</run_address>
         <size>0x2</size>
      </object_component>
      <object_component id="oc-1a">
         <name>.stack</name>
         <uninitialized>true</uninitialized>
         <run_address>0x20207e00</run_address>
         <size>0x4</size>
         <input_file_ref idref="fl-22"/>
      </object_component>
      <object_component id="oc-147">
         <name>.stack</name>
         <uninitialized>true</uninitialized>
         <run_address>0x20207e00</run_address>
         <size>0x0</size>
      </object_component>
      <object_component id="oc-b6">
         <name>.debug_abbrev</name>
         <load_address>0x0</load_address>
         <run_address>0x0</run_address>
         <size>0x145</size>
         <input_file_ref idref="fl-1"/>
      </object_component>
      <object_component id="oc-b0">
         <name>.debug_abbrev</name>
         <load_address>0x145</load_address>
         <run_address>0x145</run_address>
         <size>0x18b</size>
         <input_file_ref idref="fl-2"/>
      </object_component>
      <object_component id="oc-b9">
         <name>.debug_abbrev</name>
         <load_address>0x2d0</load_address>
         <run_address>0x2d0</run_address>
         <size>0x12a</size>
         <input_file_ref idref="fl-3"/>
      </object_component>
      <object_component id="oc-8d">
         <name>.debug_abbrev</name>
         <load_address>0x3fa</load_address>
         <run_address>0x3fa</run_address>
         <size>0xe8</size>
         <input_file_ref idref="fl-4"/>
      </object_component>
      <object_component id="oc-b3">
         <name>.debug_abbrev</name>
         <load_address>0x4e2</load_address>
         <run_address>0x4e2</run_address>
         <size>0x10d</size>
         <input_file_ref idref="fl-5"/>
      </object_component>
      <object_component id="oc-100">
         <name>.debug_abbrev</name>
         <load_address>0x5ef</load_address>
         <run_address>0x5ef</run_address>
         <size>0xdb</size>
         <input_file_ref idref="fl-6"/>
      </object_component>
      <object_component id="oc-2b">
         <name>.debug_abbrev</name>
         <load_address>0x6ca</load_address>
         <run_address>0x6ca</run_address>
         <size>0x6d</size>
         <input_file_ref idref="fl-7"/>
      </object_component>
      <object_component id="oc-4f">
         <name>.debug_abbrev</name>
         <load_address>0x737</load_address>
         <run_address>0x737</run_address>
         <size>0xcb</size>
         <input_file_ref idref="fl-1f"/>
      </object_component>
      <object_component id="oc-3a">
         <name>.debug_abbrev</name>
         <load_address>0x802</load_address>
         <run_address>0x802</run_address>
         <size>0x70</size>
         <input_file_ref idref="fl-20"/>
      </object_component>
      <object_component id="oc-32">
         <name>.debug_abbrev</name>
         <load_address>0x872</load_address>
         <run_address>0x872</run_address>
         <size>0x9c</size>
         <input_file_ref idref="fl-21"/>
      </object_component>
      <object_component id="oc-2d">
         <name>.debug_abbrev</name>
         <load_address>0x90e</load_address>
         <run_address>0x90e</run_address>
         <size>0xaf</size>
         <input_file_ref idref="fl-22"/>
      </object_component>
      <object_component id="oc-cf">
         <name>.debug_abbrev</name>
         <load_address>0x9bd</load_address>
         <run_address>0x9bd</run_address>
         <size>0xb3</size>
         <input_file_ref idref="fl-24"/>
      </object_component>
      <object_component id="oc-d5">
         <name>.debug_abbrev</name>
         <load_address>0xa70</load_address>
         <run_address>0xa70</run_address>
         <size>0x186</size>
         <input_file_ref idref="fl-27"/>
      </object_component>
      <object_component id="oc-70">
         <name>.debug_abbrev</name>
         <load_address>0xbf6</load_address>
         <run_address>0xbf6</run_address>
         <size>0x39</size>
         <input_file_ref idref="fl-28"/>
      </object_component>
      <object_component id="oc-f4">
         <name>.debug_abbrev</name>
         <load_address>0xc2f</load_address>
         <run_address>0xc2f</run_address>
         <size>0x27</size>
         <input_file_ref idref="fl-62"/>
      </object_component>
      <object_component id="oc-4e">
         <name>.debug_abbrev</name>
         <load_address>0xc56</load_address>
         <run_address>0xc56</run_address>
         <size>0x27</size>
         <input_file_ref idref="fl-63"/>
      </object_component>
      <object_component id="oc-f5">
         <name>.debug_abbrev</name>
         <load_address>0xc7d</load_address>
         <run_address>0xc7d</run_address>
         <size>0x27</size>
         <input_file_ref idref="fl-65"/>
      </object_component>
      <object_component id="oc-104">
         <name>.debug_abbrev</name>
         <load_address>0xca4</load_address>
         <run_address>0xca4</run_address>
         <size>0x59</size>
         <input_file_ref idref="fl-66"/>
      </object_component>
      <object_component id="oc-a8">
         <name>.debug_abbrev</name>
         <load_address>0xcfd</load_address>
         <run_address>0xcfd</run_address>
         <size>0x25</size>
         <input_file_ref idref="fl-67"/>
      </object_component>
      <object_component id="oc-149">
         <name>.debug_abbrev</name>
         <load_address>0xd22</load_address>
         <run_address>0xd22</run_address>
         <size>0xf</size>
      </object_component>
      <object_component id="oc-7d">
         <name>.debug_info</name>
         <load_address>0x0</load_address>
         <run_address>0x0</run_address>
         <size>0x87c</size>
         <input_file_ref idref="fl-1"/>
      </object_component>
      <object_component id="oc-76">
         <name>.debug_info</name>
         <load_address>0x87c</load_address>
         <run_address>0x87c</run_address>
         <size>0x22ba</size>
         <input_file_ref idref="fl-2"/>
      </object_component>
      <object_component id="oc-82">
         <name>.debug_info</name>
         <load_address>0x2b36</load_address>
         <run_address>0x2b36</run_address>
         <size>0xf12</size>
         <input_file_ref idref="fl-3"/>
      </object_component>
      <object_component id="oc-5c">
         <name>.debug_info</name>
         <load_address>0x3a48</load_address>
         <run_address>0x3a48</run_address>
         <size>0x991</size>
         <input_file_ref idref="fl-4"/>
      </object_component>
      <object_component id="oc-79">
         <name>.debug_info</name>
         <load_address>0x43d9</load_address>
         <run_address>0x43d9</run_address>
         <size>0x856</size>
         <input_file_ref idref="fl-5"/>
      </object_component>
      <object_component id="oc-e1">
         <name>.debug_info</name>
         <load_address>0x4c2f</load_address>
         <run_address>0x4c2f</run_address>
         <size>0xb8b</size>
         <input_file_ref idref="fl-6"/>
      </object_component>
      <object_component id="oc-19">
         <name>.debug_info</name>
         <load_address>0x57ba</load_address>
         <run_address>0x57ba</run_address>
         <size>0x80</size>
         <input_file_ref idref="fl-7"/>
      </object_component>
      <object_component id="oc-3f">
         <name>.debug_info</name>
         <load_address>0x583a</load_address>
         <run_address>0x583a</run_address>
         <size>0x190</size>
         <input_file_ref idref="fl-1f"/>
      </object_component>
      <object_component id="oc-21">
         <name>.debug_info</name>
         <load_address>0x59ca</load_address>
         <run_address>0x59ca</run_address>
         <size>0xc6</size>
         <input_file_ref idref="fl-20"/>
      </object_component>
      <object_component id="oc-1d">
         <name>.debug_info</name>
         <load_address>0x5a90</load_address>
         <run_address>0x5a90</run_address>
         <size>0x17a</size>
         <input_file_ref idref="fl-21"/>
      </object_component>
      <object_component id="oc-1b">
         <name>.debug_info</name>
         <load_address>0x5c0a</load_address>
         <run_address>0x5c0a</run_address>
         <size>0x423</size>
         <input_file_ref idref="fl-22"/>
      </object_component>
      <object_component id="oc-91">
         <name>.debug_info</name>
         <load_address>0x602d</load_address>
         <run_address>0x602d</run_address>
         <size>0xed</size>
         <input_file_ref idref="fl-24"/>
      </object_component>
      <object_component id="oc-98">
         <name>.debug_info</name>
         <load_address>0x611a</load_address>
         <run_address>0x611a</run_address>
         <size>0x792</size>
         <input_file_ref idref="fl-27"/>
      </object_component>
      <object_component id="oc-56">
         <name>.debug_info</name>
         <load_address>0x68ac</load_address>
         <run_address>0x68ac</run_address>
         <size>0x46</size>
         <input_file_ref idref="fl-28"/>
      </object_component>
      <object_component id="oc-c9">
         <name>.debug_info</name>
         <load_address>0x68f2</load_address>
         <run_address>0x68f2</run_address>
         <size>0x1c1</size>
         <input_file_ref idref="fl-62"/>
      </object_component>
      <object_component id="oc-37">
         <name>.debug_info</name>
         <load_address>0x6ab3</load_address>
         <run_address>0x6ab3</run_address>
         <size>0x1a1</size>
         <input_file_ref idref="fl-63"/>
      </object_component>
      <object_component id="oc-ce">
         <name>.debug_info</name>
         <load_address>0x6c54</load_address>
         <run_address>0x6c54</run_address>
         <size>0x1c4</size>
         <input_file_ref idref="fl-65"/>
      </object_component>
      <object_component id="oc-f1">
         <name>.debug_info</name>
         <load_address>0x6e18</load_address>
         <run_address>0x6e18</run_address>
         <size>0x85</size>
         <input_file_ref idref="fl-66"/>
      </object_component>
      <object_component id="oc-6a">
         <name>.debug_info</name>
         <load_address>0x6e9d</load_address>
         <run_address>0x6e9d</run_address>
         <size>0x2f1</size>
         <input_file_ref idref="fl-67"/>
      </object_component>
      <object_component id="oc-148">
         <name>.debug_info</name>
         <load_address>0x718e</load_address>
         <run_address>0x718e</run_address>
         <size>0xc5</size>
      </object_component>
      <object_component id="oc-7e">
         <name>.debug_ranges</name>
         <load_address>0x0</load_address>
         <run_address>0x0</run_address>
         <size>0x50</size>
         <input_file_ref idref="fl-1"/>
      </object_component>
      <object_component id="oc-75">
         <name>.debug_ranges</name>
         <load_address>0x50</load_address>
         <run_address>0x50</run_address>
         <size>0x58</size>
         <input_file_ref idref="fl-2"/>
      </object_component>
      <object_component id="oc-84">
         <name>.debug_ranges</name>
         <load_address>0xa8</load_address>
         <run_address>0xa8</run_address>
         <size>0x118</size>
         <input_file_ref idref="fl-3"/>
      </object_component>
      <object_component id="oc-5a">
         <name>.debug_ranges</name>
         <load_address>0x1c0</load_address>
         <run_address>0x1c0</run_address>
         <size>0x30</size>
         <input_file_ref idref="fl-4"/>
      </object_component>
      <object_component id="oc-7a">
         <name>.debug_ranges</name>
         <load_address>0x1f0</load_address>
         <run_address>0x1f0</run_address>
         <size>0x58</size>
         <input_file_ref idref="fl-5"/>
      </object_component>
      <object_component id="oc-df">
         <name>.debug_ranges</name>
         <load_address>0x248</load_address>
         <run_address>0x248</run_address>
         <size>0x28</size>
         <input_file_ref idref="fl-6"/>
      </object_component>
      <object_component id="oc-28">
         <name>.debug_ranges</name>
         <load_address>0x270</load_address>
         <run_address>0x270</run_address>
         <size>0x18</size>
         <input_file_ref idref="fl-7"/>
      </object_component>
      <object_component id="oc-41">
         <name>.debug_ranges</name>
         <load_address>0x288</load_address>
         <run_address>0x288</run_address>
         <size>0x18</size>
         <input_file_ref idref="fl-1f"/>
      </object_component>
      <object_component id="oc-35">
         <name>.debug_ranges</name>
         <load_address>0x2a0</load_address>
         <run_address>0x2a0</run_address>
         <size>0x30</size>
         <input_file_ref idref="fl-21"/>
      </object_component>
      <object_component id="oc-30">
         <name>.debug_ranges</name>
         <load_address>0x2d0</load_address>
         <run_address>0x2d0</run_address>
         <size>0x48</size>
         <input_file_ref idref="fl-22"/>
      </object_component>
      <object_component id="oc-90">
         <name>.debug_ranges</name>
         <load_address>0x318</load_address>
         <run_address>0x318</run_address>
         <size>0x18</size>
         <input_file_ref idref="fl-24"/>
      </object_component>
      <object_component id="oc-99">
         <name>.debug_ranges</name>
         <load_address>0x330</load_address>
         <run_address>0x330</run_address>
         <size>0xa8</size>
         <input_file_ref idref="fl-27"/>
      </object_component>
      <object_component id="oc-f0">
         <name>.debug_ranges</name>
         <load_address>0x3d8</load_address>
         <run_address>0x3d8</run_address>
         <size>0x18</size>
         <input_file_ref idref="fl-66"/>
      </object_component>
      <object_component id="oc-6c">
         <name>.debug_ranges</name>
         <load_address>0x3f0</load_address>
         <run_address>0x3f0</run_address>
         <size>0x28</size>
         <input_file_ref idref="fl-67"/>
      </object_component>
      <object_component id="oc-b7">
         <name>.debug_str</name>
         <load_address>0x0</load_address>
         <run_address>0x0</run_address>
         <size>0x3fb</size>
         <input_file_ref idref="fl-1"/>
      </object_component>
      <object_component id="oc-b1">
         <name>.debug_str</name>
         <load_address>0x3fb</load_address>
         <run_address>0x3fb</run_address>
         <size>0xf3a</size>
         <input_file_ref idref="fl-2"/>
      </object_component>
      <object_component id="oc-ba">
         <name>.debug_str</name>
         <load_address>0x1335</load_address>
         <run_address>0x1335</run_address>
         <size>0x59f</size>
         <input_file_ref idref="fl-3"/>
      </object_component>
      <object_component id="oc-8e">
         <name>.debug_str</name>
         <load_address>0x18d4</load_address>
         <run_address>0x18d4</run_address>
         <size>0x607</size>
         <input_file_ref idref="fl-4"/>
      </object_component>
      <object_component id="oc-b4">
         <name>.debug_str</name>
         <load_address>0x1edb</load_address>
         <run_address>0x1edb</run_address>
         <size>0x56f</size>
         <input_file_ref idref="fl-5"/>
      </object_component>
      <object_component id="oc-101">
         <name>.debug_str</name>
         <load_address>0x244a</load_address>
         <run_address>0x244a</run_address>
         <size>0x5d1</size>
         <input_file_ref idref="fl-6"/>
      </object_component>
      <object_component id="oc-2c">
         <name>.debug_str</name>
         <load_address>0x2a1b</load_address>
         <run_address>0x2a1b</run_address>
         <size>0x135</size>
         <input_file_ref idref="fl-7"/>
      </object_component>
      <object_component id="oc-50">
         <name>.debug_str</name>
         <load_address>0x2b50</load_address>
         <run_address>0x2b50</run_address>
         <size>0x1e6</size>
         <input_file_ref idref="fl-1f"/>
      </object_component>
      <object_component id="oc-3b">
         <name>.debug_str</name>
         <load_address>0x2d36</load_address>
         <run_address>0x2d36</run_address>
         <size>0x1b3</size>
         <input_file_ref idref="fl-20"/>
      </object_component>
      <object_component id="oc-33">
         <name>.debug_str</name>
         <load_address>0x2ee9</load_address>
         <run_address>0x2ee9</run_address>
         <size>0x220</size>
         <input_file_ref idref="fl-21"/>
      </object_component>
      <object_component id="oc-2e">
         <name>.debug_str</name>
         <load_address>0x3109</load_address>
         <run_address>0x3109</run_address>
         <size>0x270</size>
         <input_file_ref idref="fl-22"/>
      </object_component>
      <object_component id="oc-d0">
         <name>.debug_str</name>
         <load_address>0x3379</load_address>
         <run_address>0x3379</run_address>
         <size>0x18a</size>
         <input_file_ref idref="fl-24"/>
      </object_component>
      <object_component id="oc-d6">
         <name>.debug_str</name>
         <load_address>0x3503</load_address>
         <run_address>0x3503</run_address>
         <size>0x37a</size>
         <input_file_ref idref="fl-27"/>
      </object_component>
      <object_component id="oc-71">
         <name>.debug_str</name>
         <load_address>0x387d</load_address>
         <run_address>0x387d</run_address>
         <size>0x140</size>
         <input_file_ref idref="fl-28"/>
      </object_component>
      <object_component id="oc-105">
         <name>.debug_str</name>
         <load_address>0x39bd</load_address>
         <run_address>0x39bd</run_address>
         <size>0x19b</size>
         <input_file_ref idref="fl-66"/>
      </object_component>
      <object_component id="oc-7f">
         <name>.debug_frame</name>
         <load_address>0x0</load_address>
         <run_address>0x0</run_address>
         <size>0xec</size>
         <input_file_ref idref="fl-1"/>
      </object_component>
      <object_component id="oc-74">
         <name>.debug_frame</name>
         <load_address>0xec</load_address>
         <run_address>0xec</run_address>
         <size>0xf4</size>
         <input_file_ref idref="fl-2"/>
      </object_component>
      <object_component id="oc-83">
         <name>.debug_frame</name>
         <load_address>0x1e0</load_address>
         <run_address>0x1e0</run_address>
         <size>0x3b4</size>
         <input_file_ref idref="fl-3"/>
      </object_component>
      <object_component id="oc-5d">
         <name>.debug_frame</name>
         <load_address>0x594</load_address>
         <run_address>0x594</run_address>
         <size>0x98</size>
         <input_file_ref idref="fl-4"/>
      </object_component>
      <object_component id="oc-7b">
         <name>.debug_frame</name>
         <load_address>0x62c</load_address>
         <run_address>0x62c</run_address>
         <size>0xd0</size>
         <input_file_ref idref="fl-5"/>
      </object_component>
      <object_component id="oc-e2">
         <name>.debug_frame</name>
         <load_address>0x6fc</load_address>
         <run_address>0x6fc</run_address>
         <size>0x70</size>
         <input_file_ref idref="fl-6"/>
      </object_component>
      <object_component id="oc-29">
         <name>.debug_frame</name>
         <load_address>0x76c</load_address>
         <run_address>0x76c</run_address>
         <size>0x30</size>
         <input_file_ref idref="fl-7"/>
      </object_component>
      <object_component id="oc-42">
         <name>.debug_frame</name>
         <load_address>0x79c</load_address>
         <run_address>0x79c</run_address>
         <size>0x38</size>
         <input_file_ref idref="fl-1f"/>
      </object_component>
      <object_component id="oc-22">
         <name>.debug_frame</name>
         <load_address>0x7d4</load_address>
         <run_address>0x7d4</run_address>
         <size>0x28</size>
         <input_file_ref idref="fl-20"/>
      </object_component>
      <object_component id="oc-1e">
         <name>.debug_frame</name>
         <load_address>0x7fc</load_address>
         <run_address>0x7fc</run_address>
         <size>0x30</size>
         <input_file_ref idref="fl-21"/>
      </object_component>
      <object_component id="oc-45">
         <name>.debug_frame</name>
         <load_address>0x82c</load_address>
         <run_address>0x82c</run_address>
         <size>0x90</size>
         <input_file_ref idref="fl-22"/>
      </object_component>
      <object_component id="oc-93">
         <name>.debug_frame</name>
         <load_address>0x8bc</load_address>
         <run_address>0x8bc</run_address>
         <size>0x30</size>
         <input_file_ref idref="fl-24"/>
      </object_component>
      <object_component id="oc-9a">
         <name>.debug_frame</name>
         <load_address>0x8ec</load_address>
         <run_address>0x8ec</run_address>
         <size>0x100</size>
         <input_file_ref idref="fl-27"/>
      </object_component>
      <object_component id="oc-57">
         <name>.debug_frame</name>
         <load_address>0x9ec</load_address>
         <run_address>0x9ec</run_address>
         <size>0x20</size>
         <input_file_ref idref="fl-28"/>
      </object_component>
      <object_component id="oc-f2">
         <name>.debug_frame</name>
         <load_address>0xa0c</load_address>
         <run_address>0xa0c</run_address>
         <size>0x30</size>
         <input_file_ref idref="fl-66"/>
      </object_component>
      <object_component id="oc-80">
         <name>.debug_line</name>
         <load_address>0x0</load_address>
         <run_address>0x0</run_address>
         <size>0x635</size>
         <input_file_ref idref="fl-1"/>
      </object_component>
      <object_component id="oc-73">
         <name>.debug_line</name>
         <load_address>0x635</load_address>
         <run_address>0x635</run_address>
         <size>0x6bc</size>
         <input_file_ref idref="fl-2"/>
      </object_component>
      <object_component id="oc-85">
         <name>.debug_line</name>
         <load_address>0xcf1</load_address>
         <run_address>0xcf1</run_address>
         <size>0x14c6</size>
         <input_file_ref idref="fl-3"/>
      </object_component>
      <object_component id="oc-5b">
         <name>.debug_line</name>
         <load_address>0x21b7</load_address>
         <run_address>0x21b7</run_address>
         <size>0x331</size>
         <input_file_ref idref="fl-4"/>
      </object_component>
      <object_component id="oc-78">
         <name>.debug_line</name>
         <load_address>0x24e8</load_address>
         <run_address>0x24e8</run_address>
         <size>0x373</size>
         <input_file_ref idref="fl-5"/>
      </object_component>
      <object_component id="oc-e0">
         <name>.debug_line</name>
         <load_address>0x285b</load_address>
         <run_address>0x285b</run_address>
         <size>0x305</size>
         <input_file_ref idref="fl-6"/>
      </object_component>
      <object_component id="oc-27">
         <name>.debug_line</name>
         <load_address>0x2b60</load_address>
         <run_address>0x2b60</run_address>
         <size>0x73</size>
         <input_file_ref idref="fl-7"/>
      </object_component>
      <object_component id="oc-40">
         <name>.debug_line</name>
         <load_address>0x2bd3</load_address>
         <run_address>0x2bd3</run_address>
         <size>0xfa</size>
         <input_file_ref idref="fl-1f"/>
      </object_component>
      <object_component id="oc-23">
         <name>.debug_line</name>
         <load_address>0x2ccd</load_address>
         <run_address>0x2ccd</run_address>
         <size>0xb6</size>
         <input_file_ref idref="fl-20"/>
      </object_component>
      <object_component id="oc-1f">
         <name>.debug_line</name>
         <load_address>0x2d83</load_address>
         <run_address>0x2d83</run_address>
         <size>0x1b4</size>
         <input_file_ref idref="fl-21"/>
      </object_component>
      <object_component id="oc-2f">
         <name>.debug_line</name>
         <load_address>0x2f37</load_address>
         <run_address>0x2f37</run_address>
         <size>0x1fe</size>
         <input_file_ref idref="fl-22"/>
      </object_component>
      <object_component id="oc-92">
         <name>.debug_line</name>
         <load_address>0x3135</load_address>
         <run_address>0x3135</run_address>
         <size>0x6b</size>
         <input_file_ref idref="fl-24"/>
      </object_component>
      <object_component id="oc-9b">
         <name>.debug_line</name>
         <load_address>0x31a0</load_address>
         <run_address>0x31a0</run_address>
         <size>0x4ca</size>
         <input_file_ref idref="fl-27"/>
      </object_component>
      <object_component id="oc-58">
         <name>.debug_line</name>
         <load_address>0x366a</load_address>
         <run_address>0x366a</run_address>
         <size>0x3e</size>
         <input_file_ref idref="fl-28"/>
      </object_component>
      <object_component id="oc-ca">
         <name>.debug_line</name>
         <load_address>0x36a8</load_address>
         <run_address>0x36a8</run_address>
         <size>0xcc</size>
         <input_file_ref idref="fl-62"/>
      </object_component>
      <object_component id="oc-39">
         <name>.debug_line</name>
         <load_address>0x3774</load_address>
         <run_address>0x3774</run_address>
         <size>0xa4</size>
         <input_file_ref idref="fl-63"/>
      </object_component>
      <object_component id="oc-cd">
         <name>.debug_line</name>
         <load_address>0x3818</load_address>
         <run_address>0x3818</run_address>
         <size>0xc2</size>
         <input_file_ref idref="fl-65"/>
      </object_component>
      <object_component id="oc-f3">
         <name>.debug_line</name>
         <load_address>0x38da</load_address>
         <run_address>0x38da</run_address>
         <size>0xb7</size>
         <input_file_ref idref="fl-66"/>
      </object_component>
      <object_component id="oc-69">
         <name>.debug_line</name>
         <load_address>0x3991</load_address>
         <run_address>0x3991</run_address>
         <size>0xa0</size>
         <input_file_ref idref="fl-67"/>
      </object_component>
      <object_component id="oc-3e">
         <name>.debug_loc</name>
         <load_address>0x0</load_address>
         <run_address>0x0</run_address>
         <size>0x13b</size>
         <input_file_ref idref="fl-1f"/>
      </object_component>
      <object_component id="oc-3c">
         <name>.debug_loc</name>
         <load_address>0x13b</load_address>
         <run_address>0x13b</run_address>
         <size>0x6f</size>
         <input_file_ref idref="fl-20"/>
      </object_component>
      <object_component id="oc-34">
         <name>.debug_loc</name>
         <load_address>0x1aa</load_address>
         <run_address>0x1aa</run_address>
         <size>0xe8</size>
         <input_file_ref idref="fl-21"/>
      </object_component>
      <object_component id="oc-31">
         <name>.debug_loc</name>
         <load_address>0x292</load_address>
         <run_address>0x292</run_address>
         <size>0xd8</size>
         <input_file_ref idref="fl-22"/>
      </object_component>
      <object_component id="oc-95">
         <name>.debug_loc</name>
         <load_address>0x36a</load_address>
         <run_address>0x36a</run_address>
         <size>0x26</size>
         <input_file_ref idref="fl-24"/>
      </object_component>
      <object_component id="oc-97">
         <name>.debug_loc</name>
         <load_address>0x390</load_address>
         <run_address>0x390</run_address>
         <size>0x558</size>
         <input_file_ref idref="fl-27"/>
      </object_component>
      <object_component id="oc-106">
         <name>.debug_loc</name>
         <load_address>0x8e8</load_address>
         <run_address>0x8e8</run_address>
         <size>0x20</size>
         <input_file_ref idref="fl-66"/>
      </object_component>
      <object_component id="oc-c8">
         <name>.debug_aranges</name>
         <load_address>0x0</load_address>
         <run_address>0x0</run_address>
         <size>0x20</size>
         <input_file_ref idref="fl-62"/>
      </object_component>
      <object_component id="oc-38">
         <name>.debug_aranges</name>
         <load_address>0x20</load_address>
         <run_address>0x20</run_address>
         <size>0x20</size>
         <input_file_ref idref="fl-63"/>
      </object_component>
      <object_component id="oc-cc">
         <name>.debug_aranges</name>
         <load_address>0x40</load_address>
         <run_address>0x40</run_address>
         <size>0x20</size>
         <input_file_ref idref="fl-65"/>
      </object_component>
      <object_component id="oc-6b">
         <name>.debug_aranges</name>
         <load_address>0x60</load_address>
         <run_address>0x60</run_address>
         <size>0x28</size>
         <input_file_ref idref="fl-67"/>
      </object_component>
   </object_component_list>
   <logical_group_list>
      <logical_group id="lg-2" display="no" color="cyan">
         <name>.intvecs</name>
         <load_address>0x0</load_address>
         <run_address>0x0</run_address>
         <size>0xc0</size>
         <contents>
            <object_component_ref idref="oc-18"/>
         </contents>
      </logical_group>
      <logical_group id="lg-3" display="no" color="cyan">
         <name>.text</name>
         <load_address>0xc0</load_address>
         <run_address>0xc0</run_address>
         <size>0x1160</size>
         <contents>
            <object_component_ref idref="oc-87"/>
            <object_component_ref idref="oc-c1"/>
            <object_component_ref idref="oc-72"/>
            <object_component_ref idref="oc-bb"/>
            <object_component_ref idref="oc-ff"/>
            <object_component_ref idref="oc-7c"/>
            <object_component_ref idref="oc-be"/>
            <object_component_ref idref="oc-bf"/>
            <object_component_ref idref="oc-dd"/>
            <object_component_ref idref="oc-ef"/>
            <object_component_ref idref="oc-59"/>
            <object_component_ref idref="oc-89"/>
            <object_component_ref idref="oc-b8"/>
            <object_component_ref idref="oc-ec"/>
            <object_component_ref idref="oc-77"/>
            <object_component_ref idref="oc-c0"/>
            <object_component_ref idref="oc-1c"/>
            <object_component_ref idref="oc-c7"/>
            <object_component_ref idref="oc-de"/>
            <object_component_ref idref="oc-88"/>
            <object_component_ref idref="oc-108"/>
            <object_component_ref idref="oc-cb"/>
            <object_component_ref idref="oc-96"/>
            <object_component_ref idref="oc-b2"/>
            <object_component_ref idref="oc-8b"/>
            <object_component_ref idref="oc-e3"/>
            <object_component_ref idref="oc-8a"/>
            <object_component_ref idref="oc-e4"/>
            <object_component_ref idref="oc-dc"/>
            <object_component_ref idref="oc-86"/>
            <object_component_ref idref="oc-46"/>
            <object_component_ref idref="oc-ed"/>
            <object_component_ref idref="oc-3d"/>
            <object_component_ref idref="oc-68"/>
            <object_component_ref idref="oc-20"/>
            <object_component_ref idref="oc-b5"/>
            <object_component_ref idref="oc-107"/>
            <object_component_ref idref="oc-81"/>
            <object_component_ref idref="oc-36"/>
            <object_component_ref idref="oc-2a"/>
            <object_component_ref idref="oc-26"/>
            <object_component_ref idref="oc-55"/>
            <object_component_ref idref="oc-8f"/>
         </contents>
      </logical_group>
      <logical_group id="lg-4" display="no" color="cyan">
         <name>.const</name>
         <run_address>0x0</run_address>
         <size>0x0</size>
         <contents>
         </contents>
      </logical_group>
      <logical_group id="lg-5" display="no" color="cyan">
         <name>.cinit</name>
         <load_address>0x17d0</load_address>
         <run_address>0x17d0</run_address>
         <size>0x38</size>
         <contents>
            <object_component_ref idref="oc-144"/>
            <object_component_ref idref="oc-142"/>
            <object_component_ref idref="oc-145"/>
            <object_component_ref idref="oc-143"/>
         </contents>
      </logical_group>
      <logical_group id="lg-6" display="no" color="cyan">
         <name>.pinit</name>
         <run_address>0x0</run_address>
         <size>0x0</size>
         <contents>
         </contents>
      </logical_group>
      <logical_group id="lg-7" display="no" color="cyan">
         <name>.rodata</name>
         <load_address>0x1220</load_address>
         <run_address>0x1220</run_address>
         <size>0x5b0</size>
         <contents>
            <object_component_ref idref="oc-ee"/>
            <object_component_ref idref="oc-e5"/>
            <object_component_ref idref="oc-8c"/>
            <object_component_ref idref="oc-ea"/>
            <object_component_ref idref="oc-e7"/>
            <object_component_ref idref="oc-e6"/>
         </contents>
      </logical_group>
      <logical_group id="lg-8" display="no" color="cyan">
         <name>.ARM.exidx</name>
         <run_address>0x0</run_address>
         <size>0x0</size>
         <contents>
         </contents>
      </logical_group>
      <logical_group id="lg-9" display="no" color="cyan">
         <name>.init_array</name>
         <run_address>0x0</run_address>
         <size>0x0</size>
         <contents>
         </contents>
      </logical_group>
      <logical_group id="lg-a" display="no" color="cyan">
         <name>.binit</name>
         <load_address>0x0</load_address>
         <run_address>0x0</run_address>
         <size>0x0</size>
         <contents>
            <object_component_ref idref="oc-10f"/>
         </contents>
      </logical_group>
      <logical_group id="lg-b" display="no" color="cyan">
         <name>.TI.ramfunc</name>
         <run_address>0x0</run_address>
         <size>0x0</size>
         <contents>
         </contents>
      </logical_group>
      <logical_group id="lg-c" display="no" color="cyan">
         <name>.vtable</name>
         <run_address>0x0</run_address>
         <size>0x0</size>
         <contents>
         </contents>
      </logical_group>
      <logical_group id="lg-d" display="no" color="cyan">
         <name>.args</name>
         <run_address>0x0</run_address>
         <size>0x0</size>
         <contents>
         </contents>
      </logical_group>
      <logical_group id="lg-e" display="no" color="cyan">
         <name>.data</name>
         <run_address>0x20200014</run_address>
         <size>0x12</size>
         <contents>
            <object_component_ref idref="oc-af"/>
            <object_component_ref idref="oc-102"/>
            <object_component_ref idref="oc-103"/>
            <object_component_ref idref="oc-eb"/>
            <object_component_ref idref="oc-bc"/>
            <object_component_ref idref="oc-bd"/>
         </contents>
      </logical_group>
      <logical_group id="lg-f" display="no" color="cyan">
         <name>.bss</name>
         <run_address>0x20200000</run_address>
         <size>0x14</size>
         <contents>
            <object_component_ref idref="oc-e8"/>
            <object_component_ref idref="oc-e9"/>
            <object_component_ref idref="oc-c2"/>
            <object_component_ref idref="oc-c3"/>
            <object_component_ref idref="oc-c4"/>
            <object_component_ref idref="oc-c5"/>
            <object_component_ref idref="oc-c6"/>
         </contents>
      </logical_group>
      <logical_group id="lg-10" display="no" color="cyan">
         <name>.sysmem</name>
         <run_address>0x0</run_address>
         <size>0x0</size>
         <contents>
         </contents>
      </logical_group>
      <logical_group id="lg-11" display="no" color="cyan">
         <name>.stack</name>
         <run_address>0x20207e00</run_address>
         <size>0x200</size>
         <contents>
            <object_component_ref idref="oc-1a"/>
            <object_component_ref idref="oc-147"/>
         </contents>
      </logical_group>
      <logical_group id="lg-12" display="no" color="cyan">
         <name>.BCRConfig</name>
         <run_address>0x0</run_address>
         <size>0x0</size>
         <contents>
         </contents>
      </logical_group>
      <logical_group id="lg-13" display="no" color="cyan">
         <name>.BSLConfig</name>
         <run_address>0x0</run_address>
         <size>0x0</size>
         <contents>
         </contents>
      </logical_group>
      <logical_group id="lg-109" display="no" color="cyan">
         <name>.TI.noinit</name>
         <run_address>0x0</run_address>
         <size>0x0</size>
         <contents>
         </contents>
      </logical_group>
      <logical_group id="lg-10a" display="no" color="cyan">
         <name>.TI.persistent</name>
         <run_address>0x0</run_address>
         <size>0x0</size>
         <contents>
         </contents>
      </logical_group>
      <logical_group id="lg-10b" display="no" color="cyan">
         <name>__llvm_prf_cnts</name>
         <run_address>0x20200000</run_address>
         <size>0x0</size>
         <contents>
         </contents>
      </logical_group>
      <logical_group id="lg-10d" display="no" color="cyan">
         <name>__llvm_prf_bits</name>
         <run_address>0x20200000</run_address>
         <size>0x0</size>
         <contents>
         </contents>
      </logical_group>
      <logical_group id="lg-126" display="never" color="cyan">
         <name>.debug_abbrev</name>
         <load_address>0x0</load_address>
         <run_address>0x0</run_address>
         <size>0xd31</size>
         <contents>
            <object_component_ref idref="oc-b6"/>
            <object_component_ref idref="oc-b0"/>
            <object_component_ref idref="oc-b9"/>
            <object_component_ref idref="oc-8d"/>
            <object_component_ref idref="oc-b3"/>
            <object_component_ref idref="oc-100"/>
            <object_component_ref idref="oc-2b"/>
            <object_component_ref idref="oc-4f"/>
            <object_component_ref idref="oc-3a"/>
            <object_component_ref idref="oc-32"/>
            <object_component_ref idref="oc-2d"/>
            <object_component_ref idref="oc-cf"/>
            <object_component_ref idref="oc-d5"/>
            <object_component_ref idref="oc-70"/>
            <object_component_ref idref="oc-f4"/>
            <object_component_ref idref="oc-4e"/>
            <object_component_ref idref="oc-f5"/>
            <object_component_ref idref="oc-104"/>
            <object_component_ref idref="oc-a8"/>
            <object_component_ref idref="oc-149"/>
         </contents>
      </logical_group>
      <logical_group id="lg-128" display="never" color="cyan">
         <name>.debug_info</name>
         <load_address>0x0</load_address>
         <run_address>0x0</run_address>
         <size>0x7253</size>
         <contents>
            <object_component_ref idref="oc-7d"/>
            <object_component_ref idref="oc-76"/>
            <object_component_ref idref="oc-82"/>
            <object_component_ref idref="oc-5c"/>
            <object_component_ref idref="oc-79"/>
            <object_component_ref idref="oc-e1"/>
            <object_component_ref idref="oc-19"/>
            <object_component_ref idref="oc-3f"/>
            <object_component_ref idref="oc-21"/>
            <object_component_ref idref="oc-1d"/>
            <object_component_ref idref="oc-1b"/>
            <object_component_ref idref="oc-91"/>
            <object_component_ref idref="oc-98"/>
            <object_component_ref idref="oc-56"/>
            <object_component_ref idref="oc-c9"/>
            <object_component_ref idref="oc-37"/>
            <object_component_ref idref="oc-ce"/>
            <object_component_ref idref="oc-f1"/>
            <object_component_ref idref="oc-6a"/>
            <object_component_ref idref="oc-148"/>
         </contents>
      </logical_group>
      <logical_group id="lg-12a" display="never" color="cyan">
         <name>.debug_ranges</name>
         <load_address>0x0</load_address>
         <run_address>0x0</run_address>
         <size>0x418</size>
         <contents>
            <object_component_ref idref="oc-7e"/>
            <object_component_ref idref="oc-75"/>
            <object_component_ref idref="oc-84"/>
            <object_component_ref idref="oc-5a"/>
            <object_component_ref idref="oc-7a"/>
            <object_component_ref idref="oc-df"/>
            <object_component_ref idref="oc-28"/>
            <object_component_ref idref="oc-41"/>
            <object_component_ref idref="oc-35"/>
            <object_component_ref idref="oc-30"/>
            <object_component_ref idref="oc-90"/>
            <object_component_ref idref="oc-99"/>
            <object_component_ref idref="oc-f0"/>
            <object_component_ref idref="oc-6c"/>
         </contents>
      </logical_group>
      <logical_group id="lg-12c" display="never" color="cyan">
         <name>.debug_str</name>
         <load_address>0x0</load_address>
         <run_address>0x0</run_address>
         <size>0x3b58</size>
         <contents>
            <object_component_ref idref="oc-b7"/>
            <object_component_ref idref="oc-b1"/>
            <object_component_ref idref="oc-ba"/>
            <object_component_ref idref="oc-8e"/>
            <object_component_ref idref="oc-b4"/>
            <object_component_ref idref="oc-101"/>
            <object_component_ref idref="oc-2c"/>
            <object_component_ref idref="oc-50"/>
            <object_component_ref idref="oc-3b"/>
            <object_component_ref idref="oc-33"/>
            <object_component_ref idref="oc-2e"/>
            <object_component_ref idref="oc-d0"/>
            <object_component_ref idref="oc-d6"/>
            <object_component_ref idref="oc-71"/>
            <object_component_ref idref="oc-105"/>
         </contents>
      </logical_group>
      <logical_group id="lg-12e" display="never" color="cyan">
         <name>.debug_frame</name>
         <load_address>0x0</load_address>
         <run_address>0x0</run_address>
         <size>0xa3c</size>
         <contents>
            <object_component_ref idref="oc-7f"/>
            <object_component_ref idref="oc-74"/>
            <object_component_ref idref="oc-83"/>
            <object_component_ref idref="oc-5d"/>
            <object_component_ref idref="oc-7b"/>
            <object_component_ref idref="oc-e2"/>
            <object_component_ref idref="oc-29"/>
            <object_component_ref idref="oc-42"/>
            <object_component_ref idref="oc-22"/>
            <object_component_ref idref="oc-1e"/>
            <object_component_ref idref="oc-45"/>
            <object_component_ref idref="oc-93"/>
            <object_component_ref idref="oc-9a"/>
            <object_component_ref idref="oc-57"/>
            <object_component_ref idref="oc-f2"/>
         </contents>
      </logical_group>
      <logical_group id="lg-130" display="never" color="cyan">
         <name>.debug_line</name>
         <load_address>0x0</load_address>
         <run_address>0x0</run_address>
         <size>0x3a31</size>
         <contents>
            <object_component_ref idref="oc-80"/>
            <object_component_ref idref="oc-73"/>
            <object_component_ref idref="oc-85"/>
            <object_component_ref idref="oc-5b"/>
            <object_component_ref idref="oc-78"/>
            <object_component_ref idref="oc-e0"/>
            <object_component_ref idref="oc-27"/>
            <object_component_ref idref="oc-40"/>
            <object_component_ref idref="oc-23"/>
            <object_component_ref idref="oc-1f"/>
            <object_component_ref idref="oc-2f"/>
            <object_component_ref idref="oc-92"/>
            <object_component_ref idref="oc-9b"/>
            <object_component_ref idref="oc-58"/>
            <object_component_ref idref="oc-ca"/>
            <object_component_ref idref="oc-39"/>
            <object_component_ref idref="oc-cd"/>
            <object_component_ref idref="oc-f3"/>
            <object_component_ref idref="oc-69"/>
         </contents>
      </logical_group>
      <logical_group id="lg-132" display="never" color="cyan">
         <name>.debug_loc</name>
         <load_address>0x0</load_address>
         <run_address>0x0</run_address>
         <size>0x908</size>
         <contents>
            <object_component_ref idref="oc-3e"/>
            <object_component_ref idref="oc-3c"/>
            <object_component_ref idref="oc-34"/>
            <object_component_ref idref="oc-31"/>
            <object_component_ref idref="oc-95"/>
            <object_component_ref idref="oc-97"/>
            <object_component_ref idref="oc-106"/>
         </contents>
      </logical_group>
      <logical_group id="lg-13c" display="never" color="cyan">
         <name>.debug_aranges</name>
         <load_address>0x0</load_address>
         <run_address>0x0</run_address>
         <size>0x88</size>
         <contents>
            <object_component_ref idref="oc-c8"/>
            <object_component_ref idref="oc-38"/>
            <object_component_ref idref="oc-cc"/>
            <object_component_ref idref="oc-6b"/>
         </contents>
      </logical_group>
      <logical_group id="lg-146" display="no" color="cyan">
         <name>Veneer$$CMSE</name>
         <run_address>0x0</run_address>
         <size>0x0</size>
         <contents>
         </contents>
      </logical_group>
      <load_segment id="lg-14f" display="no" color="cyan">
         <name>SEGMENT_0</name>
         <load_address>0x0</load_address>
         <run_address>0x0</run_address>
         <size>0x1808</size>
         <flags>0x5</flags>
         <contents>
            <logical_group_ref idref="lg-2"/>
            <logical_group_ref idref="lg-3"/>
            <logical_group_ref idref="lg-7"/>
            <logical_group_ref idref="lg-5"/>
         </contents>
      </load_segment>
      <load_segment id="lg-150" display="no" color="cyan">
         <name>SEGMENT_1</name>
         <run_address>0x20200000</run_address>
         <size>0x26</size>
         <flags>0x6</flags>
         <contents>
            <logical_group_ref idref="lg-f"/>
            <logical_group_ref idref="lg-e"/>
         </contents>
      </load_segment>
      <load_segment id="lg-151" display="no" color="cyan">
         <name>SEGMENT_2</name>
         <run_address>0x20207e00</run_address>
         <size>0x200</size>
         <flags>0x6</flags>
         <contents>
            <logical_group_ref idref="lg-11"/>
         </contents>
      </load_segment>
   </logical_group_list>
   <placement_map>
      <memory_area display="yes" color="green">
         <name>FLASH</name>
         <page_id>0x0</page_id>
         <origin>0x0</origin>
         <length>0x20000</length>
         <used_space>0x1808</used_space>
         <unused_space>0x1e7f8</unused_space>
         <attributes>RX</attributes>
         <usage_details>
            <allocated_space>
               <start_address>0x0</start_address>
               <size>0x0</size>
               <logical_group_ref idref="lg-a"/>
            </allocated_space>
            <allocated_space>
               <start_address>0x0</start_address>
               <size>0xc0</size>
               <logical_group_ref idref="lg-2"/>
            </allocated_space>
            <allocated_space>
               <start_address>0xc0</start_address>
               <size>0x1160</size>
               <logical_group_ref idref="lg-3"/>
            </allocated_space>
            <allocated_space>
               <start_address>0x1220</start_address>
               <size>0x5b0</size>
               <logical_group_ref idref="lg-7"/>
            </allocated_space>
            <allocated_space>
               <start_address>0x17d0</start_address>
               <size>0x38</size>
               <logical_group_ref idref="lg-5"/>
            </allocated_space>
            <available_space>
               <start_address>0x1808</start_address>
               <size>0x1e7f8</size>
            </available_space>
         </usage_details>
      </memory_area>
      <memory_area display="yes" color="green">
         <name>SRAM</name>
         <page_id>0x0</page_id>
         <origin>0x20200000</origin>
         <length>0x8000</length>
         <used_space>0x226</used_space>
         <unused_space>0x7dda</unused_space>
         <attributes>RWX</attributes>
         <usage_details>
            <allocated_space>
               <start_address>0x20200000</start_address>
               <size>0x0</size>
               <logical_group_ref idref="lg-10b"/>
            </allocated_space>
            <allocated_space>
               <start_address>0x20200000</start_address>
               <size>0x0</size>
               <logical_group_ref idref="lg-10d"/>
            </allocated_space>
            <allocated_space>
               <start_address>0x20200000</start_address>
               <size>0x14</size>
               <logical_group_ref idref="lg-f"/>
            </allocated_space>
            <allocated_space>
               <start_address>0x20200014</start_address>
               <size>0x12</size>
               <logical_group_ref idref="lg-e"/>
            </allocated_space>
            <available_space>
               <start_address>0x20200026</start_address>
               <size>0x7dda</size>
            </available_space>
            <allocated_space>
               <start_address>0x20207e00</start_address>
               <size>0x200</size>
               <logical_group_ref idref="lg-11"/>
            </allocated_space>
         </usage_details>
      </memory_area>
      <memory_area display="yes" color="green">
         <name>BCR_CONFIG</name>
         <page_id>0x0</page_id>
         <origin>0x41c00000</origin>
         <length>0x80</length>
         <used_space>0x0</used_space>
         <unused_space>0x80</unused_space>
         <attributes>R</attributes>
         <usage_details>
         </usage_details>
      </memory_area>
      <memory_area display="yes" color="green">
         <name>BSL_CONFIG</name>
         <page_id>0x0</page_id>
         <origin>0x41c00100</origin>
         <length>0x80</length>
         <used_space>0x0</used_space>
         <unused_space>0x80</unused_space>
         <attributes>R</attributes>
         <usage_details>
         </usage_details>
      </memory_area>
   </placement_map>
   <cptbl_list>
      <cptbl>
         <name>__TI_cinit_table</name>
         <cprec>
            <name>.data</name>
            <load_address>0x17d0</load_address>
            <load_size>0x12</load_size>
            <run_address>0x20200014</run_address>
            <run_size>0x12</run_size>
            <compression>lzss</compression>
         </cprec>
         <cprec>
            <name>.bss</name>
            <load_address>0x17f0</load_address>
            <load_size>0x8</load_size>
            <run_address>0x20200000</run_address>
            <run_size>0x14</run_size>
            <compression>zero_init</compression>
         </cprec>
      </cptbl>
   </cptbl_list>
   <handler_table>
      <handler_table_name>__TI_handler_table</handler_table_name>
      <handler>
         <index>0x0</index>
         <name>__TI_decompress_lzss</name>
      </handler>
      <handler>
         <index>0x1</index>
         <name>__TI_decompress_none</name>
      </handler>
      <handler>
         <index>0x2</index>
         <name>__TI_zero_init</name>
      </handler>
   </handler_table>
   <symbol_table>
      <symbol id="sm-1">
         <name>__start___llvm_prf_cnts</name>
         <value>0x20200000</value>
      </symbol>
      <symbol id="sm-2">
         <name>__stop___llvm_prf_cnts</name>
         <value>0x20200000</value>
      </symbol>
      <symbol id="sm-3">
         <name>__start___llvm_prf_bits</name>
         <value>0x20200000</value>
      </symbol>
      <symbol id="sm-4">
         <name>__stop___llvm_prf_bits</name>
         <value>0x20200000</value>
      </symbol>
      <symbol id="sm-5">
         <name>__TI_CINIT_Base</name>
         <value>0x17f8</value>
      </symbol>
      <symbol id="sm-6">
         <name>__TI_CINIT_Limit</name>
         <value>0x1808</value>
      </symbol>
      <symbol id="sm-7">
         <name>__TI_CINIT_Warm</name>
         <value>0x1808</value>
      </symbol>
      <symbol id="sm-8">
         <name>__TI_Handler_Table_Base</name>
         <value>0x17e4</value>
      </symbol>
      <symbol id="sm-9">
         <name>__TI_Handler_Table_Limit</name>
         <value>0x17f0</value>
      </symbol>
      <symbol id="sm-a">
         <name>binit</name>
         <value>0xffffffff</value>
      </symbol>
      <symbol id="sm-b">
         <name>__binit__</name>
         <value>0xffffffff</value>
      </symbol>
      <symbol id="sm-c">
         <name>__STACK_SIZE</name>
         <value>0x200</value>
      </symbol>
      <symbol id="sm-d">
         <name>__STACK_END</name>
         <value>0x20208000</value>
      </symbol>
      <symbol id="sm-e">
         <name>__TI_pprof_out_hndl</name>
         <value>0xffffffff</value>
      </symbol>
      <symbol id="sm-f">
         <name>__TI_prof_data_start</name>
         <value>0xffffffff</value>
      </symbol>
      <symbol id="sm-10">
         <name>__TI_prof_data_size</name>
         <value>0xffffffff</value>
      </symbol>
      <symbol id="sm-3c">
         <name>ADC0_Init</name>
         <value>0x7c5</value>
         <object_component_ref idref="oc-7c"/>
      </symbol>
      <symbol id="sm-3d">
         <name>ADC0_In</name>
         <value>0xef5</value>
         <object_component_ref idref="oc-88"/>
      </symbol>
      <symbol id="sm-50">
         <name>Clock_Freq</name>
         <value>0x11f1</value>
         <object_component_ref idref="oc-107"/>
      </symbol>
      <symbol id="sm-51">
         <name>BusFreq</name>
         <value>0x20200014</value>
         <object_component_ref idref="oc-af"/>
      </symbol>
      <symbol id="sm-52">
         <name>Clock_Init40MHz</name>
         <value>0x481</value>
         <object_component_ref idref="oc-72"/>
      </symbol>
      <symbol id="sm-53">
         <name>Clock_Delay</name>
         <value>0x11df</value>
         <object_component_ref idref="oc-b5"/>
      </symbol>
      <symbol id="sm-54">
         <name>Clock_Delay1ms</name>
         <value>0x109d</value>
         <object_component_ref idref="oc-8a"/>
      </symbol>
      <symbol id="sm-9f">
         <name>LCD_Init</name>
         <value>0x11fd</value>
         <object_component_ref idref="oc-81"/>
      </symbol>
      <symbol id="sm-a0">
         <name>LCD_SetCursor</name>
         <value>0x10d1</value>
         <object_component_ref idref="oc-e4"/>
      </symbol>
      <symbol id="sm-a1">
         <name>LCD_FillScreen</name>
         <value>0x1135</value>
         <object_component_ref idref="oc-86"/>
      </symbol>
      <symbol id="sm-a2">
         <name>StTextColor</name>
         <value>0x20200020</value>
         <object_component_ref idref="oc-eb"/>
      </symbol>
      <symbol id="sm-a3">
         <name>LCD_DrawPixel</name>
         <value>0xd7d</value>
         <object_component_ref idref="oc-c0"/>
      </symbol>
      <symbol id="sm-a4">
         <name>LCD_DrawFastVLine</name>
         <value>0x969</value>
         <object_component_ref idref="oc-bf"/>
      </symbol>
      <symbol id="sm-a5">
         <name>LCD_DrawFastHLine</name>
         <value>0x8b9</value>
         <object_component_ref idref="oc-be"/>
      </symbol>
      <symbol id="sm-a6">
         <name>LCD_FillRect</name>
         <value>0x5b5</value>
         <object_component_ref idref="oc-bb"/>
      </symbol>
      <symbol id="sm-a7">
         <name>LCD_DrawChar</name>
         <value>0x2d9</value>
         <object_component_ref idref="oc-c1"/>
      </symbol>
      <symbol id="sm-a8">
         <name>StX</name>
         <value>0x20200018</value>
         <object_component_ref idref="oc-102"/>
      </symbol>
      <symbol id="sm-a9">
         <name>StY</name>
         <value>0x2020001c</value>
         <object_component_ref idref="oc-103"/>
      </symbol>
      <symbol id="sm-aa">
         <name>LCD_Drawaxes</name>
         <value>0xc1</value>
         <object_component_ref idref="oc-87"/>
      </symbol>
      <symbol id="sm-ab">
         <name>Ymax</name>
         <value>0x20200004</value>
      </symbol>
      <symbol id="sm-ac">
         <name>Ymin</name>
         <value>0x20200008</value>
      </symbol>
      <symbol id="sm-ad">
         <name>Yrange</name>
         <value>0x2020000c</value>
      </symbol>
      <symbol id="sm-ae">
         <name>TimeIndex</name>
         <value>0x20200000</value>
      </symbol>
      <symbol id="sm-af">
         <name>PlotBGColor</name>
         <value>0x20200010</value>
      </symbol>
      <symbol id="sm-b0">
         <name>LCD_PlotPoint</name>
         <value>0xb59</value>
         <object_component_ref idref="oc-89"/>
      </symbol>
      <symbol id="sm-b1">
         <name>LCD_PlotIncrement</name>
         <value>0x102d</value>
         <object_component_ref idref="oc-8b"/>
      </symbol>
      <symbol id="sm-bc">
         <name>main</name>
         <value>0xabd</value>
         <object_component_ref idref="oc-59"/>
      </symbol>
      <symbol id="sm-c9">
         <name>ActivatePortA_B</name>
         <value>0xff5</value>
         <object_component_ref idref="oc-b2"/>
      </symbol>
      <symbol id="sm-ca">
         <name>LaunchPad_Init</name>
         <value>0xd01</value>
         <object_component_ref idref="oc-77"/>
      </symbol>
      <symbol id="sm-dd">
         <name>SPI_Init</name>
         <value>0x6cd</value>
         <object_component_ref idref="oc-ff"/>
      </symbol>
      <symbol id="sm-de">
         <name>SPI_Reset</name>
         <value>0xf39</value>
         <object_component_ref idref="oc-108"/>
      </symbol>
      <symbol id="sm-df">
         <name>SPI_OutData</name>
         <value>0x1065</value>
         <object_component_ref idref="oc-e3"/>
      </symbol>
      <symbol id="sm-e0">
         <name>SPI_OutCommand</name>
         <value>0xead</value>
         <object_component_ref idref="oc-de"/>
      </symbol>
      <symbol id="sm-eb">
         <name>Default_Handler</name>
         <value>0x1211</value>
         <object_component_ref idref="oc-2a"/>
      </symbol>
      <symbol id="sm-ec">
         <name>Reset_Handler</name>
         <value>0x1215</value>
         <object_component_ref idref="oc-26"/>
      </symbol>
      <symbol id="sm-ed">
         <name>interruptVectors</name>
         <value>0x0</value>
         <object_component_ref idref="oc-18"/>
      </symbol>
      <symbol id="sm-ee">
         <name>NMI_Handler</name>
         <value>0x1211</value>
         <object_component_ref idref="oc-2a"/>
      </symbol>
      <symbol id="sm-ef">
         <name>HardFault_Handler</name>
         <value>0x1211</value>
         <object_component_ref idref="oc-2a"/>
      </symbol>
      <symbol id="sm-f0">
         <name>SVC_Handler</name>
         <value>0x1211</value>
         <object_component_ref idref="oc-2a"/>
      </symbol>
      <symbol id="sm-f1">
         <name>PendSV_Handler</name>
         <value>0x1211</value>
         <object_component_ref idref="oc-2a"/>
      </symbol>
      <symbol id="sm-f2">
         <name>SysTick_Handler</name>
         <value>0x1211</value>
         <object_component_ref idref="oc-2a"/>
      </symbol>
      <symbol id="sm-f3">
         <name>GROUP0_IRQHandler</name>
         <value>0x1211</value>
         <object_component_ref idref="oc-2a"/>
      </symbol>
      <symbol id="sm-f4">
         <name>GROUP1_IRQHandler</name>
         <value>0x1211</value>
         <object_component_ref idref="oc-2a"/>
      </symbol>
      <symbol id="sm-f5">
         <name>TIMG8_IRQHandler</name>
         <value>0x1211</value>
         <object_component_ref idref="oc-2a"/>
      </symbol>
      <symbol id="sm-f6">
         <name>UART3_IRQHandler</name>
         <value>0x1211</value>
         <object_component_ref idref="oc-2a"/>
      </symbol>
      <symbol id="sm-f7">
         <name>ADC0_IRQHandler</name>
         <value>0x1211</value>
         <object_component_ref idref="oc-2a"/>
      </symbol>
      <symbol id="sm-f8">
         <name>ADC1_IRQHandler</name>
         <value>0x1211</value>
         <object_component_ref idref="oc-2a"/>
      </symbol>
      <symbol id="sm-f9">
         <name>CANFD0_IRQHandler</name>
         <value>0x1211</value>
         <object_component_ref idref="oc-2a"/>
      </symbol>
      <symbol id="sm-fa">
         <name>DAC0_IRQHandler</name>
         <value>0x1211</value>
         <object_component_ref idref="oc-2a"/>
      </symbol>
      <symbol id="sm-fb">
         <name>SPI0_IRQHandler</name>
         <value>0x1211</value>
         <object_component_ref idref="oc-2a"/>
      </symbol>
      <symbol id="sm-fc">
         <name>SPI1_IRQHandler</name>
         <value>0x1211</value>
         <object_component_ref idref="oc-2a"/>
      </symbol>
      <symbol id="sm-fd">
         <name>UART1_IRQHandler</name>
         <value>0x1211</value>
         <object_component_ref idref="oc-2a"/>
      </symbol>
      <symbol id="sm-fe">
         <name>UART2_IRQHandler</name>
         <value>0x1211</value>
         <object_component_ref idref="oc-2a"/>
      </symbol>
      <symbol id="sm-ff">
         <name>UART0_IRQHandler</name>
         <value>0x1211</value>
         <object_component_ref idref="oc-2a"/>
      </symbol>
      <symbol id="sm-100">
         <name>TIMG0_IRQHandler</name>
         <value>0x1211</value>
         <object_component_ref idref="oc-2a"/>
      </symbol>
      <symbol id="sm-101">
         <name>TIMG6_IRQHandler</name>
         <value>0x1211</value>
         <object_component_ref idref="oc-2a"/>
      </symbol>
      <symbol id="sm-102">
         <name>TIMA0_IRQHandler</name>
         <value>0x1211</value>
         <object_component_ref idref="oc-2a"/>
      </symbol>
      <symbol id="sm-103">
         <name>TIMA1_IRQHandler</name>
         <value>0x1211</value>
         <object_component_ref idref="oc-2a"/>
      </symbol>
      <symbol id="sm-104">
         <name>TIMG7_IRQHandler</name>
         <value>0x1211</value>
         <object_component_ref idref="oc-2a"/>
      </symbol>
      <symbol id="sm-105">
         <name>TIMG12_IRQHandler</name>
         <value>0x1211</value>
         <object_component_ref idref="oc-2a"/>
      </symbol>
      <symbol id="sm-106">
         <name>I2C0_IRQHandler</name>
         <value>0x1211</value>
         <object_component_ref idref="oc-2a"/>
      </symbol>
      <symbol id="sm-107">
         <name>I2C1_IRQHandler</name>
         <value>0x1211</value>
         <object_component_ref idref="oc-2a"/>
      </symbol>
      <symbol id="sm-108">
         <name>AES_IRQHandler</name>
         <value>0x1211</value>
         <object_component_ref idref="oc-2a"/>
      </symbol>
      <symbol id="sm-109">
         <name>RTC_IRQHandler</name>
         <value>0x1211</value>
         <object_component_ref idref="oc-2a"/>
      </symbol>
      <symbol id="sm-10a">
         <name>DMA_IRQHandler</name>
         <value>0x1211</value>
         <object_component_ref idref="oc-2a"/>
      </symbol>
      <symbol id="sm-114">
         <name>__TI_zero_init_nomemset</name>
         <value>0x11a7</value>
         <object_component_ref idref="oc-3d"/>
      </symbol>
      <symbol id="sm-11d">
         <name>__TI_decompress_none</name>
         <value>0x11cd</value>
         <object_component_ref idref="oc-20"/>
      </symbol>
      <symbol id="sm-128">
         <name>__TI_decompress_lzss</name>
         <value>0xded</value>
         <object_component_ref idref="oc-1c"/>
      </symbol>
      <symbol id="sm-133">
         <name>_c_int00_noargs</name>
         <value>0x1161</value>
         <object_component_ref idref="oc-46"/>
      </symbol>
      <symbol id="sm-134">
         <name>__stack</name>
         <value>0x20207e00</value>
         <object_component_ref idref="oc-1a"/>
      </symbol>
      <symbol id="sm-13f">
         <name>abort</name>
         <value>0x121d</value>
         <object_component_ref idref="oc-8f"/>
      </symbol>
      <symbol id="sm-140">
         <name>C$$EXIT</name>
         <value>0x121c</value>
         <object_component_ref idref="oc-8f"/>
      </symbol>
      <symbol id="sm-14d">
         <name>__TI_auto_init_nobinit_nopinit</name>
         <value>0xfb9</value>
         <object_component_ref idref="oc-96"/>
      </symbol>
      <symbol id="sm-155">
         <name>_system_pre_init</name>
         <value>0x1219</value>
         <object_component_ref idref="oc-55"/>
      </symbol>
      <symbol id="sm-15c">
         <name>__aeabi_idiv</name>
         <value>0xe55</value>
         <object_component_ref idref="oc-c7"/>
      </symbol>
      <symbol id="sm-15d">
         <name>__aeabi_idivmod</name>
         <value>0xe55</value>
         <object_component_ref idref="oc-c7"/>
      </symbol>
      <symbol id="sm-163">
         <name>__aeabi_memcpy</name>
         <value>0x1209</value>
         <object_component_ref idref="oc-36"/>
      </symbol>
      <symbol id="sm-164">
         <name>__aeabi_memcpy4</name>
         <value>0x1209</value>
         <object_component_ref idref="oc-36"/>
      </symbol>
      <symbol id="sm-165">
         <name>__aeabi_memcpy8</name>
         <value>0x1209</value>
         <object_component_ref idref="oc-36"/>
      </symbol>
      <symbol id="sm-16b">
         <name>__aeabi_uidiv</name>
         <value>0xf79</value>
         <object_component_ref idref="oc-cb"/>
      </symbol>
      <symbol id="sm-16c">
         <name>__aeabi_uidivmod</name>
         <value>0xf79</value>
         <object_component_ref idref="oc-cb"/>
      </symbol>
      <symbol id="sm-176">
         <name>__aeabi_idiv0</name>
         <value>0xabb</value>
         <object_component_ref idref="oc-ef"/>
      </symbol>
      <symbol id="sm-17f">
         <name>TI_memcpy_small</name>
         <value>0x11bb</value>
         <object_component_ref idref="oc-68"/>
      </symbol>
      <symbol id="sm-180">
         <name>__TI_static_base__</name>
         <value>0x0</value>
      </symbol>
      <symbol id="sm-183">
         <name>__mpu_init</name>
         <value>0x0</value>
      </symbol>
      <symbol id="sm-184">
         <name>_system_post_cinit</name>
         <value>0x0</value>
      </symbol>
   </symbol_table>
   <title>Link successful</title>
</link_info>
