******************************************************************************
            TI ARM Clang Linker PC v2.1.3                      
******************************************************************************
>> Linked Tue Jan 16 13:28:44 2024

OUTPUT FILE NAME:   <CrystalfontzLCD.out>
ENTRY POINT SYMBOL: "_c_int00_noargs"  address: 00001161


MEMORY CONFIGURATION

         name            origin    length      used     unused   attr    fill
----------------------  --------  ---------  --------  --------  ----  --------
  FLASH                 00000000   00020000  00001808  0001e7f8  R  X
  SRAM                  20200000   00008000  00000226  00007dda  RW X
  BCR_CONFIG            41c00000   00000080  00000000  00000080  R   
  BSL_CONFIG            41c00100   00000080  00000000  00000080  R   


SEGMENT ALLOCATION MAP

run origin  load origin   length   init length attrs members
----------  ----------- ---------- ----------- ----- -------
00000000    00000000    00001808   00001808    r-x
  00000000    00000000    000000c0   000000c0    r-- .intvecs
  000000c0    000000c0    00001160   00001160    r-x .text
  00001220    00001220    000005b0   000005b0    r-- .rodata
  000017d0    000017d0    00000038   00000038    r-- .cinit
20200000    20200000    00000026   00000000    rw-
  20200000    20200000    00000014   00000000    rw- .bss
  20200014    20200014    00000012   00000000    rw- .data
20207e00    20207e00    00000200   00000000    rw-
  20207e00    20207e00    00000200   00000000    rw- .stack


SECTION ALLOCATION MAP

 output                                  attributes/
section   page    origin      length       input sections
--------  ----  ----------  ----------   ----------------
.intvecs   0    00000000    000000c0     
                  00000000    000000c0     startup_mspm0g3507_ticlang.o (.intvecs)

.text      0    000000c0    00001160     
                  000000c0    00000218     LCD.o (.text.LCD_Drawaxes)
                  000002d8    000001a8     LCD.o (.text.LCD_DrawChar)
                  00000480    00000134     Clock.o (.text.Clock_Init40MHz)
                  000005b4    00000118     LCD.o (.text.LCD_FillRect)
                  000006cc    000000f8     SPI.o (.text.SPI_Init)
                  000007c4    000000f4     ADC.o (.text.ADC0_Init)
                  000008b8    000000b0     LCD.o (.text.LCD_DrawFastHLine)
                  00000968    000000b0     LCD.o (.text.LCD_DrawFastVLine)
                  00000a18    000000a2     LCD.o (.text.commandList)
                  00000aba    00000002     libclang_rt.builtins.a : aeabi_div0.c.obj (.text.__aeabi_idiv0)
                  00000abc    0000009c     LCDtestmain.o (.text.main)
                  00000b58    00000090     LCD.o (.text.LCD_PlotPoint)
                  00000be8    00000090     LCD.o (.text.ST7735_InitR)
                  00000c78    00000088     LCD.o (.text.setAddrWindow)
                  00000d00    0000007c     LaunchPad.o (.text.LaunchPad_Init)
                  00000d7c    00000070     LCD.o (.text.LCD_DrawPixel)
                  00000dec    00000068     libc.a : copy_decompress_lzss.c.obj (.text:decompress:lzss)
                  00000e54    00000056     libclang_rt.builtins.a : aeabi_idivmod.S.obj (.text)
                  00000eaa    00000002     --HOLE-- [fill = 0]
                  00000eac    00000048     SPI.o (.text.SPI_OutCommand)
                  00000ef4    00000044     ADC.o (.text.ADC0_In)
                  00000f38    00000040     SPI.o (.text.SPI_Reset)
                  00000f78    00000040     libclang_rt.builtins.a : aeabi_uidivmod.S.obj (.text)
                  00000fb8    0000003c     libc.a : autoinit.c.obj (.text:__TI_auto_init_nobinit_nopinit)
                  00000ff4    00000038     LaunchPad.o (.text.ActivatePortA_B)
                  0000102c    00000038     LCD.o (.text.LCD_PlotIncrement)
                  00001064    00000038     SPI.o (.text.SPI_OutData)
                  0000109c    00000034     Clock.o (.text.Clock_Delay1ms)
                  000010d0    00000034     LCD.o (.text.LCD_SetCursor)
                  00001104    00000030     LCD.o (.text.commonInit)
                  00001134    0000002c     LCD.o (.text.LCD_FillScreen)
                  00001160    00000028     libc.a : boot_cortex_m.c.obj (.text:_c_int00_noargs)
                  00001188    0000001e     LCD.o (.text.pushColor)
                  000011a6    00000014     libc.a : copy_zero_init.c.obj (.text:decompress:ZI:__TI_zero_init_nomemset)
                  000011ba    00000012            : memcpy16.S.obj (.text:TI_memcpy_small)
                  000011cc    00000012            : copy_decompress_none.c.obj (.text:decompress:none)
                  000011de    00000010     Clock.o (.text.Clock_Delay)
                  000011ee    00000002     --HOLE-- [fill = 0]
                  000011f0    0000000c     Clock.o (.text.Clock_Freq)
                  000011fc    0000000a     LCD.o (.text.LCD_Init)
                  00001206    00000002     --HOLE-- [fill = 0]
                  00001208    00000008     libclang_rt.builtins.a : aeabi_memcpy.S.obj (.text)
                  00001210    00000004     startup_mspm0g3507_ticlang.o (.text.Default_Handler)
                  00001214    00000004     startup_mspm0g3507_ticlang.o (.text.Reset_Handler)
                  00001218    00000004     libc.a : pre_init.c.obj (.text._system_pre_init)
                  0000121c    00000004            : exit.c.obj (.text:abort)

.cinit     0    000017d0    00000038     
                  000017d0    00000012     (.cinit..data.load) [load image, compression = lzss]
                  000017e2    00000002     --HOLE-- [fill = 0]
                  000017e4    0000000c     (__TI_handler_table)
                  000017f0    00000008     (.cinit..bss.load) [load image, compression = zero_init]
                  000017f8    00000010     (__TI_cinit_table)

.rodata    0    00001220    000005b0     
                  00001220    00000500     LCD.o (.rodata.Font)
                  00001720    0000003b     LCD.o (.rodata.Rcmd1)
                  0000175b    0000002c     LCDtestmain.o (.rodata.str1.1)
                  00001787    0000002b     LCD.o (.rodata.Rcmd3)
                  000017b2    0000000d     LCD.o (.rodata.Rcmd2green)
                  000017bf    0000000d     LCD.o (.rodata.Rcmd2red)
                  000017cc    00000004     --HOLE-- [fill = 0]

.init_array 
*          0    00000000    00000000     UNINITIALIZED

.binit     0    00000000    00000000     

.bss       0    20200000    00000014     UNINITIALIZED
                  20200000    00000004     (.common:TimeIndex)
                  20200004    00000004     (.common:Ymax)
                  20200008    00000004     (.common:Ymin)
                  2020000c    00000004     (.common:Yrange)
                  20200010    00000002     (.common:PlotBGColor)
                  20200012    00000001     LCD.o (.bss.ColStart)
                  20200013    00000001     LCD.o (.bss.RowStart)

.data      0    20200014    00000012     UNINITIALIZED
                  20200014    00000004     Clock.o (.data.BusFreq)
                  20200018    00000004     LCD.o (.data.StX)
                  2020001c    00000004     LCD.o (.data.StY)
                  20200020    00000002     LCD.o (.data.StTextColor)
                  20200022    00000002     LCD.o (.data._height)
                  20200024    00000002     LCD.o (.data._width)

.stack     0    20207e00    00000200     UNINITIALIZED
                  20207e00    00000004     libc.a : boot_cortex_m.c.obj (.stack)
                  20207e04    000001fc     --HOLE--

__llvm_prf_cnts 
*          0    20200000    00000000     UNINITIALIZED

__llvm_prf_bits 
*          0    20200000    00000000     UNINITIALIZED

MODULE SUMMARY

       Module                         code   ro data   rw data
       ------                         ----   -------   -------
    .\
       LCD.o                          2530   1408      34     
       SPI.o                          440    0         0      
       Clock.o                        388    0         4      
       ADC.o                          312    0         0      
       LCDtestmain.o                  156    44        0      
       LaunchPad.o                    180    0         0      
    +--+------------------------------+------+---------+---------+
       Total:                         4006   1452      38     
                                                              
    .\ticlang\
       startup_mspm0g3507_ticlang.o   8      192       0      
    +--+------------------------------+------+---------+---------+
       Total:                         8      192       0      
                                                              
    C:\ti\ccs1240\ccs\tools\compiler\ti-cgt-armllvm_2.1.3.LTS\lib\armv6m-ti-none-eabi/c/libc.a
       copy_decompress_lzss.c.obj     104    0         0      
       autoinit.c.obj                 60     0         0      
       boot_cortex_m.c.obj            40     0         0      
       copy_zero_init.c.obj           20     0         0      
       copy_decompress_none.c.obj     18     0         0      
       memcpy16.S.obj                 18     0         0      
       exit.c.obj                     4      0         0      
       pre_init.c.obj                 4      0         0      
    +--+------------------------------+------+---------+---------+
       Total:                         268    0         0      
                                                              
    C:\ti\ccs1240\ccs\tools\compiler\ti-cgt-armllvm_2.1.3.LTS\lib\clang/14.0.6/lib/armv6m-ti-none-eabi/libclang_rt.builtins.a
       aeabi_idivmod.S.obj            86     0         0      
       aeabi_uidivmod.S.obj           64     0         0      
       aeabi_memcpy.S.obj             8      0         0      
       aeabi_div0.c.obj               2      0         0      
    +--+------------------------------+------+---------+---------+
       Total:                         160    0         0      
                                                              
       Stack:                         0      0         512    
       Linker Generated:              0      54        0      
    +--+------------------------------+------+---------+---------+
       Grand Total:                   4442   1698      550    


LINKER GENERATED COPY TABLES

__TI_cinit_table @ 000017f8 records: 2, size/record: 8, table size: 16
	.data: load addr=000017d0, load size=00000012 bytes, run addr=20200014, run size=00000012 bytes, compression=lzss
	.bss: load addr=000017f0, load size=00000008 bytes, run addr=20200000, run size=00000014 bytes, compression=zero_init


LINKER GENERATED HANDLER TABLE

__TI_handler_table @ 000017e4 records: 3, size/record: 4, table size: 12
	index: 0, handler: __TI_decompress_lzss
	index: 1, handler: __TI_decompress_none
	index: 2, handler: __TI_zero_init


GLOBAL SYMBOLS: SORTED ALPHABETICALLY BY Name 

address   name                          
-------   ----                          
00001211  ADC0_IRQHandler               
00000ef5  ADC0_In                       
000007c5  ADC0_Init                     
00001211  ADC1_IRQHandler               
00001211  AES_IRQHandler                
00000ff5  ActivatePortA_B               
20200014  BusFreq                       
0000121c  C$$EXIT                       
00001211  CANFD0_IRQHandler             
000011df  Clock_Delay                   
0000109d  Clock_Delay1ms                
000011f1  Clock_Freq                    
00000481  Clock_Init40MHz               
00001211  DAC0_IRQHandler               
00001211  DMA_IRQHandler                
00001211  Default_Handler               
00001211  GROUP0_IRQHandler             
00001211  GROUP1_IRQHandler             
00001211  HardFault_Handler             
00001211  I2C0_IRQHandler               
00001211  I2C1_IRQHandler               
000002d9  LCD_DrawChar                  
000008b9  LCD_DrawFastHLine             
00000969  LCD_DrawFastVLine             
00000d7d  LCD_DrawPixel                 
000000c1  LCD_Drawaxes                  
000005b5  LCD_FillRect                  
00001135  LCD_FillScreen                
000011fd  LCD_Init                      
0000102d  LCD_PlotIncrement             
00000b59  LCD_PlotPoint                 
000010d1  LCD_SetCursor                 
00000d01  LaunchPad_Init                
00001211  NMI_Handler                   
00001211  PendSV_Handler                
20200010  PlotBGColor                   
00001211  RTC_IRQHandler                
00001215  Reset_Handler                 
00001211  SPI0_IRQHandler               
00001211  SPI1_IRQHandler               
000006cd  SPI_Init                      
00000ead  SPI_OutCommand                
00001065  SPI_OutData                   
00000f39  SPI_Reset                     
00001211  SVC_Handler                   
20200020  StTextColor                   
20200018  StX                           
2020001c  StY                           
00001211  SysTick_Handler               
00001211  TIMA0_IRQHandler              
00001211  TIMA1_IRQHandler              
00001211  TIMG0_IRQHandler              
00001211  TIMG12_IRQHandler             
00001211  TIMG6_IRQHandler              
00001211  TIMG7_IRQHandler              
00001211  TIMG8_IRQHandler              
000011bb  TI_memcpy_small               
20200000  TimeIndex                     
00001211  UART0_IRQHandler              
00001211  UART1_IRQHandler              
00001211  UART2_IRQHandler              
00001211  UART3_IRQHandler              
20200004  Ymax                          
20200008  Ymin                          
2020000c  Yrange                        
20208000  __STACK_END                   
00000200  __STACK_SIZE                  
000017f8  __TI_CINIT_Base               
00001808  __TI_CINIT_Limit              
00001808  __TI_CINIT_Warm               
000017e4  __TI_Handler_Table_Base       
000017f0  __TI_Handler_Table_Limit      
00000fb9  __TI_auto_init_nobinit_nopinit
00000ded  __TI_decompress_lzss          
000011cd  __TI_decompress_none          
ffffffff  __TI_pprof_out_hndl           
ffffffff  __TI_prof_data_size           
ffffffff  __TI_prof_data_start          
00000000  __TI_static_base__            
000011a7  __TI_zero_init_nomemset       
00000e55  __aeabi_idiv                  
00000abb  __aeabi_idiv0                 
00000e55  __aeabi_idivmod               
00001209  __aeabi_memcpy                
00001209  __aeabi_memcpy4               
00001209  __aeabi_memcpy8               
00000f79  __aeabi_uidiv                 
00000f79  __aeabi_uidivmod              
ffffffff  __binit__                     
UNDEFED   __mpu_init                    
20207e00  __stack                       
20200000  __start___llvm_prf_bits       
20200000  __start___llvm_prf_cnts       
20200000  __stop___llvm_prf_bits        
20200000  __stop___llvm_prf_cnts        
00001161  _c_int00_noargs               
UNDEFED   _system_post_cinit            
00001219  _system_pre_init              
0000121d  abort                         
ffffffff  binit                         
00000000  interruptVectors              
00000abd  main                          


GLOBAL SYMBOLS: SORTED BY Symbol Address 

address   name                          
-------   ----                          
00000000  __TI_static_base__            
00000000  interruptVectors              
000000c1  LCD_Drawaxes                  
00000200  __STACK_SIZE                  
000002d9  LCD_DrawChar                  
00000481  Clock_Init40MHz               
000005b5  LCD_FillRect                  
000006cd  SPI_Init                      
000007c5  ADC0_Init                     
000008b9  LCD_DrawFastHLine             
00000969  LCD_DrawFastVLine             
00000abb  __aeabi_idiv0                 
00000abd  main                          
00000b59  LCD_PlotPoint                 
00000d01  LaunchPad_Init                
00000d7d  LCD_DrawPixel                 
00000ded  __TI_decompress_lzss          
00000e55  __aeabi_idiv                  
00000e55  __aeabi_idivmod               
00000ead  SPI_OutCommand                
00000ef5  ADC0_In                       
00000f39  SPI_Reset                     
00000f79  __aeabi_uidiv                 
00000f79  __aeabi_uidivmod              
00000fb9  __TI_auto_init_nobinit_nopinit
00000ff5  ActivatePortA_B               
0000102d  LCD_PlotIncrement             
00001065  SPI_OutData                   
0000109d  Clock_Delay1ms                
000010d1  LCD_SetCursor                 
00001135  LCD_FillScreen                
00001161  _c_int00_noargs               
000011a7  __TI_zero_init_nomemset       
000011bb  TI_memcpy_small               
000011cd  __TI_decompress_none          
000011df  Clock_Delay                   
000011f1  Clock_Freq                    
000011fd  LCD_Init                      
00001209  __aeabi_memcpy                
00001209  __aeabi_memcpy4               
00001209  __aeabi_memcpy8               
00001211  ADC0_IRQHandler               
00001211  ADC1_IRQHandler               
00001211  AES_IRQHandler                
00001211  CANFD0_IRQHandler             
00001211  DAC0_IRQHandler               
00001211  DMA_IRQHandler                
00001211  Default_Handler               
00001211  GROUP0_IRQHandler             
00001211  GROUP1_IRQHandler             
00001211  HardFault_Handler             
00001211  I2C0_IRQHandler               
00001211  I2C1_IRQHandler               
00001211  NMI_Handler                   
00001211  PendSV_Handler                
00001211  RTC_IRQHandler                
00001211  SPI0_IRQHandler               
00001211  SPI1_IRQHandler               
00001211  SVC_Handler                   
00001211  SysTick_Handler               
00001211  TIMA0_IRQHandler              
00001211  TIMA1_IRQHandler              
00001211  TIMG0_IRQHandler              
00001211  TIMG12_IRQHandler             
00001211  TIMG6_IRQHandler              
00001211  TIMG7_IRQHandler              
00001211  TIMG8_IRQHandler              
00001211  UART0_IRQHandler              
00001211  UART1_IRQHandler              
00001211  UART2_IRQHandler              
00001211  UART3_IRQHandler              
00001215  Reset_Handler                 
00001219  _system_pre_init              
0000121c  C$$EXIT                       
0000121d  abort                         
000017e4  __TI_Handler_Table_Base       
000017f0  __TI_Handler_Table_Limit      
000017f8  __TI_CINIT_Base               
00001808  __TI_CINIT_Limit              
00001808  __TI_CINIT_Warm               
20200000  TimeIndex                     
20200000  __start___llvm_prf_bits       
20200000  __start___llvm_prf_cnts       
20200000  __stop___llvm_prf_bits        
20200000  __stop___llvm_prf_cnts        
20200004  Ymax                          
20200008  Ymin                          
2020000c  Yrange                        
20200010  PlotBGColor                   
20200014  BusFreq                       
20200018  StX                           
2020001c  StY                           
20200020  StTextColor                   
20207e00  __stack                       
20208000  __STACK_END                   
ffffffff  __TI_pprof_out_hndl           
ffffffff  __TI_prof_data_size           
ffffffff  __TI_prof_data_start          
ffffffff  __binit__                     
ffffffff  binit                         
UNDEFED   __mpu_init                    
UNDEFED   _system_post_cinit            

[102 symbols]
