******************************************************************************
            TI ARM Clang Linker PC v2.1.3                      
******************************************************************************
>> Linked Fri Dec 29 10:11:42 2023

OUTPUT FILE NAME:   <UART_ints.out>
ENTRY POINT SYMBOL: "_c_int00_noargs"  address: 000021f1


MEMORY CONFIGURATION

         name            origin    length      used     unused   attr    fill
----------------------  --------  ---------  --------  --------  ----  --------
  FLASH                 00000000   00020000  000026f8  0001d908  R  X
  SRAM                  20200000   00008000  00000815  000077eb  RW X
  BCR_CONFIG            41c00000   00000080  00000000  00000080  R   
  BSL_CONFIG            41c00100   00000080  00000000  00000080  R   


SEGMENT ALLOCATION MAP

run origin  load origin   length   init length attrs members
----------  ----------- ---------- ----------- ----- -------
00000000    00000000    000026f8   000026f8    r-x
  00000000    00000000    000000c0   000000c0    r-- .intvecs
  000000c0    000000c0    000023e0   000023e0    r-x .text
  000024a0    000024a0    000001d0   000001d0    r-- .rodata
  00002670    00002670    00000088   00000088    r-- .cinit
20200000    20200000    00000619   00000000    rw-
  20200000    20200000    00000234   00000000    rw- .bss
  20200238    20200238    00000200   00000000    rw- .sysmem
  20200438    20200438    000001e1   00000000    rw- .data
20207e00    20207e00    00000200   00000000    rw-
  20207e00    20207e00    00000200   00000000    rw- .stack


SECTION ALLOCATION MAP

 output                                  attributes/
section   page    origin      length       input sections
--------  ----  ----------  ----------   ----------------
.intvecs   0    00000000    000000c0     
                  00000000    000000c0     startup_mspm0g3507_ticlang.o (.intvecs)

.text      0    000000c0    000023e0     
                  000000c0    00000898     libc.a : _printfi.c.obj (.text:__TI_printfi_nofloat)
                  00000958    0000013c            : fopen.c.obj (.text._openfile)
                  00000a94    0000013c            : memory.c.obj (.text.aligned_alloc)
                  00000bd0    00000134     Clock.o (.text.Clock_Init40MHz)
                  00000d04    00000130     UARTints.o (.text.UART_Init)
                  00000e34    00000100     libc.a : memory.c.obj (.text.free)
                  00000f34    000000f8            : fputs.c.obj (.text.fputs)
                  0000102c    000000e8     libsysbm.a : add_device.c.obj (.text.add_device)
                  00001114    000000e0     libc.a : setvbuf.c.obj (.text.setvbuf)
                  000011f4    000000a8     libsysbm.a : open.c.obj (.text.open)
                  0000129c    000000a2     libclang_rt.builtins.a : udivmoddi4.S.obj (.text)
                  0000133e    00000002                            : aeabi_div0.c.obj (.text.__aeabi_idiv0)
                  00001340    00000094     UART.o (.text.UART_InitPrintf)
                  000013d4    00000090     libc.a : fputc.c.obj (.text.fputc)
                  00001464    0000008e     UART.o (.text.UART_InUDec)
                  000014f2    00000002     libclang_rt.builtins.a : aeabi_div0.c.obj (.text.__aeabi_ldiv0)
                  000014f4    00000084     libc.a : fopen.c.obj (.text.fopen)
                  00001578    0000007c     LaunchPad.o (.text.LaunchPad_Init)
                  000015f4    0000007c     libc.a : fclose.c.obj (.text.__TI_closefile)
                  00001670    0000006c            : fseek.c.obj (.text.fseeko)
                  000016dc    0000006c            : getdevice.c.obj (.text.getdevice)
                  00001748    00000068     libsysbm.a : hostlseek.c.obj (.text.HOSTlseek)
                  000017b0    00000068                : hostrename.c.obj (.text.HOSTrename)
                  00001818    00000068     libc.a : copy_decompress_lzss.c.obj (.text:decompress:lzss)
                  00001880    00000064            : _io_perm.c.obj (.text.__TI_wrt_ok)
                  000018e4    00000064            : memory.c.obj (.text.split)
                  00001948    0000005c     libsysbm.a : hostopen.c.obj (.text.HOSTopen)
                  000019a4    0000005c     UARTints.o (.text.UART0_IRQHandler)
                  00001a00    0000005c     libc.a : printf.c.obj (.text.printf)
                  00001a5c    00000058     libsysbm.a : hostread.c.obj (.text.HOSTread)
                  00001ab4    00000058                : hostwrite.c.obj (.text.HOSTwrite)
                  00001b0c    00000058     UARTints.o (.text.copyHardwareToSoftware)
                  00001b64    00000058     UARTintsTestmain.o (.text.main)
                  00001bbc    00000050     libc.a : fflush.c.obj (.text.__TI_doflush)
                  00001c0c    00000050     libsysbm.a : close.c.obj (.text.close)
                  00001c5c    0000004c     FIFO.o (.text.RxFifo_Get)
                  00001ca8    0000004c     FIFO.o (.text.RxFifo_Put)
                  00001cf4    0000004c     FIFO.o (.text.TxFifo_Get)
                  00001d40    0000004c     FIFO.o (.text.TxFifo_Put)
                  00001d8c    0000004c     UARTints.o (.text.copySoftwareToHardware)
                  00001dd8    00000048     libsysbm.a : hostclose.c.obj (.text.HOSTclose)
                  00001e20    00000048                : hostunlink.c.obj (.text.HOSTunlink)
                  00001e68    00000044     libc.a : atoi.c.obj (.text.atoi)
                  00001eac    00000040     UARTints.o (.text.UART_OutChar)
                  00001eec    00000040     libclang_rt.builtins.a : aeabi_uidivmod.S.obj (.text)
                  00001f2c    0000003c     libc.a : autoinit.c.obj (.text:__TI_auto_init_nobinit_nopinit)
                  00001f68    0000003a     libclang_rt.builtins.a : muldsi3.S.obj (.text)
                  00001fa2    00000002     libc.a : _lock.c.obj (.text._nop)
                  00001fa4    00000038     LaunchPad.o (.text.ActivatePortA_B)
                  00001fdc    00000038     libc.a : getdevice.c.obj (.text.finddevice)
                  00002014    00000034            : fopen.c.obj (.text.__TI_cleanup)
                  00002048    00000034     libsysbm.a : trgmsg.c.obj (.text.__TI_readmsg)
                  0000207c    00000034                : trgmsg.c.obj (.text.__TI_writemsg)
                  000020b0    00000034     libc.a : exit.c.obj (.text.exit)
                  000020e4    00000034            : fopen.c.obj (.text.freopen)
                  00002118    00000034     UART.o (.text.uart_write)
                  0000214c    0000002c     libsysbm.a : unlink.c.obj (.text.unlink)
                  00002178    00000028     libc.a : memory.c.obj (.text.free_list_insert)
                  000021a0    00000028     libsysbm.a : lseek.c.obj (.text.lseek)
                  000021c8    00000028                : write.c.obj (.text.write)
                  000021f0    00000028     libc.a : boot_cortex_m.c.obj (.text:_c_int00_noargs)
                  00002218    00000026     UART.o (.text.uart_read)
                  0000223e    00000024     libc.a : memccpy.c.obj (.text.memccpy)
                  00002262    00000002     --HOLE-- [fill = 0]
                  00002264    00000024     libclang_rt.builtins.a : muldi3.S.obj (.text)
                  00002288    00000022     UARTints.o (.text.UART_InChar)
                  000022aa    00000002     --HOLE-- [fill = 0]
                  000022ac    0000001e     libclang_rt.builtins.a : ashldi3.S.obj (.text)
                  000022ca    00000002     --HOLE-- [fill = 0]
                  000022cc    0000001c     libc.a : memory.c.obj (.text.free_list_remove)
                  000022e8    0000001c     libclang_rt.builtins.a : aeabi_memset.S.obj (.text)
                  00002304    00000018     FIFO.o (.text.RxFifo_Size)
                  0000231c    00000018     FIFO.o (.text.TxFifo_Size)
                  00002334    00000014     FIFO.o (.text.RxFifo_Init)
                  00002348    00000014     FIFO.o (.text.TxFifo_Init)
                  0000235c    00000014     UART.o (.text.uart_open)
                  00002370    00000014     libc.a : copy_zero_init.c.obj (.text:decompress:ZI:__TI_zero_init_nomemset)
                  00002384    00000014     libclang_rt.builtins.a : aeabi_uldivmod.S.obj (.text)
                  00002398    00000012     libc.a : memcpy16.S.obj (.text:TI_memcpy_small)
                  000023aa    00000012            : copy_decompress_none.c.obj (.text:decompress:none)
                  000023bc    00000010     Clock.o (.text.Clock_Delay)
                  000023cc    00000010     libc.a : wcslen.c.obj (.text.wcslen)
                  000023dc    0000000e     libsysbm.a : hostrename.c.obj (.text.strcpy)
                  000023ea    0000000e     libc.a : _printfi.c.obj (.text.strlen)
                  000023f8    0000000e     libsysbm.a : hostrename.c.obj (.text.strlen)
                  00002406    0000000e     UART.o (.text.uart_lseek)
                  00002414    0000000e     libc.a : memset16.S.obj (.text:TI_memset_small)
                  00002422    00000002     --HOLE-- [fill = 0]
                  00002424    0000000c     Clock.o (.text.Clock_Freq)
                  00002430    0000000c     libc.a : memory.c.obj (.text.malloc)
                  0000243c    0000000c     UART.o (.text.uart_rename)
                  00002448    0000000a     UART.o (.text.uart_close)
                  00002452    0000000a     UART.o (.text.uart_unlink)
                  0000245c    00000008     libc.a : aeabi_portable.c.obj (.text.__aeabi_errno_addr)
                  00002464    00000008            : printf.c.obj (.text._outc)
                  0000246c    00000008            : printf.c.obj (.text._outs)
                  00002474    00000008            : fseek.c.obj (.text.fseek)
                  0000247c    00000008     libsysbm.a : remove.c.obj (.text.remove)
                  00002484    00000008     libclang_rt.builtins.a : aeabi_memcpy.S.obj (.text)
                  0000248c    00000004     startup_mspm0g3507_ticlang.o (.text.Default_Handler)
                  00002490    00000004     startup_mspm0g3507_ticlang.o (.text.Reset_Handler)
                  00002494    00000004     libc.a : pre_init.c.obj (.text._system_pre_init)
                  00002498    00000004            : exit.c.obj (.text:abort)
                  0000249c    00000004     --HOLE-- [fill = 0]

.cinit     0    00002670    00000088     
                  00002670    00000060     (.cinit..data.load) [load image, compression = lzss]
                  000026d0    0000000c     (__TI_handler_table)
                  000026dc    00000008     (.cinit..bss.load) [load image, compression = zero_init]
                  000026e4    00000010     (__TI_cinit_table)
                  000026f4    00000004     --HOLE-- [fill = 0]

.rodata    0    000024a0    000001d0     
                  000024a0    00000101     libc.a : aeabi_ctype.S.obj (.rodata)
                  000025a1    00000092     UARTintsTestmain.o (.rodata.str1.1)
                  00002633    00000022     libc.a : _printfi.c.obj (.rodata.str1.1)
                  00002655    0000000d     UART.o (.rodata.str1.1)
                  00002662    0000000e     --HOLE-- [fill = 0]

.init_array 
*          0    00000000    00000000     UNINITIALIZED

.binit     0    00000000    00000000     

.bss       0    20200000    00000234     UNINITIALIZED
                  20200000    00000120     libsysbm.a : trgmsg.c.obj (.bss:_CIOBUF_)
                  20200120    000000a0     (.common:__TI_tmpnams)
                  202001c0    00000040     FIFO.o (.bss.TxFifo)
                  20200200    00000010     FIFO.o (.bss.RxFifo)
                  20200210    00000008     (.common:parmbuf)
                  20200218    00000004     libc.a : memory.c.obj (.bss.sys_free)
                  2020021c    00000004     (.common:RxGetI)
                  20200220    00000004     (.common:RxPutI)
                  20200224    00000004     (.common:TxGetI)
                  20200228    00000004     (.common:TxPutI)
                  2020022c    00000004     (.common:area)
                  20200230    00000004     (.common:side)

.sysmem    0    20200238    00000200     UNINITIALIZED
                  20200238    00000010     libc.a : memory.c.obj (.sysmem)
                  20200248    000001f0     --HOLE--

.data      0    20200438    000001e1     UNINITIALIZED
                  20200438    000000f0     libc.a : defs.c.obj (.data._ftable)
                  20200528    00000078     libsysbm.a : host_device.c.obj (.data._device)
                  202005a0    00000050                : host_device.c.obj (.data._stream)
                  202005f0    00000008     libc.a : exit.c.obj (.data..L_MergedGlobals)
                  202005f8    00000004     Clock.o (.data.BusFreq)
                  202005fc    00000004     libc.a : defs.c.obj (.data.__TI_ft_end)
                  20200600    00000004            : aeabi_portable.c.obj (.data.__aeabi_errno)
                  20200604    00000004            : _lock.c.obj (.data._lock)
                  20200608    00000004            : _lock.c.obj (.data._unlock)
                  2020060c    00000001            : fopen.c.obj (.data._search_fp.init)
                  2020060d    00000003     --HOLE--
                  20200610    00000001     libsysbm.a : add_device.c.obj (.data.add_device.device_init)
                  20200611    00000003     --HOLE--
                  20200614    00000001     libc.a : memory.c.obj (.data.memory_is_initialized)
                  20200615    00000003     --HOLE--
                  20200618    00000001     libsysbm.a : open.c.obj (.data.open.stream_init)

.stack     0    20207e00    00000200     UNINITIALIZED
                  20207e00    00000004     libc.a : boot_cortex_m.c.obj (.stack)
                  20207e04    000001fc     --HOLE--

__llvm_prf_cnts 
*          0    20200000    00000000     UNINITIALIZED

__llvm_prf_bits 
*          0    20200000    00000000     UNINITIALIZED

MODULE SUMMARY

       Module                         code   ro data   rw data
       ------                         ----   -------   -------
    .\
       UARTints.o                     658    0         0      
       FIFO.o                         392    0         96     
       UART.o                         446    13        0      
       Clock.o                        336    0         4      
       UARTintsTestmain.o             88     146       8      
       LaunchPad.o                    180    0         0      
    +--+------------------------------+------+---------+---------+
       Total:                         2100   159       108    
                                                              
    .\ticlang\
       startup_mspm0g3507_ticlang.o   8      192       0      
    +--+------------------------------+------+---------+---------+
       Total:                         8      192       0      
                                                              
    C:\ti\ccs1240\ccs\tools\compiler\ti-cgt-armllvm_2.1.3.LTS\lib\armv6m-ti-none-eabi/c/libc.a
       _printfi.c.obj                 2214   34        0      
       memory.c.obj                   752    0         5      
       fopen.c.obj                    552    0         1      
       defs.c.obj                     0      0         404    
       aeabi_ctype.S.obj              0      257       0      
       fputs.c.obj                    248    0         0      
       setvbuf.c.obj                  224    0         0      
       getdevice.c.obj                164    0         0      
       fputc.c.obj                    144    0         0      
       fclose.c.obj                   124    0         0      
       fseek.c.obj                    116    0         0      
       printf.c.obj                   108    0         0      
       copy_decompress_lzss.c.obj     104    0         0      
       _io_perm.c.obj                 100    0         0      
       fflush.c.obj                   80     0         0      
       atoi.c.obj                     68     0         0      
       exit.c.obj                     56     0         8      
       autoinit.c.obj                 60     0         0      
       boot_cortex_m.c.obj            40     0         0      
       memccpy.c.obj                  36     0         0      
       copy_zero_init.c.obj           20     0         0      
       copy_decompress_none.c.obj     18     0         0      
       memcpy16.S.obj                 18     0         0      
       wcslen.c.obj                   16     0         0      
       memset16.S.obj                 14     0         0      
       aeabi_portable.c.obj           8      0         4      
       _lock.c.obj                    2      0         8      
       pre_init.c.obj                 4      0         0      
    +--+------------------------------+------+---------+---------+
       Total:                         5290   291       430    
                                                              
    C:\ti\ccs1240\ccs\tools\compiler\ti-cgt-armllvm_2.1.3.LTS\lib\armv6m-ti-none-eabi/c/libsysbm.a
       trgmsg.c.obj                   104    0         288    
       add_device.c.obj               232    0         1      
       host_device.c.obj              0      0         200    
       open.c.obj                     168    0         1      
       hostrename.c.obj               132    0         0      
       hostlseek.c.obj                104    0         0      
       hostopen.c.obj                 92     0         8      
       hostread.c.obj                 88     0         0      
       hostwrite.c.obj                88     0         0      
       close.c.obj                    80     0         0      
       hostclose.c.obj                72     0         0      
       hostunlink.c.obj               72     0         0      
       unlink.c.obj                   44     0         0      
       lseek.c.obj                    40     0         0      
       write.c.obj                    40     0         0      
       remove.c.obj                   8      0         0      
    +--+------------------------------+------+---------+---------+
       Total:                         1364   0         498    
                                                              
    C:\ti\ccs1240\ccs\tools\compiler\ti-cgt-armllvm_2.1.3.LTS\lib\clang/14.0.6/lib/armv6m-ti-none-eabi/libclang_rt.builtins.a
       udivmoddi4.S.obj               162    0         0      
       aeabi_uidivmod.S.obj           64     0         0      
       muldsi3.S.obj                  58     0         0      
       muldi3.S.obj                   36     0         0      
       ashldi3.S.obj                  30     0         0      
       aeabi_memset.S.obj             28     0         0      
       aeabi_uldivmod.S.obj           20     0         0      
       aeabi_memcpy.S.obj             8      0         0      
       aeabi_div0.c.obj               4      0         0      
    +--+------------------------------+------+---------+---------+
       Total:                         410    0         0      
                                                              
       Heap:                          0      0         512    
       Stack:                         0      0         512    
       Linker Generated:              0      132       0      
    +--+------------------------------+------+---------+---------+
       Grand Total:                   9172   774       2060   


LINKER GENERATED COPY TABLES

__TI_cinit_table @ 000026e4 records: 2, size/record: 8, table size: 16
	.data: load addr=00002670, load size=00000060 bytes, run addr=20200438, run size=000001e1 bytes, compression=lzss
	.bss: load addr=000026dc, load size=00000008 bytes, run addr=20200000, run size=00000234 bytes, compression=zero_init


LINKER GENERATED HANDLER TABLE

__TI_handler_table @ 000026d0 records: 3, size/record: 4, table size: 12
	index: 0, handler: __TI_decompress_lzss
	index: 1, handler: __TI_decompress_none
	index: 2, handler: __TI_zero_init


GLOBAL SYMBOLS: SORTED ALPHABETICALLY BY Name 

address   name                          
-------   ----                          
0000248d  ADC0_IRQHandler               
0000248d  ADC1_IRQHandler               
0000248d  AES_IRQHandler                
00001fa5  ActivatePortA_B               
202005f8  BusFreq                       
00002498  C$$EXIT                       
000020a7  C$$IO$$                       
0000248d  CANFD0_IRQHandler             
000023bd  Clock_Delay                   
00002425  Clock_Freq                    
00000bd1  Clock_Init40MHz               
0000248d  DAC0_IRQHandler               
0000248d  DMA_IRQHandler                
0000248d  Default_Handler               
0000248d  GROUP0_IRQHandler             
0000248d  GROUP1_IRQHandler             
00001dd9  HOSTclose                     
00001749  HOSTlseek                     
00001949  HOSTopen                      
00001a5d  HOSTread                      
000017b1  HOSTrename                    
00001e21  HOSTunlink                    
00001ab5  HOSTwrite                     
0000248d  HardFault_Handler             
0000248d  I2C0_IRQHandler               
0000248d  I2C1_IRQHandler               
00001579  LaunchPad_Init                
0000248d  NMI_Handler                   
0000248d  PendSV_Handler                
0000248d  RTC_IRQHandler                
00002491  Reset_Handler                 
00001c5d  RxFifo_Get                    
00002335  RxFifo_Init                   
00001ca9  RxFifo_Put                    
00002305  RxFifo_Size                   
2020021c  RxGetI                        
20200220  RxPutI                        
0000248d  SPI0_IRQHandler               
0000248d  SPI1_IRQHandler               
0000248d  SVC_Handler                   
0000248d  SysTick_Handler               
0000248d  TIMA0_IRQHandler              
0000248d  TIMA1_IRQHandler              
0000248d  TIMG0_IRQHandler              
0000248d  TIMG12_IRQHandler             
0000248d  TIMG6_IRQHandler              
0000248d  TIMG7_IRQHandler              
0000248d  TIMG8_IRQHandler              
00002399  TI_memcpy_small               
00002415  TI_memset_small               
00001cf5  TxFifo_Get                    
00002349  TxFifo_Init                   
00001d41  TxFifo_Put                    
0000231d  TxFifo_Size                   
20200224  TxGetI                        
20200228  TxPutI                        
000019a5  UART0_IRQHandler              
0000248d  UART1_IRQHandler              
0000248d  UART2_IRQHandler              
0000248d  UART3_IRQHandler              
00002289  UART_InChar                   
00001465  UART_InUDec                   
00000d05  UART_Init                     
00001341  UART_InitPrintf               
00001ead  UART_OutChar                  
20200000  _CIOBUF_                      
20200000  __CIOBUF_                     
20208000  __STACK_END                   
00000200  __STACK_SIZE                  
00000200  __SYSMEM_SIZE                 
000026e4  __TI_CINIT_Base               
000026f4  __TI_CINIT_Limit              
000026f4  __TI_CINIT_Warm               
000026d0  __TI_Handler_Table_Base       
000026dc  __TI_Handler_Table_Limit      
00001f2d  __TI_auto_init_nobinit_nopinit
00002015  __TI_cleanup                  
202005f0  __TI_cleanup_ptr              
000015f5  __TI_closefile                
00001819  __TI_decompress_lzss          
000023ab  __TI_decompress_none          
00001bbd  __TI_doflush                  
202005f4  __TI_dtors_ptr                
202005fc  __TI_ft_end                   
ffffffff  __TI_pprof_out_hndl           
000000c1  __TI_printfi_nofloat          
ffffffff  __TI_prof_data_size           
ffffffff  __TI_prof_data_start          
00002049  __TI_readmsg                  
00000000  __TI_static_base__            
20200120  __TI_tmpnams                  
0000207d  __TI_writemsg                 
00001881  __TI_wrt_ok                   
00002371  __TI_zero_init_nomemset       
000024a0  __aeabi_ctype_table_          
000024a0  __aeabi_ctype_table_C         
20200600  __aeabi_errno                 
0000245d  __aeabi_errno_addr            
0000133f  __aeabi_idiv0                 
000014f3  __aeabi_ldiv0                 
000022ad  __aeabi_llsl                  
00002265  __aeabi_lmul                  
000022f9  __aeabi_memclr                
000022f9  __aeabi_memclr4               
000022f9  __aeabi_memclr8               
00002485  __aeabi_memcpy                
00002485  __aeabi_memcpy4               
00002485  __aeabi_memcpy8               
000022e9  __aeabi_memset                
000022e9  __aeabi_memset4               
000022e9  __aeabi_memset8               
00001eed  __aeabi_uidiv                 
00001eed  __aeabi_uidivmod              
00002385  __aeabi_uldivmod              
000022ad  __ashldi3                     
ffffffff  __binit__                     
UNDEFED   __mpu_init                    
00002265  __muldi3                      
00001f69  __muldsi3                     
20207e00  __stack                       
20200000  __start___llvm_prf_bits       
20200000  __start___llvm_prf_cnts       
20200000  __stop___llvm_prf_bits        
20200000  __stop___llvm_prf_cnts        
0000129d  __udivmoddi4                  
000021f1  _c_int00_noargs               
20200528  _device                       
20200438  _ftable                       
20200604  _lock                         
00001fa3  _nop                          
202005a0  _stream                       
20200238  _sys_memory                   
UNDEFED   _system_post_cinit            
00002495  _system_pre_init              
20200608  _unlock                       
00002499  abort                         
0000102d  add_device                    
00000a95  aligned_alloc                 
2020022c  area                          
00001e69  atoi                          
ffffffff  binit                         
00001c0d  close                         
000020b1  exit                          
00001fdd  finddevice                    
000014f5  fopen                         
000013d5  fputc                         
00000f35  fputs                         
00000e35  free                          
000020e5  freopen                       
00002475  fseek                         
00001671  fseeko                        
000016dd  getdevice                     
00000000  interruptVectors              
000021a1  lseek                         
00001b65  main                          
00002431  malloc                        
00000a95  memalign                      
0000223f  memccpy                       
000011f5  open                          
20200210  parmbuf                       
00001a01  printf                        
0000247d  remove                        
00001115  setvbuf                       
20200230  side                          
00002449  uart_close                    
00002407  uart_lseek                    
0000235d  uart_open                     
00002219  uart_read                     
0000243d  uart_rename                   
00002453  uart_unlink                   
00002119  uart_write                    
0000214d  unlink                        
000023cd  wcslen                        
000021c9  write                         


GLOBAL SYMBOLS: SORTED BY Symbol Address 

address   name                          
-------   ----                          
00000000  __TI_static_base__            
00000000  interruptVectors              
000000c1  __TI_printfi_nofloat          
00000200  __STACK_SIZE                  
00000200  __SYSMEM_SIZE                 
00000a95  aligned_alloc                 
00000a95  memalign                      
00000bd1  Clock_Init40MHz               
00000d05  UART_Init                     
00000e35  free                          
00000f35  fputs                         
0000102d  add_device                    
00001115  setvbuf                       
000011f5  open                          
0000129d  __udivmoddi4                  
0000133f  __aeabi_idiv0                 
00001341  UART_InitPrintf               
000013d5  fputc                         
00001465  UART_InUDec                   
000014f3  __aeabi_ldiv0                 
000014f5  fopen                         
00001579  LaunchPad_Init                
000015f5  __TI_closefile                
00001671  fseeko                        
000016dd  getdevice                     
00001749  HOSTlseek                     
000017b1  HOSTrename                    
00001819  __TI_decompress_lzss          
00001881  __TI_wrt_ok                   
00001949  HOSTopen                      
000019a5  UART0_IRQHandler              
00001a01  printf                        
00001a5d  HOSTread                      
00001ab5  HOSTwrite                     
00001b65  main                          
00001bbd  __TI_doflush                  
00001c0d  close                         
00001c5d  RxFifo_Get                    
00001ca9  RxFifo_Put                    
00001cf5  TxFifo_Get                    
00001d41  TxFifo_Put                    
00001dd9  HOSTclose                     
00001e21  HOSTunlink                    
00001e69  atoi                          
00001ead  UART_OutChar                  
00001eed  __aeabi_uidiv                 
00001eed  __aeabi_uidivmod              
00001f2d  __TI_auto_init_nobinit_nopinit
00001f69  __muldsi3                     
00001fa3  _nop                          
00001fa5  ActivatePortA_B               
00001fdd  finddevice                    
00002015  __TI_cleanup                  
00002049  __TI_readmsg                  
0000207d  __TI_writemsg                 
000020a7  C$$IO$$                       
000020b1  exit                          
000020e5  freopen                       
00002119  uart_write                    
0000214d  unlink                        
000021a1  lseek                         
000021c9  write                         
000021f1  _c_int00_noargs               
00002219  uart_read                     
0000223f  memccpy                       
00002265  __aeabi_lmul                  
00002265  __muldi3                      
00002289  UART_InChar                   
000022ad  __aeabi_llsl                  
000022ad  __ashldi3                     
000022e9  __aeabi_memset                
000022e9  __aeabi_memset4               
000022e9  __aeabi_memset8               
000022f9  __aeabi_memclr                
000022f9  __aeabi_memclr4               
000022f9  __aeabi_memclr8               
00002305  RxFifo_Size                   
0000231d  TxFifo_Size                   
00002335  RxFifo_Init                   
00002349  TxFifo_Init                   
0000235d  uart_open                     
00002371  __TI_zero_init_nomemset       
00002385  __aeabi_uldivmod              
00002399  TI_memcpy_small               
000023ab  __TI_decompress_none          
000023bd  Clock_Delay                   
000023cd  wcslen                        
00002407  uart_lseek                    
00002415  TI_memset_small               
00002425  Clock_Freq                    
00002431  malloc                        
0000243d  uart_rename                   
00002449  uart_close                    
00002453  uart_unlink                   
0000245d  __aeabi_errno_addr            
00002475  fseek                         
0000247d  remove                        
00002485  __aeabi_memcpy                
00002485  __aeabi_memcpy4               
00002485  __aeabi_memcpy8               
0000248d  ADC0_IRQHandler               
0000248d  ADC1_IRQHandler               
0000248d  AES_IRQHandler                
0000248d  CANFD0_IRQHandler             
0000248d  DAC0_IRQHandler               
0000248d  DMA_IRQHandler                
0000248d  Default_Handler               
0000248d  GROUP0_IRQHandler             
0000248d  GROUP1_IRQHandler             
0000248d  HardFault_Handler             
0000248d  I2C0_IRQHandler               
0000248d  I2C1_IRQHandler               
0000248d  NMI_Handler                   
0000248d  PendSV_Handler                
0000248d  RTC_IRQHandler                
0000248d  SPI0_IRQHandler               
0000248d  SPI1_IRQHandler               
0000248d  SVC_Handler                   
0000248d  SysTick_Handler               
0000248d  TIMA0_IRQHandler              
0000248d  TIMA1_IRQHandler              
0000248d  TIMG0_IRQHandler              
0000248d  TIMG12_IRQHandler             
0000248d  TIMG6_IRQHandler              
0000248d  TIMG7_IRQHandler              
0000248d  TIMG8_IRQHandler              
0000248d  UART1_IRQHandler              
0000248d  UART2_IRQHandler              
0000248d  UART3_IRQHandler              
00002491  Reset_Handler                 
00002495  _system_pre_init              
00002498  C$$EXIT                       
00002499  abort                         
000024a0  __aeabi_ctype_table_          
000024a0  __aeabi_ctype_table_C         
000026d0  __TI_Handler_Table_Base       
000026dc  __TI_Handler_Table_Limit      
000026e4  __TI_CINIT_Base               
000026f4  __TI_CINIT_Limit              
000026f4  __TI_CINIT_Warm               
20200000  _CIOBUF_                      
20200000  __CIOBUF_                     
20200000  __start___llvm_prf_bits       
20200000  __start___llvm_prf_cnts       
20200000  __stop___llvm_prf_bits        
20200000  __stop___llvm_prf_cnts        
20200120  __TI_tmpnams                  
20200210  parmbuf                       
2020021c  RxGetI                        
20200220  RxPutI                        
20200224  TxGetI                        
20200228  TxPutI                        
2020022c  area                          
20200230  side                          
20200238  _sys_memory                   
20200438  _ftable                       
20200528  _device                       
202005a0  _stream                       
202005f0  __TI_cleanup_ptr              
202005f4  __TI_dtors_ptr                
202005f8  BusFreq                       
202005fc  __TI_ft_end                   
20200600  __aeabi_errno                 
20200604  _lock                         
20200608  _unlock                       
20207e00  __stack                       
20208000  __STACK_END                   
ffffffff  __TI_pprof_out_hndl           
ffffffff  __TI_prof_data_size           
ffffffff  __TI_prof_data_start          
ffffffff  __binit__                     
ffffffff  binit                         
UNDEFED   __mpu_init                    
UNDEFED   _system_post_cinit            

[174 symbols]
