******************************************************************************
            TI ARM Clang Linker PC v2.1.3                      
******************************************************************************
>> Linked Tue Jan 16 13:28:52 2024

OUTPUT FILE NAME:   <ECE319K_Lab2H.out>
ENTRY POINT SYMBOL: "_c_int00_noargs"  address: 000010f5


MEMORY CONFIGURATION

         name            origin    length      used     unused   attr    fill
----------------------  --------  ---------  --------  --------  ----  --------
  FLASH                 00000000   00020000  000016a0  0001e960  R  X
  SRAM                  20200000   00008000  00000449  00007bb7  RW X
  BCR_CONFIG            41c00000   00000080  00000000  00000080  R   
  BSL_CONFIG            41c00100   00000080  00000000  00000080  R   


SEGMENT ALLOCATION MAP

run origin  load origin   length   init length attrs members
----------  ----------- ---------- ----------- ----- -------
00000000    00000000    000016a0   000016a0    r-x
  00000000    00000000    000000c0   000000c0    r-- .intvecs
  000000c0    000000c0    00001140   00001140    r-x .text
  00001200    00001200    00000470   00000470    r-- .rodata
  00001670    00001670    00000030   00000030    r-- .cinit
20200000    20200000    0000024c   00000000    rw-
  20200000    20200000    00000200   00000000    rw- .sysmem
  20200200    20200200    00000035   00000000    rw- .bss
  20200238    20200238    00000014   00000000    rw- .data
20207e00    20207e00    00000200   00000000    rw-
  20207e00    20207e00    00000200   00000000    rw- .stack


SECTION ALLOCATION MAP

 output                                  attributes/
section   page    origin      length       input sections
--------  ----  ----------  ----------   ----------------
.intvecs   0    00000000    000000c0     
                  00000000    000000c0     startup_mspm0g3507_ticlang.o (.intvecs)

.text      0    000000c0    00001140     
                  000000c0    000002fc     ECE319K_Lab2Hmain.o (.text.TIMG0_IRQHandler)
                  000003bc    0000021e     ECE319K_Lab2H.o (.text)
                  000005da    00000002     libclang_rt.builtins.a : aeabi_div0.c.obj (.text.__aeabi_idiv0)
                  000005dc    000001b4     Clock.o (.text.Clock_Init80MHz)
                  00000790    00000158     ECE319K_Lab2Hmain.o (.text.Lab2Grader)
                  000008e8    00000134     ECE319K_Lab2Hmain.o (.text.ADC_Init)
                  00000a1c    000000e8     UARTbusywait.o (.text.UART_Init)
                  00000b04    000000e4     ECE319K_Lab2Hmain.o (.text.main)
                  00000be8    000000a8     Timer.o (.text.TimerG7_IntArm)
                  00000c90    000000a4     ECE319K_Lab2Hmain.o (.text.CheckInit)
                  00000d34    000000a4     Timer.o (.text.TimerG0_IntArm)
                  00000dd8    0000007c     LaunchPad.o (.text.LaunchPad_Init)
                  00000e54    00000068     libc.a : copy_decompress_lzss.c.obj (.text:decompress:lzss)
                  00000ebc    00000054     ECE319K_Lab2Hmain.o (.text.TIMG7_IRQHandler)
                  00000f10    00000040     libclang_rt.builtins.a : aeabi_uidivmod.S.obj (.text)
                  00000f50    0000003c     ECE319K_Lab2Hmain.o (.text.ShowProblem)
                  00000f8c    0000003c     libc.a : autoinit.c.obj (.text:__TI_auto_init_nobinit_nopinit)
                  00000fc8    00000038     LaunchPad.o (.text.ActivatePortA_B)
                  00001000    00000036     UART.o (.text.UART_OutUDec)
                  00001036    00000002     --HOLE-- [fill = 0]
                  00001038    00000034     ECE319K_Lab2Hmain.o (.text.EndLab2)
                  0000106c    00000034     ECE319K_Lab2Hmain.o (.text.setUpper)
                  000010a0    0000002c     UARTbusywait.o (.text.UART_OutChar)
                  000010cc    00000028     ECE319K_Lab2Hmain.o (.text.ADC_Start)
                  000010f4    00000028     libc.a : boot_cortex_m.c.obj (.text:_c_int00_noargs)
                  0000111c    00000026     UART.o (.text.UART_OutString)
                  00001142    00000002     --HOLE-- [fill = 0]
                  00001144    00000020     ECE319K_Lab2Hmain.o (.text.Random32)
                  00001164    00000018     ECE319K_Lab2Hmain.o (.text.Random)
                  0000117c    00000016     libc.a : strcmp.c.obj (.text.strcmp)
                  00001192    00000014            : copy_zero_init.c.obj (.text:decompress:ZI:__TI_zero_init_nomemset)
                  000011a6    00000012            : memcpy16.S.obj (.text:TI_memcpy_small)
                  000011b8    00000012            : copy_decompress_none.c.obj (.text:decompress:none)
                  000011ca    00000010     Clock.o (.text.Clock_Delay)
                  000011da    00000002     --HOLE-- [fill = 0]
                  000011dc    0000000c     Clock.o (.text.Clock_Freq)
                  000011e8    00000008     libclang_rt.builtins.a : aeabi_memcpy.S.obj (.text)
                  000011f0    00000004     startup_mspm0g3507_ticlang.o (.text.Default_Handler)
                  000011f4    00000004     startup_mspm0g3507_ticlang.o (.text.Reset_Handler)
                  000011f8    00000004     libc.a : pre_init.c.obj (.text._system_pre_init)
                  000011fc    00000004            : exit.c.obj (.text:abort)

.cinit     0    00001670    00000030     
                  00001670    0000000c     (__TI_handler_table)
                  0000167c    0000000b     (.cinit..data.load) [load image, compression = lzss]
                  00001687    00000001     --HOLE-- [fill = 0]
                  00001688    00000008     (.cinit..bss.load) [load image, compression = zero_init]
                  00001690    00000010     (__TI_cinit_table)

.rodata    0    00001200    00000470     
                  00001200    00000140     ECE319K_Lab2Hmain.o (.rodata.StartProblem)
                  00001340    00000138     ECE319K_Lab2Hmain.o (.rodata.str1.1)
                  00001478    000000f0     ECE319K_Lab2Hmain.o (.rodata.LEDProblem)
                  00001568    000000d0     ECE319K_Lab2Hmain.o (.rodata.Table)
                  00001638    00000010     ECE319K_Lab2Hmain.o (.rodata.InMux)
                  00001648    00000010     ECE319K_Lab2Hmain.o (.rodata.StartMask)
                  00001658    0000000c     ECE319K_Lab2Hmain.o (.rodata.LEDMask)
                  00001664    0000000c     ECE319K_Lab2Hmain.o (.rodata.OutMux)

.init_array 
*          0    00000000    00000000     UNINITIALIZED

.binit     0    00000000    00000000     

.sysmem    0    20200000    00000200     UNINITIALIZED
                  20200000    00000010     libc.a : memory.c.obj (.sysmem)
                  20200010    000001f0     --HOLE--

.bss       0    20200200    00000035     UNINITIALIZED
                  20200200    00000010     (.common:Wave)
                  20200210    00000004     (.common:FirstCount)
                  20200214    00000004     (.common:M)
                  20200218    00000004     (.common:Period)
                  2020021c    00000004     (.common:Phase)
                  20200220    00000004     (.common:SizeofEID)
                  20200224    00000004     (.common:StartCount)
                  20200228    00000004     (.common:TExaSadc)
                  2020022c    00000004     (.common:WaveIndex)
                  20200230    00000004     (.common:mode)
                  20200234    00000001     (.common:Letter)

.data      0    20200238    00000014     UNINITIALIZED
                  20200238    00000004     Clock.o (.data.BusFreq)
                  2020023c    00000004     ECE319K_Lab2Hmain.o (.data.Mode0)
                  20200240    00000004     ECE319K_Lab2Hmain.o (.data.Mode1)
                  20200244    00000004     ECE319K_Lab2Hmain.o (.data.Score)
                  20200248    00000004     ECE319K_Lab2Hmain.o (.data.Time)

.stack     0    20207e00    00000200     UNINITIALIZED
                  20207e00    00000004     libc.a : boot_cortex_m.c.obj (.stack)
                  20207e04    000001fc     --HOLE--

__llvm_prf_cnts 
*          0    20200000    00000000     UNINITIALIZED

__llvm_prf_bits 
*          0    20200000    00000000     UNINITIALIZED

MODULE SUMMARY

       Module                         code   ro data   rw data
       ------                         ----   -------   -------
    .\
       ECE319K_Lab2Hmain.o            2152   1136      69     
       ECE319K_Lab2H.o                542    0         0      
       Clock.o                        464    0         4      
       Timer.o                        332    0         0      
       UARTbusywait.o                 276    0         0      
       LaunchPad.o                    180    0         0      
       UART.o                         92     0         0      
    +--+------------------------------+------+---------+---------+
       Total:                         4038   1136      73     
                                                              
    .\ticlang\
       startup_mspm0g3507_ticlang.o   8      192       0      
    +--+------------------------------+------+---------+---------+
       Total:                         8      192       0      
                                                              
    C:\ti\ccs1240\ccs\tools\compiler\ti-cgt-armllvm_2.1.3.LTS\lib\armv6m-ti-none-eabi/c/libc.a
       copy_decompress_lzss.c.obj     104    0         0      
       autoinit.c.obj                 60     0         0      
       boot_cortex_m.c.obj            40     0         0      
       strcmp.c.obj                   22     0         0      
       copy_zero_init.c.obj           20     0         0      
       copy_decompress_none.c.obj     18     0         0      
       memcpy16.S.obj                 18     0         0      
       exit.c.obj                     4      0         0      
       pre_init.c.obj                 4      0         0      
    +--+------------------------------+------+---------+---------+
       Total:                         290    0         0      
                                                              
    C:\ti\ccs1240\ccs\tools\compiler\ti-cgt-armllvm_2.1.3.LTS\lib\clang/14.0.6/lib/armv6m-ti-none-eabi/libclang_rt.builtins.a
       aeabi_uidivmod.S.obj           64     0         0      
       aeabi_memcpy.S.obj             8      0         0      
       aeabi_div0.c.obj               2      0         0      
    +--+------------------------------+------+---------+---------+
       Total:                         74     0         0      
                                                              
       Heap:                          0      0         512    
       Stack:                         0      0         512    
       Linker Generated:              0      47        0      
    +--+------------------------------+------+---------+---------+
       Grand Total:                   4410   1375      1097   


LINKER GENERATED COPY TABLES

__TI_cinit_table @ 00001690 records: 2, size/record: 8, table size: 16
	.data: load addr=0000167c, load size=0000000b bytes, run addr=20200238, run size=00000014 bytes, compression=lzss
	.bss: load addr=00001688, load size=00000008 bytes, run addr=20200200, run size=00000035 bytes, compression=zero_init


LINKER GENERATED HANDLER TABLE

__TI_handler_table @ 00001670 records: 3, size/record: 4, table size: 12
	index: 0, handler: __TI_decompress_lzss
	index: 1, handler: __TI_decompress_none
	index: 2, handler: __TI_zero_init


GLOBAL SYMBOLS: SORTED ALPHABETICALLY BY Name 

address   name                          
-------   ----                          
000011f1  ADC0_IRQHandler               
000011f1  ADC1_IRQHandler               
000008e9  ADC_Init                      
000010cd  ADC_Start                     
000011f1  AES_IRQHandler                
00000fc9  ActivatePortA_B               
20200238  BusFreq                       
000011fc  C$$EXIT                       
000011f1  CANFD0_IRQHandler             
00000c91  CheckInit                     
000011cb  Clock_Delay                   
000011dd  Clock_Freq                    
000005dd  Clock_Init80MHz               
000011f1  DAC0_IRQHandler               
000011f1  DMA_IRQHandler                
000011f1  Default_Handler               
000003bc  EID                           
00001039  EndLab2                       
20200210  FirstCount                    
000011f1  GROUP0_IRQHandler             
000011f1  GROUP1_IRQHandler             
UNDEFED   HardFault_Handler             
000011f1  I2C0_IRQHandler               
000011f1  I2C1_IRQHandler               
00001638  InMux                         
00001658  LEDMask                       
00001478  LEDProblem                    
000005cc  Lab2                          
00000791  Lab2Grader                    
00000dd9  LaunchPad_Init                
20200234  Letter                        
20200214  M                             
2020023c  Mode0                         
20200240  Mode1                         
000011f1  NMI_Handler                   
00001664  OutMux                        
000011f1  PendSV_Handler                
20200218  Period                        
2020021c  Phase                         
000011f1  RTC_IRQHandler                
00001165  Random                        
00001145  Random32                      
000011f5  Reset_Handler                 
000011f1  SPI0_IRQHandler               
000011f1  SPI1_IRQHandler               
000011f1  SVC_Handler                   
20200244  Score                         
00000f51  ShowProblem                   
20200220  SizeofEID                     
20200224  StartCount                    
00001648  StartMask                     
00001200  StartProblem                  
000011f1  SysTick_Handler               
20200228  TExaSadc                      
000011f1  TIMA0_IRQHandler              
000011f1  TIMA1_IRQHandler              
000000c1  TIMG0_IRQHandler              
000011f1  TIMG12_IRQHandler             
000011f1  TIMG6_IRQHandler              
00000ebd  TIMG7_IRQHandler              
000011f1  TIMG8_IRQHandler              
000011a7  TI_memcpy_small               
00001568  Table                         
20200248  Time                          
00000d35  TimerG0_IntArm                
00000be9  TimerG7_IntArm                
000011f1  UART0_IRQHandler              
000011f1  UART1_IRQHandler              
000011f1  UART2_IRQHandler              
000011f1  UART3_IRQHandler              
00000a1d  UART_Init                     
000010a1  UART_OutChar                  
0000111d  UART_OutString                
00001001  UART_OutUDec                  
20200200  Wave                          
2020022c  WaveIndex                     
20208000  __STACK_END                   
00000200  __STACK_SIZE                  
00000200  __SYSMEM_SIZE                 
00001690  __TI_CINIT_Base               
000016a0  __TI_CINIT_Limit              
000016a0  __TI_CINIT_Warm               
00001670  __TI_Handler_Table_Base       
0000167c  __TI_Handler_Table_Limit      
00000f8d  __TI_auto_init_nobinit_nopinit
00000e55  __TI_decompress_lzss          
000011b9  __TI_decompress_none          
ffffffff  __TI_pprof_out_hndl           
ffffffff  __TI_prof_data_size           
ffffffff  __TI_prof_data_start          
00000000  __TI_static_base__            
00001193  __TI_zero_init_nomemset       
000005db  __aeabi_idiv0                 
000011e9  __aeabi_memcpy                
000011e9  __aeabi_memcpy4               
000011e9  __aeabi_memcpy8               
00000f11  __aeabi_uidiv                 
00000f11  __aeabi_uidivmod              
ffffffff  __binit__                     
UNDEFED   __mpu_init                    
20207e00  __stack                       
20200000  __start___llvm_prf_bits       
20200000  __start___llvm_prf_cnts       
20200000  __stop___llvm_prf_bits        
20200000  __stop___llvm_prf_cnts        
000010f5  _c_int00_noargs               
20200000  _sys_memory                   
UNDEFED   _system_post_cinit            
000011f9  _system_pre_init              
000011fd  abort                         
ffffffff  binit                         
00000000  interruptVectors              
00000b05  main                          
20200230  mode                          
0000106d  setUpper                      
0000117d  strcmp                        


GLOBAL SYMBOLS: SORTED BY Symbol Address 

address   name                          
-------   ----                          
00000000  __TI_static_base__            
00000000  interruptVectors              
000000c1  TIMG0_IRQHandler              
00000200  __STACK_SIZE                  
00000200  __SYSMEM_SIZE                 
000003bc  EID                           
000005cc  Lab2                          
000005db  __aeabi_idiv0                 
000005dd  Clock_Init80MHz               
00000791  Lab2Grader                    
000008e9  ADC_Init                      
00000a1d  UART_Init                     
00000b05  main                          
00000be9  TimerG7_IntArm                
00000c91  CheckInit                     
00000d35  TimerG0_IntArm                
00000dd9  LaunchPad_Init                
00000e55  __TI_decompress_lzss          
00000ebd  TIMG7_IRQHandler              
00000f11  __aeabi_uidiv                 
00000f11  __aeabi_uidivmod              
00000f51  ShowProblem                   
00000f8d  __TI_auto_init_nobinit_nopinit
00000fc9  ActivatePortA_B               
00001001  UART_OutUDec                  
00001039  EndLab2                       
0000106d  setUpper                      
000010a1  UART_OutChar                  
000010cd  ADC_Start                     
000010f5  _c_int00_noargs               
0000111d  UART_OutString                
00001145  Random32                      
00001165  Random                        
0000117d  strcmp                        
00001193  __TI_zero_init_nomemset       
000011a7  TI_memcpy_small               
000011b9  __TI_decompress_none          
000011cb  Clock_Delay                   
000011dd  Clock_Freq                    
000011e9  __aeabi_memcpy                
000011e9  __aeabi_memcpy4               
000011e9  __aeabi_memcpy8               
000011f1  ADC0_IRQHandler               
000011f1  ADC1_IRQHandler               
000011f1  AES_IRQHandler                
000011f1  CANFD0_IRQHandler             
000011f1  DAC0_IRQHandler               
000011f1  DMA_IRQHandler                
000011f1  Default_Handler               
000011f1  GROUP0_IRQHandler             
000011f1  GROUP1_IRQHandler             
000011f1  I2C0_IRQHandler               
000011f1  I2C1_IRQHandler               
000011f1  NMI_Handler                   
000011f1  PendSV_Handler                
000011f1  RTC_IRQHandler                
000011f1  SPI0_IRQHandler               
000011f1  SPI1_IRQHandler               
000011f1  SVC_Handler                   
000011f1  SysTick_Handler               
000011f1  TIMA0_IRQHandler              
000011f1  TIMA1_IRQHandler              
000011f1  TIMG12_IRQHandler             
000011f1  TIMG6_IRQHandler              
000011f1  TIMG8_IRQHandler              
000011f1  UART0_IRQHandler              
000011f1  UART1_IRQHandler              
000011f1  UART2_IRQHandler              
000011f1  UART3_IRQHandler              
000011f5  Reset_Handler                 
000011f9  _system_pre_init              
000011fc  C$$EXIT                       
000011fd  abort                         
00001200  StartProblem                  
00001478  LEDProblem                    
00001568  Table                         
00001638  InMux                         
00001648  StartMask                     
00001658  LEDMask                       
00001664  OutMux                        
00001670  __TI_Handler_Table_Base       
0000167c  __TI_Handler_Table_Limit      
00001690  __TI_CINIT_Base               
000016a0  __TI_CINIT_Limit              
000016a0  __TI_CINIT_Warm               
20200000  __start___llvm_prf_bits       
20200000  __start___llvm_prf_cnts       
20200000  __stop___llvm_prf_bits        
20200000  __stop___llvm_prf_cnts        
20200000  _sys_memory                   
20200200  Wave                          
20200210  FirstCount                    
20200214  M                             
20200218  Period                        
2020021c  Phase                         
20200220  SizeofEID                     
20200224  StartCount                    
20200228  TExaSadc                      
2020022c  WaveIndex                     
20200230  mode                          
20200234  Letter                        
20200238  BusFreq                       
2020023c  Mode0                         
20200240  Mode1                         
20200244  Score                         
20200248  Time                          
20207e00  __stack                       
20208000  __STACK_END                   
ffffffff  __TI_pprof_out_hndl           
ffffffff  __TI_prof_data_size           
ffffffff  __TI_prof_data_start          
ffffffff  __binit__                     
ffffffff  binit                         
UNDEFED   HardFault_Handler             
UNDEFED   __mpu_init                    
UNDEFED   _system_post_cinit            

[116 symbols]
