******************************************************************************
            TI ARM Clang Linker PC v2.1.3                      
******************************************************************************
>> Linked Fri Dec 29 10:11:41 2023

OUTPUT FILE NAME:   <UART_busywait.out>
ENTRY POINT SYMBOL: "_c_int00_noargs"  address: 00001e7d


MEMORY CONFIGURATION

         name            origin    length      used     unused   attr    fill
----------------------  --------  ---------  --------  --------  ----  --------
  FLASH                 00000000   00020000  00002338  0001dcc8  R  X
  SRAM                  20200000   00008000  000007ad  00007853  RW X
  BCR_CONFIG            41c00000   00000080  00000000  00000080  R   
  BSL_CONFIG            41c00100   00000080  00000000  00000080  R   


SEGMENT ALLOCATION MAP

run origin  load origin   length   init length attrs members
----------  ----------- ---------- ----------- ----- -------
00000000    00000000    00002338   00002338    r-x
  00000000    00000000    000000c0   000000c0    r-- .intvecs
  000000c0    000000c0    00002030   00002030    r-x .text
  000020f0    000020f0    000001c0   000001c0    r-- .rodata
  000022b0    000022b0    00000088   00000088    r-- .cinit
20200000    20200000    000005b0   00000000    rw-
  20200000    20200000    00000200   00000000    rw- .sysmem
  20200200    20200200    000001e1   00000000    rw- .data
  202003e4    202003e4    000001cc   00000000    rw- .bss
20207e00    20207e00    00000200   00000000    rw-
  20207e00    20207e00    00000200   00000000    rw- .stack


SECTION ALLOCATION MAP

 output                                  attributes/
section   page    origin      length       input sections
--------  ----  ----------  ----------   ----------------
.intvecs   0    00000000    000000c0     
                  00000000    000000c0     startup_mspm0g3507_ticlang.o (.intvecs)

.text      0    000000c0    00002030     
                  000000c0    00000898     libc.a : _printfi.c.obj (.text:__TI_printfi_nofloat)
                  00000958    0000013c            : fopen.c.obj (.text._openfile)
                  00000a94    0000013c            : memory.c.obj (.text.aligned_alloc)
                  00000bd0    00000134     Clock.o (.text.Clock_Init40MHz)
                  00000d04    00000100     libc.a : memory.c.obj (.text.free)
                  00000e04    000000f8            : fputs.c.obj (.text.fputs)
                  00000efc    000000e8     UARTbusywait.o (.text.UART_Init)
                  00000fe4    000000e8     libsysbm.a : add_device.c.obj (.text.add_device)
                  000010cc    000000e0     libc.a : setvbuf.c.obj (.text.setvbuf)
                  000011ac    000000a8     libsysbm.a : open.c.obj (.text.open)
                  00001254    000000a2     libclang_rt.builtins.a : udivmoddi4.S.obj (.text)
                  000012f6    00000002                            : aeabi_div0.c.obj (.text.__aeabi_idiv0)
                  000012f8    00000094     UART.o (.text.UART_InitPrintf)
                  0000138c    00000090     libc.a : fputc.c.obj (.text.fputc)
                  0000141c    00000084            : fopen.c.obj (.text.fopen)
                  000014a0    0000007c     LaunchPad.o (.text.LaunchPad_Init)
                  0000151c    0000007c     libc.a : fclose.c.obj (.text.__TI_closefile)
                  00001598    0000006c            : fseek.c.obj (.text.fseeko)
                  00001604    0000006c            : getdevice.c.obj (.text.getdevice)
                  00001670    00000068     libsysbm.a : hostlseek.c.obj (.text.HOSTlseek)
                  000016d8    00000068                : hostrename.c.obj (.text.HOSTrename)
                  00001740    00000068     libc.a : copy_decompress_lzss.c.obj (.text:decompress:lzss)
                  000017a8    00000064            : _io_perm.c.obj (.text.__TI_wrt_ok)
                  0000180c    00000064            : memory.c.obj (.text.split)
                  00001870    0000005c     libsysbm.a : hostopen.c.obj (.text.HOSTopen)
                  000018cc    0000005c     libc.a : printf.c.obj (.text.printf)
                  00001928    00000058     libsysbm.a : hostread.c.obj (.text.HOSTread)
                  00001980    00000058                : hostwrite.c.obj (.text.HOSTwrite)
                  000019d8    00000050     libc.a : fflush.c.obj (.text.__TI_doflush)
                  00001a28    00000050     libsysbm.a : close.c.obj (.text.close)
                  00001a78    00000048                : hostclose.c.obj (.text.HOSTclose)
                  00001ac0    00000048                : hostunlink.c.obj (.text.HOSTunlink)
                  00001b08    00000044     libc.a : atoi.c.obj (.text.atoi)
                  00001b4c    00000040     libclang_rt.builtins.a : aeabi_uidivmod.S.obj (.text)
                  00001b8c    0000003c     libc.a : autoinit.c.obj (.text:__TI_auto_init_nobinit_nopinit)
                  00001bc8    0000003a     libclang_rt.builtins.a : muldsi3.S.obj (.text)
                  00001c02    00000002                            : aeabi_div0.c.obj (.text.__aeabi_ldiv0)
                  00001c04    00000038     LaunchPad.o (.text.ActivatePortA_B)
                  00001c3c    00000038     libc.a : getdevice.c.obj (.text.finddevice)
                  00001c74    00000034            : fopen.c.obj (.text.__TI_cleanup)
                  00001ca8    00000034     libsysbm.a : trgmsg.c.obj (.text.__TI_readmsg)
                  00001cdc    00000034                : trgmsg.c.obj (.text.__TI_writemsg)
                  00001d10    00000034     libc.a : exit.c.obj (.text.exit)
                  00001d44    00000034            : fopen.c.obj (.text.freopen)
                  00001d78    00000034     UART.o (.text.uart_write)
                  00001dac    0000002c     UARTbusywait.o (.text.UART_OutChar)
                  00001dd8    0000002c     libsysbm.a : unlink.c.obj (.text.unlink)
                  00001e04    00000028     libc.a : memory.c.obj (.text.free_list_insert)
                  00001e2c    00000028     libsysbm.a : lseek.c.obj (.text.lseek)
                  00001e54    00000028                : write.c.obj (.text.write)
                  00001e7c    00000028     libc.a : boot_cortex_m.c.obj (.text:_c_int00_noargs)
                  00001ea4    00000026     UART.o (.text.uart_read)
                  00001eca    00000002     libc.a : _lock.c.obj (.text._nop)
                  00001ecc    00000024     UARTbusywaitTestmain.o (.text.main)
                  00001ef0    00000024     libc.a : memccpy.c.obj (.text.memccpy)
                  00001f14    00000024     libclang_rt.builtins.a : muldi3.S.obj (.text)
                  00001f38    00000020     UARTbusywait.o (.text.UART_InChar)
                  00001f58    0000001e     libclang_rt.builtins.a : ashldi3.S.obj (.text)
                  00001f76    00000002     --HOLE-- [fill = 0]
                  00001f78    0000001c     libc.a : memory.c.obj (.text.free_list_remove)
                  00001f94    0000001c     libclang_rt.builtins.a : aeabi_memset.S.obj (.text)
                  00001fb0    00000014     UART.o (.text.uart_open)
                  00001fc4    00000014     libc.a : copy_zero_init.c.obj (.text:decompress:ZI:__TI_zero_init_nomemset)
                  00001fd8    00000014     libclang_rt.builtins.a : aeabi_uldivmod.S.obj (.text)
                  00001fec    00000012     libc.a : memcpy16.S.obj (.text:TI_memcpy_small)
                  00001ffe    00000012            : copy_decompress_none.c.obj (.text:decompress:none)
                  00002010    00000010     Clock.o (.text.Clock_Delay)
                  00002020    00000010     libc.a : wcslen.c.obj (.text.wcslen)
                  00002030    0000000e     libsysbm.a : hostrename.c.obj (.text.strcpy)
                  0000203e    0000000e     libc.a : _printfi.c.obj (.text.strlen)
                  0000204c    0000000e     libsysbm.a : hostrename.c.obj (.text.strlen)
                  0000205a    0000000e     UART.o (.text.uart_lseek)
                  00002068    0000000e     libc.a : memset16.S.obj (.text:TI_memset_small)
                  00002076    00000002     --HOLE-- [fill = 0]
                  00002078    0000000c     Clock.o (.text.Clock_Freq)
                  00002084    0000000c     libc.a : memory.c.obj (.text.malloc)
                  00002090    0000000c     UART.o (.text.uart_rename)
                  0000209c    0000000a     UART.o (.text.uart_close)
                  000020a6    0000000a     UART.o (.text.uart_unlink)
                  000020b0    00000008     libc.a : aeabi_portable.c.obj (.text.__aeabi_errno_addr)
                  000020b8    00000008            : printf.c.obj (.text._outc)
                  000020c0    00000008            : printf.c.obj (.text._outs)
                  000020c8    00000008            : fseek.c.obj (.text.fseek)
                  000020d0    00000008     libsysbm.a : remove.c.obj (.text.remove)
                  000020d8    00000008     libclang_rt.builtins.a : aeabi_memcpy.S.obj (.text)
                  000020e0    00000004     startup_mspm0g3507_ticlang.o (.text.Default_Handler)
                  000020e4    00000004     startup_mspm0g3507_ticlang.o (.text.Reset_Handler)
                  000020e8    00000004     libc.a : pre_init.c.obj (.text._system_pre_init)
                  000020ec    00000004            : exit.c.obj (.text:abort)

.cinit     0    000022b0    00000088     
                  000022b0    0000005f     (.cinit..data.load) [load image, compression = lzss]
                  0000230f    00000001     --HOLE-- [fill = 0]
                  00002310    0000000c     (__TI_handler_table)
                  0000231c    00000008     (.cinit..bss.load) [load image, compression = zero_init]
                  00002324    00000010     (__TI_cinit_table)
                  00002334    00000004     --HOLE-- [fill = 0]

.rodata    0    000020f0    000001c0     
                  000020f0    00000101     libc.a : aeabi_ctype.S.obj (.rodata)
                  000021f1    00000087     UARTbusywaitTestmain.o (.rodata.str1.1)
                  00002278    00000022     libc.a : _printfi.c.obj (.rodata.str1.1)
                  0000229a    0000000d     UART.o (.rodata.str1.1)
                  000022a7    00000009     --HOLE-- [fill = 0]

.init_array 
*          0    00000000    00000000     UNINITIALIZED

.binit     0    00000000    00000000     

.sysmem    0    20200000    00000200     UNINITIALIZED
                  20200000    00000010     libc.a : memory.c.obj (.sysmem)
                  20200010    000001f0     --HOLE--

.data      0    20200200    000001e1     UNINITIALIZED
                  20200200    000000f0     libc.a : defs.c.obj (.data._ftable)
                  202002f0    00000078     libsysbm.a : host_device.c.obj (.data._device)
                  20200368    00000050                : host_device.c.obj (.data._stream)
                  202003b8    00000008     libc.a : exit.c.obj (.data..L_MergedGlobals)
                  202003c0    00000004     Clock.o (.data.BusFreq)
                  202003c4    00000004     libc.a : defs.c.obj (.data.__TI_ft_end)
                  202003c8    00000004            : aeabi_portable.c.obj (.data.__aeabi_errno)
                  202003cc    00000004            : _lock.c.obj (.data._lock)
                  202003d0    00000004            : _lock.c.obj (.data._unlock)
                  202003d4    00000001            : fopen.c.obj (.data._search_fp.init)
                  202003d5    00000003     --HOLE--
                  202003d8    00000001     libsysbm.a : add_device.c.obj (.data.add_device.device_init)
                  202003d9    00000003     --HOLE--
                  202003dc    00000001     libc.a : memory.c.obj (.data.memory_is_initialized)
                  202003dd    00000003     --HOLE--
                  202003e0    00000001     libsysbm.a : open.c.obj (.data.open.stream_init)

.bss       0    202003e4    000001cc     UNINITIALIZED
                  202003e4    00000120     libsysbm.a : trgmsg.c.obj (.bss:_CIOBUF_)
                  20200504    000000a0     (.common:__TI_tmpnams)
                  202005a4    00000008     (.common:parmbuf)
                  202005ac    00000004     libc.a : memory.c.obj (.bss.sys_free)

.stack     0    20207e00    00000200     UNINITIALIZED
                  20207e00    00000004     libc.a : boot_cortex_m.c.obj (.stack)
                  20207e04    000001fc     --HOLE--

__llvm_prf_cnts 
*          0    20200000    00000000     UNINITIALIZED

__llvm_prf_bits 
*          0    20200000    00000000     UNINITIALIZED

MODULE SUMMARY

       Module                         code   ro data   rw data
       ------                         ----   -------   -------
    .\
       Clock.o                        336    0         4      
       UART.o                         304    13        0      
       UARTbusywait.o                 308    0         0      
       LaunchPad.o                    180    0         0      
       UARTbusywaitTestmain.o         36     135       0      
    +--+------------------------------+------+---------+---------+
       Total:                         1164   148       4      
                                                              
    .\ticlang\
       startup_mspm0g3507_ticlang.o   8      192       0      
    +--+------------------------------+------+---------+---------+
       Total:                         8      192       0      
                                                              
    C:\ti\ccs1240\ccs\tools\compiler\ti-cgt-armllvm_2.1.3.LTS\lib\armv6m-ti-none-eabi/c/libc.a
       _printfi.c.obj                 2214   34        0      
       memory.c.obj                   752    0         5      
       fopen.c.obj                    552    0         1      
       defs.c.obj                     0      0         404    
       aeabi_ctype.S.obj              0      257       0      
       fputs.c.obj                    248    0         0      
       setvbuf.c.obj                  224    0         0      
       getdevice.c.obj                164    0         0      
       fputc.c.obj                    144    0         0      
       fclose.c.obj                   124    0         0      
       fseek.c.obj                    116    0         0      
       printf.c.obj                   108    0         0      
       copy_decompress_lzss.c.obj     104    0         0      
       _io_perm.c.obj                 100    0         0      
       fflush.c.obj                   80     0         0      
       atoi.c.obj                     68     0         0      
       exit.c.obj                     56     0         8      
       autoinit.c.obj                 60     0         0      
       boot_cortex_m.c.obj            40     0         0      
       memccpy.c.obj                  36     0         0      
       copy_zero_init.c.obj           20     0         0      
       copy_decompress_none.c.obj     18     0         0      
       memcpy16.S.obj                 18     0         0      
       wcslen.c.obj                   16     0         0      
       memset16.S.obj                 14     0         0      
       aeabi_portable.c.obj           8      0         4      
       _lock.c.obj                    2      0         8      
       pre_init.c.obj                 4      0         0      
    +--+------------------------------+------+---------+---------+
       Total:                         5290   291       430    
                                                              
    C:\ti\ccs1240\ccs\tools\compiler\ti-cgt-armllvm_2.1.3.LTS\lib\armv6m-ti-none-eabi/c/libsysbm.a
       trgmsg.c.obj                   104    0         288    
       add_device.c.obj               232    0         1      
       host_device.c.obj              0      0         200    
       open.c.obj                     168    0         1      
       hostrename.c.obj               132    0         0      
       hostlseek.c.obj                104    0         0      
       hostopen.c.obj                 92     0         8      
       hostread.c.obj                 88     0         0      
       hostwrite.c.obj                88     0         0      
       close.c.obj                    80     0         0      
       hostclose.c.obj                72     0         0      
       hostunlink.c.obj               72     0         0      
       unlink.c.obj                   44     0         0      
       lseek.c.obj                    40     0         0      
       write.c.obj                    40     0         0      
       remove.c.obj                   8      0         0      
    +--+------------------------------+------+---------+---------+
       Total:                         1364   0         498    
                                                              
    C:\ti\ccs1240\ccs\tools\compiler\ti-cgt-armllvm_2.1.3.LTS\lib\clang/14.0.6/lib/armv6m-ti-none-eabi/libclang_rt.builtins.a
       udivmoddi4.S.obj               162    0         0      
       aeabi_uidivmod.S.obj           64     0         0      
       muldsi3.S.obj                  58     0         0      
       muldi3.S.obj                   36     0         0      
       ashldi3.S.obj                  30     0         0      
       aeabi_memset.S.obj             28     0         0      
       aeabi_uldivmod.S.obj           20     0         0      
       aeabi_memcpy.S.obj             8      0         0      
       aeabi_div0.c.obj               4      0         0      
    +--+------------------------------+------+---------+---------+
       Total:                         410    0         0      
                                                              
       Heap:                          0      0         512    
       Stack:                         0      0         512    
       Linker Generated:              0      131       0      
    +--+------------------------------+------+---------+---------+
       Grand Total:                   8236   762       1956   


LINKER GENERATED COPY TABLES

__TI_cinit_table @ 00002324 records: 2, size/record: 8, table size: 16
	.data: load addr=000022b0, load size=0000005f bytes, run addr=20200200, run size=000001e1 bytes, compression=lzss
	.bss: load addr=0000231c, load size=00000008 bytes, run addr=202003e4, run size=000001cc bytes, compression=zero_init


LINKER GENERATED HANDLER TABLE

__TI_handler_table @ 00002310 records: 3, size/record: 4, table size: 12
	index: 0, handler: __TI_decompress_lzss
	index: 1, handler: __TI_decompress_none
	index: 2, handler: __TI_zero_init


GLOBAL SYMBOLS: SORTED ALPHABETICALLY BY Name 

address   name                          
-------   ----                          
000020e1  ADC0_IRQHandler               
000020e1  ADC1_IRQHandler               
000020e1  AES_IRQHandler                
00001c05  ActivatePortA_B               
202003c0  BusFreq                       
000020ec  C$$EXIT                       
00001d07  C$$IO$$                       
000020e1  CANFD0_IRQHandler             
00002011  Clock_Delay                   
00002079  Clock_Freq                    
00000bd1  Clock_Init40MHz               
000020e1  DAC0_IRQHandler               
000020e1  DMA_IRQHandler                
000020e1  Default_Handler               
000020e1  GROUP0_IRQHandler             
000020e1  GROUP1_IRQHandler             
00001a79  HOSTclose                     
00001671  HOSTlseek                     
00001871  HOSTopen                      
00001929  HOSTread                      
000016d9  HOSTrename                    
00001ac1  HOSTunlink                    
00001981  HOSTwrite                     
000020e1  HardFault_Handler             
000020e1  I2C0_IRQHandler               
000020e1  I2C1_IRQHandler               
000014a1  LaunchPad_Init                
000020e1  NMI_Handler                   
000020e1  PendSV_Handler                
000020e1  RTC_IRQHandler                
000020e5  Reset_Handler                 
000020e1  SPI0_IRQHandler               
000020e1  SPI1_IRQHandler               
000020e1  SVC_Handler                   
000020e1  SysTick_Handler               
000020e1  TIMA0_IRQHandler              
000020e1  TIMA1_IRQHandler              
000020e1  TIMG0_IRQHandler              
000020e1  TIMG12_IRQHandler             
000020e1  TIMG6_IRQHandler              
000020e1  TIMG7_IRQHandler              
000020e1  TIMG8_IRQHandler              
00001fed  TI_memcpy_small               
00002069  TI_memset_small               
000020e1  UART0_IRQHandler              
000020e1  UART1_IRQHandler              
000020e1  UART2_IRQHandler              
000020e1  UART3_IRQHandler              
00001f39  UART_InChar                   
00000efd  UART_Init                     
000012f9  UART_InitPrintf               
00001dad  UART_OutChar                  
202003e4  _CIOBUF_                      
202003e4  __CIOBUF_                     
20208000  __STACK_END                   
00000200  __STACK_SIZE                  
00000200  __SYSMEM_SIZE                 
00002324  __TI_CINIT_Base               
00002334  __TI_CINIT_Limit              
00002334  __TI_CINIT_Warm               
00002310  __TI_Handler_Table_Base       
0000231c  __TI_Handler_Table_Limit      
00001b8d  __TI_auto_init_nobinit_nopinit
00001c75  __TI_cleanup                  
202003b8  __TI_cleanup_ptr              
0000151d  __TI_closefile                
00001741  __TI_decompress_lzss          
00001fff  __TI_decompress_none          
000019d9  __TI_doflush                  
202003bc  __TI_dtors_ptr                
202003c4  __TI_ft_end                   
ffffffff  __TI_pprof_out_hndl           
000000c1  __TI_printfi_nofloat          
ffffffff  __TI_prof_data_size           
ffffffff  __TI_prof_data_start          
00001ca9  __TI_readmsg                  
00000000  __TI_static_base__            
20200504  __TI_tmpnams                  
00001cdd  __TI_writemsg                 
000017a9  __TI_wrt_ok                   
00001fc5  __TI_zero_init_nomemset       
000020f0  __aeabi_ctype_table_          
000020f0  __aeabi_ctype_table_C         
202003c8  __aeabi_errno                 
000020b1  __aeabi_errno_addr            
000012f7  __aeabi_idiv0                 
00001c03  __aeabi_ldiv0                 
00001f59  __aeabi_llsl                  
00001f15  __aeabi_lmul                  
00001fa5  __aeabi_memclr                
00001fa5  __aeabi_memclr4               
00001fa5  __aeabi_memclr8               
000020d9  __aeabi_memcpy                
000020d9  __aeabi_memcpy4               
000020d9  __aeabi_memcpy8               
00001f95  __aeabi_memset                
00001f95  __aeabi_memset4               
00001f95  __aeabi_memset8               
00001b4d  __aeabi_uidiv                 
00001b4d  __aeabi_uidivmod              
00001fd9  __aeabi_uldivmod              
00001f59  __ashldi3                     
ffffffff  __binit__                     
UNDEFED   __mpu_init                    
00001f15  __muldi3                      
00001bc9  __muldsi3                     
20207e00  __stack                       
20200000  __start___llvm_prf_bits       
20200000  __start___llvm_prf_cnts       
20200000  __stop___llvm_prf_bits        
20200000  __stop___llvm_prf_cnts        
00001255  __udivmoddi4                  
00001e7d  _c_int00_noargs               
202002f0  _device                       
20200200  _ftable                       
202003cc  _lock                         
00001ecb  _nop                          
20200368  _stream                       
20200000  _sys_memory                   
UNDEFED   _system_post_cinit            
000020e9  _system_pre_init              
202003d0  _unlock                       
000020ed  abort                         
00000fe5  add_device                    
00000a95  aligned_alloc                 
00001b09  atoi                          
ffffffff  binit                         
00001a29  close                         
00001d11  exit                          
00001c3d  finddevice                    
0000141d  fopen                         
0000138d  fputc                         
00000e05  fputs                         
00000d05  free                          
00001d45  freopen                       
000020c9  fseek                         
00001599  fseeko                        
00001605  getdevice                     
00000000  interruptVectors              
00001e2d  lseek                         
00001ecd  main                          
00002085  malloc                        
00000a95  memalign                      
00001ef1  memccpy                       
000011ad  open                          
202005a4  parmbuf                       
000018cd  printf                        
000020d1  remove                        
000010cd  setvbuf                       
0000209d  uart_close                    
0000205b  uart_lseek                    
00001fb1  uart_open                     
00001ea5  uart_read                     
00002091  uart_rename                   
000020a7  uart_unlink                   
00001d79  uart_write                    
00001dd9  unlink                        
00002021  wcslen                        
00001e55  write                         


GLOBAL SYMBOLS: SORTED BY Symbol Address 

address   name                          
-------   ----                          
00000000  __TI_static_base__            
00000000  interruptVectors              
000000c1  __TI_printfi_nofloat          
00000200  __STACK_SIZE                  
00000200  __SYSMEM_SIZE                 
00000a95  aligned_alloc                 
00000a95  memalign                      
00000bd1  Clock_Init40MHz               
00000d05  free                          
00000e05  fputs                         
00000efd  UART_Init                     
00000fe5  add_device                    
000010cd  setvbuf                       
000011ad  open                          
00001255  __udivmoddi4                  
000012f7  __aeabi_idiv0                 
000012f9  UART_InitPrintf               
0000138d  fputc                         
0000141d  fopen                         
000014a1  LaunchPad_Init                
0000151d  __TI_closefile                
00001599  fseeko                        
00001605  getdevice                     
00001671  HOSTlseek                     
000016d9  HOSTrename                    
00001741  __TI_decompress_lzss          
000017a9  __TI_wrt_ok                   
00001871  HOSTopen                      
000018cd  printf                        
00001929  HOSTread                      
00001981  HOSTwrite                     
000019d9  __TI_doflush                  
00001a29  close                         
00001a79  HOSTclose                     
00001ac1  HOSTunlink                    
00001b09  atoi                          
00001b4d  __aeabi_uidiv                 
00001b4d  __aeabi_uidivmod              
00001b8d  __TI_auto_init_nobinit_nopinit
00001bc9  __muldsi3                     
00001c03  __aeabi_ldiv0                 
00001c05  ActivatePortA_B               
00001c3d  finddevice                    
00001c75  __TI_cleanup                  
00001ca9  __TI_readmsg                  
00001cdd  __TI_writemsg                 
00001d07  C$$IO$$                       
00001d11  exit                          
00001d45  freopen                       
00001d79  uart_write                    
00001dad  UART_OutChar                  
00001dd9  unlink                        
00001e2d  lseek                         
00001e55  write                         
00001e7d  _c_int00_noargs               
00001ea5  uart_read                     
00001ecb  _nop                          
00001ecd  main                          
00001ef1  memccpy                       
00001f15  __aeabi_lmul                  
00001f15  __muldi3                      
00001f39  UART_InChar                   
00001f59  __aeabi_llsl                  
00001f59  __ashldi3                     
00001f95  __aeabi_memset                
00001f95  __aeabi_memset4               
00001f95  __aeabi_memset8               
00001fa5  __aeabi_memclr                
00001fa5  __aeabi_memclr4               
00001fa5  __aeabi_memclr8               
00001fb1  uart_open                     
00001fc5  __TI_zero_init_nomemset       
00001fd9  __aeabi_uldivmod              
00001fed  TI_memcpy_small               
00001fff  __TI_decompress_none          
00002011  Clock_Delay                   
00002021  wcslen                        
0000205b  uart_lseek                    
00002069  TI_memset_small               
00002079  Clock_Freq                    
00002085  malloc                        
00002091  uart_rename                   
0000209d  uart_close                    
000020a7  uart_unlink                   
000020b1  __aeabi_errno_addr            
000020c9  fseek                         
000020d1  remove                        
000020d9  __aeabi_memcpy                
000020d9  __aeabi_memcpy4               
000020d9  __aeabi_memcpy8               
000020e1  ADC0_IRQHandler               
000020e1  ADC1_IRQHandler               
000020e1  AES_IRQHandler                
000020e1  CANFD0_IRQHandler             
000020e1  DAC0_IRQHandler               
000020e1  DMA_IRQHandler                
000020e1  Default_Handler               
000020e1  GROUP0_IRQHandler             
000020e1  GROUP1_IRQHandler             
000020e1  HardFault_Handler             
000020e1  I2C0_IRQHandler               
000020e1  I2C1_IRQHandler               
000020e1  NMI_Handler                   
000020e1  PendSV_Handler                
000020e1  RTC_IRQHandler                
000020e1  SPI0_IRQHandler               
000020e1  SPI1_IRQHandler               
000020e1  SVC_Handler                   
000020e1  SysTick_Handler               
000020e1  TIMA0_IRQHandler              
000020e1  TIMA1_IRQHandler              
000020e1  TIMG0_IRQHandler              
000020e1  TIMG12_IRQHandler             
000020e1  TIMG6_IRQHandler              
000020e1  TIMG7_IRQHandler              
000020e1  TIMG8_IRQHandler              
000020e1  UART0_IRQHandler              
000020e1  UART1_IRQHandler              
000020e1  UART2_IRQHandler              
000020e1  UART3_IRQHandler              
000020e5  Reset_Handler                 
000020e9  _system_pre_init              
000020ec  C$$EXIT                       
000020ed  abort                         
000020f0  __aeabi_ctype_table_          
000020f0  __aeabi_ctype_table_C         
00002310  __TI_Handler_Table_Base       
0000231c  __TI_Handler_Table_Limit      
00002324  __TI_CINIT_Base               
00002334  __TI_CINIT_Limit              
00002334  __TI_CINIT_Warm               
20200000  __start___llvm_prf_bits       
20200000  __start___llvm_prf_cnts       
20200000  __stop___llvm_prf_bits        
20200000  __stop___llvm_prf_cnts        
20200000  _sys_memory                   
20200200  _ftable                       
202002f0  _device                       
20200368  _stream                       
202003b8  __TI_cleanup_ptr              
202003bc  __TI_dtors_ptr                
202003c0  BusFreq                       
202003c4  __TI_ft_end                   
202003c8  __aeabi_errno                 
202003cc  _lock                         
202003d0  _unlock                       
202003e4  _CIOBUF_                      
202003e4  __CIOBUF_                     
20200504  __TI_tmpnams                  
202005a4  parmbuf                       
20207e00  __stack                       
20208000  __STACK_END                   
ffffffff  __TI_pprof_out_hndl           
ffffffff  __TI_prof_data_size           
ffffffff  __TI_prof_data_start          
ffffffff  __binit__                     
ffffffff  binit                         
UNDEFED   __mpu_init                    
UNDEFED   _system_post_cinit            

[159 symbols]
