******************************************************************************
            TI ARM Clang Linker PC v2.1.3                      
******************************************************************************
>> Linked Tue Jan 30 13:01:45 2024

OUTPUT FILE NAME:   <ECE319K_Lab1.out>
ENTRY POINT SYMBOL: "_c_int00_noargs"  address: 00001229


MEMORY CONFIGURATION

         name            origin    length      used     unused   attr    fill
----------------------  --------  ---------  --------  --------  ----  --------
  FLASH                 00000000   00020000  000018c0  0001e740  R  X
  SRAM                  20200000   00008000  00000595  00007a6b  RW X
  BCR_CONFIG            41c00000   00000080  00000000  00000080  R   
  BSL_CONFIG            41c00100   00000080  00000000  00000080  R   


SEGMENT ALLOCATION MAP

run origin  load origin   length   init length attrs members
----------  ----------- ---------- ----------- ----- -------
00000000    00000000    000018c0   000018c0    r-x
  00000000    00000000    000000c0   000000c0    r-- .intvecs
  000000c0    000000c0    000012c0   000012c0    r-x .text
  00001380    00001380    00000510   00000510    r-- .rodata
  00001890    00001890    00000030   00000030    r-- .cinit
20200000    20200000    00000398   00000000    rw-
  20200000    20200000    00000200   00000000    rw- .sysmem
  20200200    20200200    00000191   00000000    rw- .bss
  20200394    20200394    00000004   00000000    rw- .data
20207e00    20207e00    00000200   00000000    rw-
  20207e00    20207e00    00000200   00000000    rw- .stack


SECTION ALLOCATION MAP

 output                                  attributes/
section   page    origin      length       input sections
--------  ----  ----------  ----------   ----------------
.intvecs   0    00000000    000000c0     
                  00000000    000000c0     startup_mspm0g3507_ticlang.o (.intvecs)

.text      0    000000c0    000012c0     
                  000000c0    000004fc     ECE319K_Lab1main.o (.text.Run)
                  000005bc    00000264     ECE319K_Lab1main.o (.text.main)
                  00000820    00000134     Clock.o (.text.Clock_Init40MHz)
                  00000954    000000f4     ECE319K_Lab1main.o (.text.BuildEID)
                  00000a48    000000ec     ECE319K_Lab1main.o (.text.OptFill2)
                  00000b34    000000e8     ECE319K_Lab1main.o (.text.OptFill6)
                  00000c1c    000000e8     UARTbusywait.o (.text.UART_Init)
                  00000d04    000000d0     ECE319K_Lab1main.o (.text.OptFill1)
                  00000dd4    000000a4     ECE319K_Lab1main.o (.text.Show)
                  00000e78    00000098     ECE319K_Lab1main.o (.text.OptFill3)
                  00000f10    00000098     ECE319K_Lab1main.o (.text.OptFill4)
                  00000fa8    0000007c     LaunchPad.o (.text.LaunchPad_Init)
                  00001024    00000068     libc.a : copy_decompress_lzss.c.obj (.text:decompress:lzss)
                  0000108c    00000058     ECE319K_Lab1.o (.text)
                  000010e4    00000040     libclang_rt.builtins.a : aeabi_uidivmod.S.obj (.text)
                  00001124    0000003c     libc.a : autoinit.c.obj (.text:__TI_auto_init_nobinit_nopinit)
                  00001160    00000038     LaunchPad.o (.text.ActivatePortA_B)
                  00001198    00000036     UART.o (.text.UART_OutUDec)
                  000011ce    00000002     libclang_rt.builtins.a : aeabi_div0.c.obj (.text.__aeabi_idiv0)
                  000011d0    0000002c     ECE319K_Lab1main.o (.text.OptFill5)
                  000011fc    0000002c     UARTbusywait.o (.text.UART_OutChar)
                  00001228    00000028     libc.a : boot_cortex_m.c.obj (.text:_c_int00_noargs)
                  00001250    00000026     UART.o (.text.UART_OutSDec)
                  00001276    00000026     UART.o (.text.UART_OutString)
                  0000129c    00000020     ECE319K_Lab1main.o (.text.Random32)
                  000012bc    00000018     ECE319K_Lab1main.o (.text.Random)
                  000012d4    00000016     libc.a : strcmp.c.obj (.text.strcmp)
                  000012ea    00000014            : copy_zero_init.c.obj (.text:decompress:ZI:__TI_zero_init_nomemset)
                  000012fe    00000012            : memcpy16.S.obj (.text:TI_memcpy_small)
                  00001310    00000012            : copy_decompress_none.c.obj (.text:decompress:none)
                  00001322    00000010     Clock.o (.text.Clock_Delay)
                  00001332    00000002     --HOLE-- [fill = 0]
                  00001334    00000010     ECE319K_Lab1main.o (.text.EndLab1)
                  00001344    0000000e     libc.a : strcpy.c.obj (.text.strcpy)
                  00001352    00000002     --HOLE-- [fill = 0]
                  00001354    0000000c     Clock.o (.text.Clock_Freq)
                  00001360    00000008     libclang_rt.builtins.a : aeabi_memcpy.S.obj (.text)
                  00001368    00000004     startup_mspm0g3507_ticlang.o (.text.Default_Handler)
                  0000136c    00000004     startup_mspm0g3507_ticlang.o (.text.HardFault_Handler)
                  00001370    00000004     startup_mspm0g3507_ticlang.o (.text.Reset_Handler)
                  00001374    00000004     libc.a : pre_init.c.obj (.text._system_pre_init)
                  00001378    00000004            : exit.c.obj (.text:abort)
                  0000137c    00000004     --HOLE-- [fill = 0]

.cinit     0    00001890    00000030     
                  00001890    0000000c     (__TI_handler_table)
                  0000189c    00000008     (.cinit..bss.load) [load image, compression = zero_init]
                  000018a4    00000008     (.cinit..data.load) [load image, compression = lzss]
                  000018ac    00000010     (__TI_cinit_table)
                  000018bc    00000004     --HOLE-- [fill = 0]

.rodata    0    00001380    00000510     
                  00001380    000002be     ECE319K_Lab1main.o (.rodata.str1.1)
                  0000163e    00000070     ECE319K_Lab1main.o (.rodata.Opt1)
                  000016ae    00000070     ECE319K_Lab1main.o (.rodata.Opt2)
                  0000171e    0000006e     ECE319K_Lab1main.o (.rodata.Opt6)
                  0000178c    00000057     ECE319K_Lab1main.o (.rodata.Opt3)
                  000017e3    00000057     ECE319K_Lab1main.o (.rodata.Opt5)
                  0000183a    00000056     ECE319K_Lab1main.o (.rodata.Opt4)

.init_array 
*          0    00000000    00000000     UNINITIALIZED

.binit     0    00000000    00000000     

.sysmem    0    20200000    00000200     UNINITIALIZED
                  20200000    00000010     libc.a : memory.c.obj (.sysmem)
                  20200010    000001f0     --HOLE--

.bss       0    20200200    00000191     UNINITIALIZED
                  20200200    000000c8     (.common:EIDs)
                  202002c8    00000050     (.common:List)
                  20200318    00000020     (.common:Correct)
                  20200338    00000014     (.common:student)
                  2020034c    00000014     (.common:student1)
                  20200360    00000014     (.common:student2)
                  20200374    00000004     (.common:Dummy)
                  20200378    00000004     (.common:IndexAtNumber)
                  2020037c    00000004     (.common:M)
                  20200380    00000004     (.common:Option)
                  20200384    00000004     (.common:Score)
                  20200388    00000004     (.common:SizeofEID)
                  2020038c    00000004     (.common:YourAns)
                  20200390    00000001     (.common:SecondLetter)

.data      0    20200394    00000004     UNINITIALIZED
                  20200394    00000004     Clock.o (.data.BusFreq)

.stack     0    20207e00    00000200     UNINITIALIZED
                  20207e00    00000004     libc.a : boot_cortex_m.c.obj (.stack)
                  20207e04    000001fc     --HOLE--

__llvm_prf_cnts 
*          0    20200000    00000000     UNINITIALIZED

__llvm_prf_bits 
*          0    20200000    00000000     UNINITIALIZED

MODULE SUMMARY

       Module                         code   ro data   rw data
       ------                         ----   -------   -------
    .\
       ECE319K_Lab1main.o             3392   1296      401    
       Clock.o                        336    0         4      
       UARTbusywait.o                 276    0         0      
       LaunchPad.o                    180    0         0      
       UART.o                         130    0         0      
       ECE319K_Lab1.o                 88     0         0      
    +--+------------------------------+------+---------+---------+
       Total:                         4402   1296      405    
                                                              
    .\ticlang\
       startup_mspm0g3507_ticlang.o   12     192       0      
    +--+------------------------------+------+---------+---------+
       Total:                         12     192       0      
                                                              
    C:\ti\ccs1240\ccs\tools\compiler\ti-cgt-armllvm_2.1.3.LTS\lib\armv6m-ti-none-eabi/c/libc.a
       copy_decompress_lzss.c.obj     104    0         0      
       autoinit.c.obj                 60     0         0      
       boot_cortex_m.c.obj            40     0         0      
       strcmp.c.obj                   22     0         0      
       copy_zero_init.c.obj           20     0         0      
       copy_decompress_none.c.obj     18     0         0      
       memcpy16.S.obj                 18     0         0      
       strcpy.c.obj                   14     0         0      
       exit.c.obj                     4      0         0      
       pre_init.c.obj                 4      0         0      
    +--+------------------------------+------+---------+---------+
       Total:                         304    0         0      
                                                              
    C:\ti\ccs1240\ccs\tools\compiler\ti-cgt-armllvm_2.1.3.LTS\lib\clang/14.0.6/lib/armv6m-ti-none-eabi/libclang_rt.builtins.a
       aeabi_uidivmod.S.obj           64     0         0      
       aeabi_memcpy.S.obj             8      0         0      
       aeabi_div0.c.obj               2      0         0      
    +--+------------------------------+------+---------+---------+
       Total:                         74     0         0      
                                                              
       Heap:                          0      0         512    
       Stack:                         0      0         512    
       Linker Generated:              0      44        0      
    +--+------------------------------+------+---------+---------+
       Grand Total:                   4792   1532      1429   


LINKER GENERATED COPY TABLES

__TI_cinit_table @ 000018ac records: 2, size/record: 8, table size: 16
	.bss: load addr=0000189c, load size=00000008 bytes, run addr=20200200, run size=00000191 bytes, compression=zero_init
	.data: load addr=000018a4, load size=00000008 bytes, run addr=20200394, run size=00000004 bytes, compression=lzss


LINKER GENERATED HANDLER TABLE

__TI_handler_table @ 00001890 records: 3, size/record: 4, table size: 12
	index: 0, handler: __TI_decompress_lzss
	index: 1, handler: __TI_decompress_none
	index: 2, handler: __TI_zero_init


GLOBAL SYMBOLS: SORTED ALPHABETICALLY BY Name 

address   name                          
-------   ----                          
00001369  ADC0_IRQHandler               
00001369  ADC1_IRQHandler               
00001369  AES_IRQHandler                
00001161  ActivatePortA_B               
00000955  BuildEID                      
20200394  BusFreq                       
00001378  C$$EXIT                       
00001369  CANFD0_IRQHandler             
00001323  Clock_Delay                   
00001355  Clock_Freq                    
00000821  Clock_Init40MHz               
20200318  Correct                       
00001369  DAC0_IRQHandler               
00001369  DMA_IRQHandler                
00001369  Default_Handler               
20200374  Dummy                         
0000108c  EID                           
20200200  EIDs                          
00001335  EndLab1                       
00001369  GROUP0_IRQHandler             
00001369  GROUP1_IRQHandler             
0000136d  HardFault_Handler             
00001369  I2C0_IRQHandler               
00001369  I2C1_IRQHandler               
20200378  IndexAtNumber                 
00001098  Lab1                          
00000fa9  LaunchPad_Init                
202002c8  List                          
2020037c  M                             
00001369  NMI_Handler                   
0000163e  Opt1                          
000016ae  Opt2                          
0000178c  Opt3                          
0000183a  Opt4                          
000017e3  Opt5                          
0000171e  Opt6                          
00000d05  OptFill1                      
00000a49  OptFill2                      
00000e79  OptFill3                      
00000f11  OptFill4                      
000011d1  OptFill5                      
00000b35  OptFill6                      
20200380  Option                        
00001369  PendSV_Handler                
00001094  Phase                         
00001369  RTC_IRQHandler                
000012bd  Random                        
0000129d  Random32                      
00001371  Reset_Handler                 
000000c1  Run                           
00001369  SPI0_IRQHandler               
00001369  SPI1_IRQHandler               
00001369  SVC_Handler                   
20200384  Score                         
20200390  SecondLetter                  
00000dd5  Show                          
20200388  SizeofEID                     
00001369  SysTick_Handler               
00001369  TIMA0_IRQHandler              
00001369  TIMA1_IRQHandler              
00001369  TIMG0_IRQHandler              
00001369  TIMG12_IRQHandler             
00001369  TIMG6_IRQHandler              
00001369  TIMG7_IRQHandler              
00001369  TIMG8_IRQHandler              
000012ff  TI_memcpy_small               
00001369  UART0_IRQHandler              
00001369  UART1_IRQHandler              
00001369  UART2_IRQHandler              
00001369  UART3_IRQHandler              
00000c1d  UART_Init                     
000011fd  UART_OutChar                  
00001251  UART_OutSDec                  
00001277  UART_OutString                
00001199  UART_OutUDec                  
2020038c  YourAns                       
20208000  __STACK_END                   
00000200  __STACK_SIZE                  
00000200  __SYSMEM_SIZE                 
000018ac  __TI_CINIT_Base               
000018bc  __TI_CINIT_Limit              
000018bc  __TI_CINIT_Warm               
00001890  __TI_Handler_Table_Base       
0000189c  __TI_Handler_Table_Limit      
00001125  __TI_auto_init_nobinit_nopinit
00001025  __TI_decompress_lzss          
00001311  __TI_decompress_none          
ffffffff  __TI_pprof_out_hndl           
ffffffff  __TI_prof_data_size           
ffffffff  __TI_prof_data_start          
00000000  __TI_static_base__            
000012eb  __TI_zero_init_nomemset       
000011cf  __aeabi_idiv0                 
00001361  __aeabi_memcpy                
00001361  __aeabi_memcpy4               
00001361  __aeabi_memcpy8               
000010e5  __aeabi_uidiv                 
000010e5  __aeabi_uidivmod              
ffffffff  __binit__                     
UNDEFED   __mpu_init                    
20207e00  __stack                       
20200000  __start___llvm_prf_bits       
20200000  __start___llvm_prf_cnts       
20200000  __stop___llvm_prf_bits        
20200000  __stop___llvm_prf_cnts        
00001229  _c_int00_noargs               
20200000  _sys_memory                   
UNDEFED   _system_post_cinit            
00001375  _system_pre_init              
00001379  abort                         
ffffffff  binit                         
00000000  interruptVectors              
000005bd  main                          
000012d5  strcmp                        
00001345  strcpy                        
20200338  student                       
2020034c  student1                      
20200360  student2                      


GLOBAL SYMBOLS: SORTED BY Symbol Address 

address   name                          
-------   ----                          
00000000  __TI_static_base__            
00000000  interruptVectors              
000000c1  Run                           
00000200  __STACK_SIZE                  
00000200  __SYSMEM_SIZE                 
000005bd  main                          
00000821  Clock_Init40MHz               
00000955  BuildEID                      
00000a49  OptFill2                      
00000b35  OptFill6                      
00000c1d  UART_Init                     
00000d05  OptFill1                      
00000dd5  Show                          
00000e79  OptFill3                      
00000f11  OptFill4                      
00000fa9  LaunchPad_Init                
00001025  __TI_decompress_lzss          
0000108c  EID                           
00001094  Phase                         
00001098  Lab1                          
000010e5  __aeabi_uidiv                 
000010e5  __aeabi_uidivmod              
00001125  __TI_auto_init_nobinit_nopinit
00001161  ActivatePortA_B               
00001199  UART_OutUDec                  
000011cf  __aeabi_idiv0                 
000011d1  OptFill5                      
000011fd  UART_OutChar                  
00001229  _c_int00_noargs               
00001251  UART_OutSDec                  
00001277  UART_OutString                
0000129d  Random32                      
000012bd  Random                        
000012d5  strcmp                        
000012eb  __TI_zero_init_nomemset       
000012ff  TI_memcpy_small               
00001311  __TI_decompress_none          
00001323  Clock_Delay                   
00001335  EndLab1                       
00001345  strcpy                        
00001355  Clock_Freq                    
00001361  __aeabi_memcpy                
00001361  __aeabi_memcpy4               
00001361  __aeabi_memcpy8               
00001369  ADC0_IRQHandler               
00001369  ADC1_IRQHandler               
00001369  AES_IRQHandler                
00001369  CANFD0_IRQHandler             
00001369  DAC0_IRQHandler               
00001369  DMA_IRQHandler                
00001369  Default_Handler               
00001369  GROUP0_IRQHandler             
00001369  GROUP1_IRQHandler             
00001369  I2C0_IRQHandler               
00001369  I2C1_IRQHandler               
00001369  NMI_Handler                   
00001369  PendSV_Handler                
00001369  RTC_IRQHandler                
00001369  SPI0_IRQHandler               
00001369  SPI1_IRQHandler               
00001369  SVC_Handler                   
00001369  SysTick_Handler               
00001369  TIMA0_IRQHandler              
00001369  TIMA1_IRQHandler              
00001369  TIMG0_IRQHandler              
00001369  TIMG12_IRQHandler             
00001369  TIMG6_IRQHandler              
00001369  TIMG7_IRQHandler              
00001369  TIMG8_IRQHandler              
00001369  UART0_IRQHandler              
00001369  UART1_IRQHandler              
00001369  UART2_IRQHandler              
00001369  UART3_IRQHandler              
0000136d  HardFault_Handler             
00001371  Reset_Handler                 
00001375  _system_pre_init              
00001378  C$$EXIT                       
00001379  abort                         
0000163e  Opt1                          
000016ae  Opt2                          
0000171e  Opt6                          
0000178c  Opt3                          
000017e3  Opt5                          
0000183a  Opt4                          
00001890  __TI_Handler_Table_Base       
0000189c  __TI_Handler_Table_Limit      
000018ac  __TI_CINIT_Base               
000018bc  __TI_CINIT_Limit              
000018bc  __TI_CINIT_Warm               
20200000  __start___llvm_prf_bits       
20200000  __start___llvm_prf_cnts       
20200000  __stop___llvm_prf_bits        
20200000  __stop___llvm_prf_cnts        
20200000  _sys_memory                   
20200200  EIDs                          
202002c8  List                          
20200318  Correct                       
20200338  student                       
2020034c  student1                      
20200360  student2                      
20200374  Dummy                         
20200378  IndexAtNumber                 
2020037c  M                             
20200380  Option                        
20200384  Score                         
20200388  SizeofEID                     
2020038c  YourAns                       
20200390  SecondLetter                  
20200394  BusFreq                       
20207e00  __stack                       
20208000  __STACK_END                   
ffffffff  __TI_pprof_out_hndl           
ffffffff  __TI_prof_data_size           
ffffffff  __TI_prof_data_start          
ffffffff  __binit__                     
ffffffff  binit                         
UNDEFED   __mpu_init                    
UNDEFED   _system_post_cinit            

[118 symbols]
