******************************************************************************
            TI ARM Clang Linker PC v2.1.3                      
******************************************************************************
>> Linked Mon Apr  1 14:43:09 2024

OUTPUT FILE NAME:   <ECE319K_Lab7.out>
ENTRY POINT SYMBOL: "_c_int00_noargs"  address: 00003e71


MEMORY CONFIGURATION

         name            origin    length      used     unused   attr    fill
----------------------  --------  ---------  --------  --------  ----  --------
  FLASH                 00000000   00020000  000048e8  0001b718  R  X
  SRAM                  20200000   00008000  000007e8  00007818  RW X
  BCR_CONFIG            41c00000   00000080  00000000  00000080  R   
  BSL_CONFIG            41c00100   00000080  00000000  00000080  R   


SEGMENT ALLOCATION MAP

run origin  load origin   length   init length attrs members
----------  ----------- ---------- ----------- ----- -------
00000000    00000000    00004158   00004158    r-x
  00000000    00000000    000000c0   000000c0    r-- .intvecs
  000000c0    000000c0    00004098   00004098    r-x .text
00004160    00004160    00000790   00000790    r--
  00004160    00004160    00000700   00000700    r-- .rodata
  00004860    00004860    00000090   00000090    r-- .cinit
20200000    20200000    000005e9   00000000    rw-
  20200000    20200000    00000200   00000000    rw- .sysmem
  20200200    20200200    000001f7   00000000    rw- .bss
  202003f8    202003f8    000001f1   00000000    rw- .data
20207e00    20207e00    00000200   00000000    rw-
  20207e00    20207e00    00000200   00000000    rw- .stack


SECTION ALLOCATION MAP

 output                                  attributes/
section   page    origin      length       input sections
--------  ----  ----------  ----------   ----------------
.intvecs   0    00000000    000000c0     
                  00000000    000000c0     startup_mspm0g3507_ticlang.o (.intvecs)

.text      0    000000c0    00004098     
                  000000c0    00000a18     libc.a : _printfi.c.obj (.text:__TI_printfi)
                  00000ad8    00000210            : _printfi.c.obj (.text._pconv_a)
                  00000ce8    000001d8            : _printfi.c.obj (.text._pconv_g)
                  00000ec0    000001b4     Clock.o (.text.Clock_Init80MHz)
                  00001074    000001a0     ST7735.o (.text.ST7735_DrawCharS)
                  00001214    00000192     libclang_rt.builtins.a : adddf3.S.obj (.text)
                  000013a6    00000002     ADC1.o (.text.ADCinit)
                  000013a8    0000013c     libc.a : fopen.c.obj (.text._openfile)
                  000014e4    0000013c            : memory.c.obj (.text.aligned_alloc)
                  00001620    00000138            : _printfi.c.obj (.text.fcvt)
                  00001758    00000128     TExaS.o (.text.ADC_Init)
                  00001880    0000011c     libc.a : _printfi.c.obj (.text._pconv_e)
                  0000199c    00000118     ST7735.o (.text.ST7735_FillRect)
                  00001ab4    0000010c     libclang_rt.builtins.a : divdf3.S.obj (.text)
                  00001bc0    00000100     libc.a : memory.c.obj (.text.free)
                  00001cc0    000000f8     SPI.o (.text.SPI_Init)
                  00001db8    000000f8     libc.a : fputs.c.obj (.text.fputs)
                  00001eb0    000000e8     TExaS.o (.text.UART_Init)
                  00001f98    000000e8     libsysbm.a : add_device.c.obj (.text.add_device)
                  00002080    000000e4     libclang_rt.builtins.a : muldf3.S.obj (.text)
                  00002164    000000e0     libc.a : setvbuf.c.obj (.text.setvbuf)
                  00002244    000000d8     Lab7Main.o (.text.main)
                  0000231c    000000d8     libc.a : s_scalbn.c.obj (.text.scalbn)
                  000023f4    000000d0     ST7735.o (.text.ST7735_OutChar)
                  000024c4    000000cc     ST7735.o (.text.ST7735_PlotPoint)
                  00002590    000000b0     ST7735.o (.text.ST7735_DrawFastVLine)
                  00002640    000000a8     Timer.o (.text.TimerG7_IntArm)
                  000026e8    000000a8     libsysbm.a : open.c.obj (.text.open)
                  00002790    000000a2     ST7735.o (.text.commandList)
                  00002832    00000002     libclang_rt.builtins.a : aeabi_div0.c.obj (.text.__aeabi_idiv0)
                  00002834    000000a2                            : udivmoddi4.S.obj (.text)
                  000028d6    00000002                            : aeabi_div0.c.obj (.text.__aeabi_ldiv0)
                  000028d8    0000009c     ST7735.o (.text.ST7735_InitPrintf)
                  00002974    00000098     ST7735.o (.text.ST7735_InitR)
                  00002a0c    00000090     Lab7Main.o (.text.Timer_Init)
                  00002a9c    00000090     libc.a : fputc.c.obj (.text.fputc)
                  00002b2c    00000088     ST7735.o (.text.setAddrWindow)
                  00002bb4    00000084     ST7735.o (.text.ST7735_DrawString)
                  00002c38    00000084     libc.a : fopen.c.obj (.text.fopen)
                  00002cbc    0000007c     LaunchPad.o (.text.LaunchPad_Init)
                  00002d38    0000007c     libc.a : fclose.c.obj (.text.__TI_closefile)
                  00002db4    00000074     ST7735.o (.text.ST7735_PlotClear)
                  00002e28    00000070     ST7735.o (.text.ST7735_DrawPixel)
                  00002e98    00000070     libclang_rt.builtins.a : comparedf2.c.obj (.text.__gedf2)
                  00002f08    00000070                            : comparedf2.c.obj (.text.__ledf2)
                  00002f78    0000006c     libc.a : fseek.c.obj (.text.fseeko)
                  00002fe4    0000006c            : getdevice.c.obj (.text.getdevice)
                  00003050    00000068     libsysbm.a : hostlseek.c.obj (.text.HOSTlseek)
                  000030b8    00000068                : hostrename.c.obj (.text.HOSTrename)
                  00003120    00000068     libc.a : copy_decompress_lzss.c.obj (.text:decompress:lzss)
                  00003188    00000066            : _printfi.c.obj (.text._mcpy)
                  000031ee    00000064            : _io_perm.c.obj (.text.__TI_wrt_ok)
                  00003252    00000002            : _lock.c.obj (.text._nop)
                  00003254    00000064            : memory.c.obj (.text.split)
                  000032b8    00000062     libclang_rt.builtins.a : aeabi_dcmp.S.obj (.text)
                  0000331a    00000002     --HOLE-- [fill = 0]
                  0000331c    0000005c     libsysbm.a : hostopen.c.obj (.text.HOSTopen)
                  00003378    0000005c     libc.a : s_frexp.c.obj (.text.frexp)
                  000033d4    0000005c            : printf.c.obj (.text.printf)
                  00003430    00000058     libsysbm.a : hostread.c.obj (.text.HOSTread)
                  00003488    00000058                : hostwrite.c.obj (.text.HOSTwrite)
                  000034e0    00000058     TExaS.o (.text.TExaS_Init)
                  00003538    00000058     Lab7Main.o (.text.TIMG12_IRQHandler)
                  00003590    00000058     libc.a : _ltoa.c.obj (.text.__TI_ltoa)
                  000035e8    00000058            : _printfi.c.obj (.text._pconv_f)
                  00003640    00000056     libclang_rt.builtins.a : aeabi_idivmod.S.obj (.text)
                  00003696    00000050     libc.a : fflush.c.obj (.text.__TI_doflush)
                  000036e6    00000050            : _printfi.c.obj (.text._ecpy)
                  00003736    00000002     --HOLE-- [fill = 0]
                  00003738    00000050     libsysbm.a : close.c.obj (.text.close)
                  00003788    0000004a     libclang_rt.builtins.a : fixdfsi.S.obj (.text)
                  000037d2    00000002     --HOLE-- [fill = 0]
                  000037d4    00000048     libsysbm.a : hostclose.c.obj (.text.HOSTclose)
                  0000381c    00000048                : hostunlink.c.obj (.text.HOSTunlink)
                  00003864    00000048     SPI.o (.text.SPI_OutCommand)
                  000038ac    00000048     ST7735.o (.text.ST7735_PlotNextErase)
                  000038f4    00000044     libc.a : atoi.c.obj (.text.atoi)
                  00003938    00000040     SPI.o (.text.SPI_Reset)
                  00003978    00000040     TExaS.o (.text.TIMG7_IRQHandler)
                  000039b8    00000040     libclang_rt.builtins.a : aeabi_uidivmod.S.obj (.text)
                  000039f8    0000003c     libc.a : autoinit.c.obj (.text:__TI_auto_init_nobinit_nopinit)
                  00003a34    0000003a     libclang_rt.builtins.a : muldsi3.S.obj (.text)
                  00003a6e    00000002     --HOLE-- [fill = 0]
                  00003a70    00000038     LaunchPad.o (.text.ActivatePortA_B)
                  00003aa8    00000038     SPI.o (.text.SPI_OutData)
                  00003ae0    00000038     libc.a : getdevice.c.obj (.text.finddevice)
                  00003b18    00000034     Clock.o (.text.Clock_Delay1ms)
                  00003b4c    00000034     ST7735.o (.text.ST7735_SetCursor)
                  00003b80    00000034     ST7735.o (.text.ST7735_write)
                  00003bb4    00000034     libc.a : fopen.c.obj (.text.__TI_cleanup)
                  00003be8    00000034     libsysbm.a : trgmsg.c.obj (.text.__TI_readmsg)
                  00003c1c    00000034                : trgmsg.c.obj (.text.__TI_writemsg)
                  00003c50    00000034     libc.a : exit.c.obj (.text.exit)
                  00003c84    00000034            : fopen.c.obj (.text.freopen)
                  00003cb8    00000032     ST7735.o (.text.ST7735_Color565)
                  00003cea    00000030     libc.a : _printfi.c.obj (.text._fcpy)
                  00003d1a    00000002     --HOLE-- [fill = 0]
                  00003d1c    00000030     ST7735.o (.text.commonInit)
                  00003d4c    0000002c     ST7735.o (.text.ST7735_FillScreen)
                  00003d78    0000002c     libsysbm.a : unlink.c.obj (.text.unlink)
                  00003da4    0000002c     libclang_rt.builtins.a : floatsidf.S.obj (.text)
                  00003dd0    00000028     TExaS.o (.text.ADC_Start)
                  00003df8    00000028     libc.a : memory.c.obj (.text.free_list_insert)
                  00003e20    00000028     libsysbm.a : lseek.c.obj (.text.lseek)
                  00003e48    00000028                : write.c.obj (.text.write)
                  00003e70    00000028     libc.a : boot_cortex_m.c.obj (.text:_c_int00_noargs)
                  00003e98    00000024     Lab7Main.o (.text.OutFix)
                  00003ebc    00000024     libc.a : memccpy.c.obj (.text.memccpy)
                  00003ee0    00000024     libclang_rt.builtins.a : muldi3.S.obj (.text)
                  00003f04    00000022     ST7735.o (.text.ST7735_InvertDisplay)
                  00003f26    0000001e     ST7735.o (.text.pushColor)
                  00003f44    0000001e     libclang_rt.builtins.a : ashldi3.S.obj (.text)
                  00003f62    00000002     --HOLE-- [fill = 0]
                  00003f64    0000001c     libc.a : memory.c.obj (.text.free_list_remove)
                  00003f80    0000001c     libclang_rt.builtins.a : aeabi_memset.S.obj (.text)
                  00003f9c    00000016     ST7735.o (.text.ST7735_open)
                  00003fb2    00000016     ST7735.o (.text.ST7735_read)
                  00003fc8    00000014     libc.a : _printfi.c.obj (.text.strchr)
                  00003fdc    00000014            : copy_zero_init.c.obj (.text:decompress:ZI:__TI_zero_init_nomemset)
                  00003ff0    00000014     libclang_rt.builtins.a : aeabi_uldivmod.S.obj (.text)
                  00004004    00000012     libc.a : memcpy16.S.obj (.text:TI_memcpy_small)
                  00004016    00000012            : copy_decompress_none.c.obj (.text:decompress:none)
                  00004028    00000010     Clock.o (.text.Clock_Delay)
                  00004038    00000010     Lab7Main.o (.text.TExaS_LaunchPadLogicPB27PB26)
                  00004048    00000010     libc.a : wcslen.c.obj (.text.wcslen)
                  00004058    0000000e     ST7735.o (.text.ST7735_lseek)
                  00004066    0000000e     libsysbm.a : hostrename.c.obj (.text.strcpy)
                  00004074    0000000e     libc.a : _printfi.c.obj (.text.strlen)
                  00004082    0000000e     libsysbm.a : hostrename.c.obj (.text.strlen)
                  00004090    0000000e     libc.a : memset16.S.obj (.text:TI_memset_small)
                  0000409e    00000002     --HOLE-- [fill = 0]
                  000040a0    0000000c     Clock.o (.text.Clock_Freq)
                  000040ac    0000000c     ST7735.o (.text.ST7735_rename)
                  000040b8    0000000c     libc.a : memory.c.obj (.text.malloc)
                  000040c4    0000000a     ADC1.o (.text.Convert)
                  000040ce    0000000a     libc.a : _printfi.c.obj (.text.OUTLINED_FUNCTION_0)
                  000040d8    00000010     libclang_rt.builtins.a : adddf3.S.obj (.tramp.__aeabi_dsub.1)
                  000040e8    0000000a     libc.a : _printfi.c.obj (.text.OUTLINED_FUNCTION_1)
                  000040f2    0000000a     Lab7Main.o (.text.PLL_Init)
                  000040fc    0000000a     ST7735.o (.text.ST7735_close)
                  00004106    0000000a     ST7735.o (.text.ST7735_unlink)
                  00004110    00000008     libc.a : aeabi_portable.c.obj (.text.__aeabi_errno_addr)
                  00004118    00000008            : printf.c.obj (.text._outc)
                  00004120    00000008            : printf.c.obj (.text._outs)
                  00004128    00000008            : fseek.c.obj (.text.fseek)
                  00004130    00000008     libsysbm.a : remove.c.obj (.text.remove)
                  00004138    00000008     libclang_rt.builtins.a : aeabi_memcpy.S.obj (.text)
                  00004140    00000004     ADC1.o (.text.ADCin)
                  00004144    00000004     startup_mspm0g3507_ticlang.o (.text.Default_Handler)
                  00004148    00000004     startup_mspm0g3507_ticlang.o (.text.HardFault_Handler)
                  0000414c    00000004     startup_mspm0g3507_ticlang.o (.text.Reset_Handler)
                  00004150    00000004     libc.a : pre_init.c.obj (.text._system_pre_init)
                  00004154    00000004            : exit.c.obj (.text:abort)

.cinit     0    00004860    00000090     
                  00004860    00000066     (.cinit..data.load) [load image, compression = lzss]
                  000048c6    00000002     --HOLE-- [fill = 0]
                  000048c8    0000000c     (__TI_handler_table)
                  000048d4    00000008     (.cinit..bss.load) [load image, compression = zero_init]
                  000048dc    00000010     (__TI_cinit_table)
                  000048ec    00000004     --HOLE-- [fill = 0]

.rodata    0    00004160    00000700     
                  00004160    000004fb     ST7735.o (.rodata.Font)
                  0000465b    00000005     --HOLE-- [fill = 0]
                  00004660    00000101     libc.a : aeabi_ctype.S.obj (.rodata)
                  00004761    0000003b     ST7735.o (.rodata.Rcmd1)
                  0000479c    0000002e     Lab7Main.o (.rodata.str1.1)
                  000047ca    0000002e     ST7735.o (.rodata.str1.1)
                  000047f8    0000002b     ST7735.o (.rodata.Rcmd3)
                  00004823    00000022     libc.a : _printfi.c.obj (.rodata.str1.1)
                  00004845    0000000d     ST7735.o (.rodata.Rcmd2green)
                  00004852    0000000d     ST7735.o (.rodata.Rcmd2red)
                  0000485f    00000001     --HOLE-- [fill = 0]

.init_array 
*          0    00000000    00000000     UNINITIALIZED

.binit     0    00000000    00000000     

.sysmem    0    20200000    00000200     UNINITIALIZED
                  20200000    00000010     libc.a : memory.c.obj (.sysmem)
                  20200010    000001f0     --HOLE--

.bss       0    20200200    000001f7     UNINITIALIZED
                  20200200    00000120     libsysbm.a : trgmsg.c.obj (.bss:_CIOBUF_)
                  20200320    000000a0     (.common:__TI_tmpnams)
                  202003c0    00000008     (.common:parmbuf)
                  202003c8    00000004     libc.a : memory.c.obj (.bss.sys_free)
                  202003cc    00000004     (.common:Data)
                  202003d0    00000004     (.common:Flag)
                  202003d4    00000004     (.common:Position)
                  202003d8    00000004     (.common:TExaSLogic)
                  202003dc    00000004     (.common:TExaSadc)
                  202003e0    00000004     (.common:Time)
                  202003e4    00000004     (.common:X)
                  202003e8    00000004     (.common:Ymax)
                  202003ec    00000004     (.common:Ymin)
                  202003f0    00000004     (.common:Yrange)
                  202003f4    00000001     ST7735.o (.bss.ColStart)
                  202003f5    00000001     ST7735.o (.bss.RowStart)
                  202003f6    00000001     ST7735.o (.bss.TabColor)

.data      0    202003f8    000001f1     UNINITIALIZED
                  202003f8    000000f0     libc.a : defs.c.obj (.data._ftable)
                  202004e8    00000078     libsysbm.a : host_device.c.obj (.data._device)
                  20200560    00000050                : host_device.c.obj (.data._stream)
                  202005b0    00000008     libc.a : exit.c.obj (.data..L_MergedGlobals)
                  202005b8    00000004     Clock.o (.data.BusFreq)
                  202005bc    00000004     ST7735.o (.data.StX)
                  202005c0    00000004     ST7735.o (.data.StY)
                  202005c4    00000004     libc.a : defs.c.obj (.data.__TI_ft_end)
                  202005c8    00000004            : aeabi_portable.c.obj (.data.__aeabi_errno)
                  202005cc    00000004            : _lock.c.obj (.data._lock)
                  202005d0    00000004            : _lock.c.obj (.data._unlock)
                  202005d4    00000002     ST7735.o (.data.StTextColor)
                  202005d6    00000002     ST7735.o (.data._height)
                  202005d8    00000002     ST7735.o (.data._width)
                  202005da    00000002     --HOLE--
                  202005dc    00000001     libc.a : fopen.c.obj (.data._search_fp.init)
                  202005dd    00000003     --HOLE--
                  202005e0    00000001     libsysbm.a : add_device.c.obj (.data.add_device.device_init)
                  202005e1    00000003     --HOLE--
                  202005e4    00000001     libc.a : memory.c.obj (.data.memory_is_initialized)
                  202005e5    00000003     --HOLE--
                  202005e8    00000001     libsysbm.a : open.c.obj (.data.open.stream_init)

.stack     0    20207e00    00000200     UNINITIALIZED
                  20207e00    00000004     libc.a : boot_cortex_m.c.obj (.stack)
                  20207e04    000001fc     --HOLE--

__llvm_prf_cnts 
*          0    20200000    00000000     UNINITIALIZED

__llvm_prf_bits 
*          0    20200000    00000000     UNINITIALIZED

MODULE SUMMARY

       Module                         code    ro data   rw data
       ------                         ----    -------   -------
    .\
       ST7735.o                       2722    1449      33     
       TExaS.o                        720     0         8      
       Lab7Main.o                     510     46        16     
       Clock.o                        516     0         4      
       SPI.o                          440     0         0      
       LaunchPad.o                    180     0         0      
       Timer.o                        168     0         0      
       ADC1.o                         16      0         0      
    +--+------------------------------+-------+---------+---------+
       Total:                         5272    1495      61     
                                                               
    .\ticlang\
       startup_mspm0g3507_ticlang.o   12      192       0      
    +--+------------------------------+-------+---------+---------+
       Total:                         12      192       0      
                                                               
    C:\ti\ccs1240\ccs\tools\compiler\ti-cgt-armllvm_2.1.3.LTS\lib\armv6m-ti-none-eabi/c/libc.a
       _printfi.c.obj                 4552    34        0      
       memory.c.obj                   752     0         5      
       fopen.c.obj                    552     0         1      
       defs.c.obj                     0       0         404    
       aeabi_ctype.S.obj              0       257       0      
       fputs.c.obj                    248     0         0      
       setvbuf.c.obj                  224     0         0      
       s_scalbn.c.obj                 216     0         0      
       getdevice.c.obj                164     0         0      
       fputc.c.obj                    144     0         0      
       fclose.c.obj                   124     0         0      
       fseek.c.obj                    116     0         0      
       printf.c.obj                   108     0         0      
       copy_decompress_lzss.c.obj     104     0         0      
       _io_perm.c.obj                 100     0         0      
       s_frexp.c.obj                  92      0         0      
       _ltoa.c.obj                    88      0         0      
       fflush.c.obj                   80      0         0      
       atoi.c.obj                     68      0         0      
       exit.c.obj                     56      0         8      
       autoinit.c.obj                 60      0         0      
       boot_cortex_m.c.obj            40      0         0      
       memccpy.c.obj                  36      0         0      
       copy_zero_init.c.obj           20      0         0      
       copy_decompress_none.c.obj     18      0         0      
       memcpy16.S.obj                 18      0         0      
       wcslen.c.obj                   16      0         0      
       memset16.S.obj                 14      0         0      
       aeabi_portable.c.obj           8       0         4      
       _lock.c.obj                    2       0         8      
       pre_init.c.obj                 4       0         0      
    +--+------------------------------+-------+---------+---------+
       Total:                         8024    291       430    
                                                               
    C:\ti\ccs1240\ccs\tools\compiler\ti-cgt-armllvm_2.1.3.LTS\lib\armv6m-ti-none-eabi/c/libsysbm.a
       trgmsg.c.obj                   104     0         288    
       add_device.c.obj               232     0         1      
       host_device.c.obj              0       0         200    
       open.c.obj                     168     0         1      
       hostrename.c.obj               132     0         0      
       hostlseek.c.obj                104     0         0      
       hostopen.c.obj                 92      0         8      
       hostread.c.obj                 88      0         0      
       hostwrite.c.obj                88      0         0      
       close.c.obj                    80      0         0      
       hostclose.c.obj                72      0         0      
       hostunlink.c.obj               72      0         0      
       unlink.c.obj                   44      0         0      
       lseek.c.obj                    40      0         0      
       write.c.obj                    40      0         0      
       remove.c.obj                   8       0         0      
    +--+------------------------------+-------+---------+---------+
       Total:                         1364    0         498    
                                                               
    C:\ti\ccs1240\ccs\tools\compiler\ti-cgt-armllvm_2.1.3.LTS\lib\clang/14.0.6/lib/armv6m-ti-none-eabi/libclang_rt.builtins.a
       adddf3.S.obj                   418     0         0      
       divdf3.S.obj                   268     0         0      
       muldf3.S.obj                   228     0         0      
       comparedf2.c.obj               224     0         0      
       udivmoddi4.S.obj               162     0         0      
       aeabi_dcmp.S.obj               98      0         0      
       aeabi_idivmod.S.obj            86      0         0      
       fixdfsi.S.obj                  74      0         0      
       aeabi_uidivmod.S.obj           64      0         0      
       muldsi3.S.obj                  58      0         0      
       floatsidf.S.obj                44      0         0      
       muldi3.S.obj                   36      0         0      
       ashldi3.S.obj                  30      0         0      
       aeabi_memset.S.obj             28      0         0      
       aeabi_uldivmod.S.obj           20      0         0      
       aeabi_memcpy.S.obj             8       0         0      
       aeabi_div0.c.obj               4       0         0      
    +--+------------------------------+-------+---------+---------+
       Total:                         1850    0         0      
                                                               
       Heap:                          0       0         512    
       Stack:                         0       0         512    
       Linker Generated:              0       138       0      
    +--+------------------------------+-------+---------+---------+
       Grand Total:                   16522   2116      2013   


LINKER GENERATED COPY TABLES

__TI_cinit_table @ 000048dc records: 2, size/record: 8, table size: 16
	.data: load addr=00004860, load size=00000066 bytes, run addr=202003f8, run size=000001f1 bytes, compression=lzss
	.bss: load addr=000048d4, load size=00000008 bytes, run addr=20200200, run size=000001f7 bytes, compression=zero_init


LINKER GENERATED HANDLER TABLE

__TI_handler_table @ 000048c8 records: 3, size/record: 4, table size: 12
	index: 0, handler: __TI_decompress_lzss
	index: 1, handler: __TI_decompress_none
	index: 2, handler: __TI_zero_init


FAR CALL TRAMPOLINES

callee name               trampoline name
   callee addr  tramp addr   call addr  call info
--------------  -----------  ---------  ----------------
__aeabi_dsub              $Tramp$TT$L$PI$$__aeabi_dsub
   00001215     000040d8     000040d6   libc.a : _printfi.c.obj (.text.OUTLINED_FUNCTION_0)

[1 trampolines]
[1 trampoline calls]


GLOBAL SYMBOLS: SORTED ALPHABETICALLY BY Name 

address   name                          
-------   ----                          
00004145  ADC0_IRQHandler               
00004145  ADC1_IRQHandler               
00001759  ADC_Init                      
00003dd1  ADC_Start                     
00004141  ADCin                         
000013a7  ADCinit                       
00004145  AES_IRQHandler                
00003a71  ActivatePortA_B               
202005b8  BusFreq                       
00004154  C$$EXIT                       
00003c47  C$$IO$$                       
00004145  CANFD0_IRQHandler             
00004029  Clock_Delay                   
00003b19  Clock_Delay1ms                
000040a1  Clock_Freq                    
00000ec1  Clock_Init80MHz               
000040c5  Convert                       
00004145  DAC0_IRQHandler               
00004145  DMA_IRQHandler                
202003cc  Data                          
00004145  Default_Handler               
202003d0  Flag                          
00004145  GROUP0_IRQHandler             
00004145  GROUP1_IRQHandler             
000037d5  HOSTclose                     
00003051  HOSTlseek                     
0000331d  HOSTopen                      
00003431  HOSTread                      
000030b9  HOSTrename                    
0000381d  HOSTunlink                    
00003489  HOSTwrite                     
00004149  HardFault_Handler             
00004145  I2C0_IRQHandler               
00004145  I2C1_IRQHandler               
00002cbd  LaunchPad_Init                
00004145  NMI_Handler                   
00003e99  OutFix                        
000040f3  PLL_Init                      
00004145  PendSV_Handler                
202003d4  Position                      
00004145  RTC_IRQHandler                
0000414d  Reset_Handler                 
00004145  SPI0_IRQHandler               
00004145  SPI1_IRQHandler               
00001cc1  SPI_Init                      
00003865  SPI_OutCommand                
00003aa9  SPI_OutData                   
00003939  SPI_Reset                     
00003cb9  ST7735_Color565               
00001075  ST7735_DrawCharS              
00002591  ST7735_DrawFastVLine          
00002e29  ST7735_DrawPixel              
00002bb5  ST7735_DrawString             
0000199d  ST7735_FillRect               
00003d4d  ST7735_FillScreen             
000028d9  ST7735_InitPrintf             
00002975  ST7735_InitR                  
00003f05  ST7735_InvertDisplay          
000023f5  ST7735_OutChar                
00002db5  ST7735_PlotClear              
000038ad  ST7735_PlotNextErase          
000024c5  ST7735_PlotPoint              
00003b4d  ST7735_SetCursor              
000040fd  ST7735_close                  
00004059  ST7735_lseek                  
00003f9d  ST7735_open                   
00003fb3  ST7735_read                   
000040ad  ST7735_rename                 
00004107  ST7735_unlink                 
00003b81  ST7735_write                  
00004145  SVC_Handler                   
202005d4  StTextColor                   
202005bc  StX                           
202005c0  StY                           
00004145  SysTick_Handler               
202003d8  TExaSLogic                    
000034e1  TExaS_Init                    
00004039  TExaS_LaunchPadLogicPB27PB26  
202003dc  TExaSadc                      
00004145  TIMA0_IRQHandler              
00004145  TIMA1_IRQHandler              
00004145  TIMG0_IRQHandler              
00003539  TIMG12_IRQHandler             
00004145  TIMG6_IRQHandler              
00003979  TIMG7_IRQHandler              
00004145  TIMG8_IRQHandler              
00004005  TI_memcpy_small               
00004091  TI_memset_small               
202003e0  Time                          
00002641  TimerG7_IntArm                
00002a0d  Timer_Init                    
00004145  UART0_IRQHandler              
00004145  UART1_IRQHandler              
00004145  UART2_IRQHandler              
00004145  UART3_IRQHandler              
00001eb1  UART_Init                     
202003e4  X                             
202003e8  Ymax                          
202003ec  Ymin                          
202003f0  Yrange                        
20200200  _CIOBUF_                      
20200200  __CIOBUF_                     
20208000  __STACK_END                   
00000200  __STACK_SIZE                  
00000200  __SYSMEM_SIZE                 
000048dc  __TI_CINIT_Base               
000048ec  __TI_CINIT_Limit              
000048ec  __TI_CINIT_Warm               
000048c8  __TI_Handler_Table_Base       
000048d4  __TI_Handler_Table_Limit      
000039f9  __TI_auto_init_nobinit_nopinit
00003bb5  __TI_cleanup                  
202005b0  __TI_cleanup_ptr              
00002d39  __TI_closefile                
00003121  __TI_decompress_lzss          
00004017  __TI_decompress_none          
00003697  __TI_doflush                  
202005b4  __TI_dtors_ptr                
202005c4  __TI_ft_end                   
00003591  __TI_ltoa                     
ffffffff  __TI_pprof_out_hndl           
000000c1  __TI_printfi                  
ffffffff  __TI_prof_data_size           
ffffffff  __TI_prof_data_start          
00003be9  __TI_readmsg                  
00000000  __TI_static_base__            
20200320  __TI_tmpnams                  
00003c1d  __TI_writemsg                 
000031ef  __TI_wrt_ok                   
00003fdd  __TI_zero_init_nomemset       
0000121f  __adddf3                      
00004660  __aeabi_ctype_table_          
00004660  __aeabi_ctype_table_C         
00003789  __aeabi_d2iz                  
0000121f  __aeabi_dadd                  
000032b9  __aeabi_dcmpeq                
000032f5  __aeabi_dcmpge                
00003309  __aeabi_dcmpgt                
000032e1  __aeabi_dcmple                
000032cd  __aeabi_dcmplt                
00001ab5  __aeabi_ddiv                  
00002081  __aeabi_dmul                  
00001215  __aeabi_dsub                  
202005c8  __aeabi_errno                 
00004111  __aeabi_errno_addr            
00003da5  __aeabi_i2d                   
00003641  __aeabi_idiv                  
00002833  __aeabi_idiv0                 
00003641  __aeabi_idivmod               
000028d7  __aeabi_ldiv0                 
00003f45  __aeabi_llsl                  
00003ee1  __aeabi_lmul                  
00003f91  __aeabi_memclr                
00003f91  __aeabi_memclr4               
00003f91  __aeabi_memclr8               
00004139  __aeabi_memcpy                
00004139  __aeabi_memcpy4               
00004139  __aeabi_memcpy8               
00003f81  __aeabi_memset                
00003f81  __aeabi_memset4               
00003f81  __aeabi_memset8               
000039b9  __aeabi_uidiv                 
000039b9  __aeabi_uidivmod              
00003ff1  __aeabi_uldivmod              
00003f45  __ashldi3                     
ffffffff  __binit__                     
00002f09  __cmpdf2                      
00001ab5  __divdf3                      
00002f09  __eqdf2                       
00003789  __fixdfsi                     
00003da5  __floatsidf                   
00002e99  __gedf2                       
00002e99  __gtdf2                       
00002f09  __ledf2                       
00002f09  __ltdf2                       
UNDEFED   __mpu_init                    
00002081  __muldf3                      
00003ee1  __muldi3                      
00003a35  __muldsi3                     
00002f09  __nedf2                       
20207e00  __stack                       
20200000  __start___llvm_prf_bits       
20200000  __start___llvm_prf_cnts       
20200000  __stop___llvm_prf_bits        
20200000  __stop___llvm_prf_cnts        
00001215  __subdf3                      
00002835  __udivmoddi4                  
00003e71  _c_int00_noargs               
202004e8  _device                       
202003f8  _ftable                       
202005cc  _lock                         
00003253  _nop                          
20200560  _stream                       
20200000  _sys_memory                   
UNDEFED   _system_post_cinit            
00004151  _system_pre_init              
202005d0  _unlock                       
00004155  abort                         
00001f99  add_device                    
000014e5  aligned_alloc                 
000038f5  atoi                          
ffffffff  binit                         
00003739  close                         
00003c51  exit                          
00003ae1  finddevice                    
00002c39  fopen                         
00002a9d  fputc                         
00001db9  fputs                         
00001bc1  free                          
00003c85  freopen                       
00003379  frexp                         
00003379  frexpl                        
00004129  fseek                         
00002f79  fseeko                        
00002fe5  getdevice                     
00000000  interruptVectors              
0000231d  ldexp                         
0000231d  ldexpl                        
00003e21  lseek                         
00002245  main                          
000040b9  malloc                        
000014e5  memalign                      
00003ebd  memccpy                       
000026e9  open                          
202003c0  parmbuf                       
000033d5  printf                        
00004131  remove                        
0000231d  scalbn                        
0000231d  scalbnl                       
00002165  setvbuf                       
00003d79  unlink                        
00004049  wcslen                        
00003e49  write                         


GLOBAL SYMBOLS: SORTED BY Symbol Address 

address   name                          
-------   ----                          
00000000  __TI_static_base__            
00000000  interruptVectors              
000000c1  __TI_printfi                  
00000200  __STACK_SIZE                  
00000200  __SYSMEM_SIZE                 
00000ec1  Clock_Init80MHz               
00001075  ST7735_DrawCharS              
00001215  __aeabi_dsub                  
00001215  __subdf3                      
0000121f  __adddf3                      
0000121f  __aeabi_dadd                  
000013a7  ADCinit                       
000014e5  aligned_alloc                 
000014e5  memalign                      
00001759  ADC_Init                      
0000199d  ST7735_FillRect               
00001ab5  __aeabi_ddiv                  
00001ab5  __divdf3                      
00001bc1  free                          
00001cc1  SPI_Init                      
00001db9  fputs                         
00001eb1  UART_Init                     
00001f99  add_device                    
00002081  __aeabi_dmul                  
00002081  __muldf3                      
00002165  setvbuf                       
00002245  main                          
0000231d  ldexp                         
0000231d  ldexpl                        
0000231d  scalbn                        
0000231d  scalbnl                       
000023f5  ST7735_OutChar                
000024c5  ST7735_PlotPoint              
00002591  ST7735_DrawFastVLine          
00002641  TimerG7_IntArm                
000026e9  open                          
00002833  __aeabi_idiv0                 
00002835  __udivmoddi4                  
000028d7  __aeabi_ldiv0                 
000028d9  ST7735_InitPrintf             
00002975  ST7735_InitR                  
00002a0d  Timer_Init                    
00002a9d  fputc                         
00002bb5  ST7735_DrawString             
00002c39  fopen                         
00002cbd  LaunchPad_Init                
00002d39  __TI_closefile                
00002db5  ST7735_PlotClear              
00002e29  ST7735_DrawPixel              
00002e99  __gedf2                       
00002e99  __gtdf2                       
00002f09  __cmpdf2                      
00002f09  __eqdf2                       
00002f09  __ledf2                       
00002f09  __ltdf2                       
00002f09  __nedf2                       
00002f79  fseeko                        
00002fe5  getdevice                     
00003051  HOSTlseek                     
000030b9  HOSTrename                    
00003121  __TI_decompress_lzss          
000031ef  __TI_wrt_ok                   
00003253  _nop                          
000032b9  __aeabi_dcmpeq                
000032cd  __aeabi_dcmplt                
000032e1  __aeabi_dcmple                
000032f5  __aeabi_dcmpge                
00003309  __aeabi_dcmpgt                
0000331d  HOSTopen                      
00003379  frexp                         
00003379  frexpl                        
000033d5  printf                        
00003431  HOSTread                      
00003489  HOSTwrite                     
000034e1  TExaS_Init                    
00003539  TIMG12_IRQHandler             
00003591  __TI_ltoa                     
00003641  __aeabi_idiv                  
00003641  __aeabi_idivmod               
00003697  __TI_doflush                  
00003739  close                         
00003789  __aeabi_d2iz                  
00003789  __fixdfsi                     
000037d5  HOSTclose                     
0000381d  HOSTunlink                    
00003865  SPI_OutCommand                
000038ad  ST7735_PlotNextErase          
000038f5  atoi                          
00003939  SPI_Reset                     
00003979  TIMG7_IRQHandler              
000039b9  __aeabi_uidiv                 
000039b9  __aeabi_uidivmod              
000039f9  __TI_auto_init_nobinit_nopinit
00003a35  __muldsi3                     
00003a71  ActivatePortA_B               
00003aa9  SPI_OutData                   
00003ae1  finddevice                    
00003b19  Clock_Delay1ms                
00003b4d  ST7735_SetCursor              
00003b81  ST7735_write                  
00003bb5  __TI_cleanup                  
00003be9  __TI_readmsg                  
00003c1d  __TI_writemsg                 
00003c47  C$$IO$$                       
00003c51  exit                          
00003c85  freopen                       
00003cb9  ST7735_Color565               
00003d4d  ST7735_FillScreen             
00003d79  unlink                        
00003da5  __aeabi_i2d                   
00003da5  __floatsidf                   
00003dd1  ADC_Start                     
00003e21  lseek                         
00003e49  write                         
00003e71  _c_int00_noargs               
00003e99  OutFix                        
00003ebd  memccpy                       
00003ee1  __aeabi_lmul                  
00003ee1  __muldi3                      
00003f05  ST7735_InvertDisplay          
00003f45  __aeabi_llsl                  
00003f45  __ashldi3                     
00003f81  __aeabi_memset                
00003f81  __aeabi_memset4               
00003f81  __aeabi_memset8               
00003f91  __aeabi_memclr                
00003f91  __aeabi_memclr4               
00003f91  __aeabi_memclr8               
00003f9d  ST7735_open                   
00003fb3  ST7735_read                   
00003fdd  __TI_zero_init_nomemset       
00003ff1  __aeabi_uldivmod              
00004005  TI_memcpy_small               
00004017  __TI_decompress_none          
00004029  Clock_Delay                   
00004039  TExaS_LaunchPadLogicPB27PB26  
00004049  wcslen                        
00004059  ST7735_lseek                  
00004091  TI_memset_small               
000040a1  Clock_Freq                    
000040ad  ST7735_rename                 
000040b9  malloc                        
000040c5  Convert                       
000040f3  PLL_Init                      
000040fd  ST7735_close                  
00004107  ST7735_unlink                 
00004111  __aeabi_errno_addr            
00004129  fseek                         
00004131  remove                        
00004139  __aeabi_memcpy                
00004139  __aeabi_memcpy4               
00004139  __aeabi_memcpy8               
00004141  ADCin                         
00004145  ADC0_IRQHandler               
00004145  ADC1_IRQHandler               
00004145  AES_IRQHandler                
00004145  CANFD0_IRQHandler             
00004145  DAC0_IRQHandler               
00004145  DMA_IRQHandler                
00004145  Default_Handler               
00004145  GROUP0_IRQHandler             
00004145  GROUP1_IRQHandler             
00004145  I2C0_IRQHandler               
00004145  I2C1_IRQHandler               
00004145  NMI_Handler                   
00004145  PendSV_Handler                
00004145  RTC_IRQHandler                
00004145  SPI0_IRQHandler               
00004145  SPI1_IRQHandler               
00004145  SVC_Handler                   
00004145  SysTick_Handler               
00004145  TIMA0_IRQHandler              
00004145  TIMA1_IRQHandler              
00004145  TIMG0_IRQHandler              
00004145  TIMG6_IRQHandler              
00004145  TIMG8_IRQHandler              
00004145  UART0_IRQHandler              
00004145  UART1_IRQHandler              
00004145  UART2_IRQHandler              
00004145  UART3_IRQHandler              
00004149  HardFault_Handler             
0000414d  Reset_Handler                 
00004151  _system_pre_init              
00004154  C$$EXIT                       
00004155  abort                         
00004660  __aeabi_ctype_table_          
00004660  __aeabi_ctype_table_C         
000048c8  __TI_Handler_Table_Base       
000048d4  __TI_Handler_Table_Limit      
000048dc  __TI_CINIT_Base               
000048ec  __TI_CINIT_Limit              
000048ec  __TI_CINIT_Warm               
20200000  __start___llvm_prf_bits       
20200000  __start___llvm_prf_cnts       
20200000  __stop___llvm_prf_bits        
20200000  __stop___llvm_prf_cnts        
20200000  _sys_memory                   
20200200  _CIOBUF_                      
20200200  __CIOBUF_                     
20200320  __TI_tmpnams                  
202003c0  parmbuf                       
202003cc  Data                          
202003d0  Flag                          
202003d4  Position                      
202003d8  TExaSLogic                    
202003dc  TExaSadc                      
202003e0  Time                          
202003e4  X                             
202003e8  Ymax                          
202003ec  Ymin                          
202003f0  Yrange                        
202003f8  _ftable                       
202004e8  _device                       
20200560  _stream                       
202005b0  __TI_cleanup_ptr              
202005b4  __TI_dtors_ptr                
202005b8  BusFreq                       
202005bc  StX                           
202005c0  StY                           
202005c4  __TI_ft_end                   
202005c8  __aeabi_errno                 
202005cc  _lock                         
202005d0  _unlock                       
202005d4  StTextColor                   
20207e00  __stack                       
20208000  __STACK_END                   
ffffffff  __TI_pprof_out_hndl           
ffffffff  __TI_prof_data_size           
ffffffff  __TI_prof_data_start          
ffffffff  __binit__                     
ffffffff  binit                         
UNDEFED   __mpu_init                    
UNDEFED   _system_post_cinit            

[233 symbols]
