******************************************************************************
            TI ARM Clang Linker PC v2.1.3                      
******************************************************************************
>> Linked Tue Jan 16 13:28:41 2024

OUTPUT FILE NAME:   <AssemblyExamples.out>
ENTRY POINT SYMBOL: "_c_int00_noargs"  address: 000003cd


MEMORY CONFIGURATION

         name            origin    length      used     unused   attr    fill
----------------------  --------  ---------  --------  --------  ----  --------
  FLASH                 00000000   00020000  00000448  0001fbb8  R  X
  SRAM                  20200000   00008000  00000204  00007dfc  RW X
  BCR_CONFIG            41c00000   00000080  00000000  00000080  R   
  BSL_CONFIG            41c00100   00000080  00000000  00000080  R   


SEGMENT ALLOCATION MAP

run origin  load origin   length   init length attrs members
----------  ----------- ---------- ----------- ----- -------
00000000    00000000    00000448   00000448    r-x
  00000000    00000000    000000c0   000000c0    r-- .intvecs
  000000c0    000000c0    00000370   00000370    r-x .text
  00000430    00000430    00000018   00000018    r-- .cinit
20200000    20200000    00000004   00000000    rw-
  20200000    20200000    00000004   00000000    rw- .data
20207e00    20207e00    00000200   00000000    rw-
  20207e00    20207e00    00000200   00000000    rw- .stack


SECTION ALLOCATION MAP

 output                                  attributes/
section   page    origin      length       input sections
--------  ----  ----------  ----------   ----------------
.intvecs   0    00000000    000000c0     
                  00000000    000000c0     startup_mspm0g3507_ticlang.o (.intvecs)

.text      0    000000c0    00000370     
                  000000c0    00000268     AssemblyExamples.o (.text)
                  00000328    00000068     libc.a : copy_decompress_lzss.c.obj (.text:decompress:lzss)
                  00000390    0000003c            : autoinit.c.obj (.text:__TI_auto_init_nobinit_nopinit)
                  000003cc    00000028            : boot_cortex_m.c.obj (.text:_c_int00_noargs)
                  000003f4    00000012            : memcpy16.S.obj (.text:TI_memcpy_small)
                  00000406    00000012            : copy_decompress_none.c.obj (.text:decompress:none)
                  00000418    00000008     libclang_rt.builtins.a : aeabi_memcpy.S.obj (.text)
                  00000420    00000004     startup_mspm0g3507_ticlang.o (.text.Default_Handler)
                  00000424    00000004     startup_mspm0g3507_ticlang.o (.text.Reset_Handler)
                  00000428    00000004     libc.a : pre_init.c.obj (.text._system_pre_init)
                  0000042c    00000004            : exit.c.obj (.text:abort)

.cinit     0    00000430    00000018     
                  00000430    00000008     (__TI_handler_table)
                  00000438    00000007     (.cinit..data.load) [load image, compression = lzss]
                  0000043f    00000001     --HOLE-- [fill = 0]
                  00000440    00000008     (__TI_cinit_table)

.init_array 
*          0    00000000    00000000     UNINITIALIZED

.binit     0    00000000    00000000     

.data      0    20200000    00000004     UNINITIALIZED
                  20200000    00000004     AssemblyExamples.o (.data)

.stack     0    20207e00    00000200     UNINITIALIZED
                  20207e00    00000004     libc.a : boot_cortex_m.c.obj (.stack)
                  20207e04    000001fc     --HOLE--

__llvm_prf_cnts 
*          0    20200000    00000000     UNINITIALIZED

__llvm_prf_bits 
*          0    20200000    00000000     UNINITIALIZED

MODULE SUMMARY

       Module                         code   ro data   rw data
       ------                         ----   -------   -------
    .\
       AssemblyExamples.o             616    0         4      
    +--+------------------------------+------+---------+---------+
       Total:                         616    0         4      
                                                              
    .\ticlang\
       startup_mspm0g3507_ticlang.o   8      192       0      
    +--+------------------------------+------+---------+---------+
       Total:                         8      192       0      
                                                              
    C:\ti\ccs1240\ccs\tools\compiler\ti-cgt-armllvm_2.1.3.LTS\lib\armv6m-ti-none-eabi/c/libc.a
       copy_decompress_lzss.c.obj     104    0         0      
       autoinit.c.obj                 60     0         0      
       boot_cortex_m.c.obj            40     0         0      
       copy_decompress_none.c.obj     18     0         0      
       memcpy16.S.obj                 18     0         0      
       exit.c.obj                     4      0         0      
       pre_init.c.obj                 4      0         0      
    +--+------------------------------+------+---------+---------+
       Total:                         248    0         0      
                                                              
    C:\ti\ccs1240\ccs\tools\compiler\ti-cgt-armllvm_2.1.3.LTS\lib\clang/14.0.6/lib/armv6m-ti-none-eabi/libclang_rt.builtins.a
       aeabi_memcpy.S.obj             8      0         0      
    +--+------------------------------+------+---------+---------+
       Total:                         8      0         0      
                                                              
       Stack:                         0      0         512    
       Linker Generated:              0      23        0      
    +--+------------------------------+------+---------+---------+
       Grand Total:                   880    215       516    


LINKER GENERATED COPY TABLES

__TI_cinit_table @ 00000440 records: 1, size/record: 8, table size: 8
	.data: load addr=00000438, load size=00000007 bytes, run addr=20200000, run size=00000004 bytes, compression=lzss


LINKER GENERATED HANDLER TABLE

__TI_handler_table @ 00000430 records: 2, size/record: 4, table size: 8
	index: 0, handler: __TI_decompress_lzss
	index: 1, handler: __TI_decompress_none


GLOBAL SYMBOLS: SORTED ALPHABETICALLY BY Name 

address   name                          
-------   ----                          
00000421  ADC0_IRQHandler               
00000421  ADC1_IRQHandler               
00000421  AES_IRQHandler                
0000042c  C$$EXIT                       
00000421  CANFD0_IRQHandler             
00000421  DAC0_IRQHandler               
00000421  DMA_IRQHandler                
00000421  Default_Handler               
00000421  GROUP0_IRQHandler             
00000421  GROUP1_IRQHandler             
00000421  HardFault_Handler             
00000421  I2C0_IRQHandler               
00000421  I2C1_IRQHandler               
00000421  NMI_Handler                   
00000421  PendSV_Handler                
00000421  RTC_IRQHandler                
00000425  Reset_Handler                 
00000421  SPI0_IRQHandler               
00000421  SPI1_IRQHandler               
00000421  SVC_Handler                   
00000421  SysTick_Handler               
00000421  TIMA0_IRQHandler              
00000421  TIMA1_IRQHandler              
00000421  TIMG0_IRQHandler              
00000421  TIMG12_IRQHandler             
00000421  TIMG6_IRQHandler              
00000421  TIMG7_IRQHandler              
00000421  TIMG8_IRQHandler              
000003f5  TI_memcpy_small               
00000421  UART0_IRQHandler              
00000421  UART1_IRQHandler              
00000421  UART2_IRQHandler              
00000421  UART3_IRQHandler              
20208000  __STACK_END                   
00000200  __STACK_SIZE                  
00000440  __TI_CINIT_Base               
00000448  __TI_CINIT_Limit              
00000448  __TI_CINIT_Warm               
00000430  __TI_Handler_Table_Base       
00000438  __TI_Handler_Table_Limit      
00000391  __TI_auto_init_nobinit_nopinit
00000329  __TI_decompress_lzss          
00000407  __TI_decompress_none          
ffffffff  __TI_pprof_out_hndl           
ffffffff  __TI_prof_data_size           
ffffffff  __TI_prof_data_start          
00000000  __TI_static_base__            
00000419  __aeabi_memcpy                
00000419  __aeabi_memcpy4               
00000419  __aeabi_memcpy8               
ffffffff  __binit__                     
UNDEFED   __mpu_init                    
20207e00  __stack                       
20200000  __start___llvm_prf_bits       
20200000  __start___llvm_prf_cnts       
20200000  __stop___llvm_prf_bits        
20200000  __stop___llvm_prf_cnts        
000003cd  _c_int00_noargs               
UNDEFED   _system_post_cinit            
00000429  _system_pre_init              
0000042d  abort                         
ffffffff  binit                         
00000000  interruptVectors              
000000c0  main                          


GLOBAL SYMBOLS: SORTED BY Symbol Address 

address   name                          
-------   ----                          
00000000  __TI_static_base__            
00000000  interruptVectors              
000000c0  main                          
00000200  __STACK_SIZE                  
00000329  __TI_decompress_lzss          
00000391  __TI_auto_init_nobinit_nopinit
000003cd  _c_int00_noargs               
000003f5  TI_memcpy_small               
00000407  __TI_decompress_none          
00000419  __aeabi_memcpy                
00000419  __aeabi_memcpy4               
00000419  __aeabi_memcpy8               
00000421  ADC0_IRQHandler               
00000421  ADC1_IRQHandler               
00000421  AES_IRQHandler                
00000421  CANFD0_IRQHandler             
00000421  DAC0_IRQHandler               
00000421  DMA_IRQHandler                
00000421  Default_Handler               
00000421  GROUP0_IRQHandler             
00000421  GROUP1_IRQHandler             
00000421  HardFault_Handler             
00000421  I2C0_IRQHandler               
00000421  I2C1_IRQHandler               
00000421  NMI_Handler                   
00000421  PendSV_Handler                
00000421  RTC_IRQHandler                
00000421  SPI0_IRQHandler               
00000421  SPI1_IRQHandler               
00000421  SVC_Handler                   
00000421  SysTick_Handler               
00000421  TIMA0_IRQHandler              
00000421  TIMA1_IRQHandler              
00000421  TIMG0_IRQHandler              
00000421  TIMG12_IRQHandler             
00000421  TIMG6_IRQHandler              
00000421  TIMG7_IRQHandler              
00000421  TIMG8_IRQHandler              
00000421  UART0_IRQHandler              
00000421  UART1_IRQHandler              
00000421  UART2_IRQHandler              
00000421  UART3_IRQHandler              
00000425  Reset_Handler                 
00000429  _system_pre_init              
0000042c  C$$EXIT                       
0000042d  abort                         
00000430  __TI_Handler_Table_Base       
00000438  __TI_Handler_Table_Limit      
00000440  __TI_CINIT_Base               
00000448  __TI_CINIT_Limit              
00000448  __TI_CINIT_Warm               
20200000  __start___llvm_prf_bits       
20200000  __start___llvm_prf_cnts       
20200000  __stop___llvm_prf_bits        
20200000  __stop___llvm_prf_cnts        
20207e00  __stack                       
20208000  __STACK_END                   
ffffffff  __TI_pprof_out_hndl           
ffffffff  __TI_prof_data_size           
ffffffff  __TI_prof_data_start          
ffffffff  __binit__                     
ffffffff  binit                         
UNDEFED   __mpu_init                    
UNDEFED   _system_post_cinit            

[64 symbols]
