******************************************************************************
            TI ARM Clang Linker PC v2.1.3                      
******************************************************************************
>> Linked Tue Jan 16 13:29:23 2024

OUTPUT FILE NAME:   <ECE319K_Lab8.out>
ENTRY POINT SYMBOL: "_c_int00_noargs"  address: 00000865


MEMORY CONFIGURATION

         name            origin    length      used     unused   attr    fill
----------------------  --------  ---------  --------  --------  ----  --------
  FLASH                 00000000   00020000  00000a58  0001f5a8  R  X
  SRAM                  20200000   00008000  00000620  000079e0  RW X
  BCR_CONFIG            41c00000   00000080  00000000  00000080  R   
  BSL_CONFIG            41c00100   00000080  00000000  00000080  R   


SEGMENT ALLOCATION MAP

run origin  load origin   length   init length attrs members
----------  ----------- ---------- ----------- ----- -------
00000000    00000000    00000a58   00000a58    r-x
  00000000    00000000    000000c0   000000c0    r-- .intvecs
  000000c0    000000c0    000008f8   000008f8    r-x .text
  000009b8    000009b8    00000070   00000070    r-- .rodata
  00000a28    00000a28    00000030   00000030    r-- .cinit
20200000    20200000    00000420   00000000    rw-
  20200000    20200000    0000021c   00000000    rw- .bss
  2020021c    2020021c    00000004   00000000    rw- .data
  20200220    20200220    00000200   00000000    rw- .sysmem
20207e00    20207e00    00000200   00000000    rw-
  20207e00    20207e00    00000200   00000000    rw- .stack


SECTION ALLOCATION MAP

 output                                  attributes/
section   page    origin      length       input sections
--------  ----  ----------  ----------   ----------------
.intvecs   0    00000000    000000c0     
                  00000000    000000c0     startup_mspm0g3507_ticlang.o (.intvecs)

.text      0    000000c0    000008f8     
                  000000c0    0000021c     Lab8Main.o (.text.main)
                  000002dc    000001b4     Clock.o (.text.Clock_Init80MHz)
                  00000490    000000e8     TExaS.o (.text.UART_Init)
                  00000578    0000007c     LaunchPad.o (.text.LaunchPad_Init)
                  000005f4    00000068     libc.a : copy_decompress_lzss.c.obj (.text:decompress:lzss)
                  0000065c    00000064     myFifo.o (.text.myFifo_Put)
                  000006c0    0000005c     myFifo.o (.text.myFifo_Get)
                  0000071c    00000040     TExaS.o (.text.TIMG7_IRQHandler)
                  0000075c    00000040     libclang_rt.builtins.a : aeabi_uidivmod.S.obj (.text)
                  0000079c    0000003c     libc.a : autoinit.c.obj (.text:__TI_auto_init_nobinit_nopinit)
                  000007d8    00000038     LaunchPad.o (.text.ActivatePortA_B)
                  00000810    0000002c     TExaS.o (.text.UART_OutChar)
                  0000083c    00000028     Lab8Main.o (.text.TIMG12_IRQHandler)
                  00000864    00000028     libc.a : boot_cortex_m.c.obj (.text:_c_int00_noargs)
                  0000088c    00000026     Lab8Main.o (.text.UART_OutString)
                  000008b2    00000002     FIFO1.o (.text.Fifo1_Init)
                  000008b4    00000024     myFifo.o (.text.myFifo_Init)
                  000008d8    00000020     Lab8Main.o (.text.Random32)
                  000008f8    00000018     Lab8Main.o (.text.Random)
                  00000910    00000018     UART2.o (.text.UART2_IRQHandler)
                  00000928    00000014     libc.a : copy_zero_init.c.obj (.text:decompress:ZI:__TI_zero_init_nomemset)
                  0000093c    00000012            : memcpy16.S.obj (.text:TI_memcpy_small)
                  0000094e    00000012            : copy_decompress_none.c.obj (.text:decompress:none)
                  00000960    00000010     Clock.o (.text.Clock_Delay)
                  00000970    0000000c     Clock.o (.text.Clock_Freq)
                  0000097c    0000000c     FIFO1.o (.text.Fifo1_Put)
                  00000988    0000000a     Lab8Main.o (.text.PLL_Init)
                  00000992    00000002     libclang_rt.builtins.a : aeabi_div0.c.obj (.text.__aeabi_idiv0)
                  00000994    00000008                            : aeabi_memcpy.S.obj (.text)
                  0000099c    00000004     startup_mspm0g3507_ticlang.o (.text.Default_Handler)
                  000009a0    00000004     FIFO1.o (.text.Fifo1_Get)
                  000009a4    00000004     startup_mspm0g3507_ticlang.o (.text.HardFault_Handler)
                  000009a8    00000004     startup_mspm0g3507_ticlang.o (.text.Reset_Handler)
                  000009ac    00000004     libc.a : pre_init.c.obj (.text._system_pre_init)
                  000009b0    00000004            : exit.c.obj (.text:abort)
                  000009b4    00000004     --HOLE-- [fill = 0]

.cinit     0    00000a28    00000030     
                  00000a28    0000000c     (__TI_handler_table)
                  00000a34    00000008     (.cinit..bss.load) [load image, compression = zero_init]
                  00000a3c    00000008     (.cinit..data.load) [load image, compression = lzss]
                  00000a44    00000010     (__TI_cinit_table)
                  00000a54    00000004     --HOLE-- [fill = 0]

.rodata    0    000009b8    00000070     
                  000009b8    0000006e     Lab8Main.o (.rodata.str1.1)
                  00000a26    00000002     --HOLE-- [fill = 0]

.init_array 
*          0    00000000    00000000     UNINITIALIZED

.binit     0    00000000    00000000     

.bss       0    20200000    0000021c     UNINITIALIZED
                  20200000    00000200     myFifo.o (.bss.myFifo)
                  20200200    00000004     myFifo.o (.bss.myGetI)
                  20200204    00000004     myFifo.o (.bss.myPutI)
                  20200208    00000004     (.common:FifoError)
                  2020020c    00000004     (.common:M)
                  20200210    00000004     (.common:TExaSLogic)
                  20200214    00000004     (.common:TExaSadc)
                  20200218    00000004     (.common:myFIFO_SIZE)

.data      0    2020021c    00000004     UNINITIALIZED
                  2020021c    00000004     Clock.o (.data.BusFreq)

.sysmem    0    20200220    00000200     UNINITIALIZED
                  20200220    00000010     libc.a : memory.c.obj (.sysmem)
                  20200230    000001f0     --HOLE--

.stack     0    20207e00    00000200     UNINITIALIZED
                  20207e00    00000004     libc.a : boot_cortex_m.c.obj (.stack)
                  20207e04    000001fc     --HOLE--

__llvm_prf_cnts 
*          0    20200000    00000000     UNINITIALIZED

__llvm_prf_bits 
*          0    20200000    00000000     UNINITIALIZED

MODULE SUMMARY

       Module                         code   ro data   rw data
       ------                         ----   -------   -------
    ..\
       myFifo.o                       228    0         524    
    +--+------------------------------+------+---------+---------+
       Total:                         228    0         524    
                                                              
    .\
       Lab8Main.o                     684    110       8      
       Clock.o                        464    0         4      
       TExaS.o                        340    0         8      
       LaunchPad.o                    180    0         0      
       UART2.o                        24     0         0      
       FIFO1.o                        18     0         0      
    +--+------------------------------+------+---------+---------+
       Total:                         1710   110       20     
                                                              
    .\ticlang\
       startup_mspm0g3507_ticlang.o   12     192       0      
    +--+------------------------------+------+---------+---------+
       Total:                         12     192       0      
                                                              
    C:\ti\ccs1240\ccs\tools\compiler\ti-cgt-armllvm_2.1.3.LTS\lib\armv6m-ti-none-eabi/c/libc.a
       copy_decompress_lzss.c.obj     104    0         0      
       autoinit.c.obj                 60     0         0      
       boot_cortex_m.c.obj            40     0         0      
       copy_zero_init.c.obj           20     0         0      
       copy_decompress_none.c.obj     18     0         0      
       memcpy16.S.obj                 18     0         0      
       exit.c.obj                     4      0         0      
       pre_init.c.obj                 4      0         0      
    +--+------------------------------+------+---------+---------+
       Total:                         268    0         0      
                                                              
    C:\ti\ccs1240\ccs\tools\compiler\ti-cgt-armllvm_2.1.3.LTS\lib\clang/14.0.6/lib/armv6m-ti-none-eabi/libclang_rt.builtins.a
       aeabi_uidivmod.S.obj           64     0         0      
       aeabi_memcpy.S.obj             8      0         0      
       aeabi_div0.c.obj               2      0         0      
    +--+------------------------------+------+---------+---------+
       Total:                         74     0         0      
                                                              
       Heap:                          0      0         512    
       Stack:                         0      0         512    
       Linker Generated:              0      44        0      
    +--+------------------------------+------+---------+---------+
       Grand Total:                   2292   346       1568   


LINKER GENERATED COPY TABLES

__TI_cinit_table @ 00000a44 records: 2, size/record: 8, table size: 16
	.bss: load addr=00000a34, load size=00000008 bytes, run addr=20200000, run size=0000021c bytes, compression=zero_init
	.data: load addr=00000a3c, load size=00000008 bytes, run addr=2020021c, run size=00000004 bytes, compression=lzss


LINKER GENERATED HANDLER TABLE

__TI_handler_table @ 00000a28 records: 3, size/record: 4, table size: 12
	index: 0, handler: __TI_decompress_lzss
	index: 1, handler: __TI_decompress_none
	index: 2, handler: __TI_zero_init


GLOBAL SYMBOLS: SORTED ALPHABETICALLY BY Name 

address   name                          
-------   ----                          
0000099d  ADC0_IRQHandler               
0000099d  ADC1_IRQHandler               
0000099d  AES_IRQHandler                
000007d9  ActivatePortA_B               
2020021c  BusFreq                       
000009b0  C$$EXIT                       
0000099d  CANFD0_IRQHandler             
00000961  Clock_Delay                   
00000971  Clock_Freq                    
000002dd  Clock_Init80MHz               
0000099d  DAC0_IRQHandler               
0000099d  DMA_IRQHandler                
0000099d  Default_Handler               
000009a1  Fifo1_Get                     
000008b3  Fifo1_Init                    
0000097d  Fifo1_Put                     
20200208  FifoError                     
0000099d  GROUP0_IRQHandler             
0000099d  GROUP1_IRQHandler             
000009a5  HardFault_Handler             
0000099d  I2C0_IRQHandler               
0000099d  I2C1_IRQHandler               
00000579  LaunchPad_Init                
2020020c  M                             
0000099d  NMI_Handler                   
00000989  PLL_Init                      
0000099d  PendSV_Handler                
0000099d  RTC_IRQHandler                
000008f9  Random                        
000008d9  Random32                      
000009a9  Reset_Handler                 
0000099d  SPI0_IRQHandler               
0000099d  SPI1_IRQHandler               
0000099d  SVC_Handler                   
0000099d  SysTick_Handler               
20200210  TExaSLogic                    
20200214  TExaSadc                      
0000099d  TIMA0_IRQHandler              
0000099d  TIMA1_IRQHandler              
0000099d  TIMG0_IRQHandler              
0000083d  TIMG12_IRQHandler             
0000099d  TIMG6_IRQHandler              
0000071d  TIMG7_IRQHandler              
0000099d  TIMG8_IRQHandler              
0000093d  TI_memcpy_small               
0000099d  UART0_IRQHandler              
0000099d  UART1_IRQHandler              
00000911  UART2_IRQHandler              
0000099d  UART3_IRQHandler              
00000491  UART_Init                     
00000811  UART_OutChar                  
0000088d  UART_OutString                
20208000  __STACK_END                   
00000200  __STACK_SIZE                  
00000200  __SYSMEM_SIZE                 
00000a44  __TI_CINIT_Base               
00000a54  __TI_CINIT_Limit              
00000a54  __TI_CINIT_Warm               
00000a28  __TI_Handler_Table_Base       
00000a34  __TI_Handler_Table_Limit      
0000079d  __TI_auto_init_nobinit_nopinit
000005f5  __TI_decompress_lzss          
0000094f  __TI_decompress_none          
ffffffff  __TI_pprof_out_hndl           
ffffffff  __TI_prof_data_size           
ffffffff  __TI_prof_data_start          
00000000  __TI_static_base__            
00000929  __TI_zero_init_nomemset       
00000993  __aeabi_idiv0                 
00000995  __aeabi_memcpy                
00000995  __aeabi_memcpy4               
00000995  __aeabi_memcpy8               
0000075d  __aeabi_uidiv                 
0000075d  __aeabi_uidivmod              
ffffffff  __binit__                     
UNDEFED   __mpu_init                    
20207e00  __stack                       
20200000  __start___llvm_prf_bits       
20200000  __start___llvm_prf_cnts       
20200000  __stop___llvm_prf_bits        
20200000  __stop___llvm_prf_cnts        
00000865  _c_int00_noargs               
20200220  _sys_memory                   
UNDEFED   _system_post_cinit            
000009ad  _system_pre_init              
000009b1  abort                         
ffffffff  binit                         
00000000  interruptVectors              
000000c1  main                          
20200218  myFIFO_SIZE                   
000006c1  myFifo_Get                    
000008b5  myFifo_Init                   
0000065d  myFifo_Put                    


GLOBAL SYMBOLS: SORTED BY Symbol Address 

address   name                          
-------   ----                          
00000000  __TI_static_base__            
00000000  interruptVectors              
000000c1  main                          
00000200  __STACK_SIZE                  
00000200  __SYSMEM_SIZE                 
000002dd  Clock_Init80MHz               
00000491  UART_Init                     
00000579  LaunchPad_Init                
000005f5  __TI_decompress_lzss          
0000065d  myFifo_Put                    
000006c1  myFifo_Get                    
0000071d  TIMG7_IRQHandler              
0000075d  __aeabi_uidiv                 
0000075d  __aeabi_uidivmod              
0000079d  __TI_auto_init_nobinit_nopinit
000007d9  ActivatePortA_B               
00000811  UART_OutChar                  
0000083d  TIMG12_IRQHandler             
00000865  _c_int00_noargs               
0000088d  UART_OutString                
000008b3  Fifo1_Init                    
000008b5  myFifo_Init                   
000008d9  Random32                      
000008f9  Random                        
00000911  UART2_IRQHandler              
00000929  __TI_zero_init_nomemset       
0000093d  TI_memcpy_small               
0000094f  __TI_decompress_none          
00000961  Clock_Delay                   
00000971  Clock_Freq                    
0000097d  Fifo1_Put                     
00000989  PLL_Init                      
00000993  __aeabi_idiv0                 
00000995  __aeabi_memcpy                
00000995  __aeabi_memcpy4               
00000995  __aeabi_memcpy8               
0000099d  ADC0_IRQHandler               
0000099d  ADC1_IRQHandler               
0000099d  AES_IRQHandler                
0000099d  CANFD0_IRQHandler             
0000099d  DAC0_IRQHandler               
0000099d  DMA_IRQHandler                
0000099d  Default_Handler               
0000099d  GROUP0_IRQHandler             
0000099d  GROUP1_IRQHandler             
0000099d  I2C0_IRQHandler               
0000099d  I2C1_IRQHandler               
0000099d  NMI_Handler                   
0000099d  PendSV_Handler                
0000099d  RTC_IRQHandler                
0000099d  SPI0_IRQHandler               
0000099d  SPI1_IRQHandler               
0000099d  SVC_Handler                   
0000099d  SysTick_Handler               
0000099d  TIMA0_IRQHandler              
0000099d  TIMA1_IRQHandler              
0000099d  TIMG0_IRQHandler              
0000099d  TIMG6_IRQHandler              
0000099d  TIMG8_IRQHandler              
0000099d  UART0_IRQHandler              
0000099d  UART1_IRQHandler              
0000099d  UART3_IRQHandler              
000009a1  Fifo1_Get                     
000009a5  HardFault_Handler             
000009a9  Reset_Handler                 
000009ad  _system_pre_init              
000009b0  C$$EXIT                       
000009b1  abort                         
00000a28  __TI_Handler_Table_Base       
00000a34  __TI_Handler_Table_Limit      
00000a44  __TI_CINIT_Base               
00000a54  __TI_CINIT_Limit              
00000a54  __TI_CINIT_Warm               
20200000  __start___llvm_prf_bits       
20200000  __start___llvm_prf_cnts       
20200000  __stop___llvm_prf_bits        
20200000  __stop___llvm_prf_cnts        
20200208  FifoError                     
2020020c  M                             
20200210  TExaSLogic                    
20200214  TExaSadc                      
20200218  myFIFO_SIZE                   
2020021c  BusFreq                       
20200220  _sys_memory                   
20207e00  __stack                       
20208000  __STACK_END                   
ffffffff  __TI_pprof_out_hndl           
ffffffff  __TI_prof_data_size           
ffffffff  __TI_prof_data_start          
ffffffff  __binit__                     
ffffffff  binit                         
UNDEFED   __mpu_init                    
UNDEFED   _system_post_cinit            

[93 symbols]
