******************************************************************************
            TI ARM Clang Linker PC v2.1.3                      
******************************************************************************
>> Linked Mon Mar 18 16:59:14 2024

OUTPUT FILE NAME:   <ECE319K_Lab6.out>
ENTRY POINT SYMBOL: "_c_int00_noargs"  address: 00000dcd


MEMORY CONFIGURATION

         name            origin    length      used     unused   attr    fill
----------------------  --------  ---------  --------  --------  ----  --------
  FLASH                 00000000   00020000  00001110  0001eef0  R  X
  SRAM                  20200000   00008000  0000045c  00007ba4  RW X
  BCR_CONFIG            41c00000   00000080  00000000  00000080  R   
  BSL_CONFIG            41c00100   00000080  00000000  00000080  R   


SEGMENT ALLOCATION MAP

run origin  load origin   length   init length attrs members
----------  ----------- ---------- ----------- ----- -------
00000000    00000000    00001110   00001110    r-x
  00000000    00000000    000000c0   000000c0    r-- .intvecs
  000000c0    000000c0    00000e18   00000e18    r-x .text
  00000ed8    00000ed8    000001f0   000001f0    r-- .rodata
  000010c8    000010c8    00000048   00000048    r-- .cinit
20200000    20200000    0000025c   00000000    rw-
  20200000    20200000    00000200   00000000    rw- .sysmem
  20200200    20200200    0000003c   00000000    rw- .bss
  2020023c    2020023c    00000020   00000000    rw- .data
20207e00    20207e00    00000200   00000000    rw-
  20207e00    20207e00    00000200   00000000    rw- .stack


SECTION ALLOCATION MAP

 output                                  attributes/
section   page    origin      length       input sections
--------  ----  ----------  ----------   ----------------
.intvecs   0    00000000    000000c0     
                  00000000    000000c0     startup_mspm0g3507_ticlang.o (.intvecs)

.text      0    000000c0    00000e18     
                  000000c0    000001b4     Clock.o (.text.Clock_Init80MHz)
                  00000274    000001a4     Lab6Grader.o (.text.Lab6Grader)
                  00000418    00000188     Lab6GraderWrapper.o (.text)
                  000005a0    0000013c     Lab6Grader.o (.text.GradeSPIOutData)
                  000006dc    00000138     Lab6Grader.o (.text.GradeSPIOutCommand)
                  00000814    000000f4     Lab6Grader.o (.text.GradeDec2String)
                  00000908    000000e8     UARTbusywait.o (.text.UART_Init)
                  000009f0    000000a8     Timer.o (.text.TimerG7_IntArm)
                  00000a98    00000084     Lab6Grader.o (.text.TIMG7_IRQHandler)
                  00000b1c    0000007c     LaunchPad.o (.text.LaunchPad_Init)
                  00000b98    00000068     libc.a : copy_decompress_lzss.c.obj (.text:decompress:lzss)
                  00000c00    00000050     StringConversion.o (.text)
                  00000c50    00000040     libclang_rt.builtins.a : aeabi_uidivmod.S.obj (.text)
                  00000c90    0000003c     libc.a : autoinit.c.obj (.text:__TI_auto_init_nobinit_nopinit)
                  00000ccc    00000038     LaunchPad.o (.text.ActivatePortA_B)
                  00000d04    00000036     UART.o (.text.UART_OutUDec)
                  00000d3a    00000034     Lab6Grader.o (.text.setUpper)
                  00000d6e    00000002     libclang_rt.builtins.a : aeabi_div0.c.obj (.text.__aeabi_idiv0)
                  00000d70    00000030     BusyWait.o (.text)
                  00000da0    0000002c     UARTbusywait.o (.text.UART_OutChar)
                  00000dcc    00000028     libc.a : boot_cortex_m.c.obj (.text:_c_int00_noargs)
                  00000df4    00000026     UART.o (.text.UART_OutString)
                  00000e1a    0000001a     Lab6Main.o (.text.main)
                  00000e34    00000016     libc.a : strcmp.c.obj (.text.strcmp)
                  00000e4a    00000014            : copy_zero_init.c.obj (.text:decompress:ZI:__TI_zero_init_nomemset)
                  00000e5e    00000012            : memcpy16.S.obj (.text:TI_memcpy_small)
                  00000e70    00000012            : copy_decompress_none.c.obj (.text:decompress:none)
                  00000e82    00000010     Clock.o (.text.Clock_Delay)
                  00000e92    00000010     Lab6Grader.o (.text.OutCRLF)
                  00000ea2    00000002     --HOLE-- [fill = 0]
                  00000ea4    0000000c     Clock.o (.text.Clock_Freq)
                  00000eb0    0000000c     Lab6Grader.o (.text.TimerG7_Stop)
                  00000ebc    00000008     libclang_rt.builtins.a : aeabi_memcpy.S.obj (.text)
                  00000ec4    00000004     startup_mspm0g3507_ticlang.o (.text.Default_Handler)
                  00000ec8    00000004     startup_mspm0g3507_ticlang.o (.text.HardFault_Handler)
                  00000ecc    00000004     startup_mspm0g3507_ticlang.o (.text.Reset_Handler)
                  00000ed0    00000004     libc.a : pre_init.c.obj (.text._system_pre_init)
                  00000ed4    00000004            : exit.c.obj (.text:abort)

.cinit     0    000010c8    00000048     
                  000010c8    0000001d     (.cinit..data.load) [load image, compression = lzss]
                  000010e5    00000003     --HOLE-- [fill = 0]
                  000010e8    0000000c     (__TI_handler_table)
                  000010f4    00000008     (.cinit..bss.load) [load image, compression = zero_init]
                  000010fc    00000010     (__TI_cinit_table)
                  0000110c    00000004     --HOLE-- [fill = 0]

.rodata    0    00000ed8    000001f0     
                  00000ed8    000001e9     Lab6Grader.o (.rodata.str1.1)
                  000010c1    00000007     --HOLE-- [fill = 0]

.init_array 
*          0    00000000    00000000     UNINITIALIZED

.binit     0    00000000    00000000     

.sysmem    0    20200000    00000200     UNINITIALIZED
                  20200000    00000010     libc.a : memory.c.obj (.sysmem)
                  20200010    000001f0     --HOLE--

.bss       0    20200200    0000003c     UNINITIALIZED
                  20200200    00000010     (.common:myMessage)
                  20200210    00000010     (.common:yourMessage)
                  20200220    00000004     Lab6Grader.o (.bss.Score)
                  20200224    00000004     (.common:GraderData)
                  20200228    00000004     (.common:GraderGPIO)
                  2020022c    00000004     (.common:GraderStatus)
                  20200230    00000004     (.common:GraderTime)
                  20200234    00000004     (.common:M)
                  20200238    00000004     (.common:whichbit)

.data      0    2020023c    00000020     UNINITIALIZED
                  2020023c    00000008     Lab6Main.o (.data.EID2)
                  20200244    00000008     Lab6GraderWrapper.o (.data)
                  2020024c    00000007     Lab6Main.o (.data.EID1)
                  20200253    00000001     --HOLE--
                  20200254    00000004     Clock.o (.data.BusFreq)
                  20200258    00000004     Lab6Grader.o (.data.Fail)

.stack     0    20207e00    00000200     UNINITIALIZED
                  20207e00    00000004     libc.a : boot_cortex_m.c.obj (.stack)
                  20207e04    000001fc     --HOLE--

__llvm_prf_cnts 
*          0    20200000    00000000     UNINITIALIZED

__llvm_prf_bits 
*          0    20200000    00000000     UNINITIALIZED

MODULE SUMMARY

       Module                         code   ro data   rw data
       ------                         ----   -------   -------
    ..\
       Lab6GraderWrapper.o            392    0         8      
    +--+------------------------------+------+---------+---------+
       Total:                         392    0         8      
                                                              
    .\
       Lab6Grader.o                   1504   489       64     
       Clock.o                        464    0         4      
       UARTbusywait.o                 276    0         0      
       LaunchPad.o                    180    0         0      
       Timer.o                        168    0         0      
       UART.o                         92     0         0      
       StringConversion.o             80     0         0      
       BusyWait.o                     48     0         0      
       Lab6Main.o                     26     0         15     
    +--+------------------------------+------+---------+---------+
       Total:                         2838   489       83     
                                                              
    .\ticlang\
       startup_mspm0g3507_ticlang.o   12     192       0      
    +--+------------------------------+------+---------+---------+
       Total:                         12     192       0      
                                                              
    C:\ti\ccs1240\ccs\tools\compiler\ti-cgt-armllvm_2.1.3.LTS\lib\armv6m-ti-none-eabi/c/libc.a
       copy_decompress_lzss.c.obj     104    0         0      
       autoinit.c.obj                 60     0         0      
       boot_cortex_m.c.obj            40     0         0      
       strcmp.c.obj                   22     0         0      
       copy_zero_init.c.obj           20     0         0      
       copy_decompress_none.c.obj     18     0         0      
       memcpy16.S.obj                 18     0         0      
       exit.c.obj                     4      0         0      
       pre_init.c.obj                 4      0         0      
    +--+------------------------------+------+---------+---------+
       Total:                         290    0         0      
                                                              
    C:\ti\ccs1240\ccs\tools\compiler\ti-cgt-armllvm_2.1.3.LTS\lib\clang/14.0.6/lib/armv6m-ti-none-eabi/libclang_rt.builtins.a
       aeabi_uidivmod.S.obj           64     0         0      
       aeabi_memcpy.S.obj             8      0         0      
       aeabi_div0.c.obj               2      0         0      
    +--+------------------------------+------+---------+---------+
       Total:                         74     0         0      
                                                              
       Heap:                          0      0         512    
       Stack:                         0      0         512    
       Linker Generated:              0      65        0      
    +--+------------------------------+------+---------+---------+
       Grand Total:                   3606   746       1115   


LINKER GENERATED COPY TABLES

__TI_cinit_table @ 000010fc records: 2, size/record: 8, table size: 16
	.data: load addr=000010c8, load size=0000001d bytes, run addr=2020023c, run size=00000020 bytes, compression=lzss
	.bss: load addr=000010f4, load size=00000008 bytes, run addr=20200200, run size=0000003c bytes, compression=zero_init


LINKER GENERATED HANDLER TABLE

__TI_handler_table @ 000010e8 records: 3, size/record: 4, table size: 12
	index: 0, handler: __TI_decompress_lzss
	index: 1, handler: __TI_decompress_none
	index: 2, handler: __TI_zero_init


GLOBAL SYMBOLS: SORTED ALPHABETICALLY BY Name 

address   name                          
-------   ----                          
00000ec5  ADC0_IRQHandler               
00000ec5  ADC1_IRQHandler               
00000ec5  AES_IRQHandler                
00000ccd  ActivatePortA_B               
20200254  BusFreq                       
00000ed4  C$$EXIT                       
00000ec5  CANFD0_IRQHandler             
00000e83  Clock_Delay                   
00000ea5  Clock_Freq                    
000000c1  Clock_Init80MHz               
00000ec5  DAC0_IRQHandler               
00000ec5  DMA_IRQHandler                
0000054c  Dec2String                    
00000ec5  Default_Handler               
2020024c  EID1                          
2020023c  EID2                          
00000ec5  GROUP0_IRQHandler             
00000ec5  GROUP1_IRQHandler             
00000815  GradeDec2String               
000006dd  GradeSPIOutCommand            
000005a1  GradeSPIOutData               
20200224  GraderData                    
20200228  GraderGPIO                    
2020022c  GraderStatus                  
20200230  GraderTime                    
00000ec9  HardFault_Handler             
00000ec5  I2C0_IRQHandler               
00000ec5  I2C1_IRQHandler               
00000275  Lab6Grader                    
00000b1d  LaunchPad_Init                
20200234  M                             
00000ec5  NMI_Handler                   
00000e93  OutCRLF                       
00000560  OutChar                       
00000c2e  OutDec                        
00000ec5  PendSV_Handler                
00000ec5  RTC_IRQHandler                
00000ecd  Reset_Handler                 
00000ec5  SPI0_IRQHandler               
00000ec5  SPI1_IRQHandler               
00000d70  SPIOutCommand                 
00000d8a  SPIOutData                    
00000ec5  SVC_Handler                   
00000ec5  SysTick_Handler               
00000ec5  TIMA0_IRQHandler              
00000ec5  TIMA1_IRQHandler              
00000ec5  TIMG0_IRQHandler              
00000ec5  TIMG12_IRQHandler             
00000ec5  TIMG6_IRQHandler              
00000a99  TIMG7_IRQHandler              
00000ec5  TIMG8_IRQHandler              
00000e5f  TI_memcpy_small               
00000c00  Test_udivby10                 
000009f1  TimerG7_IntArm                
00000eb1  TimerG7_Stop                  
00000ec5  UART0_IRQHandler              
00000ec5  UART1_IRQHandler              
00000ec5  UART2_IRQHandler              
00000ec5  UART3_IRQHandler              
00000909  UART_Init                     
00000da1  UART_OutChar                  
00000df5  UART_OutString                
00000d05  UART_OutUDec                  
20208000  __STACK_END                   
00000200  __STACK_SIZE                  
00000200  __SYSMEM_SIZE                 
000010fc  __TI_CINIT_Base               
0000110c  __TI_CINIT_Limit              
0000110c  __TI_CINIT_Warm               
000010e8  __TI_Handler_Table_Base       
000010f4  __TI_Handler_Table_Limit      
00000c91  __TI_auto_init_nobinit_nopinit
00000b99  __TI_decompress_lzss          
00000e71  __TI_decompress_none          
ffffffff  __TI_pprof_out_hndl           
ffffffff  __TI_prof_data_size           
ffffffff  __TI_prof_data_start          
00000000  __TI_static_base__            
00000e4b  __TI_zero_init_nomemset       
00000d6f  __aeabi_idiv0                 
00000ebd  __aeabi_memcpy                
00000ebd  __aeabi_memcpy4               
00000ebd  __aeabi_memcpy8               
00000c51  __aeabi_uidiv                 
00000c51  __aeabi_uidivmod              
ffffffff  __binit__                     
UNDEFED   __mpu_init                    
20207e00  __stack                       
20200000  __start___llvm_prf_bits       
20200000  __start___llvm_prf_cnts       
20200000  __stop___llvm_prf_bits        
20200000  __stop___llvm_prf_cnts        
00000dcd  _c_int00_noargs               
20200000  _sys_memory                   
UNDEFED   _system_post_cinit            
00000ed1  _system_pre_init              
00000ed5  abort                         
ffffffff  binit                         
00000000  interruptVectors              
00000e1b  main                          
000004f8  myDec2String                  
20200200  myMessage                     
00000d3b  setUpper                      
00000e35  strcmp                        
00000490  testDec2String                
00000418  testSPIOutCommand             
00000454  testSPIOutData                
20200238  whichbit                      
20200210  yourMessage                   


GLOBAL SYMBOLS: SORTED BY Symbol Address 

address   name                          
-------   ----                          
00000000  __TI_static_base__            
00000000  interruptVectors              
000000c1  Clock_Init80MHz               
00000200  __STACK_SIZE                  
00000200  __SYSMEM_SIZE                 
00000275  Lab6Grader                    
00000418  testSPIOutCommand             
00000454  testSPIOutData                
00000490  testDec2String                
000004f8  myDec2String                  
0000054c  Dec2String                    
00000560  OutChar                       
000005a1  GradeSPIOutData               
000006dd  GradeSPIOutCommand            
00000815  GradeDec2String               
00000909  UART_Init                     
000009f1  TimerG7_IntArm                
00000a99  TIMG7_IRQHandler              
00000b1d  LaunchPad_Init                
00000b99  __TI_decompress_lzss          
00000c00  Test_udivby10                 
00000c2e  OutDec                        
00000c51  __aeabi_uidiv                 
00000c51  __aeabi_uidivmod              
00000c91  __TI_auto_init_nobinit_nopinit
00000ccd  ActivatePortA_B               
00000d05  UART_OutUDec                  
00000d3b  setUpper                      
00000d6f  __aeabi_idiv0                 
00000d70  SPIOutCommand                 
00000d8a  SPIOutData                    
00000da1  UART_OutChar                  
00000dcd  _c_int00_noargs               
00000df5  UART_OutString                
00000e1b  main                          
00000e35  strcmp                        
00000e4b  __TI_zero_init_nomemset       
00000e5f  TI_memcpy_small               
00000e71  __TI_decompress_none          
00000e83  Clock_Delay                   
00000e93  OutCRLF                       
00000ea5  Clock_Freq                    
00000eb1  TimerG7_Stop                  
00000ebd  __aeabi_memcpy                
00000ebd  __aeabi_memcpy4               
00000ebd  __aeabi_memcpy8               
00000ec5  ADC0_IRQHandler               
00000ec5  ADC1_IRQHandler               
00000ec5  AES_IRQHandler                
00000ec5  CANFD0_IRQHandler             
00000ec5  DAC0_IRQHandler               
00000ec5  DMA_IRQHandler                
00000ec5  Default_Handler               
00000ec5  GROUP0_IRQHandler             
00000ec5  GROUP1_IRQHandler             
00000ec5  I2C0_IRQHandler               
00000ec5  I2C1_IRQHandler               
00000ec5  NMI_Handler                   
00000ec5  PendSV_Handler                
00000ec5  RTC_IRQHandler                
00000ec5  SPI0_IRQHandler               
00000ec5  SPI1_IRQHandler               
00000ec5  SVC_Handler                   
00000ec5  SysTick_Handler               
00000ec5  TIMA0_IRQHandler              
00000ec5  TIMA1_IRQHandler              
00000ec5  TIMG0_IRQHandler              
00000ec5  TIMG12_IRQHandler             
00000ec5  TIMG6_IRQHandler              
00000ec5  TIMG8_IRQHandler              
00000ec5  UART0_IRQHandler              
00000ec5  UART1_IRQHandler              
00000ec5  UART2_IRQHandler              
00000ec5  UART3_IRQHandler              
00000ec9  HardFault_Handler             
00000ecd  Reset_Handler                 
00000ed1  _system_pre_init              
00000ed4  C$$EXIT                       
00000ed5  abort                         
000010e8  __TI_Handler_Table_Base       
000010f4  __TI_Handler_Table_Limit      
000010fc  __TI_CINIT_Base               
0000110c  __TI_CINIT_Limit              
0000110c  __TI_CINIT_Warm               
20200000  __start___llvm_prf_bits       
20200000  __start___llvm_prf_cnts       
20200000  __stop___llvm_prf_bits        
20200000  __stop___llvm_prf_cnts        
20200000  _sys_memory                   
20200200  myMessage                     
20200210  yourMessage                   
20200224  GraderData                    
20200228  GraderGPIO                    
2020022c  GraderStatus                  
20200230  GraderTime                    
20200234  M                             
20200238  whichbit                      
2020023c  EID2                          
2020024c  EID1                          
20200254  BusFreq                       
20207e00  __stack                       
20208000  __STACK_END                   
ffffffff  __TI_pprof_out_hndl           
ffffffff  __TI_prof_data_size           
ffffffff  __TI_prof_data_start          
ffffffff  __binit__                     
ffffffff  binit                         
UNDEFED   __mpu_init                    
UNDEFED   _system_post_cinit            

[109 symbols]
