******************************************************************************
            TI ARM Clang Linker PC v2.1.3                      
******************************************************************************
>> Linked Fri Apr  5 20:02:10 2024

OUTPUT FILE NAME:   <ECE319K_Lab6.out>
ENTRY POINT SYMBOL: "_c_int00_noargs"  address: 00000215


MEMORY CONFIGURATION

         name            origin    length      used     unused   attr    fill
----------------------  --------  ---------  --------  --------  ----  --------
  FLASH                 00000000   00020000  000004e8  0001fb18  R  X
  SRAM                  20200000   00008000  00000410  00007bf0  RW X
  BCR_CONFIG            41c00000   00000080  00000000  00000080  R   
  BSL_CONFIG            41c00100   00000080  00000000  00000080  R   


SEGMENT ALLOCATION MAP

run origin  load origin   length   init length attrs members
----------  ----------- ---------- ----------- ----- -------
00000000    00000000    000004e8   000004e8    r-x
  00000000    00000000    000000c0   000000c0    r-- .intvecs
  000000c0    000000c0    00000208   00000208    r-x .text
  000002c8    000002c8    000001f0   000001f0    r-- .rodata
  000004b8    000004b8    00000030   00000030    r-- .cinit
20200000    20200000    00000210   00000000    rw-
  20200000    20200000    00000200   00000000    rw- .sysmem
  20200200    20200200    0000000c   00000000    rw- .bss
  2020020c    2020020c    00000004   00000000    rw- .data
20207e00    20207e00    00000200   00000000    rw-
  20207e00    20207e00    00000200   00000000    rw- .stack


SECTION ALLOCATION MAP

 output                                  attributes/
section   page    origin      length       input sections
--------  ----  ----------  ----------   ----------------
.intvecs   0    00000000    000000c0     
                  00000000    000000c0     startup_mspm0g3507_ticlang.o (.intvecs)

.text      0    000000c0    00000208     
                  000000c0    00000084     Lab6Grader.o (.text.TIMG7_IRQHandler)
                  00000144    00000068     libc.a : copy_decompress_lzss.c.obj (.text:decompress:lzss)
                  000001ac    0000003c            : autoinit.c.obj (.text:__TI_auto_init_nobinit_nopinit)
                  000001e8    0000002c     UARTbusywait.o (.text.UART_OutChar)
                  00000214    00000028     libc.a : boot_cortex_m.c.obj (.text:_c_int00_noargs)
                  0000023c    00000026     UART.o (.text.UART_OutString)
                  00000262    00000014     libc.a : copy_zero_init.c.obj (.text:decompress:ZI:__TI_zero_init_nomemset)
                  00000276    00000012            : memcpy16.S.obj (.text:TI_memcpy_small)
                  00000288    00000012            : copy_decompress_none.c.obj (.text:decompress:none)
                  0000029a    00000002     --HOLE-- [fill = 0]
                  0000029c    0000000c     Lab6Grader.o (.text.TimerG7_Stop)
                  000002a8    00000008     libclang_rt.builtins.a : aeabi_memcpy.S.obj (.text)
                  000002b0    00000004     startup_mspm0g3507_ticlang.o (.text.Default_Handler)
                  000002b4    00000004     startup_mspm0g3507_ticlang.o (.text.HardFault_Handler)
                  000002b8    00000004     startup_mspm0g3507_ticlang.o (.text.Reset_Handler)
                  000002bc    00000004     libc.a : pre_init.c.obj (.text._system_pre_init)
                  000002c0    00000004            : exit.c.obj (.text:abort)
                  000002c4    00000004     --HOLE-- [fill = 0]

.cinit     0    000004b8    00000030     
                  000004b8    0000000c     (__TI_handler_table)
                  000004c4    00000008     (.cinit..bss.load) [load image, compression = zero_init]
                  000004cc    00000007     (.cinit..data.load) [load image, compression = lzss]
                  000004d3    00000001     --HOLE-- [fill = 0]
                  000004d4    00000010     (__TI_cinit_table)
                  000004e4    00000004     --HOLE-- [fill = 0]

.rodata    0    000002c8    000001f0     
                  000002c8    000001e9     Lab6Grader.o (.rodata.str1.1)
                  000004b1    00000007     --HOLE-- [fill = 0]

.init_array 
*          0    00000000    00000000     UNINITIALIZED

.binit     0    00000000    00000000     

.sysmem    0    20200000    00000200     UNINITIALIZED
                  20200000    00000010     libc.a : memory.c.obj (.sysmem)
                  20200010    000001f0     --HOLE--

.bss       0    20200200    0000000c     UNINITIALIZED
                  20200200    00000004     (.common:GraderStatus)
                  20200204    00000004     (.common:GraderTime)
                  20200208    00000004     (.common:whichbit)

.data      0    2020020c    00000004     UNINITIALIZED
                  2020020c    00000004     Lab6Grader.o (.data.Fail)

.stack     0    20207e00    00000200     UNINITIALIZED
                  20207e00    00000004     libc.a : boot_cortex_m.c.obj (.stack)
                  20207e04    000001fc     --HOLE--

__llvm_prf_cnts 
*          0    20200000    00000000     UNINITIALIZED

__llvm_prf_bits 
*          0    20200000    00000000     UNINITIALIZED

MODULE SUMMARY

       Module                         code   ro data   rw data
       ------                         ----   -------   -------
    .\
       Lab6Grader.o                   144    489       16     
       UARTbusywait.o                 44     0         0      
       UART.o                         38     0         0      
    +--+------------------------------+------+---------+---------+
       Total:                         226    489       16     
                                                              
    .\ticlang\
       startup_mspm0g3507_ticlang.o   12     192       0      
    +--+------------------------------+------+---------+---------+
       Total:                         12     192       0      
                                                              
    C:\ti\ccs1240\ccs\tools\compiler\ti-cgt-armllvm_2.1.3.LTS\lib\armv6m-ti-none-eabi/c/libc.a
       copy_decompress_lzss.c.obj     104    0         0      
       autoinit.c.obj                 60     0         0      
       boot_cortex_m.c.obj            40     0         0      
       copy_zero_init.c.obj           20     0         0      
       copy_decompress_none.c.obj     18     0         0      
       memcpy16.S.obj                 18     0         0      
       exit.c.obj                     4      0         0      
       pre_init.c.obj                 4      0         0      
    +--+------------------------------+------+---------+---------+
       Total:                         268    0         0      
                                                              
    C:\ti\ccs1240\ccs\tools\compiler\ti-cgt-armllvm_2.1.3.LTS\lib\clang/14.0.6/lib/armv6m-ti-none-eabi/libclang_rt.builtins.a
       aeabi_memcpy.S.obj             8      0         0      
    +--+------------------------------+------+---------+---------+
       Total:                         8      0         0      
                                                              
       Heap:                          0      0         512    
       Stack:                         0      0         512    
       Linker Generated:              0      43        0      
    +--+------------------------------+------+---------+---------+
       Grand Total:                   514    724       1040   


LINKER GENERATED COPY TABLES

__TI_cinit_table @ 000004d4 records: 2, size/record: 8, table size: 16
	.bss: load addr=000004c4, load size=00000008 bytes, run addr=20200200, run size=0000000c bytes, compression=zero_init
	.data: load addr=000004cc, load size=00000007 bytes, run addr=2020020c, run size=00000004 bytes, compression=lzss


LINKER GENERATED HANDLER TABLE

__TI_handler_table @ 000004b8 records: 3, size/record: 4, table size: 12
	index: 0, handler: __TI_decompress_lzss
	index: 1, handler: __TI_decompress_none
	index: 2, handler: __TI_zero_init


GLOBAL SYMBOLS: SORTED ALPHABETICALLY BY Name 

address   name                          
-------   ----                          
000002b1  ADC0_IRQHandler               
000002b1  ADC1_IRQHandler               
000002b1  AES_IRQHandler                
000002c0  C$$EXIT                       
000002b1  CANFD0_IRQHandler             
000002b1  DAC0_IRQHandler               
000002b1  DMA_IRQHandler                
000002b1  Default_Handler               
000002b1  GROUP0_IRQHandler             
000002b1  GROUP1_IRQHandler             
20200200  GraderStatus                  
20200204  GraderTime                    
000002b5  HardFault_Handler             
000002b1  I2C0_IRQHandler               
000002b1  I2C1_IRQHandler               
000002b1  NMI_Handler                   
000002b1  PendSV_Handler                
000002b1  RTC_IRQHandler                
000002b9  Reset_Handler                 
000002b1  SPI0_IRQHandler               
000002b1  SPI1_IRQHandler               
000002b1  SVC_Handler                   
000002b1  SysTick_Handler               
000002b1  TIMA0_IRQHandler              
000002b1  TIMA1_IRQHandler              
000002b1  TIMG0_IRQHandler              
000002b1  TIMG12_IRQHandler             
000002b1  TIMG6_IRQHandler              
000000c1  TIMG7_IRQHandler              
000002b1  TIMG8_IRQHandler              
00000277  TI_memcpy_small               
0000029d  TimerG7_Stop                  
000002b1  UART0_IRQHandler              
000002b1  UART1_IRQHandler              
000002b1  UART2_IRQHandler              
000002b1  UART3_IRQHandler              
000001e9  UART_OutChar                  
0000023d  UART_OutString                
20208000  __STACK_END                   
00000200  __STACK_SIZE                  
00000200  __SYSMEM_SIZE                 
000004d4  __TI_CINIT_Base               
000004e4  __TI_CINIT_Limit              
000004e4  __TI_CINIT_Warm               
000004b8  __TI_Handler_Table_Base       
000004c4  __TI_Handler_Table_Limit      
000001ad  __TI_auto_init_nobinit_nopinit
00000145  __TI_decompress_lzss          
00000289  __TI_decompress_none          
ffffffff  __TI_pprof_out_hndl           
ffffffff  __TI_prof_data_size           
ffffffff  __TI_prof_data_start          
00000000  __TI_static_base__            
00000263  __TI_zero_init_nomemset       
000002a9  __aeabi_memcpy                
000002a9  __aeabi_memcpy4               
000002a9  __aeabi_memcpy8               
ffffffff  __binit__                     
UNDEFED   __mpu_init                    
20207e00  __stack                       
20200000  __start___llvm_prf_bits       
20200000  __start___llvm_prf_cnts       
20200000  __stop___llvm_prf_bits        
20200000  __stop___llvm_prf_cnts        
00000215  _c_int00_noargs               
20200000  _sys_memory                   
UNDEFED   _system_post_cinit            
000002bd  _system_pre_init              
000002c1  abort                         
ffffffff  binit                         
00000000  interruptVectors              
UNDEFED   main                          
20200208  whichbit                      


GLOBAL SYMBOLS: SORTED BY Symbol Address 

address   name                          
-------   ----                          
00000000  __TI_static_base__            
00000000  interruptVectors              
000000c1  TIMG7_IRQHandler              
00000145  __TI_decompress_lzss          
000001ad  __TI_auto_init_nobinit_nopinit
000001e9  UART_OutChar                  
00000200  __STACK_SIZE                  
00000200  __SYSMEM_SIZE                 
00000215  _c_int00_noargs               
0000023d  UART_OutString                
00000263  __TI_zero_init_nomemset       
00000277  TI_memcpy_small               
00000289  __TI_decompress_none          
0000029d  TimerG7_Stop                  
000002a9  __aeabi_memcpy                
000002a9  __aeabi_memcpy4               
000002a9  __aeabi_memcpy8               
000002b1  ADC0_IRQHandler               
000002b1  ADC1_IRQHandler               
000002b1  AES_IRQHandler                
000002b1  CANFD0_IRQHandler             
000002b1  DAC0_IRQHandler               
000002b1  DMA_IRQHandler                
000002b1  Default_Handler               
000002b1  GROUP0_IRQHandler             
000002b1  GROUP1_IRQHandler             
000002b1  I2C0_IRQHandler               
000002b1  I2C1_IRQHandler               
000002b1  NMI_Handler                   
000002b1  PendSV_Handler                
000002b1  RTC_IRQHandler                
000002b1  SPI0_IRQHandler               
000002b1  SPI1_IRQHandler               
000002b1  SVC_Handler                   
000002b1  SysTick_Handler               
000002b1  TIMA0_IRQHandler              
000002b1  TIMA1_IRQHandler              
000002b1  TIMG0_IRQHandler              
000002b1  TIMG12_IRQHandler             
000002b1  TIMG6_IRQHandler              
000002b1  TIMG8_IRQHandler              
000002b1  UART0_IRQHandler              
000002b1  UART1_IRQHandler              
000002b1  UART2_IRQHandler              
000002b1  UART3_IRQHandler              
000002b5  HardFault_Handler             
000002b9  Reset_Handler                 
000002bd  _system_pre_init              
000002c0  C$$EXIT                       
000002c1  abort                         
000004b8  __TI_Handler_Table_Base       
000004c4  __TI_Handler_Table_Limit      
000004d4  __TI_CINIT_Base               
000004e4  __TI_CINIT_Limit              
000004e4  __TI_CINIT_Warm               
20200000  __start___llvm_prf_bits       
20200000  __start___llvm_prf_cnts       
20200000  __stop___llvm_prf_bits        
20200000  __stop___llvm_prf_cnts        
20200000  _sys_memory                   
20200200  GraderStatus                  
20200204  GraderTime                    
20200208  whichbit                      
20207e00  __stack                       
20208000  __STACK_END                   
ffffffff  __TI_pprof_out_hndl           
ffffffff  __TI_prof_data_size           
ffffffff  __TI_prof_data_start          
ffffffff  __binit__                     
ffffffff  binit                         
UNDEFED   __mpu_init                    
UNDEFED   _system_post_cinit            
UNDEFED   main                          

[73 symbols]
