******************************************************************************
            TI ARM Clang Linker PC v2.1.3                      
******************************************************************************
>> Linked Tue Jan 16 13:29:57 2024

OUTPUT FILE NAME:   <SysTickPeriodicInt.out>
ENTRY POINT SYMBOL: "_c_int00_noargs"  address: 000003cd


MEMORY CONFIGURATION

         name            origin    length      used     unused   attr    fill
----------------------  --------  ---------  --------  --------  ----  --------
  FLASH                 00000000   00020000  000004a8  0001fb58  R  X
  SRAM                  20200000   00008000  00000208  00007df8  RW X
  BCR_CONFIG            41c00000   00000080  00000000  00000080  R   
  BSL_CONFIG            41c00100   00000080  00000000  00000080  R   


SEGMENT ALLOCATION MAP

run origin  load origin   length   init length attrs members
----------  ----------- ---------- ----------- ----- -------
00000000    00000000    000004a8   000004a8    r-x
  00000000    00000000    000000c0   000000c0    r-- .intvecs
  000000c0    000000c0    000003b8   000003b8    r-x .text
  00000478    00000478    00000030   00000030    r-- .cinit
20200000    20200000    00000008   00000000    rw-
  20200000    20200000    00000004   00000000    rw- .bss
  20200004    20200004    00000004   00000000    rw- .data
20207e00    20207e00    00000200   00000000    rw-
  20207e00    20207e00    00000200   00000000    rw- .stack


SECTION ALLOCATION MAP

 output                                  attributes/
section   page    origin      length       input sections
--------  ----  ----------  ----------   ----------------
.intvecs   0    00000000    000000c0     
                  00000000    000000c0     startup_mspm0g3507_ticlang.o (.intvecs)

.text      0    000000c0    000003b8     
                  000000c0    00000134     Clock.o (.text.Clock_Init40MHz)
                  000001f4    0000007c     LaunchPad.o (.text.LaunchPad_Init)
                  00000270    00000068     libc.a : copy_decompress_lzss.c.obj (.text:decompress:lzss)
                  000002d8    00000044     PeriodicSysTickInts.o (.text.SysTick_IntArm)
                  0000031c    0000003c     PeriodicSysTickInts.o (.text.main)
                  00000358    0000003c     libc.a : autoinit.c.obj (.text:__TI_auto_init_nobinit_nopinit)
                  00000394    00000038     LaunchPad.o (.text.ActivatePortA_B)
                  000003cc    00000028     libc.a : boot_cortex_m.c.obj (.text:_c_int00_noargs)
                  000003f4    00000020     PeriodicSysTickInts.o (.text.SysTick_Handler)
                  00000414    00000014     libc.a : copy_zero_init.c.obj (.text:decompress:ZI:__TI_zero_init_nomemset)
                  00000428    00000012            : memcpy16.S.obj (.text:TI_memcpy_small)
                  0000043a    00000012            : copy_decompress_none.c.obj (.text:decompress:none)
                  0000044c    00000010     Clock.o (.text.Clock_Delay)
                  0000045c    00000008     libclang_rt.builtins.a : aeabi_memcpy.S.obj (.text)
                  00000464    00000004     startup_mspm0g3507_ticlang.o (.text.Default_Handler)
                  00000468    00000004     startup_mspm0g3507_ticlang.o (.text.Reset_Handler)
                  0000046c    00000004     libc.a : pre_init.c.obj (.text._system_pre_init)
                  00000470    00000004            : exit.c.obj (.text:abort)
                  00000474    00000004     --HOLE-- [fill = 0]

.cinit     0    00000478    00000030     
                  00000478    0000000c     (__TI_handler_table)
                  00000484    00000008     (.cinit..bss.load) [load image, compression = zero_init]
                  0000048c    00000008     (.cinit..data.load) [load image, compression = lzss]
                  00000494    00000010     (__TI_cinit_table)
                  000004a4    00000004     --HOLE-- [fill = 0]

.init_array 
*          0    00000000    00000000     UNINITIALIZED

.binit     0    00000000    00000000     

.bss       0    20200000    00000004     UNINITIALIZED
                  20200000    00000004     (.common:Count)

.data      0    20200004    00000004     UNINITIALIZED
                  20200004    00000004     Clock.o (.data.BusFreq)

.stack     0    20207e00    00000200     UNINITIALIZED
                  20207e00    00000004     libc.a : boot_cortex_m.c.obj (.stack)
                  20207e04    000001fc     --HOLE--

__llvm_prf_cnts 
*          0    20200000    00000000     UNINITIALIZED

__llvm_prf_bits 
*          0    20200000    00000000     UNINITIALIZED

MODULE SUMMARY

       Module                         code   ro data   rw data
       ------                         ----   -------   -------
    .\
       Clock.o                        324    0         4      
       LaunchPad.o                    180    0         0      
       PeriodicSysTickInts.o          160    0         4      
    +--+------------------------------+------+---------+---------+
       Total:                         664    0         8      
                                                              
    .\ticlang\
       startup_mspm0g3507_ticlang.o   8      192       0      
    +--+------------------------------+------+---------+---------+
       Total:                         8      192       0      
                                                              
    C:\ti\ccs1240\ccs\tools\compiler\ti-cgt-armllvm_2.1.3.LTS\lib\armv6m-ti-none-eabi/c/libc.a
       copy_decompress_lzss.c.obj     104    0         0      
       autoinit.c.obj                 60     0         0      
       boot_cortex_m.c.obj            40     0         0      
       copy_zero_init.c.obj           20     0         0      
       copy_decompress_none.c.obj     18     0         0      
       memcpy16.S.obj                 18     0         0      
       exit.c.obj                     4      0         0      
       pre_init.c.obj                 4      0         0      
    +--+------------------------------+------+---------+---------+
       Total:                         268    0         0      
                                                              
    C:\ti\ccs1240\ccs\tools\compiler\ti-cgt-armllvm_2.1.3.LTS\lib\clang/14.0.6/lib/armv6m-ti-none-eabi/libclang_rt.builtins.a
       aeabi_memcpy.S.obj             8      0         0      
    +--+------------------------------+------+---------+---------+
       Total:                         8      0         0      
                                                              
       Stack:                         0      0         512    
       Linker Generated:              0      44        0      
    +--+------------------------------+------+---------+---------+
       Grand Total:                   948    236       520    


LINKER GENERATED COPY TABLES

__TI_cinit_table @ 00000494 records: 2, size/record: 8, table size: 16
	.bss: load addr=00000484, load size=00000008 bytes, run addr=20200000, run size=00000004 bytes, compression=zero_init
	.data: load addr=0000048c, load size=00000008 bytes, run addr=20200004, run size=00000004 bytes, compression=lzss


LINKER GENERATED HANDLER TABLE

__TI_handler_table @ 00000478 records: 3, size/record: 4, table size: 12
	index: 0, handler: __TI_decompress_lzss
	index: 1, handler: __TI_decompress_none
	index: 2, handler: __TI_zero_init


GLOBAL SYMBOLS: SORTED ALPHABETICALLY BY Name 

address   name                          
-------   ----                          
00000465  ADC0_IRQHandler               
00000465  ADC1_IRQHandler               
00000465  AES_IRQHandler                
00000395  ActivatePortA_B               
20200004  BusFreq                       
00000470  C$$EXIT                       
00000465  CANFD0_IRQHandler             
0000044d  Clock_Delay                   
000000c1  Clock_Init40MHz               
20200000  Count                         
00000465  DAC0_IRQHandler               
00000465  DMA_IRQHandler                
00000465  Default_Handler               
00000465  GROUP0_IRQHandler             
00000465  GROUP1_IRQHandler             
00000465  HardFault_Handler             
00000465  I2C0_IRQHandler               
00000465  I2C1_IRQHandler               
000001f5  LaunchPad_Init                
00000465  NMI_Handler                   
00000465  PendSV_Handler                
00000465  RTC_IRQHandler                
00000469  Reset_Handler                 
00000465  SPI0_IRQHandler               
00000465  SPI1_IRQHandler               
00000465  SVC_Handler                   
000003f5  SysTick_Handler               
000002d9  SysTick_IntArm                
00000465  TIMA0_IRQHandler              
00000465  TIMA1_IRQHandler              
00000465  TIMG0_IRQHandler              
00000465  TIMG12_IRQHandler             
00000465  TIMG6_IRQHandler              
00000465  TIMG7_IRQHandler              
00000465  TIMG8_IRQHandler              
00000429  TI_memcpy_small               
00000465  UART0_IRQHandler              
00000465  UART1_IRQHandler              
00000465  UART2_IRQHandler              
00000465  UART3_IRQHandler              
20208000  __STACK_END                   
00000200  __STACK_SIZE                  
00000494  __TI_CINIT_Base               
000004a4  __TI_CINIT_Limit              
000004a4  __TI_CINIT_Warm               
00000478  __TI_Handler_Table_Base       
00000484  __TI_Handler_Table_Limit      
00000359  __TI_auto_init_nobinit_nopinit
00000271  __TI_decompress_lzss          
0000043b  __TI_decompress_none          
ffffffff  __TI_pprof_out_hndl           
ffffffff  __TI_prof_data_size           
ffffffff  __TI_prof_data_start          
00000000  __TI_static_base__            
00000415  __TI_zero_init_nomemset       
0000045d  __aeabi_memcpy                
0000045d  __aeabi_memcpy4               
0000045d  __aeabi_memcpy8               
ffffffff  __binit__                     
UNDEFED   __mpu_init                    
20207e00  __stack                       
20200000  __start___llvm_prf_bits       
20200000  __start___llvm_prf_cnts       
20200000  __stop___llvm_prf_bits        
20200000  __stop___llvm_prf_cnts        
000003cd  _c_int00_noargs               
UNDEFED   _system_post_cinit            
0000046d  _system_pre_init              
00000471  abort                         
ffffffff  binit                         
00000000  interruptVectors              
0000031d  main                          


GLOBAL SYMBOLS: SORTED BY Symbol Address 

address   name                          
-------   ----                          
00000000  __TI_static_base__            
00000000  interruptVectors              
000000c1  Clock_Init40MHz               
000001f5  LaunchPad_Init                
00000200  __STACK_SIZE                  
00000271  __TI_decompress_lzss          
000002d9  SysTick_IntArm                
0000031d  main                          
00000359  __TI_auto_init_nobinit_nopinit
00000395  ActivatePortA_B               
000003cd  _c_int00_noargs               
000003f5  SysTick_Handler               
00000415  __TI_zero_init_nomemset       
00000429  TI_memcpy_small               
0000043b  __TI_decompress_none          
0000044d  Clock_Delay                   
0000045d  __aeabi_memcpy                
0000045d  __aeabi_memcpy4               
0000045d  __aeabi_memcpy8               
00000465  ADC0_IRQHandler               
00000465  ADC1_IRQHandler               
00000465  AES_IRQHandler                
00000465  CANFD0_IRQHandler             
00000465  DAC0_IRQHandler               
00000465  DMA_IRQHandler                
00000465  Default_Handler               
00000465  GROUP0_IRQHandler             
00000465  GROUP1_IRQHandler             
00000465  HardFault_Handler             
00000465  I2C0_IRQHandler               
00000465  I2C1_IRQHandler               
00000465  NMI_Handler                   
00000465  PendSV_Handler                
00000465  RTC_IRQHandler                
00000465  SPI0_IRQHandler               
00000465  SPI1_IRQHandler               
00000465  SVC_Handler                   
00000465  TIMA0_IRQHandler              
00000465  TIMA1_IRQHandler              
00000465  TIMG0_IRQHandler              
00000465  TIMG12_IRQHandler             
00000465  TIMG6_IRQHandler              
00000465  TIMG7_IRQHandler              
00000465  TIMG8_IRQHandler              
00000465  UART0_IRQHandler              
00000465  UART1_IRQHandler              
00000465  UART2_IRQHandler              
00000465  UART3_IRQHandler              
00000469  Reset_Handler                 
0000046d  _system_pre_init              
00000470  C$$EXIT                       
00000471  abort                         
00000478  __TI_Handler_Table_Base       
00000484  __TI_Handler_Table_Limit      
00000494  __TI_CINIT_Base               
000004a4  __TI_CINIT_Limit              
000004a4  __TI_CINIT_Warm               
20200000  Count                         
20200000  __start___llvm_prf_bits       
20200000  __start___llvm_prf_cnts       
20200000  __stop___llvm_prf_bits        
20200000  __stop___llvm_prf_cnts        
20200004  BusFreq                       
20207e00  __stack                       
20208000  __STACK_END                   
ffffffff  __TI_pprof_out_hndl           
ffffffff  __TI_prof_data_size           
ffffffff  __TI_prof_data_start          
ffffffff  __binit__                     
ffffffff  binit                         
UNDEFED   __mpu_init                    
UNDEFED   _system_post_cinit            

[72 symbols]
