******************************************************************************
            TI ARM Clang Linker PC v2.1.3                      
******************************************************************************
>> Linked Tue Feb 13 10:00:54 2024

OUTPUT FILE NAME:   <ECE319K_Lab3.out>
ENTRY POINT SYMBOL: "_c_int00_noargs"  address: 00000a99


MEMORY CONFIGURATION

         name            origin    length      used     unused   attr    fill
----------------------  --------  ---------  --------  --------  ----  --------
  FLASH                 00000000   00020000  00000c98  0001f368  R  X
  SRAM                  20200000   00008000  0000059c  00007a64  RW X
  BCR_CONFIG            41c00000   00000080  00000000  00000080  R   
  BSL_CONFIG            41c00100   00000080  00000000  00000080  R   


SEGMENT ALLOCATION MAP

run origin  load origin   length   init length attrs members
----------  ----------- ---------- ----------- ----- -------
00000000    00000000    00000c98   00000c98    r-x
  00000000    00000000    000000c0   000000c0    r-- .intvecs
  000000c0    000000c0    00000ad8   00000ad8    r-x .text
  00000b98    00000b98    000000d0   000000d0    r-- .rodata
  00000c68    00000c68    00000030   00000030    r-- .cinit
20200000    20200000    0000039c   00000000    rw-
  20200000    20200000    00000200   00000000    rw- .sysmem
  20200200    20200200    00000198   00000000    rw- .bss
  20200398    20200398    00000004   00000000    rw- .data
20207e00    20207e00    00000200   00000000    rw-
  20207e00    20207e00    00000200   00000000    rw- .stack


SECTION ALLOCATION MAP

 output                                  attributes/
section   page    origin      length       input sections
--------  ----  ----------  ----------   ----------------
.intvecs   0    00000000    000000c0     
                  00000000    000000c0     startup_mspm0g3507_ticlang.o (.intvecs)

.text      0    000000c0    00000ad8     
                  000000c0    000003bc     ECE319K_Lab3Grader.o (.text.Lab3Grader)
                  0000047c    000001b4     Clock.o (.text.Clock_Init80MHz)
                  00000630    000000e8     UARTbusywait.o (.text.UART_Init)
                  00000718    000000d0     Dump.o (.text.Debug_Period)
                  000007e8    0000007c     LaunchPad.o (.text.LaunchPad_Init)
                  00000864    00000068     libc.a : copy_decompress_lzss.c.obj (.text:decompress:lzss)
                  000008cc    00000060     Timer.o (.text.TimerG12_Init)
                  0000092c    00000054     Dump.o (.text.Debug_Dump)
                  00000980    00000040     libclang_rt.builtins.a : aeabi_uidivmod.S.obj (.text)
                  000009c0    0000003c     libc.a : autoinit.c.obj (.text:__TI_auto_init_nobinit_nopinit)
                  000009fc    00000038     LaunchPad.o (.text.ActivatePortA_B)
                  00000a34    00000036     UART.o (.text.UART_OutUDec)
                  00000a6a    00000002     libclang_rt.builtins.a : aeabi_div0.c.obj (.text.__aeabi_idiv0)
                  00000a6c    0000002c     UARTbusywait.o (.text.UART_OutChar)
                  00000a98    00000028     libc.a : boot_cortex_m.c.obj (.text:_c_int00_noargs)
                  00000ac0    00000026     UART.o (.text.UART_OutString)
                  00000ae6    00000016     libc.a : strcmp.c.obj (.text.strcmp)
                  00000afc    00000014     Dump.o (.text.Debug_Init)
                  00000b10    00000014     ECE319K_Lab3main.o (.text.main)
                  00000b24    00000014     libc.a : copy_zero_init.c.obj (.text:decompress:ZI:__TI_zero_init_nomemset)
                  00000b38    00000012            : memcpy16.S.obj (.text:TI_memcpy_small)
                  00000b4a    00000012            : copy_decompress_none.c.obj (.text:decompress:none)
                  00000b5c    00000010     Clock.o (.text.Clock_Delay)
                  00000b6c    0000000c     Clock.o (.text.Clock_Freq)
                  00000b78    00000008     libclang_rt.builtins.a : aeabi_memcpy.S.obj (.text)
                  00000b80    00000004     startup_mspm0g3507_ticlang.o (.text.Default_Handler)
                  00000b84    00000004     startup_mspm0g3507_ticlang.o (.text.HardFault_Handler)
                  00000b88    00000004     startup_mspm0g3507_ticlang.o (.text.Reset_Handler)
                  00000b8c    00000004     libc.a : pre_init.c.obj (.text._system_pre_init)
                  00000b90    00000004            : exit.c.obj (.text:abort)
                  00000b94    00000004     --HOLE-- [fill = 0]

.cinit     0    00000c68    00000030     
                  00000c68    0000000c     (__TI_handler_table)
                  00000c74    00000008     (.cinit..bss.load) [load image, compression = zero_init]
                  00000c7c    00000008     (.cinit..data.load) [load image, compression = lzss]
                  00000c84    00000010     (__TI_cinit_table)
                  00000c94    00000004     --HOLE-- [fill = 0]

.rodata    0    00000b98    000000d0     
                  00000b98    000000c7     ECE319K_Lab3Grader.o (.rodata.str1.1)
                  00000c5f    00000007     ECE319K_Lab3main.o (.rodata.Lab3EID)
                  00000c66    00000002     --HOLE-- [fill = 0]

.init_array 
*          0    00000000    00000000     UNINITIALIZED

.binit     0    00000000    00000000     

.sysmem    0    20200000    00000200     UNINITIALIZED
                  20200000    00000010     libc.a : memory.c.obj (.sysmem)
                  20200010    000001f0     --HOLE--

.bss       0    20200200    00000198     UNINITIALIZED
                  20200200    000000c8     (.common:DataBuffer)
                  202002c8    000000c8     (.common:TimeBuffer)
                  20200390    00000004     (.common:DebugCnt)
                  20200394    00000004     (.common:Score)

.data      0    20200398    00000004     UNINITIALIZED
                  20200398    00000004     Clock.o (.data.BusFreq)

.stack     0    20207e00    00000200     UNINITIALIZED
                  20207e00    00000004     libc.a : boot_cortex_m.c.obj (.stack)
                  20207e04    000001fc     --HOLE--

__llvm_prf_cnts 
*          0    20200000    00000000     UNINITIALIZED

__llvm_prf_bits 
*          0    20200000    00000000     UNINITIALIZED

MODULE SUMMARY

       Module                         code   ro data   rw data
       ------                         ----   -------   -------
    .\
       ECE319K_Lab3Grader.o           956    199       4      
       Dump.o                         312    0         404    
       Clock.o                        464    0         4      
       UARTbusywait.o                 276    0         0      
       LaunchPad.o                    180    0         0      
       Timer.o                        96     0         0      
       UART.o                         92     0         0      
       ECE319K_Lab3main.o             20     7         0      
    +--+------------------------------+------+---------+---------+
       Total:                         2396   206       412    
                                                              
    .\ticlang\
       startup_mspm0g3507_ticlang.o   12     192       0      
    +--+------------------------------+------+---------+---------+
       Total:                         12     192       0      
                                                              
    C:\ti\ccs1240\ccs\tools\compiler\ti-cgt-armllvm_2.1.3.LTS\lib\armv6m-ti-none-eabi/c/libc.a
       copy_decompress_lzss.c.obj     104    0         0      
       autoinit.c.obj                 60     0         0      
       boot_cortex_m.c.obj            40     0         0      
       strcmp.c.obj                   22     0         0      
       copy_zero_init.c.obj           20     0         0      
       copy_decompress_none.c.obj     18     0         0      
       memcpy16.S.obj                 18     0         0      
       exit.c.obj                     4      0         0      
       pre_init.c.obj                 4      0         0      
    +--+------------------------------+------+---------+---------+
       Total:                         290    0         0      
                                                              
    C:\ti\ccs1240\ccs\tools\compiler\ti-cgt-armllvm_2.1.3.LTS\lib\clang/14.0.6/lib/armv6m-ti-none-eabi/libclang_rt.builtins.a
       aeabi_uidivmod.S.obj           64     0         0      
       aeabi_memcpy.S.obj             8      0         0      
       aeabi_div0.c.obj               2      0         0      
    +--+------------------------------+------+---------+---------+
       Total:                         74     0         0      
                                                              
       Heap:                          0      0         512    
       Stack:                         0      0         512    
       Linker Generated:              0      44        0      
    +--+------------------------------+------+---------+---------+
       Grand Total:                   2772   442       1436   


LINKER GENERATED COPY TABLES

__TI_cinit_table @ 00000c84 records: 2, size/record: 8, table size: 16
	.bss: load addr=00000c74, load size=00000008 bytes, run addr=20200200, run size=00000198 bytes, compression=zero_init
	.data: load addr=00000c7c, load size=00000008 bytes, run addr=20200398, run size=00000004 bytes, compression=lzss


LINKER GENERATED HANDLER TABLE

__TI_handler_table @ 00000c68 records: 3, size/record: 4, table size: 12
	index: 0, handler: __TI_decompress_lzss
	index: 1, handler: __TI_decompress_none
	index: 2, handler: __TI_zero_init


GLOBAL SYMBOLS: SORTED ALPHABETICALLY BY Name 

address   name                          
-------   ----                          
00000b81  ADC0_IRQHandler               
00000b81  ADC1_IRQHandler               
00000b81  AES_IRQHandler                
000009fd  ActivatePortA_B               
20200398  BusFreq                       
00000b90  C$$EXIT                       
00000b81  CANFD0_IRQHandler             
00000b5d  Clock_Delay                   
00000b6d  Clock_Freq                    
0000047d  Clock_Init80MHz               
00000b81  DAC0_IRQHandler               
00000b81  DMA_IRQHandler                
20200200  DataBuffer                    
20200390  DebugCnt                      
0000092d  Debug_Dump                    
00000afd  Debug_Init                    
00000719  Debug_Period                  
00000b81  Default_Handler               
00000b81  GROUP0_IRQHandler             
00000b81  GROUP1_IRQHandler             
00000b85  HardFault_Handler             
00000b81  I2C0_IRQHandler               
00000b81  I2C1_IRQHandler               
00000c5f  Lab3EID                       
000000c1  Lab3Grader                    
000007e9  LaunchPad_Init                
00000b81  NMI_Handler                   
00000b81  PendSV_Handler                
00000b81  RTC_IRQHandler                
00000b89  Reset_Handler                 
00000b81  SPI0_IRQHandler               
00000b81  SPI1_IRQHandler               
00000b81  SVC_Handler                   
20200394  Score                         
00000b81  SysTick_Handler               
00000b81  TIMA0_IRQHandler              
00000b81  TIMA1_IRQHandler              
00000b81  TIMG0_IRQHandler              
00000b81  TIMG12_IRQHandler             
00000b81  TIMG6_IRQHandler              
00000b81  TIMG7_IRQHandler              
00000b81  TIMG8_IRQHandler              
00000b39  TI_memcpy_small               
202002c8  TimeBuffer                    
000008cd  TimerG12_Init                 
00000b81  UART0_IRQHandler              
00000b81  UART1_IRQHandler              
00000b81  UART2_IRQHandler              
00000b81  UART3_IRQHandler              
00000631  UART_Init                     
00000a6d  UART_OutChar                  
00000ac1  UART_OutString                
00000a35  UART_OutUDec                  
20208000  __STACK_END                   
00000200  __STACK_SIZE                  
00000200  __SYSMEM_SIZE                 
00000c84  __TI_CINIT_Base               
00000c94  __TI_CINIT_Limit              
00000c94  __TI_CINIT_Warm               
00000c68  __TI_Handler_Table_Base       
00000c74  __TI_Handler_Table_Limit      
000009c1  __TI_auto_init_nobinit_nopinit
00000865  __TI_decompress_lzss          
00000b4b  __TI_decompress_none          
ffffffff  __TI_pprof_out_hndl           
ffffffff  __TI_prof_data_size           
ffffffff  __TI_prof_data_start          
00000000  __TI_static_base__            
00000b25  __TI_zero_init_nomemset       
00000a6b  __aeabi_idiv0                 
00000b79  __aeabi_memcpy                
00000b79  __aeabi_memcpy4               
00000b79  __aeabi_memcpy8               
00000981  __aeabi_uidiv                 
00000981  __aeabi_uidivmod              
ffffffff  __binit__                     
UNDEFED   __mpu_init                    
20207e00  __stack                       
20200000  __start___llvm_prf_bits       
20200000  __start___llvm_prf_cnts       
20200000  __stop___llvm_prf_bits        
20200000  __stop___llvm_prf_cnts        
00000a99  _c_int00_noargs               
20200000  _sys_memory                   
UNDEFED   _system_post_cinit            
00000b8d  _system_pre_init              
00000b91  abort                         
ffffffff  binit                         
00000000  interruptVectors              
00000b11  main                          
00000ae7  strcmp                        


GLOBAL SYMBOLS: SORTED BY Symbol Address 

address   name                          
-------   ----                          
00000000  __TI_static_base__            
00000000  interruptVectors              
000000c1  Lab3Grader                    
00000200  __STACK_SIZE                  
00000200  __SYSMEM_SIZE                 
0000047d  Clock_Init80MHz               
00000631  UART_Init                     
00000719  Debug_Period                  
000007e9  LaunchPad_Init                
00000865  __TI_decompress_lzss          
000008cd  TimerG12_Init                 
0000092d  Debug_Dump                    
00000981  __aeabi_uidiv                 
00000981  __aeabi_uidivmod              
000009c1  __TI_auto_init_nobinit_nopinit
000009fd  ActivatePortA_B               
00000a35  UART_OutUDec                  
00000a6b  __aeabi_idiv0                 
00000a6d  UART_OutChar                  
00000a99  _c_int00_noargs               
00000ac1  UART_OutString                
00000ae7  strcmp                        
00000afd  Debug_Init                    
00000b11  main                          
00000b25  __TI_zero_init_nomemset       
00000b39  TI_memcpy_small               
00000b4b  __TI_decompress_none          
00000b5d  Clock_Delay                   
00000b6d  Clock_Freq                    
00000b79  __aeabi_memcpy                
00000b79  __aeabi_memcpy4               
00000b79  __aeabi_memcpy8               
00000b81  ADC0_IRQHandler               
00000b81  ADC1_IRQHandler               
00000b81  AES_IRQHandler                
00000b81  CANFD0_IRQHandler             
00000b81  DAC0_IRQHandler               
00000b81  DMA_IRQHandler                
00000b81  Default_Handler               
00000b81  GROUP0_IRQHandler             
00000b81  GROUP1_IRQHandler             
00000b81  I2C0_IRQHandler               
00000b81  I2C1_IRQHandler               
00000b81  NMI_Handler                   
00000b81  PendSV_Handler                
00000b81  RTC_IRQHandler                
00000b81  SPI0_IRQHandler               
00000b81  SPI1_IRQHandler               
00000b81  SVC_Handler                   
00000b81  SysTick_Handler               
00000b81  TIMA0_IRQHandler              
00000b81  TIMA1_IRQHandler              
00000b81  TIMG0_IRQHandler              
00000b81  TIMG12_IRQHandler             
00000b81  TIMG6_IRQHandler              
00000b81  TIMG7_IRQHandler              
00000b81  TIMG8_IRQHandler              
00000b81  UART0_IRQHandler              
00000b81  UART1_IRQHandler              
00000b81  UART2_IRQHandler              
00000b81  UART3_IRQHandler              
00000b85  HardFault_Handler             
00000b89  Reset_Handler                 
00000b8d  _system_pre_init              
00000b90  C$$EXIT                       
00000b91  abort                         
00000c5f  Lab3EID                       
00000c68  __TI_Handler_Table_Base       
00000c74  __TI_Handler_Table_Limit      
00000c84  __TI_CINIT_Base               
00000c94  __TI_CINIT_Limit              
00000c94  __TI_CINIT_Warm               
20200000  __start___llvm_prf_bits       
20200000  __start___llvm_prf_cnts       
20200000  __stop___llvm_prf_bits        
20200000  __stop___llvm_prf_cnts        
20200000  _sys_memory                   
20200200  DataBuffer                    
202002c8  TimeBuffer                    
20200390  DebugCnt                      
20200394  Score                         
20200398  BusFreq                       
20207e00  __stack                       
20208000  __STACK_END                   
ffffffff  __TI_pprof_out_hndl           
ffffffff  __TI_prof_data_size           
ffffffff  __TI_prof_data_start          
ffffffff  __binit__                     
ffffffff  binit                         
UNDEFED   __mpu_init                    
UNDEFED   _system_post_cinit            

[91 symbols]
