******************************************************************************
            TI ARM Clang Linker PC v2.1.3                      
******************************************************************************
>> Linked Tue Jan 16 13:29:19 2024

OUTPUT FILE NAME:   <ECE319K_Lab7H.out>
ENTRY POINT SYMBOL: "_c_int00_noargs"  address: 00003b0d


MEMORY CONFIGURATION

         name            origin    length      used     unused   attr    fill
----------------------  --------  ---------  --------  --------  ----  --------
  FLASH                 00000000   00020000  000045a0  0001ba60  R  X
  SRAM                  20200000   00008000  000008fc  00007704  RW X
  BCR_CONFIG            41c00000   00000080  00000000  00000080  R   
  BSL_CONFIG            41c00100   00000080  00000000  00000080  R   


SEGMENT ALLOCATION MAP

run origin  load origin   length   init length attrs members
----------  ----------- ---------- ----------- ----- -------
00000000    00000000    000045a0   000045a0    r-x
  00000000    00000000    000000c0   000000c0    r-- .intvecs
  000000c0    000000c0    00003d58   00003d58    r-x .text
  00003e18    00003e18    00000008   00000008    r-- .init_array
  00003e20    00003e20    000006f0   000006f0    r-- .rodata
  00004510    00004510    00000090   00000090    r-- .cinit
20200000    20200000    000006fd   00000000    rw-
  20200000    20200000    000002f7   00000000    rw- .bss
  202002f8    202002f8    00000200   00000000    rw- .sysmem
  202004f8    202004f8    00000205   00000000    rw- .data
20207e00    20207e00    00000200   00000000    rw-
  20207e00    20207e00    00000200   00000000    rw- .stack


SECTION ALLOCATION MAP

 output                                  attributes/
section   page    origin      length       input sections
--------  ----  ----------  ----------   ----------------
.intvecs   0    00000000    000000c0     
                  00000000    000000c0     startup_mspm0g3507_ticlang.o (.intvecs)

.binit     0    00000000    00000000     

.text      0    000000c0    00003d58     
                  000000c0    00000a18     libc.a : _printfi.c.obj (.text:__TI_printfi)
                  00000ad8    00000210            : _printfi.c.obj (.text._pconv_a)
                  00000ce8    000001f0     Lab7HMain.o (.text.main)
                  00000ed8    000001d8     libc.a : _printfi.c.obj (.text._pconv_g)
                  000010b0    000001b4     Clock.o (.text._Z15Clock_Init80MHzi)
                  00001264    000001a0     ST7735.o (.text._Z16ST7735_DrawCharSsscssh)
                  00001404    00000192     libclang_rt.builtins.a : adddf3.S.obj (.text)
                  00001596    00000002                            : aeabi_div0.c.obj (.text.__aeabi_idiv0)
                  00001598    0000013c     libc.a : fopen.c.obj (.text._openfile)
                  000016d4    0000013c            : memory.c.obj (.text.aligned_alloc)
                  00001810    00000138            : _printfi.c.obj (.text.fcvt)
                  00001948    0000011c            : _printfi.c.obj (.text._pconv_e)
                  00001a64    00000118     ST7735.o (.text._Z15ST7735_FillRectsssst)
                  00001b7c    0000010c     libclang_rt.builtins.a : divdf3.S.obj (.text)
                  00001c88    00000100     libc.a : memory.c.obj (.text.free)
                  00001d88    000000f8     SPI.o (.text._Z8SPI_Initv)
                  00001e80    000000f8     libc.a : fputs.c.obj (.text.fputs)
                  00001f78    000000e8     libsysbm.a : add_device.c.obj (.text.add_device)
                  00002060    000000e4     libclang_rt.builtins.a : muldf3.S.obj (.text)
                  00002144    000000e0     libc.a : setvbuf.c.obj (.text.setvbuf)
                  00002224    000000d8            : s_scalbn.c.obj (.text.scalbn)
                  000022fc    000000d0     ST7735.o (.text._Z14ST7735_OutCharc)
                  000023cc    000000b0     ST7735.o (.text._Z20ST7735_DrawFastVLinessst)
                  0000247c    000000a8     libsysbm.a : open.c.obj (.text.open)
                  00002524    000000a2     ST7735.o (.text._ZL11commandListPKh)
                  000025c6    00000002     libclang_rt.builtins.a : aeabi_div0.c.obj (.text.__aeabi_ldiv0)
                  000025c8    000000a2                            : udivmoddi4.S.obj (.text)
                  0000266a    00000002     libc.a : _lock.c.obj (.text._nop)
                  0000266c    0000009c     ST7735.o (.text._Z17ST7735_InitPrintfv)
                  00002708    00000098     ST7735.o (.text._Z12ST7735_InitR10initRFlags)
                  000027a0    00000090     libc.a : fputc.c.obj (.text.fputc)
                  00002830    00000088     ST7735.o (.text._ZL13setAddrWindowhhhh)
                  000028b8    00000084     ST7735.o (.text._Z17ST7735_DrawStringttPcs)
                  0000293c    00000084     libc.a : fopen.c.obj (.text.fopen)
                  000029c0    0000007c     LaunchPad.o (.text._Z14LaunchPad_Initv)
                  00002a3c    0000007c     libc.a : fclose.c.obj (.text.__TI_closefile)
                  00002ab8    00000074     ST7735.o (.text._Z16ST7735_PlotClearii)
                  00002b2c    00000070     ST7735.o (.text._Z14ST7735_PlotBari)
                  00002b9c    00000070     ST7735.o (.text._Z16ST7735_DrawPixelsst)
                  00002c0c    00000070     libclang_rt.builtins.a : comparedf2.c.obj (.text.__gedf2)
                  00002c7c    00000070                            : comparedf2.c.obj (.text.__ledf2)
                  00002cec    0000006c     libc.a : fseek.c.obj (.text.fseeko)
                  00002d58    0000006c            : getdevice.c.obj (.text.getdevice)
                  00002dc4    00000068     libsysbm.a : hostlseek.c.obj (.text.HOSTlseek)
                  00002e2c    00000068                : hostrename.c.obj (.text.HOSTrename)
                  00002e94    00000068     libc.a : copy_decompress_lzss.c.obj (.text:decompress:lzss)
                  00002efc    00000066            : _printfi.c.obj (.text._mcpy)
                  00002f62    00000064            : _io_perm.c.obj (.text.__TI_wrt_ok)
                  00002fc6    00000002     --HOLE-- [fill = 0]
                  00002fc8    00000064            : memory.c.obj (.text.split)
                  0000302c    00000062     libclang_rt.builtins.a : aeabi_dcmp.S.obj (.text)
                  0000308e    00000002     --HOLE-- [fill = 0]
                  00003090    0000005c     libsysbm.a : hostopen.c.obj (.text.HOSTopen)
                  000030ec    0000005c     libc.a : s_frexp.c.obj (.text.frexp)
                  00003148    0000005c            : printf.c.obj (.text.printf)
                  000031a4    00000058     libsysbm.a : hostread.c.obj (.text.HOSTread)
                  000031fc    00000058                : hostwrite.c.obj (.text.HOSTwrite)
                  00003254    00000058     libc.a : _ltoa.c.obj (.text.__TI_ltoa)
                  000032ac    00000058            : _printfi.c.obj (.text._pconv_f)
                  00003304    00000056     libclang_rt.builtins.a : aeabi_idivmod.S.obj (.text)
                  0000335a    00000002     --HOLE-- [fill = 0]
                  0000335c    00000054     libc.a : autoinit.c.obj (.text:__TI_auto_init_nobinit)
                  000033b0    00000050            : fflush.c.obj (.text.__TI_doflush)
                  00003400    00000050            : _printfi.c.obj (.text._ecpy)
                  00003450    00000050     libsysbm.a : close.c.obj (.text.close)
                  000034a0    0000004a     libclang_rt.builtins.a : fixdfsi.S.obj (.text)
                  000034ea    00000002     --HOLE-- [fill = 0]
                  000034ec    00000048     libsysbm.a : hostclose.c.obj (.text.HOSTclose)
                  00003534    00000048                : hostunlink.c.obj (.text.HOSTunlink)
                  0000357c    00000048     SPI.o (.text._Z14SPI_OutCommandc)
                  000035c4    00000044     libc.a : atoi.c.obj (.text.atoi)
                  00003608    00000040     TExaS.o (.text.TIMG7_IRQHandler)
                  00003648    00000040     SPI.o (.text._Z9SPI_Resetv)
                  00003688    00000040     libclang_rt.builtins.a : aeabi_uidivmod.S.obj (.text)
                  000036c8    0000003a                            : muldsi3.S.obj (.text)
                  00003702    00000002     --HOLE-- [fill = 0]
                  00003704    00000038     SPI.o (.text._Z11SPI_OutDatac)
                  0000373c    00000038     LaunchPad.o (.text._Z15ActivatePortA_Bv)
                  00003774    00000038     libc.a : getdevice.c.obj (.text.finddevice)
                  000037ac    00000034     ST7735.o (.text._Z12ST7735_writeiPKcj)
                  000037e0    00000034     Clock.o (.text._Z14Clock_Delay1msj)
                  00003814    00000034     ST7735.o (.text._Z16ST7735_SetCursorjj)
                  00003848    00000034     libc.a : fopen.c.obj (.text.__TI_cleanup)
                  0000387c    00000034     libsysbm.a : trgmsg.c.obj (.text.__TI_readmsg)
                  000038b0    00000034                : trgmsg.c.obj (.text.__TI_writemsg)
                  000038e4    00000034     libc.a : exit.c.obj (.text.exit)
                  00003918    00000034            : fopen.c.obj (.text.freopen)
                  0000394c    00000032     ST7735.o (.text._Z15ST7735_Color565hhh)
                  0000397e    00000002     --HOLE-- [fill = 0]
                  00003980    00000030     Lab7HMain.o (.text.TIMG12_IRQHandler)
                  000039b0    00000030     ST7735.o (.text._ZL10commonInitPKh)
                  000039e0    00000030     libc.a : _printfi.c.obj (.text._fcpy)
                  00003a10    0000002c     ST7735.o (.text._Z17ST7735_FillScreent)
                  00003a3c    0000002c     libsysbm.a : unlink.c.obj (.text.unlink)
                  00003a68    0000002c     libclang_rt.builtins.a : floatsidf.S.obj (.text)
                  00003a94    00000028     libc.a : memory.c.obj (.text.free_list_insert)
                  00003abc    00000028     libsysbm.a : lseek.c.obj (.text.lseek)
                  00003ae4    00000028                : write.c.obj (.text.write)
                  00003b0c    00000028     libc.a : boot_cortex_m.c.obj (.text:_c_int00_noargs)
                  00003b34    00000024     ST7735.o (.text._Z15ST7735_PlotNextv)
                  00003b58    00000024     libc.a : memccpy.c.obj (.text.memccpy)
                  00003b7c    00000024     libclang_rt.builtins.a : muldi3.S.obj (.text)
                  00003ba0    0000001e     ST7735.o (.text._ZL9pushColort)
                  00003bbe    00000002     --HOLE-- [fill = 0]
                  00003bc0    0000001e     libclang_rt.builtins.a : ashldi3.S.obj (.text)
                  00003bde    00000002     --HOLE-- [fill = 0]
                  00003be0    0000001c     LaunchPad.o (.text._Z14LaunchPad_InS2v)
                  00003bfc    0000001c     libc.a : memory.c.obj (.text.free_list_remove)
                  00003c18    0000001c     libclang_rt.builtins.a : aeabi_memset.S.obj (.text)
                  00003c34    00000018     Lab7HMain.o (.text.__cxx_global_var_init)
                  00003c4c    00000016     ST7735.o (.text._Z11ST7735_openPKcji)
                  00003c62    00000016     ST7735.o (.text._Z11ST7735_readiPcj)
                  00003c78    00000014     libc.a : _printfi.c.obj (.text.strchr)
                  00003c8c    00000014            : copy_zero_init.c.obj (.text:decompress:ZI:__TI_zero_init_nomemset)
                  00003ca0    00000014     libclang_rt.builtins.a : aeabi_uldivmod.S.obj (.text)
                  00003cb4    00000012     libc.a : memcpy16.S.obj (.text:TI_memcpy_small)
                  00003cc6    00000012            : copy_decompress_none.c.obj (.text:decompress:none)
                  00003cd8    00000010     Clock.o (.text._Z11Clock_Delayj)
                  00003ce8    00000010     libc.a : wcslen.c.obj (.text.wcslen)
                  00003cf8    0000000e     ST7735.o (.text._Z12ST7735_lseekili)
                  00003d06    0000000e     SlidePot.o (.text._ZN8SlidePotC2Ejj)
                  00003d14    0000000e     libsysbm.a : hostrename.c.obj (.text.strcpy)
                  00003d22    0000000e     libc.a : _printfi.c.obj (.text.strlen)
                  00003d30    0000000e     libsysbm.a : hostrename.c.obj (.text.strlen)
                  00003d3e    0000000e     libc.a : memset16.S.obj (.text:TI_memset_small)
                  00003d4c    0000000c     Clock.o (.text._Z10Clock_Freqv)
                  00003d58    0000000c     ST7735.o (.text._Z13ST7735_renamePKcS0_)
                  00003d64    0000000c     libc.a : memory.c.obj (.text.malloc)
                  00003d70    0000000a            : _printfi.c.obj (.text.OUTLINED_FUNCTION_0)
                  00003d7a    00000002     --HOLE-- [fill = 0]
                  00003d7c    00000010     libclang_rt.builtins.a : adddf3.S.obj (.tramp.__aeabi_dsub.1)
                  00003d8c    0000000a     libc.a : _printfi.c.obj (.text.OUTLINED_FUNCTION_1)
                  00003d96    0000000a     ST7735.o (.text._Z12ST7735_closei)
                  00003da0    0000000a     ST7735.o (.text._Z13ST7735_unlinkPKc)
                  00003daa    0000000a     Lab7HMain.o (.text._Z8PLL_Initv)
                  00003db4    0000000a     SlidePot.o (.text._ZN8SlidePot2InEv)
                  00003dbe    00000008     Lab7HMain.o (.text._GLOBAL__sub_I_Lab7HMain.cpp)
                  00003dc6    00000008     SlidePot.o (.text._ZN8SlidePot4InitEv)
                  00003dce    00000002     --HOLE-- [fill = 0]
                  00003dd0    00000008     libc.a : aeabi_portable.c.obj (.text.__aeabi_errno_addr)
                  00003dd8    00000008            : printf.c.obj (.text._outc)
                  00003de0    00000008            : printf.c.obj (.text._outs)
                  00003de8    00000008            : fseek.c.obj (.text.fseek)
                  00003df0    00000008     libsysbm.a : remove.c.obj (.text.remove)
                  00003df8    00000008     libclang_rt.builtins.a : aeabi_memcpy.S.obj (.text)
                  00003e00    00000004     startup_mspm0g3507_ticlang.o (.text.Default_Handler)
                  00003e04    00000004     startup_mspm0g3507_ticlang.o (.text.HardFault_Handler)
                  00003e08    00000004     startup_mspm0g3507_ticlang.o (.text.Reset_Handler)
                  00003e0c    00000004     libc.a : pre_init.c.obj (.text._system_pre_init)
                  00003e10    00000004            : exit.c.obj (.text:abort)
                  00003e14    00000004     --HOLE-- [fill = 0]

.cinit     0    00004510    00000090     
                  00004510    00000065     (.cinit..data.load) [load image, compression = lzss]
                  00004575    00000003     --HOLE-- [fill = 0]
                  00004578    0000000c     (__TI_handler_table)
                  00004584    00000008     (.cinit..bss.load) [load image, compression = zero_init]
                  0000458c    00000010     (__TI_cinit_table)
                  0000459c    00000004     --HOLE-- [fill = 0]

.rodata    0    00003e20    000006f0     
                  00003e20    000004fb     ST7735.o (.rodata._ZL4Font)
                  0000431b    00000005     --HOLE-- [fill = 0]
                  00004320    00000101     libc.a : aeabi_ctype.S.obj (.rodata)
                  00004421    0000003b     ST7735.o (.rodata._ZL5Rcmd1)
                  0000445c    0000002e     ST7735.o (.rodata.str1.1)
                  0000448a    0000002b     ST7735.o (.rodata._ZL5Rcmd3)
                  000044b5    00000022     libc.a : _printfi.c.obj (.rodata.str1.1)
                  000044d7    0000001e     Lab7HMain.o (.rodata.str1.1)
                  000044f5    0000000d     ST7735.o (.rodata._ZL10Rcmd2green)
                  00004502    0000000d     ST7735.o (.rodata._ZL8Rcmd2red)
                  0000450f    00000001     --HOLE-- [fill = 0]

.init_array 
*          0    00003e18    00000008     
                  00003e18    00000004     Lab7HMain.o (.init_array)
                  00003e1c    00000004     --HOLE-- [fill = 0]

.bss       0    20200000    000002f7     UNINITIALIZED
                  20200000    00000120     libsysbm.a : trgmsg.c.obj (.bss:_CIOBUF_)
                  20200120    00000100     Lab7HMain.o (.bss.Histogram)
                  20200220    000000a0     (.common:__TI_tmpnams)
                  202002c0    00000008     (.common:parmbuf)
                  202002c8    00000004     Lab7HMain.o (.bss.Center)
                  202002cc    00000004     Lab7HMain.o (.bss.Data)
                  202002d0    00000004     Lab7HMain.o (.bss.SAC)
                  202002d4    00000004     TExaS.o (.bss.TExaSLogic)
                  202002d8    00000004     TExaS.o (.bss.TExaSadc)
                  202002dc    00000004     Lab7HMain.o (.bss.Time)
                  202002e0    00000004     ST7735.o (.bss.X)
                  202002e4    00000004     ST7735.o (.bss.Ymax)
                  202002e8    00000004     ST7735.o (.bss.Ymin)
                  202002ec    00000004     ST7735.o (.bss.Yrange)
                  202002f0    00000004     libc.a : memory.c.obj (.bss.sys_free)
                  202002f4    00000001     ST7735.o (.bss._ZL8ColStart)
                  202002f5    00000001     ST7735.o (.bss._ZL8RowStart)
                  202002f6    00000001     ST7735.o (.bss._ZL8TabColor)

.sysmem    0    202002f8    00000200     UNINITIALIZED
                  202002f8    00000010     libc.a : memory.c.obj (.sysmem)
                  20200308    000001f0     --HOLE--

.data      0    202004f8    00000205     UNINITIALIZED
                  202004f8    000000f0     libc.a : defs.c.obj (.data._ftable)
                  202005e8    00000078     libsysbm.a : host_device.c.obj (.data._device)
                  20200660    00000050                : host_device.c.obj (.data._stream)
                  202006b0    00000014     Lab7HMain.o (.data.Sensor)
                  202006c4    00000008     libc.a : exit.c.obj (.data..L_MergedGlobals)
                  202006cc    00000004     Clock.o (.data.BusFreq)
                  202006d0    00000004     ST7735.o (.data.StX)
                  202006d4    00000004     ST7735.o (.data.StY)
                  202006d8    00000004     libc.a : defs.c.obj (.data.__TI_ft_end)
                  202006dc    00000004            : aeabi_portable.c.obj (.data.__aeabi_errno)
                  202006e0    00000004            : _lock.c.obj (.data._lock)
                  202006e4    00000004            : _lock.c.obj (.data._unlock)
                  202006e8    00000002     ST7735.o (.data.StTextColor)
                  202006ea    00000002     ST7735.o (.data._ZL6_width)
                  202006ec    00000002     ST7735.o (.data._ZL7_height)
                  202006ee    00000002     --HOLE--
                  202006f0    00000001     libc.a : fopen.c.obj (.data._search_fp.init)
                  202006f1    00000003     --HOLE--
                  202006f4    00000001     libsysbm.a : add_device.c.obj (.data.add_device.device_init)
                  202006f5    00000003     --HOLE--
                  202006f8    00000001     libc.a : memory.c.obj (.data.memory_is_initialized)
                  202006f9    00000003     --HOLE--
                  202006fc    00000001     libsysbm.a : open.c.obj (.data.open.stream_init)

.stack     0    20207e00    00000200     UNINITIALIZED
                  20207e00    00000004     libc.a : boot_cortex_m.c.obj (.stack)
                  20207e04    000001fc     --HOLE--

__llvm_prf_cnts 
*          0    20200000    00000000     UNINITIALIZED

__llvm_prf_bits 
*          0    20200000    00000000     UNINITIALIZED

MODULE SUMMARY

       Module                         code    ro data   rw data
       ------                         ----    -------   -------
    .\
       ST7735.o                       2560    1449      33     
       Lab7HMain.o                    586     34        292    
       Clock.o                        516     0         4      
       SPI.o                          440     0         0      
       LaunchPad.o                    208     0         0      
       TExaS.o                        64      0         8      
       SlidePot.o                     32      0         0      
    +--+------------------------------+-------+---------+---------+
       Total:                         4406    1483      337    
                                                               
    .\ticlang\
       startup_mspm0g3507_ticlang.o   12      192       0      
    +--+------------------------------+-------+---------+---------+
       Total:                         12      192       0      
                                                               
    C:\ti\ccs1240\ccs\tools\compiler\ti-cgt-armllvm_2.1.3.LTS\lib\armv6m-ti-none-eabi/c/libc.a
       _printfi.c.obj                 4552    34        0      
       memory.c.obj                   752     0         5      
       fopen.c.obj                    552     0         1      
       defs.c.obj                     0       0         404    
       aeabi_ctype.S.obj              0       257       0      
       fputs.c.obj                    248     0         0      
       setvbuf.c.obj                  224     0         0      
       s_scalbn.c.obj                 216     0         0      
       getdevice.c.obj                164     0         0      
       fputc.c.obj                    144     0         0      
       fclose.c.obj                   124     0         0      
       fseek.c.obj                    116     0         0      
       printf.c.obj                   108     0         0      
       copy_decompress_lzss.c.obj     104     0         0      
       _io_perm.c.obj                 100     0         0      
       s_frexp.c.obj                  92      0         0      
       _ltoa.c.obj                    88      0         0      
       autoinit.c.obj                 84      0         0      
       fflush.c.obj                   80      0         0      
       atoi.c.obj                     68      0         0      
       exit.c.obj                     56      0         8      
       boot_cortex_m.c.obj            40      0         0      
       memccpy.c.obj                  36      0         0      
       copy_zero_init.c.obj           20      0         0      
       copy_decompress_none.c.obj     18      0         0      
       memcpy16.S.obj                 18      0         0      
       wcslen.c.obj                   16      0         0      
       memset16.S.obj                 14      0         0      
       aeabi_portable.c.obj           8       0         4      
       _lock.c.obj                    2       0         8      
       pre_init.c.obj                 4       0         0      
    +--+------------------------------+-------+---------+---------+
       Total:                         8048    291       430    
                                                               
    C:\ti\ccs1240\ccs\tools\compiler\ti-cgt-armllvm_2.1.3.LTS\lib\armv6m-ti-none-eabi/c/libsysbm.a
       trgmsg.c.obj                   104     0         288    
       add_device.c.obj               232     0         1      
       host_device.c.obj              0       0         200    
       open.c.obj                     168     0         1      
       hostrename.c.obj               132     0         0      
       hostlseek.c.obj                104     0         0      
       hostopen.c.obj                 92      0         8      
       hostread.c.obj                 88      0         0      
       hostwrite.c.obj                88      0         0      
       close.c.obj                    80      0         0      
       hostclose.c.obj                72      0         0      
       hostunlink.c.obj               72      0         0      
       unlink.c.obj                   44      0         0      
       lseek.c.obj                    40      0         0      
       write.c.obj                    40      0         0      
       remove.c.obj                   8       0         0      
    +--+------------------------------+-------+---------+---------+
       Total:                         1364    0         498    
                                                               
    C:\ti\ccs1240\ccs\tools\compiler\ti-cgt-armllvm_2.1.3.LTS\lib\clang/14.0.6/lib/armv6m-ti-none-eabi/libclang_rt.builtins.a
       adddf3.S.obj                   418     0         0      
       divdf3.S.obj                   268     0         0      
       muldf3.S.obj                   228     0         0      
       comparedf2.c.obj               224     0         0      
       udivmoddi4.S.obj               162     0         0      
       aeabi_dcmp.S.obj               98      0         0      
       aeabi_idivmod.S.obj            86      0         0      
       fixdfsi.S.obj                  74      0         0      
       aeabi_uidivmod.S.obj           64      0         0      
       muldsi3.S.obj                  58      0         0      
       floatsidf.S.obj                44      0         0      
       muldi3.S.obj                   36      0         0      
       ashldi3.S.obj                  30      0         0      
       aeabi_memset.S.obj             28      0         0      
       aeabi_uldivmod.S.obj           20      0         0      
       aeabi_memcpy.S.obj             8       0         0      
       aeabi_div0.c.obj               4       0         0      
    +--+------------------------------+-------+---------+---------+
       Total:                         1850    0         0      
                                                               
       Heap:                          0       0         512    
       Stack:                         0       0         512    
       Linker Generated:              0       137       0      
    +--+------------------------------+-------+---------+---------+
       Grand Total:                   15680   2103      2289   


LINKER GENERATED COPY TABLES

__TI_cinit_table @ 0000458c records: 2, size/record: 8, table size: 16
	.data: load addr=00004510, load size=00000065 bytes, run addr=202004f8, run size=00000205 bytes, compression=lzss
	.bss: load addr=00004584, load size=00000008 bytes, run addr=20200000, run size=000002f7 bytes, compression=zero_init


LINKER GENERATED HANDLER TABLE

__TI_handler_table @ 00004578 records: 3, size/record: 4, table size: 12
	index: 0, handler: __TI_decompress_lzss
	index: 1, handler: __TI_decompress_none
	index: 2, handler: __TI_zero_init


FAR CALL TRAMPOLINES

callee name               trampoline name
   callee addr  tramp addr   call addr  call info
--------------  -----------  ---------  ----------------
__aeabi_dsub              $Tramp$TT$L$PI$$__aeabi_dsub
   00001405     00003d7c     00003d78   libc.a : _printfi.c.obj (.text.OUTLINED_FUNCTION_0)

[1 trampolines]
[1 trampoline calls]


GLOBAL SYMBOLS: SORTED ALPHABETICALLY BY Name 

address   name                        
-------   ----                        
00003e01  ADC0_IRQHandler             
00003e01  ADC1_IRQHandler             
00003e01  AES_IRQHandler              
202006cc  BusFreq                     
00003e10  C$$EXIT                     
000038db  C$$IO$$                     
00003e01  CANFD0_IRQHandler           
202002c8  Center                      
00003e01  DAC0_IRQHandler             
00003e01  DMA_IRQHandler              
202002cc  Data                        
00003e01  Default_Handler             
00003e01  GROUP0_IRQHandler           
00003e01  GROUP1_IRQHandler           
000034ed  HOSTclose                   
00002dc5  HOSTlseek                   
00003091  HOSTopen                    
000031a5  HOSTread                    
00002e2d  HOSTrename                  
00003535  HOSTunlink                  
000031fd  HOSTwrite                   
00003e05  HardFault_Handler           
20200120  Histogram                   
00003e01  I2C0_IRQHandler             
00003e01  I2C1_IRQHandler             
00003e01  NMI_Handler                 
00003e01  PendSV_Handler              
00003e01  RTC_IRQHandler              
00003e09  Reset_Handler               
202002d0  SAC                         
00003e18  SHT$$INIT_ARRAY$$Base       
00003e1c  SHT$$INIT_ARRAY$$Limit      
00003e01  SPI0_IRQHandler             
00003e01  SPI1_IRQHandler             
00003e01  SVC_Handler                 
202006b0  Sensor                      
202006e8  StTextColor                 
202006d0  StX                         
202006d4  StY                         
00003e01  SysTick_Handler             
202002d4  TExaSLogic                  
202002d8  TExaSadc                    
00003e01  TIMA0_IRQHandler            
00003e01  TIMA1_IRQHandler            
00003e01  TIMG0_IRQHandler            
00003981  TIMG12_IRQHandler           
00003e01  TIMG6_IRQHandler            
00003609  TIMG7_IRQHandler            
00003e01  TIMG8_IRQHandler            
00003cb5  TI_memcpy_small             
00003d3f  TI_memset_small             
202002dc  Time                        
00003e01  UART0_IRQHandler            
00003e01  UART1_IRQHandler            
00003e01  UART2_IRQHandler            
00003e01  UART3_IRQHandler            
202002e0  X                           
202002e4  Ymax                        
202002e8  Ymin                        
202002ec  Yrange                      
20200000  _CIOBUF_                    
00003d4d  _Z10Clock_Freqv             
00003cd9  _Z11Clock_Delayj            
00003705  _Z11SPI_OutDatac            
00003c4d  _Z11ST7735_openPKcji        
00003c63  _Z11ST7735_readiPcj         
00002709  _Z12ST7735_InitR10initRFlags
00003d97  _Z12ST7735_closei           
00003cf9  _Z12ST7735_lseekili         
000037ad  _Z12ST7735_writeiPKcj       
00003d59  _Z13ST7735_renamePKcS0_     
00003da1  _Z13ST7735_unlinkPKc        
000037e1  _Z14Clock_Delay1msj         
00003be1  _Z14LaunchPad_InS2v         
000029c1  _Z14LaunchPad_Initv         
0000357d  _Z14SPI_OutCommandc         
000022fd  _Z14ST7735_OutCharc         
00002b2d  _Z14ST7735_PlotBari         
0000373d  _Z15ActivatePortA_Bv        
000010b1  _Z15Clock_Init80MHzi        
0000394d  _Z15ST7735_Color565hhh      
00001a65  _Z15ST7735_FillRectsssst    
00003b35  _Z15ST7735_PlotNextv        
00001265  _Z16ST7735_DrawCharSsscssh  
00002b9d  _Z16ST7735_DrawPixelsst     
00002ab9  _Z16ST7735_PlotClearii      
00003815  _Z16ST7735_SetCursorjj      
000028b9  _Z17ST7735_DrawStringttPcs  
00003a11  _Z17ST7735_FillScreent      
0000266d  _Z17ST7735_InitPrintfv      
000023cd  _Z20ST7735_DrawFastVLinessst
00003dab  _Z8PLL_Initv                
00001d89  _Z8SPI_Initv                
00003649  _Z9SPI_Resetv               
00003db5  _ZN8SlidePot2InEv           
00003dc7  _ZN8SlidePot4InitEv         
00003d07  _ZN8SlidePotC1Ejj           
00003d07  _ZN8SlidePotC2Ejj           
20200000  __CIOBUF_                   
20208000  __STACK_END                 
00000200  __STACK_SIZE                
00000200  __SYSMEM_SIZE               
0000458c  __TI_CINIT_Base             
0000459c  __TI_CINIT_Limit            
0000459c  __TI_CINIT_Warm             
00004578  __TI_Handler_Table_Base     
00004584  __TI_Handler_Table_Limit    
0000335d  __TI_auto_init_nobinit      
00003849  __TI_cleanup                
202006c4  __TI_cleanup_ptr            
00002a3d  __TI_closefile              
00002e95  __TI_decompress_lzss        
00003cc7  __TI_decompress_none        
000033b1  __TI_doflush                
202006c8  __TI_dtors_ptr              
202006d8  __TI_ft_end                 
00003255  __TI_ltoa                   
ffffffff  __TI_pprof_out_hndl         
000000c1  __TI_printfi                
ffffffff  __TI_prof_data_size         
ffffffff  __TI_prof_data_start        
0000387d  __TI_readmsg                
00000000  __TI_static_base__          
20200220  __TI_tmpnams                
000038b1  __TI_writemsg               
00002f63  __TI_wrt_ok                 
00003c8d  __TI_zero_init_nomemset     
0000140f  __adddf3                    
00004320  __aeabi_ctype_table_        
00004320  __aeabi_ctype_table_C       
000034a1  __aeabi_d2iz                
0000140f  __aeabi_dadd                
0000302d  __aeabi_dcmpeq              
00003069  __aeabi_dcmpge              
0000307d  __aeabi_dcmpgt              
00003055  __aeabi_dcmple              
00003041  __aeabi_dcmplt              
00001b7d  __aeabi_ddiv                
00002061  __aeabi_dmul                
00001405  __aeabi_dsub                
202006dc  __aeabi_errno               
00003dd1  __aeabi_errno_addr          
00003a69  __aeabi_i2d                 
00003305  __aeabi_idiv                
00001597  __aeabi_idiv0               
00003305  __aeabi_idivmod             
000025c7  __aeabi_ldiv0               
00003bc1  __aeabi_llsl                
00003b7d  __aeabi_lmul                
00003c29  __aeabi_memclr              
00003c29  __aeabi_memclr4             
00003c29  __aeabi_memclr8             
00003df9  __aeabi_memcpy              
00003df9  __aeabi_memcpy4             
00003df9  __aeabi_memcpy8             
00003c19  __aeabi_memset              
00003c19  __aeabi_memset4             
00003c19  __aeabi_memset8             
00003689  __aeabi_uidiv               
00003689  __aeabi_uidivmod            
00003ca1  __aeabi_uldivmod            
00003bc1  __ashldi3                   
ffffffff  __binit__                   
00002c7d  __cmpdf2                    
00001b7d  __divdf3                    
00002c7d  __eqdf2                     
000034a1  __fixdfsi                   
00003a69  __floatsidf                 
00002c0d  __gedf2                     
00002c0d  __gtdf2                     
00002c7d  __ledf2                     
00002c7d  __ltdf2                     
UNDEFED   __mpu_init                  
00002061  __muldf3                    
00003b7d  __muldi3                    
000036c9  __muldsi3                   
00002c7d  __nedf2                     
20207e00  __stack                     
20200000  __start___llvm_prf_bits     
20200000  __start___llvm_prf_cnts     
20200000  __stop___llvm_prf_bits      
20200000  __stop___llvm_prf_cnts      
00001405  __subdf3                    
000025c9  __udivmoddi4                
00003b0d  _c_int00_noargs             
202005e8  _device                     
202004f8  _ftable                     
202006e0  _lock                       
0000266b  _nop                        
20200660  _stream                     
202002f8  _sys_memory                 
UNDEFED   _system_post_cinit          
00003e0d  _system_pre_init            
202006e4  _unlock                     
00003e11  abort                       
00001f79  add_device                  
000016d5  aligned_alloc               
000035c5  atoi                        
ffffffff  binit                       
00003451  close                       
000038e5  exit                        
00003775  finddevice                  
0000293d  fopen                       
000027a1  fputc                       
00001e81  fputs                       
00001c89  free                        
00003919  freopen                     
000030ed  frexp                       
000030ed  frexpl                      
00003de9  fseek                       
00002ced  fseeko                      
00002d59  getdevice                   
00000000  interruptVectors            
00002225  ldexp                       
00002225  ldexpl                      
00003abd  lseek                       
00000ce9  main                        
00003d65  malloc                      
000016d5  memalign                    
00003b59  memccpy                     
0000247d  open                        
202002c0  parmbuf                     
00003149  printf                      
00003df1  remove                      
00002225  scalbn                      
00002225  scalbnl                     
00002145  setvbuf                     
00003a3d  unlink                      
00003ce9  wcslen                      
00003ae5  write                       


GLOBAL SYMBOLS: SORTED BY Symbol Address 

address   name                        
-------   ----                        
00000000  __TI_static_base__          
00000000  interruptVectors            
000000c1  __TI_printfi                
00000200  __STACK_SIZE                
00000200  __SYSMEM_SIZE               
00000ce9  main                        
000010b1  _Z15Clock_Init80MHzi        
00001265  _Z16ST7735_DrawCharSsscssh  
00001405  __aeabi_dsub                
00001405  __subdf3                    
0000140f  __adddf3                    
0000140f  __aeabi_dadd                
00001597  __aeabi_idiv0               
000016d5  aligned_alloc               
000016d5  memalign                    
00001a65  _Z15ST7735_FillRectsssst    
00001b7d  __aeabi_ddiv                
00001b7d  __divdf3                    
00001c89  free                        
00001d89  _Z8SPI_Initv                
00001e81  fputs                       
00001f79  add_device                  
00002061  __aeabi_dmul                
00002061  __muldf3                    
00002145  setvbuf                     
00002225  ldexp                       
00002225  ldexpl                      
00002225  scalbn                      
00002225  scalbnl                     
000022fd  _Z14ST7735_OutCharc         
000023cd  _Z20ST7735_DrawFastVLinessst
0000247d  open                        
000025c7  __aeabi_ldiv0               
000025c9  __udivmoddi4                
0000266b  _nop                        
0000266d  _Z17ST7735_InitPrintfv      
00002709  _Z12ST7735_InitR10initRFlags
000027a1  fputc                       
000028b9  _Z17ST7735_DrawStringttPcs  
0000293d  fopen                       
000029c1  _Z14LaunchPad_Initv         
00002a3d  __TI_closefile              
00002ab9  _Z16ST7735_PlotClearii      
00002b2d  _Z14ST7735_PlotBari         
00002b9d  _Z16ST7735_DrawPixelsst     
00002c0d  __gedf2                     
00002c0d  __gtdf2                     
00002c7d  __cmpdf2                    
00002c7d  __eqdf2                     
00002c7d  __ledf2                     
00002c7d  __ltdf2                     
00002c7d  __nedf2                     
00002ced  fseeko                      
00002d59  getdevice                   
00002dc5  HOSTlseek                   
00002e2d  HOSTrename                  
00002e95  __TI_decompress_lzss        
00002f63  __TI_wrt_ok                 
0000302d  __aeabi_dcmpeq              
00003041  __aeabi_dcmplt              
00003055  __aeabi_dcmple              
00003069  __aeabi_dcmpge              
0000307d  __aeabi_dcmpgt              
00003091  HOSTopen                    
000030ed  frexp                       
000030ed  frexpl                      
00003149  printf                      
000031a5  HOSTread                    
000031fd  HOSTwrite                   
00003255  __TI_ltoa                   
00003305  __aeabi_idiv                
00003305  __aeabi_idivmod             
0000335d  __TI_auto_init_nobinit      
000033b1  __TI_doflush                
00003451  close                       
000034a1  __aeabi_d2iz                
000034a1  __fixdfsi                   
000034ed  HOSTclose                   
00003535  HOSTunlink                  
0000357d  _Z14SPI_OutCommandc         
000035c5  atoi                        
00003609  TIMG7_IRQHandler            
00003649  _Z9SPI_Resetv               
00003689  __aeabi_uidiv               
00003689  __aeabi_uidivmod            
000036c9  __muldsi3                   
00003705  _Z11SPI_OutDatac            
0000373d  _Z15ActivatePortA_Bv        
00003775  finddevice                  
000037ad  _Z12ST7735_writeiPKcj       
000037e1  _Z14Clock_Delay1msj         
00003815  _Z16ST7735_SetCursorjj      
00003849  __TI_cleanup                
0000387d  __TI_readmsg                
000038b1  __TI_writemsg               
000038db  C$$IO$$                     
000038e5  exit                        
00003919  freopen                     
0000394d  _Z15ST7735_Color565hhh      
00003981  TIMG12_IRQHandler           
00003a11  _Z17ST7735_FillScreent      
00003a3d  unlink                      
00003a69  __aeabi_i2d                 
00003a69  __floatsidf                 
00003abd  lseek                       
00003ae5  write                       
00003b0d  _c_int00_noargs             
00003b35  _Z15ST7735_PlotNextv        
00003b59  memccpy                     
00003b7d  __aeabi_lmul                
00003b7d  __muldi3                    
00003bc1  __aeabi_llsl                
00003bc1  __ashldi3                   
00003be1  _Z14LaunchPad_InS2v         
00003c19  __aeabi_memset              
00003c19  __aeabi_memset4             
00003c19  __aeabi_memset8             
00003c29  __aeabi_memclr              
00003c29  __aeabi_memclr4             
00003c29  __aeabi_memclr8             
00003c4d  _Z11ST7735_openPKcji        
00003c63  _Z11ST7735_readiPcj         
00003c8d  __TI_zero_init_nomemset     
00003ca1  __aeabi_uldivmod            
00003cb5  TI_memcpy_small             
00003cc7  __TI_decompress_none        
00003cd9  _Z11Clock_Delayj            
00003ce9  wcslen                      
00003cf9  _Z12ST7735_lseekili         
00003d07  _ZN8SlidePotC1Ejj           
00003d07  _ZN8SlidePotC2Ejj           
00003d3f  TI_memset_small             
00003d4d  _Z10Clock_Freqv             
00003d59  _Z13ST7735_renamePKcS0_     
00003d65  malloc                      
00003d97  _Z12ST7735_closei           
00003da1  _Z13ST7735_unlinkPKc        
00003dab  _Z8PLL_Initv                
00003db5  _ZN8SlidePot2InEv           
00003dc7  _ZN8SlidePot4InitEv         
00003dd1  __aeabi_errno_addr          
00003de9  fseek                       
00003df1  remove                      
00003df9  __aeabi_memcpy              
00003df9  __aeabi_memcpy4             
00003df9  __aeabi_memcpy8             
00003e01  ADC0_IRQHandler             
00003e01  ADC1_IRQHandler             
00003e01  AES_IRQHandler              
00003e01  CANFD0_IRQHandler           
00003e01  DAC0_IRQHandler             
00003e01  DMA_IRQHandler              
00003e01  Default_Handler             
00003e01  GROUP0_IRQHandler           
00003e01  GROUP1_IRQHandler           
00003e01  I2C0_IRQHandler             
00003e01  I2C1_IRQHandler             
00003e01  NMI_Handler                 
00003e01  PendSV_Handler              
00003e01  RTC_IRQHandler              
00003e01  SPI0_IRQHandler             
00003e01  SPI1_IRQHandler             
00003e01  SVC_Handler                 
00003e01  SysTick_Handler             
00003e01  TIMA0_IRQHandler            
00003e01  TIMA1_IRQHandler            
00003e01  TIMG0_IRQHandler            
00003e01  TIMG6_IRQHandler            
00003e01  TIMG8_IRQHandler            
00003e01  UART0_IRQHandler            
00003e01  UART1_IRQHandler            
00003e01  UART2_IRQHandler            
00003e01  UART3_IRQHandler            
00003e05  HardFault_Handler           
00003e09  Reset_Handler               
00003e0d  _system_pre_init            
00003e10  C$$EXIT                     
00003e11  abort                       
00003e18  SHT$$INIT_ARRAY$$Base       
00003e1c  SHT$$INIT_ARRAY$$Limit      
00004320  __aeabi_ctype_table_        
00004320  __aeabi_ctype_table_C       
00004578  __TI_Handler_Table_Base     
00004584  __TI_Handler_Table_Limit    
0000458c  __TI_CINIT_Base             
0000459c  __TI_CINIT_Limit            
0000459c  __TI_CINIT_Warm             
20200000  _CIOBUF_                    
20200000  __CIOBUF_                   
20200000  __start___llvm_prf_bits     
20200000  __start___llvm_prf_cnts     
20200000  __stop___llvm_prf_bits      
20200000  __stop___llvm_prf_cnts      
20200120  Histogram                   
20200220  __TI_tmpnams                
202002c0  parmbuf                     
202002c8  Center                      
202002cc  Data                        
202002d0  SAC                         
202002d4  TExaSLogic                  
202002d8  TExaSadc                    
202002dc  Time                        
202002e0  X                           
202002e4  Ymax                        
202002e8  Ymin                        
202002ec  Yrange                      
202002f8  _sys_memory                 
202004f8  _ftable                     
202005e8  _device                     
20200660  _stream                     
202006b0  Sensor                      
202006c4  __TI_cleanup_ptr            
202006c8  __TI_dtors_ptr              
202006cc  BusFreq                     
202006d0  StX                         
202006d4  StY                         
202006d8  __TI_ft_end                 
202006dc  __aeabi_errno               
202006e0  _lock                       
202006e4  _unlock                     
202006e8  StTextColor                 
20207e00  __stack                     
20208000  __STACK_END                 
ffffffff  __TI_pprof_out_hndl         
ffffffff  __TI_prof_data_size         
ffffffff  __TI_prof_data_start        
ffffffff  __binit__                   
ffffffff  binit                       
UNDEFED   __mpu_init                  
UNDEFED   _system_post_cinit          

[230 symbols]
