******************************************************************************
            TI ARM Clang Linker PC v2.1.3                      
******************************************************************************
>> Linked Tue Jan 16 13:30:06 2024

OUTPUT FILE NAME:   <TimerPeriodicInt.out>
ENTRY POINT SYMBOL: "_c_int00_noargs"  address: 00000561


MEMORY CONFIGURATION

         name            origin    length      used     unused   attr    fill
----------------------  --------  ---------  --------  --------  ----  --------
  FLASH                 00000000   00020000  00000618  0001f9e8  R  X
  SRAM                  20200000   00008000  00000208  00007df8  RW X
  BCR_CONFIG            41c00000   00000080  00000000  00000080  R   
  BSL_CONFIG            41c00100   00000080  00000000  00000080  R   


SEGMENT ALLOCATION MAP

run origin  load origin   length   init length attrs members
----------  ----------- ---------- ----------- ----- -------
00000000    00000000    00000618   00000618    r-x
  00000000    00000000    000000c0   000000c0    r-- .intvecs
  000000c0    000000c0    00000528   00000528    r-x .text
  000005e8    000005e8    00000030   00000030    r-- .cinit
20200000    20200000    00000008   00000000    rw-
  20200000    20200000    00000004   00000000    rw- .bss
  20200004    20200004    00000004   00000000    rw- .data
20207e00    20207e00    00000200   00000000    rw-
  20207e00    20207e00    00000200   00000000    rw- .stack


SECTION ALLOCATION MAP

 output                                  attributes/
section   page    origin      length       input sections
--------  ----  ----------  ----------   ----------------
.intvecs   0    00000000    000000c0     
                  00000000    000000c0     startup_mspm0g3507_ticlang.o (.intvecs)

.text      0    000000c0    00000528     
                  000000c0    00000134     Clock.o (.text.Clock_Init40MHz)
                  000001f4    000000a4     Timer.o (.text.TimerG0_IntArm)
                  00000298    0000007c     LaunchPad.o (.text.LaunchPad_Init)
                  00000314    00000068     libc.a : copy_decompress_lzss.c.obj (.text:decompress:lzss)
                  0000037c    0000003c     TimerPeriodicIntmain.o (.text.main)
                  000003b8    0000003c     libc.a : autoinit.c.obj (.text:__TI_auto_init_nobinit_nopinit)
                  000003f4    00000038     LaunchPad.o (.text.ActivatePortA_B)
                  0000042c    0000002c     TimerPeriodicIntmain.o (.text.TIMA0_IRQHandler)
                  00000458    0000002c     TimerPeriodicIntmain.o (.text.TIMA1_IRQHandler)
                  00000484    0000002c     TimerPeriodicIntmain.o (.text.TIMG0_IRQHandler)
                  000004b0    0000002c     TimerPeriodicIntmain.o (.text.TIMG12_IRQHandler)
                  000004dc    0000002c     TimerPeriodicIntmain.o (.text.TIMG6_IRQHandler)
                  00000508    0000002c     TimerPeriodicIntmain.o (.text.TIMG7_IRQHandler)
                  00000534    0000002c     TimerPeriodicIntmain.o (.text.TIMG8_IRQHandler)
                  00000560    00000028     libc.a : boot_cortex_m.c.obj (.text:_c_int00_noargs)
                  00000588    00000014            : copy_zero_init.c.obj (.text:decompress:ZI:__TI_zero_init_nomemset)
                  0000059c    00000012            : memcpy16.S.obj (.text:TI_memcpy_small)
                  000005ae    00000012            : copy_decompress_none.c.obj (.text:decompress:none)
                  000005c0    00000010     Clock.o (.text.Clock_Delay)
                  000005d0    00000008     libclang_rt.builtins.a : aeabi_memcpy.S.obj (.text)
                  000005d8    00000004     startup_mspm0g3507_ticlang.o (.text.Default_Handler)
                  000005dc    00000004     startup_mspm0g3507_ticlang.o (.text.Reset_Handler)
                  000005e0    00000004     libc.a : pre_init.c.obj (.text._system_pre_init)
                  000005e4    00000004            : exit.c.obj (.text:abort)

.cinit     0    000005e8    00000030     
                  000005e8    0000000c     (__TI_handler_table)
                  000005f4    00000008     (.cinit..bss.load) [load image, compression = zero_init]
                  000005fc    00000008     (.cinit..data.load) [load image, compression = lzss]
                  00000604    00000010     (__TI_cinit_table)
                  00000614    00000004     --HOLE-- [fill = 0]

.init_array 
*          0    00000000    00000000     UNINITIALIZED

.binit     0    00000000    00000000     

.bss       0    20200000    00000004     UNINITIALIZED
                  20200000    00000004     (.common:count)

.data      0    20200004    00000004     UNINITIALIZED
                  20200004    00000004     Clock.o (.data.BusFreq)

.stack     0    20207e00    00000200     UNINITIALIZED
                  20207e00    00000004     libc.a : boot_cortex_m.c.obj (.stack)
                  20207e04    000001fc     --HOLE--

__llvm_prf_cnts 
*          0    20200000    00000000     UNINITIALIZED

__llvm_prf_bits 
*          0    20200000    00000000     UNINITIALIZED

MODULE SUMMARY

       Module                         code   ro data   rw data
       ------                         ----   -------   -------
    .\
       TimerPeriodicIntmain.o         368    0         4      
       Clock.o                        324    0         4      
       LaunchPad.o                    180    0         0      
       Timer.o                        164    0         0      
    +--+------------------------------+------+---------+---------+
       Total:                         1036   0         8      
                                                              
    .\ticlang\
       startup_mspm0g3507_ticlang.o   8      192       0      
    +--+------------------------------+------+---------+---------+
       Total:                         8      192       0      
                                                              
    C:\ti\ccs1240\ccs\tools\compiler\ti-cgt-armllvm_2.1.3.LTS\lib\armv6m-ti-none-eabi/c/libc.a
       copy_decompress_lzss.c.obj     104    0         0      
       autoinit.c.obj                 60     0         0      
       boot_cortex_m.c.obj            40     0         0      
       copy_zero_init.c.obj           20     0         0      
       copy_decompress_none.c.obj     18     0         0      
       memcpy16.S.obj                 18     0         0      
       exit.c.obj                     4      0         0      
       pre_init.c.obj                 4      0         0      
    +--+------------------------------+------+---------+---------+
       Total:                         268    0         0      
                                                              
    C:\ti\ccs1240\ccs\tools\compiler\ti-cgt-armllvm_2.1.3.LTS\lib\clang/14.0.6/lib/armv6m-ti-none-eabi/libclang_rt.builtins.a
       aeabi_memcpy.S.obj             8      0         0      
    +--+------------------------------+------+---------+---------+
       Total:                         8      0         0      
                                                              
       Stack:                         0      0         512    
       Linker Generated:              0      44        0      
    +--+------------------------------+------+---------+---------+
       Grand Total:                   1320   236       520    


LINKER GENERATED COPY TABLES

__TI_cinit_table @ 00000604 records: 2, size/record: 8, table size: 16
	.bss: load addr=000005f4, load size=00000008 bytes, run addr=20200000, run size=00000004 bytes, compression=zero_init
	.data: load addr=000005fc, load size=00000008 bytes, run addr=20200004, run size=00000004 bytes, compression=lzss


LINKER GENERATED HANDLER TABLE

__TI_handler_table @ 000005e8 records: 3, size/record: 4, table size: 12
	index: 0, handler: __TI_decompress_lzss
	index: 1, handler: __TI_decompress_none
	index: 2, handler: __TI_zero_init


GLOBAL SYMBOLS: SORTED ALPHABETICALLY BY Name 

address   name                          
-------   ----                          
000005d9  ADC0_IRQHandler               
000005d9  ADC1_IRQHandler               
000005d9  AES_IRQHandler                
000003f5  ActivatePortA_B               
20200004  BusFreq                       
000005e4  C$$EXIT                       
000005d9  CANFD0_IRQHandler             
000005c1  Clock_Delay                   
000000c1  Clock_Init40MHz               
000005d9  DAC0_IRQHandler               
000005d9  DMA_IRQHandler                
000005d9  Default_Handler               
000005d9  GROUP0_IRQHandler             
000005d9  GROUP1_IRQHandler             
000005d9  HardFault_Handler             
000005d9  I2C0_IRQHandler               
000005d9  I2C1_IRQHandler               
00000299  LaunchPad_Init                
000005d9  NMI_Handler                   
000005d9  PendSV_Handler                
000005d9  RTC_IRQHandler                
000005dd  Reset_Handler                 
000005d9  SPI0_IRQHandler               
000005d9  SPI1_IRQHandler               
000005d9  SVC_Handler                   
000005d9  SysTick_Handler               
0000042d  TIMA0_IRQHandler              
00000459  TIMA1_IRQHandler              
00000485  TIMG0_IRQHandler              
000004b1  TIMG12_IRQHandler             
000004dd  TIMG6_IRQHandler              
00000509  TIMG7_IRQHandler              
00000535  TIMG8_IRQHandler              
0000059d  TI_memcpy_small               
000001f5  TimerG0_IntArm                
000005d9  UART0_IRQHandler              
000005d9  UART1_IRQHandler              
000005d9  UART2_IRQHandler              
000005d9  UART3_IRQHandler              
20208000  __STACK_END                   
00000200  __STACK_SIZE                  
00000604  __TI_CINIT_Base               
00000614  __TI_CINIT_Limit              
00000614  __TI_CINIT_Warm               
000005e8  __TI_Handler_Table_Base       
000005f4  __TI_Handler_Table_Limit      
000003b9  __TI_auto_init_nobinit_nopinit
00000315  __TI_decompress_lzss          
000005af  __TI_decompress_none          
ffffffff  __TI_pprof_out_hndl           
ffffffff  __TI_prof_data_size           
ffffffff  __TI_prof_data_start          
00000000  __TI_static_base__            
00000589  __TI_zero_init_nomemset       
000005d1  __aeabi_memcpy                
000005d1  __aeabi_memcpy4               
000005d1  __aeabi_memcpy8               
ffffffff  __binit__                     
UNDEFED   __mpu_init                    
20207e00  __stack                       
20200000  __start___llvm_prf_bits       
20200000  __start___llvm_prf_cnts       
20200000  __stop___llvm_prf_bits        
20200000  __stop___llvm_prf_cnts        
00000561  _c_int00_noargs               
UNDEFED   _system_post_cinit            
000005e1  _system_pre_init              
000005e5  abort                         
ffffffff  binit                         
20200000  count                         
00000000  interruptVectors              
0000037d  main                          


GLOBAL SYMBOLS: SORTED BY Symbol Address 

address   name                          
-------   ----                          
00000000  __TI_static_base__            
00000000  interruptVectors              
000000c1  Clock_Init40MHz               
000001f5  TimerG0_IntArm                
00000200  __STACK_SIZE                  
00000299  LaunchPad_Init                
00000315  __TI_decompress_lzss          
0000037d  main                          
000003b9  __TI_auto_init_nobinit_nopinit
000003f5  ActivatePortA_B               
0000042d  TIMA0_IRQHandler              
00000459  TIMA1_IRQHandler              
00000485  TIMG0_IRQHandler              
000004b1  TIMG12_IRQHandler             
000004dd  TIMG6_IRQHandler              
00000509  TIMG7_IRQHandler              
00000535  TIMG8_IRQHandler              
00000561  _c_int00_noargs               
00000589  __TI_zero_init_nomemset       
0000059d  TI_memcpy_small               
000005af  __TI_decompress_none          
000005c1  Clock_Delay                   
000005d1  __aeabi_memcpy                
000005d1  __aeabi_memcpy4               
000005d1  __aeabi_memcpy8               
000005d9  ADC0_IRQHandler               
000005d9  ADC1_IRQHandler               
000005d9  AES_IRQHandler                
000005d9  CANFD0_IRQHandler             
000005d9  DAC0_IRQHandler               
000005d9  DMA_IRQHandler                
000005d9  Default_Handler               
000005d9  GROUP0_IRQHandler             
000005d9  GROUP1_IRQHandler             
000005d9  HardFault_Handler             
000005d9  I2C0_IRQHandler               
000005d9  I2C1_IRQHandler               
000005d9  NMI_Handler                   
000005d9  PendSV_Handler                
000005d9  RTC_IRQHandler                
000005d9  SPI0_IRQHandler               
000005d9  SPI1_IRQHandler               
000005d9  SVC_Handler                   
000005d9  SysTick_Handler               
000005d9  UART0_IRQHandler              
000005d9  UART1_IRQHandler              
000005d9  UART2_IRQHandler              
000005d9  UART3_IRQHandler              
000005dd  Reset_Handler                 
000005e1  _system_pre_init              
000005e4  C$$EXIT                       
000005e5  abort                         
000005e8  __TI_Handler_Table_Base       
000005f4  __TI_Handler_Table_Limit      
00000604  __TI_CINIT_Base               
00000614  __TI_CINIT_Limit              
00000614  __TI_CINIT_Warm               
20200000  __start___llvm_prf_bits       
20200000  __start___llvm_prf_cnts       
20200000  __stop___llvm_prf_bits        
20200000  __stop___llvm_prf_cnts        
20200000  count                         
20200004  BusFreq                       
20207e00  __stack                       
20208000  __STACK_END                   
ffffffff  __TI_pprof_out_hndl           
ffffffff  __TI_prof_data_size           
ffffffff  __TI_prof_data_start          
ffffffff  __binit__                     
ffffffff  binit                         
UNDEFED   __mpu_init                    
UNDEFED   _system_post_cinit            

[72 symbols]
