******************************************************************************
            TI ARM Clang Linker PC v2.1.3                      
******************************************************************************
>> Linked Tue Jan 16 13:29:49 2024

OUTPUT FILE NAME:   <NotGateAsm.out>
ENTRY POINT SYMBOL: "_c_int00_noargs"  address: 0000088d


MEMORY CONFIGURATION

         name            origin    length      used     unused   attr    fill
----------------------  --------  ---------  --------  --------  ----  --------
  FLASH                 00000000   00020000  00000940  0001f6c0  R  X
  SRAM                  20200000   00008000  00000288  00007d78  RW X
  BCR_CONFIG            41c00000   00000080  00000000  00000080  R   
  BSL_CONFIG            41c00100   00000080  00000000  00000080  R   


SEGMENT ALLOCATION MAP

run origin  load origin   length   init length attrs members
----------  ----------- ---------- ----------- ----- -------
00000000    00000000    00000940   00000940    r-x
  00000000    00000000    000000c0   000000c0    r-- .intvecs
  000000c0    000000c0    00000860   00000860    r-x .text
  00000920    00000920    00000020   00000020    r-- .cinit
20200000    20200000    00000088   00000000    rw-
  20200000    20200000    00000088   00000000    rw- .data
20207e00    20207e00    00000200   00000000    rw-
  20207e00    20207e00    00000200   00000000    rw- .stack


SECTION ALLOCATION MAP

 output                                  attributes/
section   page    origin      length       input sections
--------  ----  ----------  ----------   ----------------
.intvecs   0    00000000    000000c0     
                  00000000    000000c0     startup_mspm0g3507_ticlang.o (.intvecs)

.text      0    000000c0    00000860     
                  000000c0    000004a0     NotGate.o (.text)
                  00000560    000001b4     Clock.o (.text.Clock_Init80MHz)
                  00000714    00000078     Clock.o (.text.TimerG8_Init)
                  0000078c    00000068     libc.a : copy_decompress_lzss.c.obj (.text:decompress:lzss)
                  000007f4    0000003c            : autoinit.c.obj (.text:__TI_auto_init_nobinit_nopinit)
                  00000830    00000034     Clock.o (.text.SysTick_Wait)
                  00000864    00000028     Clock.o (.text.SysTick_Wait10ms)
                  0000088c    00000028     libc.a : boot_cortex_m.c.obj (.text:_c_int00_noargs)
                  000008b4    00000020     Clock.o (.text.SysTick_Init)
                  000008d4    00000012     libc.a : memcpy16.S.obj (.text:TI_memcpy_small)
                  000008e6    00000012            : copy_decompress_none.c.obj (.text:decompress:none)
                  000008f8    00000010     Clock.o (.text.Clock_Delay)
                  00000908    00000008     libclang_rt.builtins.a : aeabi_memcpy.S.obj (.text)
                  00000910    00000004     startup_mspm0g3507_ticlang.o (.text.Default_Handler)
                  00000914    00000004     startup_mspm0g3507_ticlang.o (.text.Reset_Handler)
                  00000918    00000004     libc.a : pre_init.c.obj (.text._system_pre_init)
                  0000091c    00000004            : exit.c.obj (.text:abort)

.cinit     0    00000920    00000020     
                  00000920    0000000b     (.cinit..data.load) [load image, compression = lzss]
                  0000092b    00000001     --HOLE-- [fill = 0]
                  0000092c    00000008     (__TI_handler_table)
                  00000934    00000008     (__TI_cinit_table)
                  0000093c    00000004     --HOLE-- [fill = 0]

.init_array 
*          0    00000000    00000000     UNINITIALIZED

.binit     0    00000000    00000000     

.data      0    20200000    00000088     UNINITIALIZED
                  20200000    00000084     NotGate.o (.data)
                  20200084    00000004     Clock.o (.data.BusFreq)

.stack     0    20207e00    00000200     UNINITIALIZED
                  20207e00    00000004     libc.a : boot_cortex_m.c.obj (.stack)
                  20207e04    000001fc     --HOLE--

__llvm_prf_cnts 
*          0    20200000    00000000     UNINITIALIZED

__llvm_prf_bits 
*          0    20200000    00000000     UNINITIALIZED

MODULE SUMMARY

       Module                         code   ro data   rw data
       ------                         ----   -------   -------
    .\
       NotGate.o                      1184   0         132    
       Clock.o                        696    0         4      
    +--+------------------------------+------+---------+---------+
       Total:                         1880   0         136    
                                                              
    .\ticlang\
       startup_mspm0g3507_ticlang.o   8      192       0      
    +--+------------------------------+------+---------+---------+
       Total:                         8      192       0      
                                                              
    C:\ti\ccs1240\ccs\tools\compiler\ti-cgt-armllvm_2.1.3.LTS\lib\armv6m-ti-none-eabi/c/libc.a
       copy_decompress_lzss.c.obj     104    0         0      
       autoinit.c.obj                 60     0         0      
       boot_cortex_m.c.obj            40     0         0      
       copy_decompress_none.c.obj     18     0         0      
       memcpy16.S.obj                 18     0         0      
       exit.c.obj                     4      0         0      
       pre_init.c.obj                 4      0         0      
    +--+------------------------------+------+---------+---------+
       Total:                         248    0         0      
                                                              
    C:\ti\ccs1240\ccs\tools\compiler\ti-cgt-armllvm_2.1.3.LTS\lib\clang/14.0.6/lib/armv6m-ti-none-eabi/libclang_rt.builtins.a
       aeabi_memcpy.S.obj             8      0         0      
    +--+------------------------------+------+---------+---------+
       Total:                         8      0         0      
                                                              
       Stack:                         0      0         512    
       Linker Generated:              0      27        0      
    +--+------------------------------+------+---------+---------+
       Grand Total:                   2144   219       648    


LINKER GENERATED COPY TABLES

__TI_cinit_table @ 00000934 records: 1, size/record: 8, table size: 8
	.data: load addr=00000920, load size=0000000b bytes, run addr=20200000, run size=00000088 bytes, compression=lzss


LINKER GENERATED HANDLER TABLE

__TI_handler_table @ 0000092c records: 2, size/record: 4, table size: 8
	index: 0, handler: __TI_decompress_lzss
	index: 1, handler: __TI_decompress_none


GLOBAL SYMBOLS: SORTED ALPHABETICALLY BY Name 

address   name                          
-------   ----                          
00000911  ADC0_IRQHandler               
00000911  ADC1_IRQHandler               
00000911  AES_IRQHandler                
20200084  BusFreq                       
0000091c  C$$EXIT                       
00000911  CANFD0_IRQHandler             
000008f9  Clock_Delay                   
00000561  Clock_Init80MHz               
00000911  DAC0_IRQHandler               
00000911  DMA_IRQHandler                
00000911  Default_Handler               
00000911  GROUP0_IRQHandler             
00000911  GROUP1_IRQHandler             
00000911  HardFault_Handler             
00000911  I2C0_IRQHandler               
00000911  I2C1_IRQHandler               
00000911  NMI_Handler                   
00000911  PendSV_Handler                
00000911  RTC_IRQHandler                
00000915  Reset_Handler                 
00000911  SPI0_IRQHandler               
00000911  SPI1_IRQHandler               
00000911  SVC_Handler                   
00000911  SysTick_Handler               
000008b5  SysTick_Init                  
00000831  SysTick_Wait                  
00000865  SysTick_Wait10ms              
00000911  TIMA0_IRQHandler              
00000911  TIMA1_IRQHandler              
00000911  TIMG0_IRQHandler              
00000911  TIMG12_IRQHandler             
00000911  TIMG6_IRQHandler              
00000911  TIMG7_IRQHandler              
00000911  TIMG8_IRQHandler              
000008d5  TI_memcpy_small               
00000715  TimerG8_Init                  
00000911  UART0_IRQHandler              
00000911  UART1_IRQHandler              
00000911  UART2_IRQHandler              
00000911  UART3_IRQHandler              
20208000  __STACK_END                   
00000200  __STACK_SIZE                  
00000934  __TI_CINIT_Base               
0000093c  __TI_CINIT_Limit              
0000093c  __TI_CINIT_Warm               
0000092c  __TI_Handler_Table_Base       
00000934  __TI_Handler_Table_Limit      
000007f5  __TI_auto_init_nobinit_nopinit
0000078d  __TI_decompress_lzss          
000008e7  __TI_decompress_none          
ffffffff  __TI_pprof_out_hndl           
ffffffff  __TI_prof_data_size           
ffffffff  __TI_prof_data_start          
00000000  __TI_static_base__            
00000909  __aeabi_memcpy                
00000909  __aeabi_memcpy4               
00000909  __aeabi_memcpy8               
ffffffff  __binit__                     
UNDEFED   __mpu_init                    
20207e00  __stack                       
20200000  __start___llvm_prf_bits       
20200000  __start___llvm_prf_cnts       
20200000  __stop___llvm_prf_bits        
20200000  __stop___llvm_prf_cnts        
0000088d  _c_int00_noargs               
UNDEFED   _system_post_cinit            
00000919  _system_pre_init              
0000091d  abort                         
ffffffff  binit                         
00000000  interruptVectors              
000000c0  main                          


GLOBAL SYMBOLS: SORTED BY Symbol Address 

address   name                          
-------   ----                          
00000000  __TI_static_base__            
00000000  interruptVectors              
000000c0  main                          
00000200  __STACK_SIZE                  
00000561  Clock_Init80MHz               
00000715  TimerG8_Init                  
0000078d  __TI_decompress_lzss          
000007f5  __TI_auto_init_nobinit_nopinit
00000831  SysTick_Wait                  
00000865  SysTick_Wait10ms              
0000088d  _c_int00_noargs               
000008b5  SysTick_Init                  
000008d5  TI_memcpy_small               
000008e7  __TI_decompress_none          
000008f9  Clock_Delay                   
00000909  __aeabi_memcpy                
00000909  __aeabi_memcpy4               
00000909  __aeabi_memcpy8               
00000911  ADC0_IRQHandler               
00000911  ADC1_IRQHandler               
00000911  AES_IRQHandler                
00000911  CANFD0_IRQHandler             
00000911  DAC0_IRQHandler               
00000911  DMA_IRQHandler                
00000911  Default_Handler               
00000911  GROUP0_IRQHandler             
00000911  GROUP1_IRQHandler             
00000911  HardFault_Handler             
00000911  I2C0_IRQHandler               
00000911  I2C1_IRQHandler               
00000911  NMI_Handler                   
00000911  PendSV_Handler                
00000911  RTC_IRQHandler                
00000911  SPI0_IRQHandler               
00000911  SPI1_IRQHandler               
00000911  SVC_Handler                   
00000911  SysTick_Handler               
00000911  TIMA0_IRQHandler              
00000911  TIMA1_IRQHandler              
00000911  TIMG0_IRQHandler              
00000911  TIMG12_IRQHandler             
00000911  TIMG6_IRQHandler              
00000911  TIMG7_IRQHandler              
00000911  TIMG8_IRQHandler              
00000911  UART0_IRQHandler              
00000911  UART1_IRQHandler              
00000911  UART2_IRQHandler              
00000911  UART3_IRQHandler              
00000915  Reset_Handler                 
00000919  _system_pre_init              
0000091c  C$$EXIT                       
0000091d  abort                         
0000092c  __TI_Handler_Table_Base       
00000934  __TI_CINIT_Base               
00000934  __TI_Handler_Table_Limit      
0000093c  __TI_CINIT_Limit              
0000093c  __TI_CINIT_Warm               
20200000  __start___llvm_prf_bits       
20200000  __start___llvm_prf_cnts       
20200000  __stop___llvm_prf_bits        
20200000  __stop___llvm_prf_cnts        
20200084  BusFreq                       
20207e00  __stack                       
20208000  __STACK_END                   
ffffffff  __TI_pprof_out_hndl           
ffffffff  __TI_prof_data_size           
ffffffff  __TI_prof_data_start          
ffffffff  __binit__                     
ffffffff  binit                         
UNDEFED   __mpu_init                    
UNDEFED   _system_post_cinit            

[71 symbols]
