******************************************************************************
            TI ARM Clang Linker PC v2.1.3                      
******************************************************************************
>> Linked Thu Feb 29 14:26:29 2024

OUTPUT FILE NAME:   <ECE319K_Lab4.out>
ENTRY POINT SYMBOL: "_c_int00_noargs"  address: 00001499


MEMORY CONFIGURATION

         name            origin    length      used     unused   attr    fill
----------------------  --------  ---------  --------  --------  ----  --------
  FLASH                 00000000   00020000  00002048  0001dfb8  R  X
  SRAM                  20200000   00008000  00000700  00007900  RW X
  BCR_CONFIG            41c00000   00000080  00000000  00000080  R   
  BSL_CONFIG            41c00100   00000080  00000000  00000080  R   


SEGMENT ALLOCATION MAP

run origin  load origin   length   init length attrs members
----------  ----------- ---------- ----------- ----- -------
00000000    00000000    00002048   00002048    r-x
  00000000    00000000    000000c0   000000c0    r-- .intvecs
  000000c0    000000c0    000015a0   000015a0    r-x .text
  00001660    00001660    000009b8   000009b8    r-- .rodata
  00002018    00002018    00000030   00000030    r-- .cinit
20200000    20200000    00000500   00000000    rw-
  20200000    20200000    000002e0   00000000    rw- .bss
  202002e0    202002e0    00000200   00000000    rw- .sysmem
  202004e0    202004e0    00000020   00000000    rw- .data
20207e00    20207e00    00000200   00000000    rw-
  20207e00    20207e00    00000200   00000000    rw- .stack


SECTION ALLOCATION MAP

 output                                  attributes/
section   page    origin      length       input sections
--------  ----  ----------  ----------   ----------------
.intvecs   0    00000000    000000c0     
                  00000000    000000c0     startup_mspm0g3507_ticlang.o (.intvecs)

.text      0    000000c0    000015a0     
                  000000c0    0000031c     ECE319K_Lab4Grader.o (.text.TIMG7_IRQHandler)
                  000003dc    00000298     ECE319K_Lab4Grader.o (.text.CheckInitialization)
                  00000674    00000294     ECE319K_Lab4Grader.o (.text.Lab4Grader)
                  00000908    000001b4     Clock.o (.text.Clock_Init80MHz)
                  00000abc    00000130     UARTints.o (.text.UART_Init)
                  00000bec    000000a8     Timer.o (.text.TimerG7_IntArm)
                  00000c94    00000080     ECE319K_Lab4main.o (.text.main)
                  00000d14    0000007c     LaunchPad.o (.text.LaunchPad_Init)
                  00000d90    0000007c     ECE319K_Lab4Grader.o (.text.ReadSensor)
                  00000e0c    0000007c     ECE319K_Lab4main.o (.text.Traffic_Init)
                  00000e88    00000068     libc.a : copy_decompress_lzss.c.obj (.text:decompress:lzss)
                  00000ef0    00000064     ECE319K_Lab4Grader.o (.text.GetState)
                  00000f54    00000060     Timer.o (.text.TimerG12_Init)
                  00000fb4    0000005c     ECE319K_Lab4Grader.o (.text.ReadSouth)
                  00001010    0000005c     UARTints.o (.text.UART0_IRQHandler)
                  0000106c    00000058     UARTints.o (.text.copyHardwareToSoftware)
                  000010c4    00000054     Dump.o (.text.Debug_Dump)
                  00001118    0000004c     ECE319K_Lab4Grader.o (.text.ReadWest)
                  00001164    0000004c     FIFO.o (.text.RxFifo_Put)
                  000011b0    0000004c     UARTints.o (.text.copySoftwareToHardware)
                  000011fc    00000048     FIFO.o (.text.TxFifo_Get)
                  00001244    00000048     FIFO.o (.text.TxFifo_Put)
                  0000128c    00000040     UARTints.o (.text.UART_OutChar)
                  000012cc    00000040     libclang_rt.builtins.a : aeabi_uidivmod.S.obj (.text)
                  0000130c    0000003c     libc.a : autoinit.c.obj (.text:__TI_auto_init_nobinit_nopinit)
                  00001348    00000038     LaunchPad.o (.text.ActivatePortA_B)
                  00001380    00000036     UART.o (.text.UART_OutUDec)
                  000013b6    00000002     libclang_rt.builtins.a : aeabi_div0.c.obj (.text.__aeabi_idiv0)
                  000013b8    00000034     Clock.o (.text.SysTick_Wait)
                  000013ec    00000034     ECE319K_Lab4Grader.o (.text.setUpper)
                  00001420    00000028     ECE319K_Lab4Grader.o (.text.Grader_Init)
                  00001448    00000028     ECE319K_Lab4Grader.o (.text.ReadWalk)
                  00001470    00000028     Clock.o (.text.SysTick_Wait10ms)
                  00001498    00000028     libc.a : boot_cortex_m.c.obj (.text:_c_int00_noargs)
                  000014c0    00000026     UART.o (.text.UART_OutString)
                  000014e6    00000002     --HOLE-- [fill = 0]
                  000014e8    00000020     ECE319K_Lab4Grader.o (.text.Random32)
                  00001508    00000020     Clock.o (.text.SysTick_Init)
                  00001528    00000020     ECE319K_Lab4main.o (.text.Traffic_Out)
                  00001548    00000018     FIFO.o (.text.RxFifo_Size)
                  00001560    00000018     FIFO.o (.text.TxFifo_Size)
                  00001578    00000016     libc.a : strcmp.c.obj (.text.strcmp)
                  0000158e    00000002     --HOLE-- [fill = 0]
                  00001590    00000014     Dump.o (.text.Debug_Init)
                  000015a4    00000014     FIFO.o (.text.RxFifo_Init)
                  000015b8    00000014     FIFO.o (.text.TxFifo_Init)
                  000015cc    00000014     libc.a : copy_zero_init.c.obj (.text:decompress:ZI:__TI_zero_init_nomemset)
                  000015e0    00000012            : memcpy16.S.obj (.text:TI_memcpy_small)
                  000015f2    00000012            : copy_decompress_none.c.obj (.text:decompress:none)
                  00001604    00000010     Clock.o (.text.Clock_Delay)
                  00001614    00000010     ECE319K_Lab4Grader.o (.text.OutCRLF)
                  00001624    00000010     ECE319K_Lab4main.o (.text.Traffic_In)
                  00001634    0000000c     Clock.o (.text.Clock_Freq)
                  00001640    00000008     libclang_rt.builtins.a : aeabi_memcpy.S.obj (.text)
                  00001648    00000004     startup_mspm0g3507_ticlang.o (.text.Default_Handler)
                  0000164c    00000004     startup_mspm0g3507_ticlang.o (.text.HardFault_Handler)
                  00001650    00000004     startup_mspm0g3507_ticlang.o (.text.Reset_Handler)
                  00001654    00000004     libc.a : pre_init.c.obj (.text._system_pre_init)
                  00001658    00000004            : exit.c.obj (.text:abort)
                  0000165c    00000004     --HOLE-- [fill = 0]

.cinit     0    00002018    00000030     
                  00002018    0000000c     (.cinit..data.load) [load image, compression = lzss]
                  00002024    0000000c     (__TI_handler_table)
                  00002030    00000008     (.cinit..bss.load) [load image, compression = zero_init]
                  00002038    00000010     (__TI_cinit_table)

.rodata    0    00001660    000009b8     
                  00001660    00000291     ECE319K_Lab4Grader.o (.rodata.str1.1)
                  000018f1    00000003     --HOLE-- [fill = 0]
                  000018f4    00000280     ECE319K_Lab4main.o (.rodata.lights)
                  00001b74    00000140     ECE319K_Lab4Grader.o (.rodata.SensorProblem)
                  00001cb4    000000f0     ECE319K_Lab4Grader.o (.rodata.SouthProblem)
                  00001da4    000000c8     ECE319K_Lab4Grader.o (.rodata.PatternProblem)
                  00001e6c    000000c4     ECE319K_Lab4Grader.o (.rodata.pat)
                  00001f30    000000a0     ECE319K_Lab4Grader.o (.rodata.WestProblem)
                  00001fd0    0000001c     ECE319K_Lab4Grader.o (.rodata.validPatterns)
                  00001fec    00000018     ECE319K_Lab4Grader.o (.rodata.Patterns)
                  00002004    00000007     ECE319K_Lab4main.o (.rodata.EID1)
                  0000200b    00000007     ECE319K_Lab4main.o (.rodata.EID2)
                  00002012    00000006     --HOLE-- [fill = 0]

.init_array 
*          0    00000000    00000000     UNINITIALIZED

.binit     0    00000000    00000000     

.bss       0    20200000    000002e0     UNINITIALIZED
                  20200000    00000100     FIFO.o (.bss.TxFifo)
                  20200100    000000c8     (.common:DataBuffer)
                  202001c8    000000c8     (.common:TimeBuffer)
                  20200290    00000010     FIFO.o (.bss.RxFifo)
                  202002a0    00000004     (.common:DebugCnt)
                  202002a4    00000004     (.common:LastIn)
                  202002a8    00000004     (.common:LastOut)
                  202002ac    00000004     (.common:LastState)
                  202002b0    00000004     (.common:LookingFlag)
                  202002b4    00000004     (.common:LookingFor)
                  202002b8    00000004     (.common:M)
                  202002bc    00000004     (.common:NeedState)
                  202002c0    00000004     (.common:RxGetI)
                  202002c4    00000004     (.common:RxPutI)
                  202002c8    00000004     (.common:TxGetI)
                  202002cc    00000004     (.common:TxPutI)
                  202002d0    00000004     (.common:WrongState)
                  202002d4    00000004     (.common:in)
                  202002d8    00000004     (.common:out)
                  202002dc    00000004     (.common:state)

.sysmem    0    202002e0    00000200     UNINITIALIZED
                  202002e0    00000010     libc.a : memory.c.obj (.sysmem)
                  202002f0    000001f0     --HOLE--

.data      0    202004e0    00000020     UNINITIALIZED
                  202004e0    00000004     Clock.o (.data.BusFreq)
                  202004e4    00000004     ECE319K_Lab4Grader.o (.data.Fail)
                  202004e8    00000004     ECE319K_Lab4Grader.o (.data.PatternMode)
                  202004ec    00000004     ECE319K_Lab4Grader.o (.data.Score)
                  202004f0    00000004     ECE319K_Lab4Grader.o (.data.SensorMode)
                  202004f4    00000004     ECE319K_Lab4Grader.o (.data.SouthMode)
                  202004f8    00000004     ECE319K_Lab4Grader.o (.data.Time)
                  202004fc    00000004     ECE319K_Lab4Grader.o (.data.WestMode)

.stack     0    20207e00    00000200     UNINITIALIZED
                  20207e00    00000004     libc.a : boot_cortex_m.c.obj (.stack)
                  20207e04    000001fc     --HOLE--

__llvm_prf_cnts 
*          0    20200000    00000000     UNINITIALIZED

__llvm_prf_bits 
*          0    20200000    00000000     UNINITIALIZED

MODULE SUMMARY

       Module                         code   ro data   rw data
       ------                         ----   -------   -------
    .\
       ECE319K_Lab4Grader.o           2692   1825      72     
       ECE319K_Lab4main.o             300    654       0      
       UARTints.o                     624    0         0      
       FIFO.o                         308    0         288    
       Clock.o                        588    0         4      
       Dump.o                         104    0         404    
       Timer.o                        264    0         0      
       LaunchPad.o                    180    0         0      
       UART.o                         92     0         0      
    +--+------------------------------+------+---------+---------+
       Total:                         5152   2479      768    
                                                              
    .\ticlang\
       startup_mspm0g3507_ticlang.o   12     192       0      
    +--+------------------------------+------+---------+---------+
       Total:                         12     192       0      
                                                              
    C:\ti\ccs1240\ccs\tools\compiler\ti-cgt-armllvm_2.1.3.LTS\lib\armv6m-ti-none-eabi/c/libc.a
       copy_decompress_lzss.c.obj     104    0         0      
       autoinit.c.obj                 60     0         0      
       boot_cortex_m.c.obj            40     0         0      
       strcmp.c.obj                   22     0         0      
       copy_zero_init.c.obj           20     0         0      
       copy_decompress_none.c.obj     18     0         0      
       memcpy16.S.obj                 18     0         0      
       exit.c.obj                     4      0         0      
       pre_init.c.obj                 4      0         0      
    +--+------------------------------+------+---------+---------+
       Total:                         290    0         0      
                                                              
    C:\ti\ccs1240\ccs\tools\compiler\ti-cgt-armllvm_2.1.3.LTS\lib\clang/14.0.6/lib/armv6m-ti-none-eabi/libclang_rt.builtins.a
       aeabi_uidivmod.S.obj           64     0         0      
       aeabi_memcpy.S.obj             8      0         0      
       aeabi_div0.c.obj               2      0         0      
    +--+------------------------------+------+---------+---------+
       Total:                         74     0         0      
                                                              
       Heap:                          0      0         512    
       Stack:                         0      0         512    
       Linker Generated:              0      48        0      
    +--+------------------------------+------+---------+---------+
       Grand Total:                   5528   2719      1792   


LINKER GENERATED COPY TABLES

__TI_cinit_table @ 00002038 records: 2, size/record: 8, table size: 16
	.data: load addr=00002018, load size=0000000c bytes, run addr=202004e0, run size=00000020 bytes, compression=lzss
	.bss: load addr=00002030, load size=00000008 bytes, run addr=20200000, run size=000002e0 bytes, compression=zero_init


LINKER GENERATED HANDLER TABLE

__TI_handler_table @ 00002024 records: 3, size/record: 4, table size: 12
	index: 0, handler: __TI_decompress_lzss
	index: 1, handler: __TI_decompress_none
	index: 2, handler: __TI_zero_init


GLOBAL SYMBOLS: SORTED ALPHABETICALLY BY Name 

address   name                          
-------   ----                          
00001649  ADC0_IRQHandler               
00001649  ADC1_IRQHandler               
00001649  AES_IRQHandler                
00001349  ActivatePortA_B               
202004e0  BusFreq                       
00001658  C$$EXIT                       
00001649  CANFD0_IRQHandler             
000003dd  CheckInitialization           
00001605  Clock_Delay                   
00001635  Clock_Freq                    
00000909  Clock_Init80MHz               
00001649  DAC0_IRQHandler               
00001649  DMA_IRQHandler                
20200100  DataBuffer                    
202002a0  DebugCnt                      
000010c5  Debug_Dump                    
00001591  Debug_Init                    
00001649  Default_Handler               
00002004  EID1                          
0000200b  EID2                          
00001649  GROUP0_IRQHandler             
00001649  GROUP1_IRQHandler             
00000ef1  GetState                      
00001421  Grader_Init                   
0000164d  HardFault_Handler             
00001649  I2C0_IRQHandler               
00001649  I2C1_IRQHandler               
00000675  Lab4Grader                    
202002a4  LastIn                        
202002a8  LastOut                       
202002ac  LastState                     
00000d15  LaunchPad_Init                
202002b0  LookingFlag                   
202002b4  LookingFor                    
202002b8  M                             
00001649  NMI_Handler                   
202002bc  NeedState                     
00001615  OutCRLF                       
00001da4  PatternProblem                
00001fec  Patterns                      
00001649  PendSV_Handler                
00001649  RTC_IRQHandler                
000014e9  Random32                      
00000d91  ReadSensor                    
00000fb5  ReadSouth                     
00001449  ReadWalk                      
00001119  ReadWest                      
00001651  Reset_Handler                 
000015a5  RxFifo_Init                   
00001165  RxFifo_Put                    
00001549  RxFifo_Size                   
202002c0  RxGetI                        
202002c4  RxPutI                        
00001649  SPI0_IRQHandler               
00001649  SPI1_IRQHandler               
00001649  SVC_Handler                   
00001b74  SensorProblem                 
00001cb4  SouthProblem                  
00001649  SysTick_Handler               
00001509  SysTick_Init                  
000013b9  SysTick_Wait                  
00001471  SysTick_Wait10ms              
00001649  TIMA0_IRQHandler              
00001649  TIMA1_IRQHandler              
00001649  TIMG0_IRQHandler              
00001649  TIMG12_IRQHandler             
00001649  TIMG6_IRQHandler              
000000c1  TIMG7_IRQHandler              
00001649  TIMG8_IRQHandler              
000015e1  TI_memcpy_small               
202004f8  Time                          
202001c8  TimeBuffer                    
00000f55  TimerG12_Init                 
00000bed  TimerG7_IntArm                
00001625  Traffic_In                    
00000e0d  Traffic_Init                  
00001529  Traffic_Out                   
000011fd  TxFifo_Get                    
000015b9  TxFifo_Init                   
00001245  TxFifo_Put                    
00001561  TxFifo_Size                   
202002c8  TxGetI                        
202002cc  TxPutI                        
00001011  UART0_IRQHandler              
00001649  UART1_IRQHandler              
00001649  UART2_IRQHandler              
00001649  UART3_IRQHandler              
00000abd  UART_Init                     
0000128d  UART_OutChar                  
000014c1  UART_OutString                
00001381  UART_OutUDec                  
00001f30  WestProblem                   
202002d0  WrongState                    
20208000  __STACK_END                   
00000200  __STACK_SIZE                  
00000200  __SYSMEM_SIZE                 
00002038  __TI_CINIT_Base               
00002048  __TI_CINIT_Limit              
00002048  __TI_CINIT_Warm               
00002024  __TI_Handler_Table_Base       
00002030  __TI_Handler_Table_Limit      
0000130d  __TI_auto_init_nobinit_nopinit
00000e89  __TI_decompress_lzss          
000015f3  __TI_decompress_none          
ffffffff  __TI_pprof_out_hndl           
ffffffff  __TI_prof_data_size           
ffffffff  __TI_prof_data_start          
00000000  __TI_static_base__            
000015cd  __TI_zero_init_nomemset       
000013b7  __aeabi_idiv0                 
00001641  __aeabi_memcpy                
00001641  __aeabi_memcpy4               
00001641  __aeabi_memcpy8               
000012cd  __aeabi_uidiv                 
000012cd  __aeabi_uidivmod              
ffffffff  __binit__                     
UNDEFED   __mpu_init                    
20207e00  __stack                       
20200000  __start___llvm_prf_bits       
20200000  __start___llvm_prf_cnts       
20200000  __stop___llvm_prf_bits        
20200000  __stop___llvm_prf_cnts        
00001499  _c_int00_noargs               
202002e0  _sys_memory                   
UNDEFED   _system_post_cinit            
00001655  _system_pre_init              
00001659  abort                         
ffffffff  binit                         
202002d4  in                            
00000000  interruptVectors              
000018f4  lights                        
00000c95  main                          
202002d8  out                           
00001e6c  pat                           
000013ed  setUpper                      
202002dc  state                         
00001579  strcmp                        
00001fd0  validPatterns                 


GLOBAL SYMBOLS: SORTED BY Symbol Address 

address   name                          
-------   ----                          
00000000  __TI_static_base__            
00000000  interruptVectors              
000000c1  TIMG7_IRQHandler              
00000200  __STACK_SIZE                  
00000200  __SYSMEM_SIZE                 
000003dd  CheckInitialization           
00000675  Lab4Grader                    
00000909  Clock_Init80MHz               
00000abd  UART_Init                     
00000bed  TimerG7_IntArm                
00000c95  main                          
00000d15  LaunchPad_Init                
00000d91  ReadSensor                    
00000e0d  Traffic_Init                  
00000e89  __TI_decompress_lzss          
00000ef1  GetState                      
00000f55  TimerG12_Init                 
00000fb5  ReadSouth                     
00001011  UART0_IRQHandler              
000010c5  Debug_Dump                    
00001119  ReadWest                      
00001165  RxFifo_Put                    
000011fd  TxFifo_Get                    
00001245  TxFifo_Put                    
0000128d  UART_OutChar                  
000012cd  __aeabi_uidiv                 
000012cd  __aeabi_uidivmod              
0000130d  __TI_auto_init_nobinit_nopinit
00001349  ActivatePortA_B               
00001381  UART_OutUDec                  
000013b7  __aeabi_idiv0                 
000013b9  SysTick_Wait                  
000013ed  setUpper                      
00001421  Grader_Init                   
00001449  ReadWalk                      
00001471  SysTick_Wait10ms              
00001499  _c_int00_noargs               
000014c1  UART_OutString                
000014e9  Random32                      
00001509  SysTick_Init                  
00001529  Traffic_Out                   
00001549  RxFifo_Size                   
00001561  TxFifo_Size                   
00001579  strcmp                        
00001591  Debug_Init                    
000015a5  RxFifo_Init                   
000015b9  TxFifo_Init                   
000015cd  __TI_zero_init_nomemset       
000015e1  TI_memcpy_small               
000015f3  __TI_decompress_none          
00001605  Clock_Delay                   
00001615  OutCRLF                       
00001625  Traffic_In                    
00001635  Clock_Freq                    
00001641  __aeabi_memcpy                
00001641  __aeabi_memcpy4               
00001641  __aeabi_memcpy8               
00001649  ADC0_IRQHandler               
00001649  ADC1_IRQHandler               
00001649  AES_IRQHandler                
00001649  CANFD0_IRQHandler             
00001649  DAC0_IRQHandler               
00001649  DMA_IRQHandler                
00001649  Default_Handler               
00001649  GROUP0_IRQHandler             
00001649  GROUP1_IRQHandler             
00001649  I2C0_IRQHandler               
00001649  I2C1_IRQHandler               
00001649  NMI_Handler                   
00001649  PendSV_Handler                
00001649  RTC_IRQHandler                
00001649  SPI0_IRQHandler               
00001649  SPI1_IRQHandler               
00001649  SVC_Handler                   
00001649  SysTick_Handler               
00001649  TIMA0_IRQHandler              
00001649  TIMA1_IRQHandler              
00001649  TIMG0_IRQHandler              
00001649  TIMG12_IRQHandler             
00001649  TIMG6_IRQHandler              
00001649  TIMG8_IRQHandler              
00001649  UART1_IRQHandler              
00001649  UART2_IRQHandler              
00001649  UART3_IRQHandler              
0000164d  HardFault_Handler             
00001651  Reset_Handler                 
00001655  _system_pre_init              
00001658  C$$EXIT                       
00001659  abort                         
000018f4  lights                        
00001b74  SensorProblem                 
00001cb4  SouthProblem                  
00001da4  PatternProblem                
00001e6c  pat                           
00001f30  WestProblem                   
00001fd0  validPatterns                 
00001fec  Patterns                      
00002004  EID1                          
0000200b  EID2                          
00002024  __TI_Handler_Table_Base       
00002030  __TI_Handler_Table_Limit      
00002038  __TI_CINIT_Base               
00002048  __TI_CINIT_Limit              
00002048  __TI_CINIT_Warm               
20200000  __start___llvm_prf_bits       
20200000  __start___llvm_prf_cnts       
20200000  __stop___llvm_prf_bits        
20200000  __stop___llvm_prf_cnts        
20200100  DataBuffer                    
202001c8  TimeBuffer                    
202002a0  DebugCnt                      
202002a4  LastIn                        
202002a8  LastOut                       
202002ac  LastState                     
202002b0  LookingFlag                   
202002b4  LookingFor                    
202002b8  M                             
202002bc  NeedState                     
202002c0  RxGetI                        
202002c4  RxPutI                        
202002c8  TxGetI                        
202002cc  TxPutI                        
202002d0  WrongState                    
202002d4  in                            
202002d8  out                           
202002dc  state                         
202002e0  _sys_memory                   
202004e0  BusFreq                       
202004f8  Time                          
20207e00  __stack                       
20208000  __STACK_END                   
ffffffff  __TI_pprof_out_hndl           
ffffffff  __TI_prof_data_size           
ffffffff  __TI_prof_data_start          
ffffffff  __binit__                     
ffffffff  binit                         
UNDEFED   __mpu_init                    
UNDEFED   _system_post_cinit            

[138 symbols]
