******************************************************************************
            TI ARM Clang Linker PC v2.1.3                      
******************************************************************************
>> Linked Tue Jan 16 13:29:40 2024

OUTPUT FILE NAME:   <I2C.out>
ENTRY POINT SYMBOL: "_c_int00_noargs"  address: 00000819


MEMORY CONFIGURATION

         name            origin    length      used     unused   attr    fill
----------------------  --------  ---------  --------  --------  ----  --------
  FLASH                 00000000   00020000  00000908  0001f6f8  R  X
  SRAM                  20200000   00008000  00000214  00007dec  RW X
  BCR_CONFIG            41c00000   00000080  00000000  00000080  R   
  BSL_CONFIG            41c00100   00000080  00000000  00000080  R   


SEGMENT ALLOCATION MAP

run origin  load origin   length   init length attrs members
----------  ----------- ---------- ----------- ----- -------
00000000    00000000    00000908   00000908    r-x
  00000000    00000000    000000c0   000000c0    r-- .intvecs
  000000c0    000000c0    00000818   00000818    r-x .text
  000008d8    000008d8    00000030   00000030    r-- .cinit
20200000    20200000    00000014   00000000    rw-
  20200000    20200000    0000000c   00000000    rw- .bss
  2020000c    2020000c    00000008   00000000    rw- .data
20207e00    20207e00    00000200   00000000    rw-
  20207e00    20207e00    00000200   00000000    rw- .stack


SECTION ALLOCATION MAP

 output                                  attributes/
section   page    origin      length       input sections
--------  ----  ----------  ----------   ----------------
.intvecs   0    00000000    000000c0     
                  00000000    000000c0     startup_mspm0g3507_ticlang.o (.intvecs)

.text      0    000000c0    00000818     
                  000000c0    000001b4     Clock.o (.text.Clock_Init80MHz)
                  00000274    000000b0     I2C.o (.text.I2C_Send3)
                  00000324    0000009c     I2C.o (.text.I2C_Send1)
                  000003c0    0000008c     I2C.o (.text.lightsensorend)
                  0000044c    00000080     I2C.o (.text.I2C_Recv2)
                  000004cc    0000007c     LaunchPad.o (.text.LaunchPad_Init)
                  00000548    00000078     I2C.o (.text.I2C_Init)
                  000005c0    00000068     libc.a : copy_decompress_lzss.c.obj (.text:decompress:lzss)
                  00000628    0000005c     I2C.o (.text.I2C_LightSensor_End)
                  00000684    00000058     I2C.o (.text.IC2FillTxFifo)
                  000006dc    00000054     I2Ctestmain.o (.text.main)
                  00000730    0000003c     I2C.o (.text.I2C_LightSensor_Input)
                  0000076c    0000003c     libc.a : autoinit.c.obj (.text:__TI_auto_init_nobinit_nopinit)
                  000007a8    00000038     LaunchPad.o (.text.ActivatePortA_B)
                  000007e0    00000038     I2C.o (.text.lightsensorstart)
                  00000818    00000028     libc.a : boot_cortex_m.c.obj (.text:_c_int00_noargs)
                  00000840    00000020     I2C.o (.text.I2C_LightSensor_Start)
                  00000860    00000018     I2C.o (.text.I2C_LightSensor_Init)
                  00000878    00000014     libc.a : copy_zero_init.c.obj (.text:decompress:ZI:__TI_zero_init_nomemset)
                  0000088c    00000012            : memcpy16.S.obj (.text:TI_memcpy_small)
                  0000089e    00000012            : copy_decompress_none.c.obj (.text:decompress:none)
                  000008b0    00000010     Clock.o (.text.Clock_Delay)
                  000008c0    00000008     libclang_rt.builtins.a : aeabi_memcpy.S.obj (.text)
                  000008c8    00000004     startup_mspm0g3507_ticlang.o (.text.Default_Handler)
                  000008cc    00000004     startup_mspm0g3507_ticlang.o (.text.Reset_Handler)
                  000008d0    00000004     libc.a : pre_init.c.obj (.text._system_pre_init)
                  000008d4    00000004            : exit.c.obj (.text:abort)

.cinit     0    000008d8    00000030     
                  000008d8    0000000c     (__TI_handler_table)
                  000008e4    0000000b     (.cinit..data.load) [load image, compression = lzss]
                  000008ef    00000001     --HOLE-- [fill = 0]
                  000008f0    00000008     (.cinit..bss.load) [load image, compression = zero_init]
                  000008f8    00000010     (__TI_cinit_table)

.init_array 
*          0    00000000    00000000     UNINITIALIZED

.binit     0    00000000    00000000     

.bss       0    20200000    0000000c     UNINITIALIZED
                  20200000    00000004     (.common:I2C_error)
                  20200004    00000004     (.common:count)
                  20200008    00000004     (.common:light)

.data      0    2020000c    00000008     UNINITIALIZED
                  2020000c    00000004     Clock.o (.data.BusFreq)
                  20200010    00000004     I2C.o (.data.LightBusy)

.stack     0    20207e00    00000200     UNINITIALIZED
                  20207e00    00000004     libc.a : boot_cortex_m.c.obj (.stack)
                  20207e04    000001fc     --HOLE--

__llvm_prf_cnts 
*          0    20200000    00000000     UNINITIALIZED

__llvm_prf_bits 
*          0    20200000    00000000     UNINITIALIZED

MODULE SUMMARY

       Module                         code   ro data   rw data
       ------                         ----   -------   -------
    .\
       I2C.o                          1072   0         8      
       Clock.o                        452    0         4      
       LaunchPad.o                    180    0         0      
       I2Ctestmain.o                  84     0         8      
    +--+------------------------------+------+---------+---------+
       Total:                         1788   0         20     
                                                              
    .\ticlang\
       startup_mspm0g3507_ticlang.o   8      192       0      
    +--+------------------------------+------+---------+---------+
       Total:                         8      192       0      
                                                              
    C:\ti\ccs1240\ccs\tools\compiler\ti-cgt-armllvm_2.1.3.LTS\lib\armv6m-ti-none-eabi/c/libc.a
       copy_decompress_lzss.c.obj     104    0         0      
       autoinit.c.obj                 60     0         0      
       boot_cortex_m.c.obj            40     0         0      
       copy_zero_init.c.obj           20     0         0      
       copy_decompress_none.c.obj     18     0         0      
       memcpy16.S.obj                 18     0         0      
       exit.c.obj                     4      0         0      
       pre_init.c.obj                 4      0         0      
    +--+------------------------------+------+---------+---------+
       Total:                         268    0         0      
                                                              
    C:\ti\ccs1240\ccs\tools\compiler\ti-cgt-armllvm_2.1.3.LTS\lib\clang/14.0.6/lib/armv6m-ti-none-eabi/libclang_rt.builtins.a
       aeabi_memcpy.S.obj             8      0         0      
    +--+------------------------------+------+---------+---------+
       Total:                         8      0         0      
                                                              
       Stack:                         0      0         512    
       Linker Generated:              0      47        0      
    +--+------------------------------+------+---------+---------+
       Grand Total:                   2072   239       532    


LINKER GENERATED COPY TABLES

__TI_cinit_table @ 000008f8 records: 2, size/record: 8, table size: 16
	.data: load addr=000008e4, load size=0000000b bytes, run addr=2020000c, run size=00000008 bytes, compression=lzss
	.bss: load addr=000008f0, load size=00000008 bytes, run addr=20200000, run size=0000000c bytes, compression=zero_init


LINKER GENERATED HANDLER TABLE

__TI_handler_table @ 000008d8 records: 3, size/record: 4, table size: 12
	index: 0, handler: __TI_decompress_lzss
	index: 1, handler: __TI_decompress_none
	index: 2, handler: __TI_zero_init


GLOBAL SYMBOLS: SORTED ALPHABETICALLY BY Name 

address   name                          
-------   ----                          
000008c9  ADC0_IRQHandler               
000008c9  ADC1_IRQHandler               
000008c9  AES_IRQHandler                
000007a9  ActivatePortA_B               
2020000c  BusFreq                       
000008d4  C$$EXIT                       
000008c9  CANFD0_IRQHandler             
000008b1  Clock_Delay                   
000000c1  Clock_Init80MHz               
000008c9  DAC0_IRQHandler               
000008c9  DMA_IRQHandler                
000008c9  Default_Handler               
000008c9  GROUP0_IRQHandler             
000008c9  GROUP1_IRQHandler             
000008c9  HardFault_Handler             
000008c9  I2C0_IRQHandler               
000008c9  I2C1_IRQHandler               
00000549  I2C_Init                      
00000629  I2C_LightSensor_End           
00000861  I2C_LightSensor_Init          
00000731  I2C_LightSensor_Input         
00000841  I2C_LightSensor_Start         
0000044d  I2C_Recv2                     
00000325  I2C_Send1                     
00000275  I2C_Send3                     
20200000  I2C_error                     
000004cd  LaunchPad_Init                
20200010  LightBusy                     
000008c9  NMI_Handler                   
000008c9  PendSV_Handler                
000008c9  RTC_IRQHandler                
000008cd  Reset_Handler                 
000008c9  SPI0_IRQHandler               
000008c9  SPI1_IRQHandler               
000008c9  SVC_Handler                   
000008c9  SysTick_Handler               
000008c9  TIMA0_IRQHandler              
000008c9  TIMA1_IRQHandler              
000008c9  TIMG0_IRQHandler              
000008c9  TIMG12_IRQHandler             
000008c9  TIMG6_IRQHandler              
000008c9  TIMG7_IRQHandler              
000008c9  TIMG8_IRQHandler              
0000088d  TI_memcpy_small               
000008c9  UART0_IRQHandler              
000008c9  UART1_IRQHandler              
000008c9  UART2_IRQHandler              
000008c9  UART3_IRQHandler              
20208000  __STACK_END                   
00000200  __STACK_SIZE                  
000008f8  __TI_CINIT_Base               
00000908  __TI_CINIT_Limit              
00000908  __TI_CINIT_Warm               
000008d8  __TI_Handler_Table_Base       
000008e4  __TI_Handler_Table_Limit      
0000076d  __TI_auto_init_nobinit_nopinit
000005c1  __TI_decompress_lzss          
0000089f  __TI_decompress_none          
ffffffff  __TI_pprof_out_hndl           
ffffffff  __TI_prof_data_size           
ffffffff  __TI_prof_data_start          
00000000  __TI_static_base__            
00000879  __TI_zero_init_nomemset       
000008c1  __aeabi_memcpy                
000008c1  __aeabi_memcpy4               
000008c1  __aeabi_memcpy8               
ffffffff  __binit__                     
UNDEFED   __mpu_init                    
20207e00  __stack                       
20200000  __start___llvm_prf_bits       
20200000  __start___llvm_prf_cnts       
20200000  __stop___llvm_prf_bits        
20200000  __stop___llvm_prf_cnts        
00000819  _c_int00_noargs               
UNDEFED   _system_post_cinit            
000008d1  _system_pre_init              
000008d5  abort                         
ffffffff  binit                         
20200004  count                         
00000000  interruptVectors              
20200008  light                         
000007e1  lightsensorstart              
000006dd  main                          


GLOBAL SYMBOLS: SORTED BY Symbol Address 

address   name                          
-------   ----                          
00000000  __TI_static_base__            
00000000  interruptVectors              
000000c1  Clock_Init80MHz               
00000200  __STACK_SIZE                  
00000275  I2C_Send3                     
00000325  I2C_Send1                     
0000044d  I2C_Recv2                     
000004cd  LaunchPad_Init                
00000549  I2C_Init                      
000005c1  __TI_decompress_lzss          
00000629  I2C_LightSensor_End           
000006dd  main                          
00000731  I2C_LightSensor_Input         
0000076d  __TI_auto_init_nobinit_nopinit
000007a9  ActivatePortA_B               
000007e1  lightsensorstart              
00000819  _c_int00_noargs               
00000841  I2C_LightSensor_Start         
00000861  I2C_LightSensor_Init          
00000879  __TI_zero_init_nomemset       
0000088d  TI_memcpy_small               
0000089f  __TI_decompress_none          
000008b1  Clock_Delay                   
000008c1  __aeabi_memcpy                
000008c1  __aeabi_memcpy4               
000008c1  __aeabi_memcpy8               
000008c9  ADC0_IRQHandler               
000008c9  ADC1_IRQHandler               
000008c9  AES_IRQHandler                
000008c9  CANFD0_IRQHandler             
000008c9  DAC0_IRQHandler               
000008c9  DMA_IRQHandler                
000008c9  Default_Handler               
000008c9  GROUP0_IRQHandler             
000008c9  GROUP1_IRQHandler             
000008c9  HardFault_Handler             
000008c9  I2C0_IRQHandler               
000008c9  I2C1_IRQHandler               
000008c9  NMI_Handler                   
000008c9  PendSV_Handler                
000008c9  RTC_IRQHandler                
000008c9  SPI0_IRQHandler               
000008c9  SPI1_IRQHandler               
000008c9  SVC_Handler                   
000008c9  SysTick_Handler               
000008c9  TIMA0_IRQHandler              
000008c9  TIMA1_IRQHandler              
000008c9  TIMG0_IRQHandler              
000008c9  TIMG12_IRQHandler             
000008c9  TIMG6_IRQHandler              
000008c9  TIMG7_IRQHandler              
000008c9  TIMG8_IRQHandler              
000008c9  UART0_IRQHandler              
000008c9  UART1_IRQHandler              
000008c9  UART2_IRQHandler              
000008c9  UART3_IRQHandler              
000008cd  Reset_Handler                 
000008d1  _system_pre_init              
000008d4  C$$EXIT                       
000008d5  abort                         
000008d8  __TI_Handler_Table_Base       
000008e4  __TI_Handler_Table_Limit      
000008f8  __TI_CINIT_Base               
00000908  __TI_CINIT_Limit              
00000908  __TI_CINIT_Warm               
20200000  I2C_error                     
20200000  __start___llvm_prf_bits       
20200000  __start___llvm_prf_cnts       
20200000  __stop___llvm_prf_bits        
20200000  __stop___llvm_prf_cnts        
20200004  count                         
20200008  light                         
2020000c  BusFreq                       
20200010  LightBusy                     
20207e00  __stack                       
20208000  __STACK_END                   
ffffffff  __TI_pprof_out_hndl           
ffffffff  __TI_prof_data_size           
ffffffff  __TI_prof_data_start          
ffffffff  __binit__                     
ffffffff  binit                         
UNDEFED   __mpu_init                    
UNDEFED   _system_post_cinit            

[83 symbols]
